L J MC_steps R2 R2_std E E_std E2 E2_std E4 E4_std Sin1 Sin1_std Cos1 Cos1_std Mag2 Mag2_std Mag4 Mag4_std
100 0.2 1000000 139 0 -15.6942 0 246.308 0 60667.4 0 -0.0713887 0 -0.161518 0 0.0311845 0 0.000972472 0 
100 0.2 1100000 315.909 54.268 -14.0985 2.79567 284.74 80.348 152091 73855.9 -0.0142601 0.0219387 0.0155566 0.0299795 0.0141173 0.00393989 0.000299475 0.000121211 
100 0.2 1200000 281 44.0239 -14.1855 2.05766 288.152 63.2497 164440 67888.8 -0.00730588 0.0149712 0.022547 0.0209899 0.0127844 0.00239023 0.000251978 7.04051e-05 
100 0.2 1300000 307.533 39.1954 -16.1326 1.71672 349.467 52.8651 201994 52131.6 -0.00255027 0.0137144 0.0325507 0.0169097 0.0135352 0.0025624 0.000350172 0.000136196 
100 0.2 1400000 284.7 31.9563 -17.2155 1.67948 414.016 70.8924 351258 139698 0.00836058 0.013032 0.033712 0.0149721 0.0162872 0.00249989 0.00047515 0.000129198 
100 0.2 1500000 269.958 26.53 -18.405 1.59759 453.628 63.4837 384626 115256 0.00486643 0.0121911 0.024873 0.013889 0.0162626 0.0021017 0.000453897 0.000111699 
100 0.2 1600000 283.467 24.3883 -18.2712 1.3703 444.881 55.4899 366828 97921.6 0.012941 0.0116119 0.0125945 0.0155489 0.0171809 0.0022171 0.000551672 0.000135265 
100 0.2 1700000 284.5 21.254 -18.0168 1.39286 449.064 58.306 399408 103978 0.0111415 0.011324 0.0156735 0.0137602 0.0181669 0.00241004 0.000641518 0.000165988 
100 0.2 1800000 276.85 20.8622 -17.4537 1.25595 419.318 52.4927 357812 92377.7 0.00891709 0.0111974 0.00895234 0.0130282 0.0178839 0.00214147 0.000606891 0.000163094 
100 0.2 1900000 283.25 19.3965 -17.213 1.25595 404.558 52.1928 334503 82899.3 0.00770442 0.0111974 0.00978832 0.0130282 0.0172493 0.00193396 0.000566061 0.000163094 
100 0.2 2000000 285.021 18.9242 -17.3013 1.05583 404.186 45.6348 324683 75229.6 0.00882603 0.00933155 0.0126057 0.0113575 0.0174668 0.00178098 0.000566966 0.000140714 
100 0.2 2100000 277.423 17.4505 -17.0668 1.05583 392.481 45.6348 307924 72266.8 0.0095043 0.00933155 0.0107571 0.0113575 0.0168764 0.00171308 0.000535427 0.000140714 
100 0.2 2200000 272.583 16.7579 -16.7432 1.01828 384.251 42.2953 301538 65616.1 0.00812946 0.00827341 0.00921549 0.010322 0.0172718 0.00162551 0.000555306 0.000120622 
100 0.2 2300000 273.469 16.1889 -17.1315 1.00154 404.194 42.1723 341368 74088.6 0.0105387 0.00814784 0.0114127 0.00933275 0.0175413 0.00153282 0.00056979 0.00010555 
100 0.2 2400000 270.5 15.3953 -17.0499 0.959137 402.817 40.4242 335665 69488.5 0.00920656 0.00814784 0.007871 0.00933275 0.0174115 0.00146517 0.000560365 0.00010555 
100 0.2 2500000 268.889 15.4231 -17.1703 0.904049 404.632 37.3748 333657 65008.6 0.00783469 0.0076781 0.00509354 0.0102135 0.0168598 0.00139904 0.000534268 9.96201e-05 
100 0.2 2600000 273.3 14.6367 -17.2582 0.874384 408.503 36.0068 337358 62108.3 0.00692041 0.00698547 0.00423493 0.00922814 0.0168319 0.00131813 0.000519703 9.49718e-05 
100 0.2 2700000 273.3 14.1833 -17.2582 0.843406 408.503 34.2349 337358 58676.5 0.00692041 0.00696451 0.00423493 0.00922814 0.0168319 0.0012564 0.000519703 9.49718e-05 
100 0.2 2800000 269.136 13.7352 -17.0758 0.803239 401.622 32.6455 324354 55969.6 0.00283813 0.00743211 0.00499527 0.00870531 0.0162512 0.0012117 0.000489627 9.49718e-05 
100 0.2 2900000 269.136 13.4436 -17.0758 0.770444 401.622 31.5461 324354 54577.5 0.00283813 0.00743211 0.00499527 0.00870531 0.0162512 0.0012117 0.000489627 9.49718e-05 
100 0.2 3000000 269.708 13.3449 -17.1112 0.733502 403.294 30.0267 329802 51958.8 0.00224892 0.00694875 0.00662378 0.00787468 0.0163465 0.00111109 0.000493815 8.2596e-05 
100 0.2 3100000 275.981 13.2584 -17.0475 0.712993 398.148 28.8139 318040 49652 0.0034113 0.00694875 0.00386351 0.00773759 0.0161501 0.00110271 0.000475312 8.2596e-05 
100 0.2 3200000 275.981 12.7533 -17.0475 0.689784 398.148 27.7861 318040 47641.4 0.0034113 0.00694875 0.00386351 0.00773759 0.0161501 0.00110271 0.000475312 8.2596e-05 
100 0.2 3300000 275.196 12.4035 -16.9978 0.683396 395.737 27.5745 313740 46507.9 0.00269109 0.00599089 0.00335258 0.00720176 0.0157231 0.00110745 0.000452665 8.03965e-05 
100 0.2 3400000 271.017 12.0977 -16.903 0.666788 389.906 26.9093 304161 44901.2 0.00435806 0.00597012 0.00353862 0.00716452 0.0157929 0.00110745 0.000449733 8.03965e-05 
100 0.2 3500000 271.017 11.94 -16.903 0.647085 389.906 26.0478 304161 43246.4 0.00435806 0.00597012 0.00353862 0.00716452 0.0157929 0.00110745 0.000449733 8.03965e-05 
100 0.2 3600000 266.062 11.7973 -17.013 0.645004 393.915 26.2211 312368 43788.3 0.0021445 0.00586105 0.00146384 0.00661615 0.0158194 0.000973198 0.000450103 7.03877e-05 
100 0.2 3700000 266.062 11.6864 -17.013 0.633538 393.915 25.7036 312368 42490.5 0.0021445 0.00586105 0.00146384 0.00661615 0.0158194 0.000992659 0.000450103 7.03877e-05 
100 0.2 3800000 261.382 11.8992 -17.1419 0.623586 396.772 25.0412 311878 41126.8 0.0021999 0.00565798 0.000304862 0.00651316 0.0161986 0.000973198 0.000479972 7.03877e-05 
100 0.2 3900000 261.312 11.2384 -17.1156 0.607898 395.87 24.3287 308043 39856.6 -0.000782884 0.00596218 0.000257027 0.00597631 0.0162478 0.000954683 0.000480321 6.87478e-05 
100 0.2 4000000 261.312 11.2384 -17.1156 0.595972 395.87 23.8714 308043 38950.9 -0.000782884 0.00596218 0.000257027 0.00597631 0.0162478 0.000954683 0.000480321 6.87478e-05 
100 0.2 4100000 261.697 10.8868 -17.1933 0.591483 397.097 23.3577 307825 37823.8 4.55551e-05 0.00570564 -7.0696e-05 0.00590022 0.0161397 0.000954683 0.000477416 6.87478e-05 
100 0.2 4200000 262.238 10.3282 -17.1503 0.580928 395.744 22.8897 305161 36870.4 -0.00046541 0.00544319 0.000230023 0.00539517 0.0164247 0.000908454 0.000487038 6.41424e-05 
100 0.2 4300000 262.238 10.1575 -17.1503 0.567075 395.744 22.3353 305161 35877.9 -0.00046541 0.00544319 0.000230023 0.00539517 0.0164247 0.000908454 0.000487038 6.41424e-05 
100 0.2 4400000 262.238 10.0156 -17.1503 0.564671 395.744 22.0562 305161 35062 -0.00046541 0.00535046 0.000230023 0.00547009 0.0164247 0.000908454 0.000487038 6.41424e-05 
100 0.2 4500000 262.238 9.96309 -17.1503 0.553289 395.744 21.6069 305161 34221 -0.00046541 0.00535046 0.000230023 0.00547009 0.0164247 0.000908454 0.000487038 6.41424e-05 
100 0.2 4600000 263.847 9.99651 -17.1498 0.548394 395.369 21.2546 301744 33416.3 -0.000307624 0.00523992 -0.00173068 0.00522158 0.0164905 0.000908454 0.000487368 6.41424e-05 
100 0.2 4700000 263.847 9.57338 -17.1498 0.537667 395.369 20.7904 301744 32589.3 -0.000307624 0.00503817 -0.00173068 0.00517684 0.0164905 0.000908454 0.000487368 6.41424e-05 
100 0.2 4800000 263.847 9.67095 -17.1498 0.532483 395.369 20.4635 301744 31840.4 -0.000307624 0.00503817 -0.00173068 0.00517684 0.0164905 0.000908454 0.000487368 6.41424e-05 
100 0.2 4900000 266.615 9.48685 -17.0166 0.524368 389.485 20.0804 292400 31082.8 0.00195226 0.00511878 -0.000530234 0.00488363 0.0169586 0.000900338 0.000545321 7.73827e-05 
100 0.2 5000000 266.615 9.43092 -17.0166 0.518693 389.485 19.6993 292400 30393.4 0.00195226 0.00491467 -0.000530234 0.00488264 0.0169586 0.000900338 0.000545321 7.59308e-05 
100 0.2 5100000 266.615 9.43092 -17.0166 0.506637 389.485 19.2603 292400 29706.4 0.00195226 0.00491467 -0.000530234 0.00488264 0.0169586 0.000900338 0.000545321 7.59308e-05 
100 0.2 5200000 263.87 9.07137 -17.0866 0.505488 390.163 19.2964 289051 29542.9 0.00220916 0.00495643 0.00134881 0.00485517 0.0175893 0.000997342 0.000576569 7.6249e-05 
100 0.2 5300000 263.87 9.07137 -17.0866 0.512795 390.163 20.2625 289051 34939.2 0.00220916 0.00486291 0.00134881 0.00485517 0.0175893 0.000997342 0.000576569 7.6249e-05 
100 0.2 5400000 263.87 9.01342 -17.0866 0.507775 390.163 21.5244 289051 38422 0.00220916 0.0047315 0.00134881 0.00485517 0.0175893 0.000997342 0.000576569 7.6249e-05 
100 0.2 5500000 261.679 8.6918 -17.2996 0.499308 401.211 21.1252 315736 37281.2 0.00127981 0.00467072 0.00169573 0.00452898 0.0175216 0.000931269 0.000571497 7.17817e-05 
100 0.2 5600000 261.679 8.6918 -17.2996 0.499308 401.211 21.1252 315736 37281.2 0.00127981 0.00463763 0.00169573 0.00452898 0.0175216 0.000931269 0.000571497 7.17817e-05 
100 0.2 5700000 261.679 8.46122 -17.2996 0.521062 401.211 21.6831 315736 37044.3 0.00127981 0.00455185 0.00169573 0.00452075 0.0175216 0.000931269 0.000571497 7.09711e-05 
100 0.2 5800000 263.254 8.35476 -17.6381 0.521482 414.854 21.8167 334672 37142.2 0.000892728 0.0045195 0.00166674 0.00424234 0.0175801 0.000931269 0.000566722 6.90373e-05 
100 0.2 5900000 263.254 8.32207 -17.6381 0.521482 414.854 21.8167 334672 37142.2 0.000892728 0.00447267 0.00166674 0.00422849 0.0175801 0.000931269 0.000566722 6.90373e-05 
100 0.2 6000000 263.254 8.33289 -17.6381 0.510262 414.854 21.3126 334672 36275.1 0.000892728 0.00447449 0.00166674 0.00421946 0.0175801 0.000931269 0.000566722 6.90373e-05 
100 0.2 6100000 263.254 8.35945 -17.6381 0.510262 414.854 21.3126 334672 36275.1 0.000892728 0.00443348 0.00166674 0.00421946 0.0175801 0.000931269 0.000566722 6.90373e-05 
100 0.2 6200000 263.234 8.26175 -17.7526 0.54303 419.396 22.8618 343993 37536.7 0.00177172 0.00437664 0.000926964 0.00407531 0.0176357 0.000821822 0.000566524 6.35766e-05 
100 0.2 6300000 263.234 8.2094 -17.7526 0.54303 419.396 22.8618 343993 37536.7 0.00177172 0.00431403 0.000926964 0.00409015 0.0176357 0.000821822 0.000566524 6.22505e-05 
100 0.2 6400000 263.234 8.14484 -17.7526 0.54303 419.396 22.8618 343993 37536.7 0.00177172 0.00426274 0.000926964 0.00406126 0.0176357 0.000821822 0.000566524 6.22505e-05 
100 0.2 6500000 264.279 8.02683 -17.8638 0.54303 424.4 22.8618 351017 37536.7 0.000661752 0.00426223 0.00207896 0.00400726 0.0178101 0.000821822 0.000573531 6.05865e-05 
100 0.2 6600000 264.279 7.91967 -17.8638 0.54303 424.4 22.8618 351017 37536.7 0.000661752 0.00419415 0.00207896 0.00403382 0.0178101 0.000821822 0.000573531 6.05865e-05 
100 0.2 6700000 264.279 7.90804 -17.8638 0.54303 424.4 22.8618 351017 37536.7 0.000661752 0.00414266 0.00207896 0.00398249 0.0178101 0.000821822 0.000573531 6.05865e-05 
100 0.2 6800000 262.681 7.81469 -17.986 0.530475 429.321 22.3724 362351 37588.3 0.000879822 0.00411176 0.00168462 0.00393945 0.017745 0.000751988 0.000570847 5.74666e-05 
100 0.2 6900000 262.681 7.72449 -17.986 0.530475 429.321 22.3724 362351 37588.3 0.000879822 0.00406185 0.00168462 0.00388416 0.017745 0.000751988 0.000570847 5.74666e-05 
100 0.2 7000000 262.681 7.62446 -17.986 0.530475 429.321 22.3724 362351 37588.3 0.000879822 0.00396031 0.00168462 0.00383498 0.017745 0.000752038 0.000570847 5.65164e-05 
100 0.2 7100000 263.836 7.56438 -17.7765 0.530475 421.065 22.3724 349862 37588.3 0.00154527 0.00396796 0.00211621 0.00377874 0.0173724 0.000793757 0.000551829 5.60274e-05 
100 0.2 7200000 263.836 7.50089 -17.7765 0.530475 421.065 22.3724 349862 37588.3 0.00154527 0.00400101 0.00211621 0.00373381 0.0173724 0.000793757 0.000551829 5.60274e-05 
100 0.2 7300000 263.836 7.43965 -17.7765 0.530475 421.065 22.3724 349862 37588.3 0.00154527 0.00395267 0.00211621 0.00373551 0.0173724 0.000793757 0.000551829 5.59798e-05 
100 0.2 7400000 266.031 7.39634 -17.8176 0.51432 422.558 21.2272 351354 38522.7 0.00194927 0.00402679 0.00258528 0.00369816 0.017398 0.00090217 0.000562928 5.95657e-05 
100 0.2 7500000 266.031 7.29217 -17.8176 0.51432 422.558 21.2272 351354 38522.7 0.00194927 0.00398142 0.00258528 0.0036672 0.017398 0.00090217 0.000562928 5.95657e-05 
100 0.2 7600000 266.031 7.26508 -17.8176 0.51432 422.558 21.2272 351354 38522.7 0.00194927 0.00393418 0.00258528 0.00364721 0.017398 0.00090217 0.000562928 5.95657e-05 
100 0.2 7700000 266.031 7.28222 -17.8176 0.51432 422.558 21.2272 351354 38522.7 0.00194927 0.00395935 0.00258528 0.00360014 0.017398 0.00090217 0.000562928 5.95657e-05 
100 0.2 7800000 266.031 7.23542 -17.8176 0.51432 422.558 21.2272 351354 38522.7 0.00194927 0.0038738 0.00258528 0.00356792 0.017398 0.00090217 0.000562928 5.95657e-05 
100 0.2 7900000 266.031 7.15446 -17.8176 0.51432 422.558 21.2272 351354 38522.7 0.00194927 0.00383121 0.00258528 0.00352388 0.017398 0.00090217 0.000562928 5.95657e-05 
100 0.2 8000000 266.031 7.12382 -17.8176 0.51432 422.558 21.2272 351354 38522.7 0.00194927 0.00382334 0.00258528 0.00349522 0.017398 0.00090217 0.000562928 5.95657e-05 
100 0.2 8100000 264.872 7.05116 -17.7095 0.51432 418.781 21.2272 351224 38522.7 0.000823792 0.0037799 0.00267682 0.00347876 0.0173549 0.00090217 0.000557969 5.95657e-05 
100 0.2 8200000 264.872 7.02058 -17.7095 0.51432 418.781 21.2272 351224 38522.7 0.000823792 0.00369743 0.00267682 0.00347797 0.0173549 0.00090217 0.000557969 5.95657e-05 
100 0.2 8300000 264.872 6.95261 -17.7095 0.51432 418.781 21.2272 351224 38522.7 0.000823792 0.00367647 0.00267682 0.00347735 0.0173549 0.00090217 0.000557969 5.95657e-05 
100 0.2 8400000 264.872 6.90235 -17.7095 0.51432 418.781 21.2272 351224 38522.7 0.000823792 0.00363668 0.00267682 0.00350795 0.0173549 0.00090217 0.000557969 5.95657e-05 
100 0.2 8500000 264.872 6.9349 -17.7095 0.51432 418.781 21.2272 351224 38522.7 0.000823792 0.00374009 0.00267682 0.00350795 0.0173549 0.00090217 0.000557969 5.95657e-05 
100 0.2 8600000 264.872 6.99601 -17.7095 0.51432 418.781 21.2272 351224 38522.7 0.000823792 0.00368622 0.00267682 0.00348689 0.0173549 0.00090217 0.000557969 5.95657e-05 
100 0.2 8700000 267.896 6.86591 -17.7352 0.435146 418.445 18.0834 348551 32204.1 -0.00073826 0.00366474 0.000227741 0.00360955 0.0173975 0.000751809 0.000568704 4.99174e-05 
100 0.2 8800000 267.896 6.85972 -17.7352 0.435146 418.445 18.0834 348551 32204.1 -0.00073826 0.00364677 0.000227741 0.00360955 0.0173975 0.000751809 0.000568704 4.99174e-05 
100 0.2 8900000 267.896 6.80216 -17.7352 0.435146 418.445 18.0834 348551 32204.1 -0.00073826 0.00364419 0.000227741 0.00360955 0.0173975 0.000751809 0.000568704 4.99174e-05 
100 0.2 9000000 267.896 6.67134 -17.7352 0.435146 418.445 18.0834 348551 32204.1 -0.00073826 0.00358798 0.000227741 0.00360955 0.0173975 0.000751809 0.000568704 4.99174e-05 
100 0.2 9100000 267.896 6.67134 -17.7352 0.435146 418.445 18.0834 348551 32204.1 -0.00073826 0.00355753 0.000227741 0.00360955 0.0173975 0.000751809 0.000568704 4.99174e-05 
100 0.2 9200000 267.896 6.56948 -17.7352 0.435146 418.445 18.0834 348551 32204.1 -0.00073826 0.00352473 0.000227741 0.00360955 0.0173975 0.000751809 0.000568704 4.99174e-05 
100 0.2 9300000 267.896 6.56484 -17.7352 0.435146 418.445 18.0834 348551 32204.1 -0.00073826 0.00349403 0.000227741 0.00360955 0.0173975 0.000751809 0.000568704 4.99174e-05 
100 0.2 9400000 264.877 6.54616 -17.6138 0.435146 414.633 18.0834 341711 32204.1 0.00122939 0.00351602 0.000377488 0.00360955 0.0170408 0.000751809 0.0005501 4.99174e-05 
100 0.2 9500000 264.877 6.46267 -17.6138 0.435146 414.633 18.0834 341711 32204.1 0.00122939 0.00349478 0.000377488 0.00360955 0.0170408 0.000751809 0.0005501 4.99174e-05 
100 0.2 9600000 264.877 6.42285 -17.6138 0.435146 414.633 18.0834 341711 32204.1 0.00122939 0.00349478 0.000377488 0.00360955 0.0170408 0.000751809 0.0005501 4.99174e-05 
100 0.2 9700000 264.877 6.36504 -17.6138 0.435146 414.633 18.0834 341711 32204.1 0.00122939 0.00349478 0.000377488 0.00360955 0.0170408 0.000751809 0.0005501 4.99174e-05 
100 0.2 9800000 264.877 6.32774 -17.6138 0.435146 414.633 18.0834 341711 32204.1 0.00122939 0.00349478 0.000377488 0.00360955 0.0170408 0.000751809 0.0005501 4.99174e-05 
100 0.2 9900000 264.877 6.2792 -17.6138 0.435146 414.633 18.0834 341711 32204.1 0.00122939 0.00349478 0.000377488 0.00360955 0.0170408 0.000751809 0.0005501 4.99174e-05 
100 0.2 10000000 265.324 6.22337 -17.5209 0.422471 413.344 16.2035 344234 27891.4 0.000381849 0.0033482 0.000572682 0.00314266 0.0169838 0.000749671 0.000550446 4.60042e-05 
100 0.2 10100000 265.324 6.17484 -17.5209 0.422471 413.344 16.2035 344234 28657.8 0.000381849 0.00334635 0.000572682 0.00314266 0.0169838 0.000749671 0.000550446 4.60042e-05 
100 0.2 10200000 265.324 6.14627 -17.5209 0.422471 413.344 16.2035 344234 28666.3 0.000381849 0.00334635 0.000572682 0.00311034 0.0169838 0.000749671 0.000550446 4.60042e-05 
100 0.2 10300000 265.324 6.09046 -17.5209 0.422471 413.344 16.2035 344234 31426.2 0.000381849 0.00334635 0.000572682 0.00311034 0.0169838 0.000749671 0.000550446 4.60042e-05 
100 0.2 10400000 265.324 6.05421 -17.5209 0.422471 413.344 16.2035 344234 31426.2 0.000381849 0.00334635 0.000572682 0.00311034 0.0169838 0.000749671 0.000550446 4.60042e-05 
100 0.2 10500000 265.324 6.03455 -17.5209 0.422471 413.344 16.2035 344234 31426.2 0.000381849 0.00334635 0.000572682 0.00311034 0.0169838 0.000749671 0.000550446 4.60042e-05 
100 0.2 10600000 263.802 6.00133 -17.5795 0.422471 418.522 16.2035 361280 30420.1 0.000301574 0.00322545 0.000398947 0.00311034 0.017247 0.000749671 0.000567797 4.60042e-05 
100 0.2 10700000 263.802 5.98858 -17.5795 0.422471 418.522 16.2035 361280 30420.1 0.000301574 0.00322374 0.000398947 0.00311034 0.017247 0.000749671 0.000567797 4.60042e-05 
100 0.2 10800000 263.802 5.94673 -17.5795 0.422471 418.522 16.2035 361280 30420.1 0.000301574 0.00320172 0.000398947 0.00311034 0.017247 0.000749671 0.000567797 4.60042e-05 
100 0.2 10900000 263.802 5.93637 -17.5795 0.422471 418.522 16.2035 361280 30420.1 0.000301574 0.00317922 0.000398947 0.00311034 0.017247 0.000749671 0.000567797 4.60042e-05 
100 0.2 11000000 263.802 5.93326 -17.5795 0.422471 418.522 16.2035 361280 29569.3 0.000301574 0.00314339 0.000398947 0.00311034 0.017247 0.000749671 0.000567797 4.60042e-05 
100 0.2 11100000 263.802 5.87812 -17.5795 0.422471 418.522 16.2035 361280 29569.3 0.000301574 0.003125 0.000398947 0.00311034 0.017247 0.000749671 0.000567797 4.60042e-05 
100 0.2 11200000 263.802 5.89169 -17.5795 0.422471 418.522 16.2035 361280 29569.3 0.000301574 0.00312422 0.000398947 0.00311034 0.017247 0.000749671 0.000567797 4.60042e-05 
100 0.2 11300000 267.572 6.35426 -17.5702 0.372533 416.123 14.7671 354454 28915.3 0.00055637 0.00311031 0.00032607 0.00296401 0.0174078 0.000766568 0.000584003 5.10456e-05 
100 0.2 11400000 267.572 6.35426 -17.5702 0.372533 416.123 14.7671 354454 28915.3 0.00055637 0.00308565 0.00032607 0.00291844 0.0174078 0.000766568 0.000584003 5.10456e-05 
100 0.2 11500000 267.572 6.35426 -17.5702 0.372533 416.123 14.7671 354454 28915.3 0.00055637 0.0030621 0.00032607 0.00291844 0.0174078 0.000766568 0.000584003 5.10456e-05 
100 0.2 11600000 267.572 6.35426 -17.5702 0.372533 416.123 15.3801 354454 30603.4 0.00055637 0.00304118 0.00032607 0.00287644 0.0174078 0.000766568 0.000584003 5.10456e-05 
100 0.2 11700000 267.572 6.35426 -17.5702 0.372533 416.123 15.3801 354454 30603.4 0.00055637 0.00302289 0.00032607 0.00288006 0.0174078 0.000766568 0.000584003 5.10456e-05 
100 0.2 11800000 267.572 6.35426 -17.5702 0.372533 416.123 15.3801 354454 30603.4 0.00055637 0.00299096 0.00032607 0.00286923 0.0174078 0.000766568 0.000584003 5.10456e-05 
100 0.2 11900000 267.259 5.98819 -17.603 0.372533 419.803 15.2127 364565 29792.7 0.00111887 0.00297084 -0.000145224 0.00284707 0.0172137 0.000766568 0.000573904 5.10456e-05 
100 0.2 12000000 267.259 5.98819 -17.603 0.372533 419.803 15.2127 364565 29792.7 0.00111887 0.00295043 -0.000145224 0.00282413 0.0172137 0.000766568 0.000573904 5.10456e-05 
100 0.2 12100000 267.259 5.98819 -17.603 0.372533 419.803 15.2127 364565 29792.7 0.00111887 0.00293627 -0.000145224 0.00282265 0.0172137 0.000766568 0.000573904 5.10456e-05 
100 0.2 12200000 267.259 5.98819 -17.603 0.372533 419.803 14.8356 364565 28947.1 0.00111887 0.00291108 -0.000145224 0.00281184 0.0172137 0.000766568 0.000573904 5.10456e-05 
100 0.2 12300000 267.259 5.98819 -17.603 0.372533 419.803 14.8356 364565 28947.1 0.00111887 0.00295719 -0.000145224 0.00279201 0.0172137 0.000766568 0.000573904 5.10456e-05 
100 0.2 12400000 267.259 5.98819 -17.603 0.372533 419.803 14.8356 364565 28947.1 0.00111887 0.0029378 -0.000145224 0.00277479 0.0172137 0.000766568 0.000573904 5.10456e-05 
100 0.2 12500000 267.259 5.98819 -17.603 0.372533 419.803 14.8356 364565 28947.1 0.00111887 0.00292547 -0.000145224 0.00275597 0.0172137 0.000766568 0.000573904 5.10456e-05 
100 0.2 12600000 267.222 5.67366 -17.7047 0.354585 424.712 15.1573 375737 30748.5 -0.000140876 0.00293101 0.000579397 0.00272811 0.0172793 0.000692082 0.000593403 4.62312e-05 
100 0.2 12700000 267.222 5.65562 -17.7047 0.354585 424.712 15.1573 375737 30748.5 -0.000140876 0.00293101 0.000579397 0.0027199 0.0172793 0.000692082 0.000593403 4.62312e-05 
100 0.2 12800000 267.222 5.65562 -17.7047 0.354585 424.712 15.1573 375737 30748.5 -0.000140876 0.00293101 0.000579397 0.00271119 0.0172793 0.000692082 0.000593403 4.62312e-05 
100 0.2 12900000 267.222 5.65562 -17.7047 0.354585 424.712 15.1573 375737 30748.5 -0.000140876 0.00293101 0.000579397 0.00270886 0.0172793 0.000692082 0.000593403 4.62312e-05 
100 0.2 13000000 267.222 5.65562 -17.7047 0.354585 424.712 15.1573 375737 30748.5 -0.000140876 0.00293101 0.000579397 0.00269541 0.0172793 0.000692082 0.000593403 4.62312e-05 
100 0.2 13100000 267.222 5.65562 -17.7047 0.354585 424.712 15.1573 375737 30748.5 -0.000140876 0.00293101 0.000579397 0.00270124 0.0172793 0.000692082 0.000593403 4.62312e-05 
100 0.2 13200000 266.794 5.41838 -17.6665 0.354585 421.621 15.1573 369834 30748.5 0.000764715 0.00291329 9.38058e-05 0.00270895 0.0173027 0.000692082 0.000595725 4.62312e-05 
100 0.2 13300000 266.794 5.41838 -17.6665 0.354585 421.621 15.1573 369834 30748.5 0.000764715 0.00291329 9.38058e-05 0.00269179 0.0173027 0.000692082 0.000595725 4.62312e-05 
100 0.2 13400000 266.794 5.39717 -17.6665 0.354585 421.621 15.1573 369834 30748.5 0.000764715 0.00291329 9.38058e-05 0.00266989 0.0173027 0.000692082 0.000595725 4.62312e-05 
100 0.2 13500000 266.794 5.37411 -17.6665 0.354585 421.621 15.1573 369834 30748.5 0.000764715 0.00291329 9.38058e-05 0.00265425 0.0173027 0.000692082 0.000595725 4.62312e-05 
100 0.2 13600000 266.794 5.37411 -17.6665 0.354585 421.621 15.1573 369834 30748.5 0.000764715 0.00291329 9.38058e-05 0.00268779 0.0173027 0.000692082 0.000595725 4.62312e-05 
100 0.2 13700000 266.794 5.37411 -17.6665 0.354585 421.621 15.1573 369834 30748.5 0.000764715 0.00291329 9.38058e-05 0.00267829 0.0173027 0.000692082 0.000595725 4.62312e-05 
100 0.2 13800000 267.781 5.28291 -17.6068 0.332373 419.101 14.6435 365733 29256 0.000189671 0.0028238 0.000546465 0.00268178 0.0173301 0.000624731 0.000597451 4.17849e-05 
100 0.2 13900000 267.781 5.28291 -17.6068 0.332373 419.101 14.6435 365733 29256 0.000189671 0.0028238 0.000546465 0.00268098 0.0173301 0.000624731 0.000597451 4.17849e-05 
100 0.2 14000000 267.781 5.2248 -17.6068 0.332373 419.101 14.6435 365733 29256 0.000189671 0.0028238 0.000546465 0.00266446 0.0173301 0.000624731 0.000597451 4.17849e-05 
100 0.2 14100000 267.781 5.2248 -17.6068 0.332373 419.101 14.6435 365733 29256 0.000189671 0.0028238 0.000546465 0.00265804 0.0173301 0.000624731 0.000597451 4.17849e-05 
100 0.2 14200000 267.781 5.19523 -17.6068 0.332373 419.101 14.6435 365733 29256 0.000189671 0.0028238 0.000546465 0.00264562 0.0173301 0.000624731 0.000597451 4.17849e-05 
100 0.2 14300000 267.781 5.29997 -17.6068 0.332373 419.101 14.6435 365733 29256 0.000189671 0.0028238 0.000546465 0.00263844 0.0173301 0.000624731 0.000597451 4.17849e-05 
100 0.2 14400000 267.781 5.29997 -17.6068 0.332373 419.101 14.6435 365733 29256 0.000189671 0.0028238 0.000546465 0.00264553 0.0173301 0.000624731 0.000597451 4.17849e-05 
100 0.2 14500000 267.781 5.23688 -17.6068 0.332373 419.101 14.6435 365733 29256 0.000189671 0.00272827 0.000546465 0.00263309 0.0173301 0.000624731 0.000597451 4.17849e-05 
100 0.2 14600000 267.781 5.18177 -17.6068 0.332373 419.101 14.6435 365733 29256 0.000189671 0.00271228 0.000546465 0.00265731 0.0173301 0.000624731 0.000597451 4.17849e-05 
100 0.2 14700000 267.781 5.18177 -17.6068 0.332373 419.101 14.6435 365733 29256 0.000189671 0.00271325 0.000546465 0.00264415 0.0173301 0.000624731 0.000597451 4.17849e-05 
100 0.2 14800000 267.781 5.18177 -17.6068 0.332373 419.101 14.6435 365733 29256 0.000189671 0.00270596 0.000546465 0.00262902 0.0173301 0.000624731 0.000597451 4.17849e-05 
100 0.2 14900000 267.781 5.18177 -17.6068 0.332373 419.101 14.6435 365733 29256 0.000189671 0.00270924 0.000546465 0.00261545 0.0173301 0.000624731 0.000597451 4.17849e-05 
100 0.2 15000000 267.781 5.18177 -17.6068 0.332373 419.101 14.6435 365733 29256 0.000189671 0.00269022 0.000546465 0.00258664 0.0173301 0.000624731 0.000597451 4.17849e-05 
100 0.2 15100000 265.368 5.04324 -17.6511 0.305103 421.792 13.5573 370459 26975.4 0.000914652 0.00268304 -0.00125537 0.00263368 0.0172644 0.000571376 0.000591445 3.84155e-05 
100 0.2 15200000 265.368 5.04324 -17.6511 0.305103 421.792 13.5573 370459 26975.4 0.000914652 0.00268304 -0.00125537 0.00263368 0.0172644 0.000571376 0.000591445 3.84155e-05 
100 0.2 15300000 265.368 5.01321 -17.6511 0.305103 421.792 13.5573 370459 26975.4 0.000914652 0.00268304 -0.00125537 0.00263368 0.0172644 0.000571376 0.000591445 3.86888e-05 
100 0.2 15400000 265.368 5.01321 -17.6511 0.305103 421.792 13.5573 370459 26975.4 0.000914652 0.00268304 -0.00125537 0.00263368 0.0172644 0.000571376 0.000591445 4.0154e-05 
100 0.2 15500000 265.368 5.01321 -17.6511 0.305103 421.792 13.5573 370459 26975.4 0.000914652 0.00268304 -0.00125537 0.00263368 0.0172644 0.000571376 0.000591445 4.0154e-05 
100 0.2 15600000 265.368 5.01321 -17.6511 0.305103 421.792 13.5573 370459 26975.4 0.000914652 0.00268304 -0.00125537 0.00263368 0.0172644 0.000571376 0.000591445 3.98841e-05 
100 0.2 15700000 265.368 5.01321 -17.6511 0.305103 421.792 13.5573 370459 26975.4 0.000914652 0.00268304 -0.00125537 0.00263368 0.0172644 0.000571376 0.000591445 3.98841e-05 
100 0.2 15800000 265.368 4.90239 -17.6511 0.305103 421.792 13.5573 370459 26975.4 0.000914652 0.00270916 -0.00125537 0.00263368 0.0172644 0.000571376 0.000591445 3.96745e-05 
100 0.2 15900000 265.368 4.8507 -17.6511 0.305103 421.792 13.5573 370459 26975.4 0.000914652 0.00270916 -0.00125537 0.00263368 0.0172644 0.000571376 0.000591445 3.95483e-05 
100 0.2 16000000 265.368 4.8507 -17.6511 0.305103 421.792 13.5573 370459 26975.4 0.000914652 0.00270916 -0.00125537 0.00263368 0.0172644 0.000571376 0.000591445 3.95483e-05 
100 0.2 16100000 265.368 4.82576 -17.6511 0.305103 421.792 13.5573 370459 26975.4 0.000914652 0.00270916 -0.00125537 0.00263368 0.0172644 0.000571376 0.000591445 3.95899e-05 
100 0.2 16200000 265.368 4.86949 -17.6511 0.305103 421.792 13.5573 370459 26975.4 0.000914652 0.00270916 -0.00125537 0.00263368 0.0172644 0.000571376 0.000591445 3.91755e-05 
100 0.2 16300000 265.368 4.86949 -17.6511 0.305103 421.792 13.5573 370459 26975.4 0.000914652 0.00270916 -0.00125537 0.00263368 0.0172644 0.000571376 0.000591445 3.91755e-05 
100 0.2 16400000 264.309 4.82078 -17.59 0.285734 421.137 12.4434 371162 24782.2 0.00199865 0.00260479 -0.000824691 0.00247539 0.0173518 0.000530402 0.000601242 3.88719e-05 
100 0.2 16500000 264.309 4.82078 -17.59 0.285734 421.137 12.4434 371162 24782.2 0.00199865 0.0026034 -0.000824691 0.00247317 0.0173518 0.000530402 0.000601242 3.88719e-05 
100 0.2 16600000 264.309 4.81805 -17.59 0.285734 421.137 12.4434 371162 24782.2 0.00199865 0.0026034 -0.000824691 0.00245839 0.0173518 0.000530402 0.000601242 3.84885e-05 
100 0.2 16700000 264.309 4.76932 -17.59 0.285734 421.137 12.4434 371162 24736.7 0.00199865 0.0026034 -0.000824691 0.00245684 0.0173518 0.000530402 0.000601242 3.81114e-05 
100 0.2 16800000 264.309 4.76932 -17.59 0.285734 421.137 12.4434 371162 24736.7 0.00199865 0.0026034 -0.000824691 0.00245661 0.0173518 0.000530402 0.000601242 3.81114e-05 
100 0.2 16900000 264.309 4.77582 -17.59 0.285734 421.137 12.4434 371162 24736.7 0.00199865 0.0026034 -0.000824691 0.00249179 0.0173518 0.000530402 0.000601242 3.78674e-05 
100 0.2 17000000 264.309 4.72819 -17.59 0.285734 421.137 12.4434 371162 24736.7 0.00199865 0.0025481 -0.000824691 0.00246881 0.0173518 0.000530402 0.000601242 3.74887e-05 
100 0.2 17100000 264.309 4.72819 -17.59 0.285734 421.137 12.4434 371162 24736.7 0.00199865 0.00254359 -0.000824691 0.00246881 0.0173518 0.000530402 0.000601242 3.74887e-05 
100 0.2 17200000 264.309 4.68384 -17.59 0.285734 421.137 12.4434 371162 24736.7 0.00199865 0.00254525 -0.000824691 0.00244917 0.0173518 0.000530402 0.000601242 3.72798e-05 
100 0.2 17300000 264.309 4.68384 -17.59 0.285734 421.137 12.4434 371162 24736.7 0.00199865 0.00253914 -0.000824691 0.00244917 0.0173518 0.000530402 0.000601242 3.72798e-05 
100 0.2 17400000 264.309 4.66203 -17.59 0.285734 421.137 12.4434 371162 24736.7 0.00199865 0.00253095 -0.000824691 0.00244917 0.0173518 0.000530402 0.000601242 3.69152e-05 
100 0.2 17500000 264.309 4.66203 -17.59 0.285734 421.137 12.4434 371162 24736.7 0.00199865 0.00253359 -0.000824691 0.00244917 0.0173518 0.000530402 0.000601242 3.70444e-05 
100 0.2 17600000 264.309 4.66203 -17.59 0.285734 421.137 12.4434 371162 24736.7 0.00199865 0.00252153 -0.000824691 0.00244917 0.0173518 0.000530402 0.000601242 3.70444e-05 
100 0.2 17700000 262.808 4.56635 -17.5053 0.27604 416.507 12.3174 361097 24797 0.00125732 0.00255415 0.000207976 0.0024689 0.0172555 0.000498275 0.000594244 3.68731e-05 
100 0.2 17800000 262.808 4.53124 -17.5053 0.27604 416.507 12.3174 361097 24797 0.00125732 0.00255415 0.000207976 0.0024689 0.0172555 0.000498275 0.000594244 3.65291e-05 
100 0.2 17900000 262.808 4.53124 -17.5053 0.27604 416.507 12.3174 361097 24797 0.00125732 0.00255415 0.000207976 0.0024689 0.0172555 0.000498275 0.000594244 3.65291e-05 
100 0.2 18000000 262.808 4.49455 -17.5053 0.27604 416.507 12.3174 361097 24797 0.00125732 0.00255415 0.000207976 0.0024689 0.0172555 0.000498275 0.000594244 3.61971e-05 
100 0.2 18100000 262.808 4.49455 -17.5053 0.27604 416.507 12.3174 361097 24797 0.00125732 0.00255415 0.000207976 0.0024689 0.0172555 0.000498275 0.000594244 3.61971e-05 
100 0.2 18200000 262.808 4.4846 -17.5053 0.27604 416.507 12.3174 361097 24797 0.00125732 0.00255415 0.000207976 0.0024689 0.0172555 0.000498275 0.000594244 3.59141e-05 
100 0.2 18300000 262.808 4.4121 -17.5053 0.27604 416.507 12.3174 361097 24797 0.00125732 0.00249164 0.000207976 0.0024689 0.0172555 0.000498275 0.000594244 3.57027e-05 
100 0.2 18400000 262.808 4.4121 -17.5053 0.27604 416.507 12.3174 361097 24797 0.00125732 0.00248948 0.000207976 0.0024689 0.0172555 0.000498275 0.000594244 3.57027e-05 
100 0.2 18500000 262.808 4.37634 -17.5053 0.27604 416.507 12.3174 361097 24797 0.00125732 0.00248311 0.000207976 0.0024689 0.0172555 0.000498275 0.000594244 3.53924e-05 
100 0.2 18600000 262.808 4.33766 -17.5053 0.27604 416.507 12.3174 361097 24797 0.00125732 0.00247049 0.000207976 0.0024689 0.0172555 0.000498275 0.000594244 3.52797e-05 
100 0.2 18700000 262.808 4.33766 -17.5053 0.27604 416.507 12.3174 361097 24797 0.00125732 0.00246378 0.000207976 0.0024689 0.0172555 0.000498275 0.000594244 3.52797e-05 
100 0.2 18800000 262.808 4.31869 -17.5053 0.27604 416.507 12.3174 361097 24797 0.00125732 0.00246136 0.000207976 0.0024689 0.0172555 0.000498275 0.000594244 3.49637e-05 
100 0.2 18900000 262.808 4.31869 -17.5053 0.27604 416.507 12.3174 361097 24797 0.00125732 0.00246136 0.000207976 0.0024689 0.0172555 0.000498275 0.000594244 3.49637e-05 
100 0.2 19000000 262.369 4.27531 -17.537 0.261083 418.8 11.6491 365858 23478.3 0.00132463 0.00243931 -7.58095e-05 0.0023988 0.0173418 0.000470099 0.00059667 3.47186e-05 
100 0.2 19100000 262.369 4.25551 -17.537 0.258847 418.8 11.6491 365858 23478.3 0.00132463 0.00242924 -7.58095e-05 0.0023988 0.0173418 0.000470099 0.00059667 3.44903e-05 
100 0.2 19200000 262.369 4.25537 -17.537 0.258847 418.8 11.6491 365858 23478.3 0.00132463 0.00242061 -7.58095e-05 0.0023988 0.0173418 0.000470099 0.00059667 3.44903e-05 
100 0.2 19300000 262.369 4.22103 -17.537 0.258141 418.8 11.6491 365858 23478.3 0.00132463 0.00241465 -7.58095e-05 0.0023988 0.0173418 0.000470099 0.00059667 3.43185e-05 
100 0.2 19400000 262.369 4.20152 -17.537 0.258141 418.8 11.6491 365858 23478.3 0.00132463 0.00239373 -7.58095e-05 0.0023988 0.0173418 0.000470099 0.00059667 3.41391e-05 
100 0.2 19500000 262.369 4.2124 -17.537 0.258141 418.8 11.6491 365858 23478.3 0.00132463 0.002384 -7.58095e-05 0.0023988 0.0173418 0.000470099 0.00059667 3.41391e-05 
100 0.2 19600000 262.369 4.19381 -17.537 0.258141 418.8 11.6491 365858 23478.3 0.00132463 0.00237751 -7.58095e-05 0.00238157 0.0173418 0.000470099 0.00059667 3.3897e-05 
100 0.2 19700000 262.369 4.18134 -17.537 0.258141 418.8 11.6491 365858 23478.3 0.00132463 0.0023762 -7.58095e-05 0.00238157 0.0173418 0.000470099 0.00059667 3.3897e-05 
100 0.2 19800000 262.369 4.17197 -17.537 0.258141 418.8 11.6491 365858 23478.3 0.00132463 0.00235659 -7.58095e-05 0.00238157 0.0173418 0.000470099 0.00059667 3.37176e-05 
100 0.2 19900000 262.369 4.16921 -17.537 0.258141 418.8 11.6491 365858 23478.3 0.00132463 0.00235182 -7.58095e-05 0.00238157 0.0173418 0.000470099 0.00059667 3.34519e-05 
100 0.2 20000000 262.369 4.16921 -17.537 0.258141 418.8 11.6491 365858 23478.3 0.00132463 0.00236797 -7.58095e-05 0.00238157 0.0173418 0.000470099 0.00059667 3.34519e-05 
100 0.2 20100000 262.369 4.13646 -17.537 0.258141 418.8 11.6491 365858 23478.3 0.00132463 0.00239422 -7.58095e-05 0.00238157 0.0173418 0.000470099 0.00059667 3.32187e-05 
100 0.2 20200000 261.518 4.14988 -17.4751 0.251246 415.818 11.2478 360029 22625.2 -4.42068e-05 0.00245498 0.000405662 0.00230363 0.0173693 0.000439562 0.000595712 3.29689e-05 
100 0.2 20300000 261.518 4.14988 -17.4751 0.251246 415.818 11.2478 360029 22625.2 -4.42068e-05 0.00245498 0.000405662 0.00230363 0.0173693 0.000439562 0.000595712 3.29689e-05 
100 0.2 20400000 261.518 4.14988 -17.4751 0.249488 415.818 11.2478 360029 22625.2 -4.42068e-05 0.00245498 0.000405662 0.00230363 0.0173693 0.000439562 0.000595712 3.27844e-05 
100 0.2 20500000 261.518 4.14988 -17.4751 0.249488 415.818 11.2478 360029 22625.2 -4.42068e-05 0.00245498 0.000405662 0.00230363 0.0173693 0.000439562 0.000595712 3.27844e-05 
100 0.2 20600000 261.518 4.14988 -17.4751 0.248251 415.818 11.2478 360029 22625.2 -4.42068e-05 0.00245498 0.000405662 0.00230363 0.0173693 0.000439562 0.000595712 3.25375e-05 
100 0.2 20700000 261.518 4.14988 -17.4751 0.248251 415.818 11.2478 360029 22625.2 -4.42068e-05 0.00245498 0.000405662 0.00230363 0.0173693 0.000439562 0.000595712 3.22732e-05 
100 0.2 20800000 261.518 4.14988 -17.4751 0.248251 415.818 11.2478 360029 22625.2 -4.42068e-05 0.00245498 0.000405662 0.00230363 0.0173693 0.000439562 0.000595712 3.22732e-05 
100 0.2 20900000 261.518 4.06623 -17.4751 0.248251 415.818 11.2478 360029 22625.2 -4.42068e-05 0.00238608 0.000405662 0.00223204 0.0173693 0.000439562 0.000595712 3.20947e-05 
100 0.2 21000000 261.518 4.06623 -17.4751 0.248251 415.818 11.2478 360029 22625.2 -4.42068e-05 0.00238608 0.000405662 0.00223204 0.0173693 0.000439562 0.000595712 3.18584e-05 
100 0.2 21100000 261.518 4.06623 -17.4751 0.248251 415.818 11.2478 360029 22625.2 -4.42068e-05 0.00238608 0.000405662 0.00223204 0.0173693 0.000439562 0.000595712 3.18584e-05 
100 0.2 21200000 261.518 4.06623 -17.4751 0.248251 415.818 11.2478 360029 22625.2 -4.42068e-05 0.00238608 0.000405662 0.00223204 0.0173693 0.000439562 0.000595712 3.16139e-05 
100 0.2 21300000 261.518 4.06623 -17.4751 0.248251 415.818 11.2478 360029 22625.2 -4.42068e-05 0.00238608 0.000405662 0.00223204 0.0173693 0.000439562 0.000595712 3.16139e-05 
100 0.2 21400000 261.518 4.06623 -17.4751 0.248251 415.818 11.2478 360029 22625.2 -4.42068e-05 0.00238608 0.000405662 0.00223204 0.0173693 0.000439562 0.000595712 3.15883e-05 
100 0.2 21500000 261.606 3.97738 -17.4069 0.24192 413.249 10.8343 355873 21589.4 0.000694983 0.00236626 0.000183937 0.00216498 0.0173278 0.000414039 0.000591555 3.13558e-05 
100 0.2 21600000 261.606 3.97738 -17.4069 0.24192 413.249 10.8343 355873 21589.4 0.000694983 0.00236626 0.000183937 0.00216498 0.0173278 0.000414039 0.000591555 3.13558e-05 
100 0.2 21700000 261.606 3.97738 -17.4069 0.24192 413.249 10.8343 355873 21589.4 0.000694983 0.00236626 0.000183937 0.00216498 0.0173278 0.000414039 0.000591555 3.16154e-05 
100 0.2 21800000 261.606 3.97738 -17.4069 0.24192 413.249 10.8343 355873 21589.4 0.000694983 0.00236626 0.000183937 0.00216498 0.0173278 0.000414039 0.000591555 3.13725e-05 
100 0.2 21900000 261.606 3.97738 -17.4069 0.24192 413.249 10.8343 355873 21589.4 0.000694983 0.00236626 0.000183937 0.00216498 0.0173278 0.000414039 0.000591555 3.13725e-05 
100 0.2 22000000 261.606 3.97738 -17.4069 0.24192 413.249 10.8343 355873 21589.4 0.000694983 0.00236626 0.000183937 0.00216498 0.0173278 0.000414039 0.000591555 3.11338e-05 
100 0.2 22100000 261.606 3.97738 -17.4069 0.24192 413.249 10.8343 355873 21589.4 0.000694983 0.00236626 0.000183937 0.00216498 0.0173278 0.000414039 0.000591555 3.11338e-05 
100 0.2 22200000 261.606 3.86848 -17.4069 0.24192 413.249 10.8343 355873 21589.4 0.000694983 0.00229612 0.000183937 0.00211546 0.0173278 0.000414039 0.000591555 3.09055e-05 
100 0.2 22300000 261.606 3.86848 -17.4069 0.24192 413.249 10.8343 355873 21589.4 0.000694983 0.00229612 0.000183937 0.0021091 0.0173278 0.000414039 0.000591555 3.07365e-05 
100 0.2 22400000 261.606 3.86848 -17.4069 0.24192 413.249 10.8343 355873 21589.4 0.000694983 0.00229612 0.000183937 0.00210764 0.0173278 0.000414039 0.000591555 3.07365e-05 
100 0.2 22500000 261.606 3.86848 -17.4069 0.24192 413.249 10.8343 355873 21589.4 0.000694983 0.00229612 0.000183937 0.00210313 0.0173278 0.000414039 0.000591555 3.05548e-05 
100 0.2 22600000 261.606 3.86848 -17.4069 0.24192 413.249 10.8343 355873 21589.4 0.000694983 0.00229612 0.000183937 0.00210313 0.0173278 0.000414039 0.000591555 3.03722e-05 
100 0.2 22700000 261.606 3.86848 -17.4069 0.24192 413.249 10.8343 355873 21589.4 0.000694983 0.00229612 0.000183937 0.00210313 0.0173278 0.000414039 0.000591555 3.03722e-05 
100 0.2 22800000 260.605 3.81703 -17.3627 0.23168 411.836 10.2887 355203 20329.9 0.000736301 0.00223211 0.000533792 0.0020641 0.0173021 0.000390483 0.000588807 3.02721e-05 
100 0.2 22900000 260.605 3.81703 -17.3627 0.23168 411.836 10.2887 355203 20329.9 0.000736301 0.00223211 0.000533792 0.00206202 0.0173021 0.000390483 0.000588807 3.02721e-05 
100 0.2 23000000 260.605 3.81703 -17.3627 0.23168 411.836 10.2887 355203 20329.9 0.000736301 0.00224712 0.000533792 0.00205299 0.0173021 0.000390483 0.000588807 3.01063e-05 
100 0.2 23100000 260.605 3.81703 -17.3627 0.23168 411.836 10.2887 355203 20329.9 0.000736301 0.00223353 0.000533792 0.00205299 0.0173021 0.000390483 0.000588807 2.99248e-05 
100 0.2 23200000 260.605 3.81703 -17.3627 0.23168 411.836 10.2887 355203 20329.9 0.000736301 0.00223353 0.000533792 0.00205299 0.0173021 0.000390483 0.000588807 2.99248e-05 
100 0.2 23300000 260.605 3.81703 -17.3627 0.23168 411.836 10.2887 355203 20329.9 0.000736301 0.00223211 0.000533792 0.00205299 0.0173021 0.000390483 0.000588807 2.97238e-05 
100 0.2 23400000 260.605 3.709 -17.3627 0.23168 411.836 10.2887 355203 20329.9 0.000736301 0.0022333 0.000533792 0.00202272 0.0173021 0.000390483 0.000588807 2.95883e-05 
100 0.2 23500000 260.605 3.709 -17.3627 0.23168 411.836 10.2887 355203 20329.9 0.000736301 0.0022333 0.000533792 0.00201791 0.0173021 0.000390483 0.000588807 2.95883e-05 
100 0.2 23600000 260.605 3.709 -17.3627 0.23168 411.836 10.2887 355203 20329.9 0.000736301 0.0022333 0.000533792 0.00202534 0.0173021 0.000390483 0.000588807 2.9379e-05 
100 0.2 23700000 260.605 3.709 -17.3627 0.23168 411.836 10.2887 355203 20329.9 0.000736301 0.0022333 0.000533792 0.0020214 0.0173021 0.000390483 0.000588807 2.9379e-05 
100 0.2 23800000 260.605 3.709 -17.3627 0.23168 411.836 10.2887 355203 20329.9 0.000736301 0.0022333 0.000533792 0.00201785 0.0173021 0.000390483 0.000588807 2.9241e-05 
100 0.2 23900000 260.605 3.709 -17.3627 0.23168 411.836 10.2887 355203 20329.9 0.000736301 0.0022333 0.000533792 0.00201273 0.0173021 0.000390483 0.000588807 2.90848e-05 
100 0.2 24000000 260.605 3.709 -17.3627 0.23168 411.836 10.2887 355203 20329.9 0.000736301 0.0022333 0.000533792 0.00201088 0.0173021 0.000390483 0.000588807 2.95907e-05 
100 0.2 24100000 260.661 3.66239 -17.3045 0.225999 410.451 9.80985 350875 19655.7 0.000282375 0.00217303 0.000338858 0.00201262 0.0174254 0.000387777 0.000598878 3.02209e-05 
100 0.2 24200000 260.661 3.63758 -17.3045 0.225999 410.451 9.80985 350875 19655.7 0.000282375 0.00217303 0.000338858 0.00201066 0.0174254 0.000387777 0.000598878 3.00129e-05 
100 0.2 24300000 260.661 3.63758 -17.3045 0.225999 410.451 9.80985 350875 19655.7 0.000282375 0.00217303 0.000338858 0.00200466 0.0174254 0.000387777 0.000598878 3.00129e-05 
100 0.2 24400000 260.661 3.62338 -17.3045 0.225999 410.451 9.80985 350875 19655.7 0.000282375 0.00217303 0.000338858 0.00200649 0.0174254 0.000387777 0.000598878 2.98174e-05 
100 0.2 24500000 260.661 3.62338 -17.3045 0.225999 410.451 9.80985 350875 19655.7 0.000282375 0.00217303 0.000338858 0.0020018 0.0174254 0.000387777 0.000598878 2.98174e-05 
100 0.2 24600000 260.661 3.60882 -17.3045 0.225999 410.451 9.80985 350875 19655.7 0.000282375 0.00217303 0.000338858 0.00200213 0.0174254 0.000387777 0.000598878 2.96166e-05 
100 0.2 24700000 260.661 3.60275 -17.3045 0.225999 410.451 9.80985 350875 20010.2 0.000282375 0.00213928 0.000338858 0.00205891 0.0174254 0.000387777 0.000598878 3.02017e-05 
100 0.2 24800000 260.661 3.60275 -17.3045 0.225999 410.451 9.80985 350875 20010.2 0.000282375 0.00213928 0.000338858 0.00205891 0.0174254 0.000387777 0.000598878 3.02017e-05 
100 0.2 24900000 260.661 3.66152 -17.3045 0.225999 410.451 9.80985 350875 20010.2 0.000282375 0.00212511 0.000338858 0.00205891 0.0174254 0.000387777 0.000598878 3.00526e-05 
100 0.2 25000000 260.661 3.6387 -17.3045 0.225999 410.451 9.80985 350875 19780.9 0.000282375 0.00211979 0.000338858 0.00205891 0.0174254 0.000387777 0.000598878 2.9872e-05 
100 0.2 25100000 260.661 3.6387 -17.3045 0.225999 410.451 9.80985 350875 19780.9 0.000282375 0.00211979 0.000338858 0.00205891 0.0174254 0.000387777 0.000598878 2.9872e-05 
100 0.2 25200000 260.661 3.62864 -17.3045 0.225999 410.451 9.80985 350875 19780.9 0.000282375 0.00211493 0.000338858 0.00205891 0.0174254 0.000387777 0.000598878 2.97522e-05 
100 0.2 25300000 260.661 3.62864 -17.3045 0.225999 410.451 9.80985 350875 19780.9 0.000282375 0.00211493 0.000338858 0.00205891 0.0174254 0.000387777 0.000598878 2.97522e-05 
100 0.2 25400000 259.647 3.60489 -17.2734 0.221103 410.424 9.50401 354745 19527.5 0.000879417 0.00212824 0.000935919 0.0020173 0.0174578 0.000378324 0.000600087 2.96129e-05 
100 0.2 25500000 259.647 3.58192 -17.2734 0.220743 410.424 9.50401 354745 19527.5 0.000879417 0.00212824 0.000935919 0.0020173 0.0174578 0.000377273 0.000600087 2.95126e-05 
100 0.2 25600000 259.647 3.58192 -17.2734 0.220743 410.424 9.50401 354745 19527.5 0.000879417 0.00212824 0.000935919 0.0020173 0.0174578 0.000377273 0.000600087 2.95126e-05 
100 0.2 25700000 259.647 3.57132 -17.2734 0.220246 410.424 9.38079 354745 19278.6 0.000879417 0.00212824 0.000935919 0.0020173 0.0174578 0.000376269 0.000600087 2.93547e-05 
100 0.2 25800000 259.647 3.54877 -17.2734 0.218841 410.424 9.38079 354745 19278.6 0.000879417 0.00212824 0.000935919 0.0020173 0.0174578 0.000379112 0.000600087 2.96818e-05 
100 0.2 25900000 259.647 3.54877 -17.2734 0.218841 410.424 9.38079 354745 19278.6 0.000879417 0.00212824 0.000935919 0.0020173 0.0174578 0.000379112 0.000600087 2.96818e-05 
100 0.2 26000000 259.647 3.53018 -17.2734 0.223052 410.424 9.46203 354745 19178.6 0.000879417 0.00207791 0.000935919 0.00198093 0.0174578 0.000378639 0.000600087 2.96709e-05 
100 0.2 26100000 259.647 3.53018 -17.2734 0.223052 410.424 9.46203 354745 19178.6 0.000879417 0.00207791 0.000935919 0.00198093 0.0174578 0.000378639 0.000600087 2.96709e-05 
100 0.2 26200000 259.647 3.51237 -17.2734 0.223272 410.424 9.46203 354745 19178.6 0.000879417 0.00207791 0.000935919 0.00198093 0.0174578 0.000377434 0.000600087 2.95578e-05 
100 0.2 26300000 259.647 3.49017 -17.2734 0.221927 410.424 9.4485 354745 19066.8 0.000879417 0.00207791 0.000935919 0.00198093 0.0174578 0.000375406 0.000600087 2.9405e-05 
100 0.2 26400000 259.647 3.49017 -17.2734 0.221927 410.424 9.4485 354745 19066.8 0.000879417 0.00207791 0.000935919 0.00198093 0.0174578 0.000375406 0.000600087 2.9405e-05 
100 0.2 26500000 259.647 3.46822 -17.2734 0.222189 410.424 9.4485 354745 19066.8 0.000879417 0.00207791 0.000935919 0.00198093 0.0174578 0.000373099 0.000600087 2.92203e-05 
100 0.2 26600000 259.673 3.45178 -17.2993 0.221664 411.01 9.33742 354274 18856.7 0.000436912 0.00204867 0.000391169 0.0019533 0.0174793 0.000371769 0.000601995 2.91281e-05 
100 0.2 26700000 259.673 3.45178 -17.2993 0.221664 411.01 9.33742 354274 18856.7 0.000436912 0.00204867 0.000391169 0.0019533 0.0174793 0.000371769 0.000601995 2.91281e-05 
100 0.2 26800000 259.673 3.43431 -17.2993 0.223118 411.01 9.3823 354274 18856.7 0.000436912 0.00204867 0.000391169 0.0019533 0.0174793 0.000369526 0.000601995 2.89506e-05 
100 0.2 26900000 259.673 3.43431 -17.2993 0.223118 411.01 9.3823 354274 18856.7 0.000436912 0.00204867 0.000391169 0.0019533 0.0174793 0.000369526 0.000601995 2.89506e-05 
100 0.2 27000000 259.673 3.43657 -17.2993 0.221741 411.01 9.32519 354274 18712.6 0.000436912 0.00204867 0.000391169 0.0019533 0.0174793 0.000369677 0.000601995 2.89061e-05 
100 0.2 27100000 259.673 3.41603 -17.2993 0.220409 411.01 9.30081 354274 18712.6 0.000436912 0.00204867 0.000391169 0.0019533 0.0174793 0.000367507 0.000601995 2.88292e-05 
100 0.2 27200000 259.673 3.41603 -17.2993 0.220409 411.01 9.30081 354274 18712.6 0.000436912 0.00204867 0.000391169 0.0019533 0.0174793 0.000367507 0.000601995 2.88292e-05 
100 0.2 27300000 259.673 3.40505 -17.2993 0.219066 411.01 9.21359 354274 18498 0.000436912 0.00200293 0.000391169 0.00190679 0.0174793 0.000368121 0.000601995 2.8761e-05 
100 0.2 27400000 259.673 3.38664 -17.2993 0.217787 411.01 9.18743 354274 18498 0.000436912 0.00200258 0.000391169 0.00190679 0.0174793 0.000365902 0.000601995 2.86115e-05 
100 0.2 27500000 259.673 3.38664 -17.2993 0.217787 411.01 9.18743 354274 18498 0.000436912 0.00200258 0.000391169 0.00190679 0.0174793 0.000365902 0.000601995 2.86115e-05 
100 0.2 27600000 259.673 3.37621 -17.2993 0.217014 411.01 9.11174 354274 18277.5 0.000436912 0.00200258 0.000391169 0.00190679 0.0174793 0.000364458 0.000601995 2.85021e-05 
100 0.2 27700000 259.673 3.37621 -17.2993 0.217014 411.01 9.11174 354274 18277.5 0.000436912 0.00200258 0.000391169 0.00190679 0.0174793 0.000364458 0.000601995 2.85021e-05 
100 0.2 27800000 259.673 3.37149 -17.2993 0.216701 411.01 9.11052 354274 18277.5 0.000436912 0.00200258 0.000391169 0.00190679 0.0174793 0.000362584 0.000601995 2.83578e-05 
100 0.2 27900000 259.673 3.35334 -17.2993 0.216732 411.01 9.17176 354274 18080 0.000436912 0.00196976 0.000391169 0.00186326 0.0174793 0.000360571 0.000601995 2.82208e-05 
100 0.2 28000000 259.673 3.35334 -17.2993 0.216732 411.01 9.17176 354274 18080 0.000436912 0.00196976 0.000391169 0.00186326 0.0174793 0.000360571 0.000601995 2.82208e-05 
100 0.2 28100000 259.673 3.33892 -17.2993 0.216254 411.01 9.15699 354274 18080 0.000436912 0.00196039 0.000391169 0.00186326 0.0174793 0.000359429 0.000601995 2.81267e-05 
100 0.2 28200000 259.673 3.31928 -17.2993 0.216601 411.01 9.16069 354274 17874 0.000436912 0.00196732 0.000391169 0.00186326 0.0174793 0.000357315 0.000601995 2.79734e-05 
100 0.2 28300000 259.673 3.31928 -17.2993 0.216601 411.01 9.16069 354274 17874 0.000436912 0.00196732 0.000391169 0.00186326 0.0174793 0.000357315 0.000601995 2.79734e-05 
100 0.2 28400000 259.673 3.32453 -17.2993 0.215337 411.01 9.10714 354274 17874 0.000436912 0.00195915 0.000391169 0.00186326 0.0174793 0.000355812 0.000601995 2.78538e-05 
100 0.2 28500000 259.673 3.32453 -17.2993 0.215337 411.01 9.10714 354274 17874 0.000436912 0.00195915 0.000391169 0.00186326 0.0174793 0.000355812 0.000601995 2.78538e-05 
100 0.2 28600000 259.673 3.30745 -17.2993 0.214511 411.01 9.08054 354274 17705.7 0.000436912 0.00197066 0.000391169 0.00183963 0.0174793 0.000354438 0.000601995 2.77536e-05 
100 0.2 28700000 259.673 3.28841 -17.2993 0.213882 411.01 9.07315 354274 17705.7 0.000436912 0.00197066 0.000391169 0.00183963 0.0174793 0.000352825 0.000601995 2.76213e-05 
100 0.2 28800000 259.673 3.28841 -17.2993 0.213882 411.01 9.07315 354274 17705.7 0.000436912 0.00197066 0.000391169 0.00183963 0.0174793 0.000352825 0.000601995 2.76213e-05 
100 0.2 28900000 259.673 3.26954 -17.2993 0.21314 411.01 9.05059 354274 17954.3 0.000436912 0.00197066 0.000391169 0.00183963 0.0174793 0.000351093 0.000601995 2.77444e-05 
100 0.2 29000000 259.673 3.26638 -17.2993 0.212708 411.01 9.02185 354274 17954.3 0.000436912 0.00197066 0.000391169 0.00183963 0.0174793 0.000349126 0.000601995 2.75901e-05 
100 0.2 29100000 259.673 3.25907 -17.2993 0.212708 411.01 9.02185 354274 17954.3 0.000436912 0.00197066 0.000391169 0.00183963 0.0174793 0.000349126 0.000601995 2.75901e-05 
100 0.2 29200000 258.556 3.25005 -17.3448 0.211506 412.861 8.97684 358729 17820.3 3.20373e-05 0.001942 0.000890916 0.00194613 0.0173911 0.000347301 0.000597258 2.74376e-05 
100 0.2 29300000 258.556 3.24933 -17.3448 0.211506 412.861 8.97684 358729 17820.3 3.20373e-05 0.001942 0.000890916 0.00194613 0.0173911 0.000347301 0.000597258 2.74376e-05 
100 0.2 29400000 258.556 3.24933 -17.3448 0.211548 412.861 9.01759 358729 17820.3 3.20373e-05 0.00193982 0.000890916 0.00194613 0.0173911 0.000345445 0.000597258 2.73302e-05 
100 0.2 29500000 258.556 3.24933 -17.3448 0.210756 412.861 8.98781 358729 17742.8 3.20373e-05 0.00193229 0.000890916 0.00194613 0.0173911 0.000344963 0.000597258 2.7258e-05 
100 0.2 29600000 258.556 3.24933 -17.3448 0.210756 412.861 8.98781 358729 17742.8 3.20373e-05 0.00193229 0.000890916 0.00194613 0.0173911 0.000344963 0.000597258 2.7258e-05 
100 0.2 29700000 258.556 3.24933 -17.3448 0.21039 412.861 8.96957 358729 17742.8 3.20373e-05 0.00193229 0.000890916 0.00194613 0.0173911 0.000344597 0.000597258 2.72744e-05 
100 0.2 29800000 258.556 3.24933 -17.3448 0.209265 412.861 8.92418 358729 17627.7 3.20373e-05 0.00191079 0.000890916 0.00190318 0.0173911 0.000342909 0.000597258 2.71569e-05 
100 0.2 29900000 258.556 3.24933 -17.3448 0.209265 412.861 8.92418 358729 17627.7 3.20373e-05 0.00191079 0.000890916 0.00190318 0.0173911 0.000342909 0.000597258 2.71569e-05 
100 0.2 30000000 258.556 3.24933 -17.3448 0.20845 412.861 8.89986 358729 17627.7 3.20373e-05 0.00190684 0.000890916 0.00190318 0.0173911 0.00034229 0.000597258 2.70817e-05 
100 0.2 30100000 258.556 3.24933 -17.3448 0.20845 412.861 8.89986 358729 17627.7 3.20373e-05 0.00190684 0.000890916 0.00190318 0.0173911 0.00034229 0.000597258 2.70817e-05 
100 0.2 30200000 258.556 3.24933 -17.3448 0.207387 412.861 8.85402 358729 17487.4 3.20373e-05 0.0019042 0.000890916 0.00190318 0.0173911 0.000340782 0.000597258 2.69501e-05 
100 0.2 30300000 258.556 3.24933 -17.3448 0.206928 412.861 8.83089 358729 17487.4 3.20373e-05 0.0019042 0.000890916 0.00190318 0.0173911 0.000339002 0.000597258 2.68212e-05 
100 0.2 30400000 258.556 3.24933 -17.3448 0.206928 412.861 8.83089 358729 17487.4 3.20373e-05 0.0019042 0.000890916 0.00190318 0.0173911 0.000339002 0.000597258 2.68212e-05 
100 0.2 30500000 258.556 3.24933 -17.3448 0.206684 412.861 8.80417 358729 17302.8 3.20373e-05 0.00187871 0.000890916 0.0018814 0.0173911 0.000337354 0.000597258 2.66757e-05 
100 0.2 30600000 258.556 3.24933 -17.3448 0.205798 412.861 8.76365 358729 17302.8 3.20373e-05 0.00187244 0.000890916 0.0018814 0.0173911 0.000335602 0.000597258 2.65367e-05 
100 0.2 30700000 258.556 3.24933 -17.3448 0.205798 412.861 8.76365 358729 17302.8 3.20373e-05 0.00187244 0.000890916 0.0018814 0.0173911 0.000335602 0.000597258 2.65367e-05 
100 0.2 30800000 258.556 3.24933 -17.3448 0.2047 412.861 8.71653 358729 17130.6 3.20373e-05 0.00187244 0.000890916 0.0018814 0.0173911 0.000333982 0.000597258 2.64005e-05 
100 0.2 30900000 258.556 3.24933 -17.3448 0.2047 412.861 8.71653 358729 17130.6 3.20373e-05 0.00187244 0.000890916 0.0018814 0.0173911 0.000333982 0.000597258 2.64005e-05 
100 0.2 31000000 258.556 3.24933 -17.3448 0.203805 412.861 8.6745 358729 17130.6 3.20373e-05 0.00187244 0.000890916 0.0018814 0.0173911 0.000333422 0.000597258 2.63241e-05 
100 0.2 31100000 258.556 3.24933 -17.3448 0.203007 412.861 8.62889 358729 16953.8 3.20373e-05 0.00185165 0.000890916 0.00186151 0.0173911 0.000336044 0.000597258 2.65204e-05 
100 0.2 31200000 258.556 3.24933 -17.3448 0.203007 412.861 8.62889 358729 16953.8 3.20373e-05 0.00185165 0.000890916 0.00186151 0.0173911 0.000336044 0.000597258 2.65204e-05 
100 0.2 31300000 258.556 3.24933 -17.3448 0.202606 412.861 8.59562 358729 16953.8 3.20373e-05 0.00185165 0.000890916 0.00186151 0.0173911 0.000334496 0.000597258 2.63801e-05 
100 0.2 31400000 258.556 3.24933 -17.3448 0.201667 412.861 8.56036 358729 16776.9 3.20373e-05 0.00185165 0.000890916 0.00186151 0.0173911 0.000333489 0.000597258 2.62864e-05 
100 0.2 31500000 258.556 3.24933 -17.3448 0.201667 412.861 8.56036 358729 16776.9 3.20373e-05 0.00185165 0.000890916 0.00186151 0.0173911 0.000333489 0.000597258 2.62864e-05 
100 0.2 31600000 258.556 3.24933 -17.3448 0.200773 412.861 8.52385 358729 16776.9 3.20373e-05 0.00185165 0.000890916 0.00186151 0.0173911 0.000331749 0.000597258 2.61671e-05 
100 0.2 31700000 258.556 3.24933 -17.3448 0.200773 412.861 8.52385 358729 16776.9 3.20373e-05 0.00185165 0.000890916 0.00186151 0.0173911 0.000331749 0.000597258 2.61671e-05 
100 0.2 31800000 258.821 3.1353 -17.3661 0.199775 413.371 8.47965 359945 16604.8 0.000995667 0.00187942 0.000535979 0.00182969 0.0174375 0.000330096 0.000599446 2.60346e-05 
100 0.2 31900000 258.821 3.12886 -17.3661 0.198832 413.371 8.43585 359945 16604.8 0.000995667 0.00187942 0.000535979 0.00182969 0.0174375 0.00032845 0.000599446 2.59018e-05 
100 0.2 32000000 258.821 3.12056 -17.3661 0.198832 413.371 8.43585 359945 16604.8 0.000995667 0.00187942 0.000535979 0.00182969 0.0174375 0.00032845 0.000599446 2.59018e-05 
100 0.2 32100000 258.821 3.11282 -17.3661 0.198684 413.371 8.44721 359945 16493.6 0.000995667 0.00187942 0.000535979 0.00182969 0.0174375 0.000329322 0.000599446 2.58737e-05 
100 0.2 32200000 258.821 3.10687 -17.3661 0.197674 413.371 8.40414 359945 16493.6 0.000995667 0.00187942 0.000535979 0.00182969 0.0174375 0.000327928 0.000599446 2.57706e-05 
100 0.2 32300000 258.821 3.10107 -17.3661 0.197674 413.371 8.40414 359945 16493.6 0.000995667 0.00187942 0.000535979 0.00182969 0.0174375 0.000327928 0.000599446 2.57706e-05 
100 0.2 32400000 258.821 3.10765 -17.3661 0.196746 413.371 8.36398 359945 16325.8 0.000995667 0.00187632 0.000535979 0.00183387 0.0174375 0.000326503 0.000599446 2.56392e-05 
100 0.2 32500000 258.821 3.10393 -17.3661 0.196746 413.371 8.36398 359945 16325.8 0.000995667 0.00187632 0.000535979 0.00183387 0.0174375 0.000326503 0.000599446 2.56392e-05 
100 0.2 32600000 258.821 3.10045 -17.3661 0.196001 413.371 8.33199 359945 16325.8 0.000995667 0.00187632 0.000535979 0.00183387 0.0174375 0.000325732 0.000599446 2.55404e-05 
100 0.2 32700000 258.821 3.0972 -17.3661 0.195044 413.371 8.28999 359945 16179.1 0.000995667 0.00187632 0.000535979 0.00183387 0.0174375 0.000324097 0.000599446 2.54133e-05 
100 0.2 32800000 258.821 3.11466 -17.3661 0.195044 413.371 8.28999 359945 16179.1 0.000995667 0.00187632 0.000535979 0.00183387 0.0174375 0.000324097 0.000599446 2.54133e-05 
100 0.2 32900000 258.821 3.14193 -17.3661 0.194075 413.371 8.24899 359945 16179.1 0.000995667 0.00187632 0.000535979 0.00183387 0.0174375 0.000323531 0.000599446 2.53247e-05 
100 0.2 33000000 258.821 3.13493 -17.3661 0.193407 413.371 8.22693 359945 16083.6 0.000995667 0.00182106 0.000535979 0.00180735 0.0174375 0.000322556 0.000599446 2.52151e-05 
100 0.2 33100000 258.821 3.13493 -17.3661 0.193407 413.371 8.22693 359945 16083.6 0.000995667 0.00182106 0.000535979 0.00180735 0.0174375 0.000322556 0.000599446 2.52151e-05 
100 0.2 33200000 258.821 3.1447 -17.3661 0.193763 413.371 8.22283 359945 16083.6 0.000995667 0.00182106 0.000535979 0.00180735 0.0174375 0.000321273 0.000599446 2.51002e-05 
100 0.2 33300000 258.821 3.1447 -17.3661 0.193763 413.371 8.22283 359945 16083.6 0.000995667 0.00182106 0.000535979 0.00180735 0.0174375 0.000321273 0.000599446 2.51002e-05 
100 0.2 33400000 258.821 3.12972 -17.3661 0.192943 413.371 8.18757 359945 15954.9 0.000995667 0.00182106 0.000535979 0.00180735 0.0174375 0.000320367 0.000599446 2.51032e-05 
100 0.2 33500000 258.821 3.11454 -17.3661 0.191993 413.371 8.15029 359945 15954.9 0.000995667 0.00182106 0.000535979 0.00180735 0.0174375 0.000318833 0.000599446 2.50005e-05 
100 0.2 33600000 258.821 3.11454 -17.3661 0.191993 413.371 8.15029 359945 15954.9 0.000995667 0.00182106 0.000535979 0.00180735 0.0174375 0.000318833 0.000599446 2.50005e-05 
100 0.2 33700000 258.821 3.09928 -17.3661 0.191785 413.371 8.14066 359945 15800.7 0.000995667 0.00180466 0.000535979 0.00177624 0.0174375 0.000317667 0.000599446 2.49877e-05 
100 0.2 33800000 258.821 3.0857 -17.3661 0.191035 413.371 8.117 359945 15800.7 0.000995667 0.00180466 0.000535979 0.00177624 0.0174375 0.000316499 0.000599446 2.4915e-05 
100 0.2 33900000 258.821 3.0857 -17.3661 0.191035 413.371 8.117 359945 15800.7 0.000995667 0.00180466 0.000535979 0.00177624 0.0174375 0.000316499 0.000599446 2.4915e-05 
100 0.2 34000000 258.821 3.12317 -17.3661 0.190741 413.371 8.11343 359945 15784 0.000995667 0.00180466 0.000535979 0.00177624 0.0174375 0.000314976 0.000599446 2.47941e-05 
100 0.2 34100000 258.821 3.12317 -17.3661 0.190741 413.371 8.11343 359945 15784 0.000995667 0.00180466 0.000535979 0.00177624 0.0174375 0.000314976 0.000599446 2.47941e-05 
100 0.2 34200000 258.821 3.11224 -17.3661 0.189861 413.371 8.07953 359945 15784 0.000995667 0.00180466 0.000535979 0.00177624 0.0174375 0.000313951 0.000599446 2.47822e-05 
100 0.2 34300000 259.605 3.1176 -17.3415 0.190709 411.522 8.09092 355829 15634 0.000336703 0.00181602 -5.3606e-05 0.00174679 0.0174643 0.000314578 0.000604168 2.47782e-05 
100 0.2 34400000 259.605 3.1176 -17.3415 0.190709 411.522 8.09092 355829 15634 0.000336703 0.00181602 -5.3606e-05 0.00174679 0.0174643 0.000314578 0.000604168 2.47782e-05 
100 0.2 34500000 259.605 3.10313 -17.3415 0.190383 411.522 8.06654 355829 15634 0.000336703 0.00181602 -5.3606e-05 0.00174679 0.0174643 0.000313765 0.000604168 2.4682e-05 
100 0.2 34600000 259.605 3.09631 -17.3415 0.189629 411.522 8.03204 355829 15493.5 0.000336703 0.00181602 -5.3606e-05 0.00174679 0.0174643 0.000312794 0.000604168 2.45716e-05 
100 0.2 34700000 259.605 3.09631 -17.3415 0.189629 411.522 8.03204 355829 15493.5 0.000336703 0.00181602 -5.3606e-05 0.00174679 0.0174643 0.000312794 0.000604168 2.45716e-05 
100 0.2 34800000 259.605 3.08201 -17.3415 0.188732 411.522 7.99438 355829 15493.5 0.000336703 0.00181602 -5.3606e-05 0.00174679 0.0174643 0.000311965 0.000604168 2.44818e-05 
100 0.2 34900000 259.605 3.08201 -17.3415 0.188732 411.522 7.99438 355829 15493.5 0.000336703 0.00181602 -5.3606e-05 0.00174679 0.0174643 0.000311965 0.000604168 2.44818e-05 
100 0.2 35000000 259.605 3.09304 -17.3415 0.187913 411.522 7.96707 355829 15356.8 0.000336703 0.00183971 -5.3606e-05 0.00171875 0.0174643 0.000313456 0.000604168 2.4527e-05 
100 0.2 35100000 259.605 3.07889 -17.3415 0.187286 411.522 7.93677 355829 15356.8 0.000336703 0.00183971 -5.3606e-05 0.00171875 0.0174643 0.000312925 0.000604168 2.45225e-05 
100 0.2 35200000 259.605 3.07889 -17.3415 0.187286 411.522 7.93677 355829 15356.8 0.000336703 0.00183971 -5.3606e-05 0.00171875 0.0174643 0.000312925 0.000604168 2.45225e-05 
100 0.2 35300000 259.605 3.07161 -17.3415 0.186501 411.522 7.90083 355829 15222.5 0.000336703 0.00183971 -5.3606e-05 0.00171875 0.0174643 0.000312925 0.000604168 2.43277e-05 
100 0.2 35400000 259.605 3.05774 -17.3415 0.186172 411.522 7.8904 355829 15222.5 0.000336703 0.00183971 -5.3606e-05 0.00171875 0.0174643 0.000312925 0.000604168 2.43235e-05 
100 0.2 35500000 259.605 3.05774 -17.3415 0.186172 411.522 7.8904 355829 15222.5 0.000336703 0.00183971 -5.3606e-05 0.00171875 0.0174643 0.000312925 0.000604168 2.43235e-05 
100 0.2 35600000 259.605 3.04369 -17.3415 0.185314 411.522 7.8564 355829 15087 0.000336703 0.00182295 -5.3606e-05 0.00170796 0.0174643 0.00031241 0.000604168 2.41724e-05 
100 0.2 35700000 259.605 3.04369 -17.3415 0.185314 411.522 7.8564 355829 15087 0.000336703 0.00182295 -5.3606e-05 0.00170796 0.0174643 0.00031241 0.000604168 2.41724e-05 
100 0.2 35800000 259.605 3.03717 -17.3415 0.184495 411.522 7.82141 355829 15087 0.000336703 0.00182295 -5.3606e-05 0.00170796 0.0174643 0.00031241 0.000604168 2.41724e-05 
100 0.2 35900000 259.605 3.02582 -17.3415 0.183649 411.522 7.78554 355829 14949 0.000336703 0.00182295 -5.3606e-05 0.00170796 0.0174643 0.00031241 0.000604168 2.39506e-05 
100 0.2 36000000 259.605 3.02582 -17.3415 0.183649 411.522 7.78554 355829 14949 0.000336703 0.00182295 -5.3606e-05 0.00170796 0.0174643 0.00031241 0.000604168 2.39506e-05 
100 0.2 36100000 259.605 3.0311 -17.3415 0.18418 411.522 7.79535 355829 14949 0.000336703 0.00182295 -5.3606e-05 0.00170796 0.0174643 0.00031241 0.000604168 2.39506e-05 
100 0.2 36200000 259.605 3.02005 -17.3415 0.183631 411.522 7.76141 355829 14893.9 0.000336703 0.00179862 -5.3606e-05 0.0016797 0.0174643 0.00030923 0.000604168 2.37787e-05 
100 0.2 36300000 259.605 3.02005 -17.3415 0.183631 411.522 7.76141 355829 14893.9 0.000336703 0.00179862 -5.3606e-05 0.0016797 0.0174643 0.00030923 0.000604168 2.37787e-05 
100 0.2 36400000 259.605 3.0067 -17.3415 0.184281 411.522 7.78483 355829 14893.9 0.000336703 0.00179862 -5.3606e-05 0.0016797 0.0174643 0.00030923 0.000604168 2.37787e-05 
100 0.2 36500000 259.605 3.0067 -17.3415 0.184281 411.522 7.78483 355829 14893.9 0.000336703 0.00179862 -5.3606e-05 0.0016797 0.0174643 0.00030923 0.000604168 2.37787e-05 
100 0.2 36600000 259.605 3.00196 -17.3415 0.185693 411.522 7.7733 355829 14863.7 0.000336703 0.00179862 -5.3606e-05 0.0016797 0.0174643 0.00030923 0.000604168 2.35656e-05 
100 0.2 36700000 259.605 3.03076 -17.3415 0.184893 411.522 7.74092 355829 14863.7 0.000336703 0.00179862 -5.3606e-05 0.0016797 0.0174643 0.00030923 0.000604168 2.35656e-05 
100 0.2 36800000 259.605 3.03076 -17.3415 0.184893 411.522 7.74092 355829 14863.7 0.000336703 0.00179862 -5.3606e-05 0.0016797 0.0174643 0.00030923 0.000604168 2.35656e-05 
100 0.2 36900000 259.394 3.01853 -17.2909 0.185771 410.065 7.8007 354106 14816.1 2.9771e-05 0.00177833 -0.000271975 0.00165905 0.0175203 0.000304989 0.00060851 2.358e-05 
100 0.2 37000000 259.394 3.00672 -17.2909 0.186258 410.065 7.78734 354106 14816.1 2.9771e-05 0.00177833 -0.000271975 0.00165905 0.0175203 0.000304989 0.00060851 2.3568e-05 
100 0.2 37100000 259.394 3.00672 -17.2909 0.186258 410.065 7.78734 354106 14816.1 2.9771e-05 0.00177833 -0.000271975 0.00165905 0.0175203 0.000304989 0.00060851 2.3568e-05 
100 0.2 37200000 259.394 2.9945 -17.2909 0.185434 410.065 7.75345 354106 14689.2 2.9771e-05 0.00177833 -0.000271975 0.00165905 0.0175203 0.000304989 0.00060851 2.34677e-05 
100 0.2 37300000 259.394 2.9945 -17.2909 0.185434 410.065 7.75345 354106 14689.2 2.9771e-05 0.00177833 -0.000271975 0.00165905 0.0175203 0.000304989 0.00060851 2.34677e-05 
100 0.2 37400000 259.394 2.98144 -17.2909 0.184661 410.065 7.72018 354106 14689.2 2.9771e-05 0.00177833 -0.000271975 0.00165905 0.0175203 0.000304989 0.00060851 2.34061e-05 
100 0.2 37500000 259.394 2.96907 -17.2909 0.183895 410.065 7.68683 354106 14572.7 2.9771e-05 0.00175087 -0.000271975 0.00163068 0.0175203 0.000304571 0.00060851 2.33038e-05 
100 0.2 37600000 259.394 2.96907 -17.2909 0.183895 410.065 7.68683 354106 14572.7 2.9771e-05 0.00175087 -0.000271975 0.00163068 0.0175203 0.000304571 0.00060851 2.33038e-05 
100 0.2 37700000 259.394 2.9802 -17.2909 0.183363 410.065 7.70719 354106 14572.7 2.9771e-05 0.00175087 -0.000271975 0.00163068 0.0175203 0.000304571 0.00060851 2.33956e-05 
100 0.2 37800000 259.394 2.96872 -17.2909 0.182642 410.065 7.69057 354106 14460.1 2.9771e-05 0.00175087 -0.000271975 0.00163068 0.0175203 0.000304571 0.00060851 2.32953e-05 
100 0.2 37900000 259.394 2.96872 -17.2909 0.182642 410.065 7.69057 354106 14460.1 2.9771e-05 0.00175087 -0.000271975 0.00163068 0.0175203 0.000304571 0.00060851 2.32953e-05 
100 0.2 38000000 259.394 2.95839 -17.2909 0.182313 410.065 7.69487 354106 14460.1 2.9771e-05 0.00175087 -0.000271975 0.00163068 0.0175203 0.000304571 0.00060851 2.32056e-05 
100 0.2 38100000 259.394 2.95839 -17.2909 0.182313 410.065 7.69487 354106 14460.1 2.9771e-05 0.00175087 -0.000271975 0.00163068 0.0175203 0.000304571 0.00060851 2.32056e-05 
100 0.2 38200000 259.394 2.95243 -17.2909 0.18158 410.065 7.66702 354106 14576.5 2.9771e-05 0.00172619 -0.000271975 0.00160833 0.0175203 0.000303415 0.00060851 2.31242e-05 
100 0.2 38300000 259.394 2.94336 -17.2909 0.18135 410.065 7.64688 354106 14576.5 2.9771e-05 0.00172619 -0.000271975 0.00160833 0.0175203 0.000303415 0.00060851 2.31741e-05 
100 0.2 38400000 259.394 2.94336 -17.2909 0.18135 410.065 7.64688 354106 14576.5 2.9771e-05 0.00172619 -0.000271975 0.00160833 0.0175203 0.000303415 0.00060851 2.31741e-05 
100 0.2 38500000 259.394 2.99296 -17.2909 0.180718 410.065 7.62356 354106 14463.9 2.9771e-05 0.00172619 -0.000271975 0.00160833 0.0175203 0.000303415 0.00060851 2.30757e-05 
100 0.2 38600000 259.394 2.98418 -17.2909 0.17995 410.065 7.59237 354106 14463.9 2.9771e-05 0.00172619 -0.000271975 0.00160833 0.0175203 0.000303415 0.00060851 2.30414e-05 
100 0.2 38700000 259.394 2.98418 -17.2909 0.17995 410.065 7.59237 354106 14463.9 2.9771e-05 0.00172619 -0.000271975 0.00160833 0.0175203 0.000303415 0.00060851 2.30414e-05 
100 0.2 38800000 259.394 2.9717 -17.2909 0.179195 410.065 7.56283 354106 14354.7 2.9771e-05 0.00169874 -0.000271975 0.00159384 0.0175203 0.000312262 0.00060851 2.3218e-05 
100 0.2 38900000 259.394 2.9717 -17.2909 0.179195 410.065 7.56283 354106 14354.7 2.9771e-05 0.00169874 -0.000271975 0.00159384 0.0175203 0.000312262 0.00060851 2.3218e-05 
100 0.2 39000000 259.394 2.96119 -17.2909 0.17894 410.065 7.54233 354106 14354.7 2.9771e-05 0.00169874 -0.000271975 0.00159384 0.0175203 0.000312262 0.00060851 2.3218e-05 
100 0.2 39100000 259.394 2.95064 -17.2909 0.17819 410.065 7.51089 354106 14234.7 2.9771e-05 0.00169874 -0.000271975 0.00159384 0.0175203 0.000312262 0.00060851 2.3218e-05 
100 0.2 39200000 259.394 2.95064 -17.2909 0.17819 410.065 7.51089 354106 14234.7 2.9771e-05 0.00169874 -0.000271975 0.00159384 0.0175203 0.000312262 0.00060851 2.3218e-05 
100 0.2 39300000 259.394 2.93856 -17.2909 0.177506 410.065 7.4837 354106 14234.7 2.9771e-05 0.00169874 -0.000271975 0.00159384 0.0175203 0.000312262 0.00060851 2.3218e-05 
100 0.2 39400000 259.482 2.92675 -17.3344 0.178437 412.566 7.50891 358313 14217.7 -0.000684327 0.00171254 0.000181256 0.00156854 0.0176542 0.000310364 0.000617116 2.3014e-05 
100 0.2 39500000 259.482 2.92675 -17.3344 0.178437 412.566 7.50891 358313 14217.7 -0.000684327 0.00171254 0.000181256 0.00156854 0.0176542 0.000310364 0.000617116 2.3014e-05 
100 0.2 39600000 259.482 2.91539 -17.3344 0.178108 412.566 7.49336 358313 14217.7 -0.000684327 0.00171254 0.000181256 0.00156854 0.0176542 0.000310364 0.000617116 2.3014e-05 
100 0.2 39700000 259.482 2.91539 -17.3344 0.178108 412.566 7.49336 358313 14217.7 -0.000684327 0.00171254 0.000181256 0.00156854 0.0176542 0.000310364 0.000617116 2.3014e-05 
100 0.2 39800000 259.482 2.90456 -17.3344 0.177961 412.566 7.484 358313 14191.5 -0.000684327 0.00171254 0.000181256 0.00156854 0.0176542 0.000310364 0.000617116 2.3014e-05 
100 0.2 39900000 259.482 2.89292 -17.3344 0.17777 412.566 7.46099 358313 14191.5 -0.000684327 0.00171254 0.000181256 0.00156854 0.0176542 0.000310364 0.000617116 2.3014e-05 
100 0.2 40000000 259.482 2.89292 -17.3344 0.17777 412.566 7.46099 358313 14191.5 -0.000684327 0.00171254 0.000181256 0.00156854 0.0176542 0.000310364 0.000617116 2.3014e-05 
100 0.2 40100000 259.482 2.88285 -17.3344 0.177394 412.566 7.44064 358313 14086.8 -0.000684327 0.00168573 0.000181256 0.00154604 0.0176542 0.000312874 0.000617116 2.36711e-05 
100 0.2 40200000 259.482 2.8729 -17.3344 0.17667 412.566 7.41217 358313 14086.8 -0.000684327 0.00168573 0.000181256 0.00154604 0.0176542 0.000312874 0.000617116 2.36711e-05 
100 0.2 40300000 259.482 2.8729 -17.3344 0.17667 412.566 7.41217 358313 14086.8 -0.000684327 0.00168573 0.000181256 0.00154604 0.0176542 0.000312874 0.000617116 2.36711e-05 
100 0.2 40400000 259.482 2.88486 -17.3344 0.176197 412.566 7.3894 358313 14014.2 -0.000684327 0.00168573 0.000181256 0.00154604 0.0176542 0.000312874 0.000617116 2.36711e-05 
100 0.2 40500000 259.482 2.88486 -17.3344 0.176197 412.566 7.3894 358313 14014.2 -0.000684327 0.00168573 0.000181256 0.00154604 0.0176542 0.000312874 0.000617116 2.36711e-05 
100 0.2 40600000 259.482 2.87901 -17.3344 0.175485 412.566 7.36057 358313 14014.2 -0.000684327 0.00168573 0.000181256 0.00154604 0.0176542 0.000312874 0.000617116 2.36711e-05 
100 0.2 40700000 259.482 2.8686 -17.3344 0.174992 412.566 7.33226 358313 13911.5 -0.000684327 0.00167106 0.000181256 0.00152651 0.0176542 0.000308395 0.000617116 2.35058e-05 
100 0.2 40800000 259.482 2.8686 -17.3344 0.174992 412.566 7.33226 358313 13911.5 -0.000684327 0.00167106 0.000181256 0.00152651 0.0176542 0.000308395 0.000617116 2.35058e-05 
100 0.2 40900000 259.482 2.85851 -17.3344 0.174366 412.566 7.30552 358313 13911.5 -0.000684327 0.00167106 0.000181256 0.00152651 0.0176542 0.000308395 0.000617116 2.35058e-05 
100 0.2 41000000 259.482 2.92801 -17.3344 0.174872 412.566 7.31329 358313 13841.4 -0.000684327 0.00167106 0.000181256 0.00152651 0.0176542 0.000308395 0.000617116 2.35058e-05 
100 0.2 41100000 259.482 2.92801 -17.3344 0.174872 412.566 7.31329 358313 13841.4 -0.000684327 0.00167106 0.000181256 0.00152651 0.0176542 0.000308395 0.000617116 2.35058e-05 
100 0.2 41200000 259.482 2.94329 -17.3344 0.17458 412.566 7.28773 358313 13841.4 -0.000684327 0.00167106 0.000181256 0.00152651 0.0176542 0.000308395 0.000617116 2.35058e-05 
100 0.2 41300000 259.482 2.94329 -17.3344 0.17458 412.566 7.28773 358313 13841.4 -0.000684327 0.00167106 0.000181256 0.00152651 0.0176542 0.000308395 0.000617116 2.35058e-05 
100 0.2 41400000 259.482 2.93483 -17.3344 0.174349 412.566 7.26713 358313 13734.3 -0.000684327 0.00164676 0.000181256 0.00150415 0.0176542 0.000307925 0.000617116 2.31913e-05 
100 0.2 41500000 259.482 2.92348 -17.3344 0.174729 412.566 7.29221 358313 13734.3 -0.000684327 0.00164676 0.000181256 0.00150415 0.0176542 0.000307925 0.000617116 2.31913e-05 
100 0.2 41600000 259.482 2.92348 -17.3344 0.174729 412.566 7.29221 358313 13734.3 -0.000684327 0.00164676 0.000181256 0.00150415 0.0176542 0.000307925 0.000617116 2.31913e-05 
100 0.2 41700000 259.482 2.91335 -17.3344 0.174334 412.566 7.29045 358313 14038.8 -0.000684327 0.00164676 0.000181256 0.00150415 0.0176542 0.000307925 0.000617116 2.31913e-05 
100 0.2 41800000 259.482 2.90753 -17.3344 0.174045 412.566 7.28897 358313 14038.8 -0.000684327 0.00164676 0.000181256 0.00150415 0.0176542 0.000307925 0.000617116 2.31913e-05 
100 0.2 41900000 259.482 2.90753 -17.3344 0.174045 412.566 7.28897 358313 14038.8 -0.000684327 0.00164676 0.000181256 0.00150415 0.0176542 0.000307925 0.000617116 2.31913e-05 
100 0.2 42000000 259.418 2.89998 -17.4279 0.182197 415.428 7.26186 361619 14003.5 -0.000844642 0.00162448 -0.000187913 0.00149593 0.0177361 0.000303159 0.000627564 2.29083e-05 
100 0.2 42100000 259.418 2.89998 -17.4279 0.182197 415.428 7.26186 361619 14003.5 -0.000844642 0.00162448 -0.000187913 0.00149593 0.0177361 0.000303159 0.000627564 2.29083e-05 
100 0.2 42200000 259.418 2.92571 -17.4279 0.182197 415.428 7.25562 361619 14003.5 -0.000844642 0.00162448 -0.000187913 0.00149593 0.0177361 0.000303159 0.000627564 2.29083e-05 
100 0.2 42300000 259.418 2.91675 -17.4279 0.182197 415.428 7.33633 361619 14118.3 -0.000844642 0.00162448 -0.000187913 0.00149593 0.0177361 0.000303159 0.000627564 2.29083e-05 
100 0.2 42400000 259.418 2.91675 -17.4279 0.182197 415.428 7.33633 361619 14118.3 -0.000844642 0.00162448 -0.000187913 0.00149593 0.0177361 0.000303159 0.000627564 2.29083e-05 
100 0.2 42500000 259.418 2.92104 -17.4279 0.182197 415.428 7.31322 361619 14118.3 -0.000844642 0.00162448 -0.000187913 0.00149593 0.0177361 0.000303159 0.000627564 2.29083e-05 
100 0.2 42600000 259.418 2.91004 -17.4279 0.182197 415.428 7.28577 361619 14020.5 -0.000844642 0.00163845 -0.000187913 0.00148079 0.0177361 0.000301116 0.000627564 2.26161e-05 
100 0.2 42700000 259.418 2.91004 -17.4279 0.182197 415.428 7.28577 361619 14020.5 -0.000844642 0.00163845 -0.000187913 0.00148079 0.0177361 0.000301116 0.000627564 2.26161e-05 
100 0.2 42800000 259.418 2.90966 -17.4279 0.182197 415.428 7.26851 361619 14020.5 -0.000844642 0.00163845 -0.000187913 0.00148079 0.0177361 0.000301116 0.000627564 2.26161e-05 
100 0.2 42900000 259.418 2.90966 -17.4279 0.182197 415.428 7.26851 361619 14020.5 -0.000844642 0.00163845 -0.000187913 0.00148079 0.0177361 0.000301116 0.000627564 2.26161e-05 
100 0.2 43000000 259.418 2.90207 -17.4279 0.182197 415.428 7.2543 361619 13914.6 -0.000844642 0.00163845 -0.000187913 0.00148079 0.0177361 0.000301116 0.000627564 2.26161e-05 
100 0.2 43100000 259.418 2.89169 -17.4279 0.182197 415.428 7.23331 361619 13914.6 -0.000844642 0.00163845 -0.000187913 0.00148079 0.0177361 0.000301116 0.000627564 2.26161e-05 
100 0.2 43200000 259.418 2.89169 -17.4279 0.182197 415.428 7.23331 361619 13914.6 -0.000844642 0.00163845 -0.000187913 0.00148079 0.0177361 0.000301116 0.000627564 2.26161e-05 
100 0.2 43300000 259.418 2.88385 -17.4279 0.182197 415.428 7.20942 361619 13814.6 -0.000844642 0.00164057 -0.000187913 0.00146044 0.0177361 0.000296584 0.000627564 2.245e-05 
100 0.2 43400000 259.418 2.87391 -17.4279 0.182197 415.428 7.19566 361619 13814.6 -0.000844642 0.00164057 -0.000187913 0.00146044 0.0177361 0.000296584 0.000627564 2.245e-05 
100 0.2 43500000 259.418 2.87391 -17.4279 0.182197 415.428 7.19566 361619 13814.6 -0.000844642 0.00164057 -0.000187913 0.00146044 0.0177361 0.000296584 0.000627564 2.245e-05 
100 0.2 43600000 259.418 2.86502 -17.4279 0.182197 415.428 7.18556 361619 13719.5 -0.000844642 0.00164057 -0.000187913 0.00146044 0.0177361 0.000296584 0.000627564 2.23039e-05 
100 0.2 43700000 259.418 2.86502 -17.4279 0.182197 415.428 7.18556 361619 13719.5 -0.000844642 0.00164057 -0.000187913 0.00146044 0.0177361 0.000296584 0.000627564 2.23039e-05 
100 0.2 43800000 259.418 2.89658 -17.4279 0.182197 415.428 7.15913 361619 13719.5 -0.000844642 0.00164057 -0.000187913 0.00146044 0.0177361 0.000296584 0.000627564 2.23039e-05 
100 0.2 43900000 259.418 2.89692 -17.4279 0.182197 415.428 7.1465 361619 13659.6 -0.000844642 0.00164057 -0.000187913 0.00144087 0.0177361 0.000294604 0.000627564 2.2223e-05 
100 0.2 44000000 259.418 2.89692 -17.4279 0.182197 415.428 7.1465 361619 13659.6 -0.000844642 0.00164057 -0.000187913 0.00144087 0.0177361 0.000294604 0.000627564 2.2223e-05 
100 0.2 44100000 259.418 2.88826 -17.4279 0.182197 415.428 7.14033 361619 13659.6 -0.000844642 0.00164057 -0.000187913 0.00144087 0.0177361 0.000294604 0.000627564 2.2223e-05 
100 0.2 44200000 259.418 2.87777 -17.4279 0.182197 415.428 7.13241 361619 13607.7 -0.000844642 0.00164057 -0.000187913 0.00144087 0.0177361 0.000294604 0.000627564 2.21626e-05 
100 0.2 44300000 259.418 2.87777 -17.4279 0.182197 415.428 7.13241 361619 13607.7 -0.000844642 0.00164057 -0.000187913 0.00144087 0.0177361 0.000294604 0.000627564 2.21626e-05 
100 0.2 44400000 259.418 2.86903 -17.4279 0.182197 415.428 7.13241 361619 13607.7 -0.000844642 0.00164057 -0.000187913 0.00144087 0.0177361 0.000294604 0.000627564 2.21626e-05 
100 0.2 44500000 259.418 2.86903 -17.4279 0.182197 415.428 7.13241 361619 13607.7 -0.000844642 0.00164057 -0.000187913 0.00144087 0.0177361 0.000294604 0.000627564 2.21626e-05 
100 0.2 44600000 260.652 2.85852 -17.4802 0.182197 416.679 7.13241 361537 13509.1 -0.00119792 0.00161205 3.12372e-05 0.00142107 0.0176221 0.000293208 0.000621811 2.19853e-05 
100 0.2 44700000 260.652 2.85351 -17.4802 0.182197 416.679 7.13241 361537 13509.1 -0.00119792 0.00161205 3.12372e-05 0.00142107 0.0176221 0.000293208 0.000621811 2.19853e-05 
100 0.2 44800000 260.652 2.85351 -17.4802 0.182197 416.679 7.13241 361537 13509.1 -0.00119792 0.00161205 3.12372e-05 0.00142107 0.0176221 0.000293208 0.000621811 2.19853e-05 
100 0.2 44900000 260.652 2.84325 -17.4802 0.182197 416.679 7.13241 361537 13428.4 -0.00119792 0.00161205 3.12372e-05 0.00142107 0.0176221 0.000293208 0.000621811 2.19593e-05 
100 0.2 45000000 260.652 2.8487 -17.4802 0.182197 416.679 7.13241 361537 13428.4 -0.00119792 0.00161205 3.12372e-05 0.00142107 0.0176221 0.000293208 0.000621811 2.19593e-05 
100 0.2 45100000 260.652 2.8487 -17.4802 0.182197 416.679 7.13241 361537 13428.4 -0.00119792 0.00161205 3.12372e-05 0.00142107 0.0176221 0.000293208 0.000621811 2.19593e-05 
100 0.2 45200000 260.652 2.83862 -17.4802 0.182197 416.679 7.13241 361537 13331.2 -0.00119792 0.00161205 3.12372e-05 0.00140664 0.0176221 0.000293208 0.000621811 2.17627e-05 
100 0.2 45300000 260.652 2.83862 -17.4802 0.182197 416.679 7.13241 361537 13331.2 -0.00119792 0.00161205 3.12372e-05 0.00140664 0.0176221 0.000293208 0.000621811 2.17627e-05 
100 0.2 45400000 260.652 2.82839 -17.4802 0.182197 416.679 7.13241 361537 13331.2 -0.00119792 0.00161205 3.12372e-05 0.00140664 0.0176221 0.000293208 0.000621811 2.17627e-05 
100 0.2 45500000 260.652 2.82135 -17.4802 0.182197 416.679 7.13241 361537 13261.4 -0.00119792 0.00161205 3.12372e-05 0.00140664 0.0176221 0.000293208 0.000621811 2.17627e-05 
