L J MC_steps R2 R2_std E E_std E2 E2_std E4 E4_std Sin1 Sin1_std Cos1 Cos1_std Mag2 Mag2_std Mag4 Mag4_std
100 0.4 1000000 29 0 -358.871 0 128788 0 1.65864e+10 0 -0.455709 0 -0.618764 0 0.590539 0 0.348737 0 
100 0.4 1100000 25.9091 3.87402 -355.171 3.62127 126290 2551.19 1.60208e+10 6.3543e+08 -0.441797 0.0112277 -0.645054 0.00857631 0.613169 0.00733844 0.376569 0.00895588 
100 0.4 1200000 29 3.79874 -342.455 6.62181 117677 4459.26 1.40293e+10 1.02061e+09 -0.440354 0.0101798 -0.641006 0.00963164 0.606893 0.00890649 0.36955 0.0103138 
100 0.4 1300000 26.5333 2.9843 -324.514 10.2898 106503 6546.14 1.18106e+10 1.35609e+09 -0.437568 0.00775604 -0.625953 0.0116367 0.586438 0.0121135 0.346396 0.0137576 
100 0.4 1400000 24.35 2.86059 -314.991 12.0374 100504 7631.65 1.05986e+10 1.56997e+09 -0.437806 0.00754519 -0.616426 0.0105505 0.575021 0.0131071 0.333793 0.0147151 
100 0.4 1500000 23.5 2.50693 -313.714 10.0987 99553.7 6418.65 1.03532e+10 1.32735e+09 -0.422572 0.0152022 -0.621319 0.00986156 0.56878 0.0123191 0.326434 0.0139821 
100 0.4 1600000 21.9667 2.86144 -310.904 8.91577 97647.8 5682.37 9.92009e+09 1.18009e+09 -0.405407 0.0151206 -0.634326 0.0104951 0.572709 0.0105613 0.330679 0.0119846 
100 0.4 1700000 23.6765 2.81553 -311.161 7.80188 97721.2 4974.52 9.90014e+09 1.03484e+09 -0.390956 0.0205169 -0.642854 0.0148319 0.573784 0.0105775 0.331766 0.0119946 
100 0.4 1800000 22.825 2.46355 -315.593 8.87102 100566 5668.31 1.04981e+10 1.18159e+09 -0.383389 0.0226161 -0.655283 0.0192403 0.584544 0.0137329 0.344976 0.0161005 
100 0.4 1900000 22.1136 2.30857 -319.372 8.87102 103047 5668.31 1.10431e+10 1.18159e+09 -0.377903 0.0226161 -0.662977 0.0192403 0.590773 0.0137329 0.352469 0.0161005 
100 0.4 2000000 21.1042 2.45505 -322.167 9.52161 104870 6144.55 1.14391e+10 1.30671e+09 -0.378041 0.0194687 -0.667327 0.019441 0.596334 0.0157099 0.35926 0.0187097 
100 0.4 2100000 20.8654 2.45505 -325.367 9.52161 107010 6144.55 1.19278e+10 1.30671e+09 -0.376962 0.0194687 -0.672794 0.019441 0.602668 0.0157099 0.367097 0.0187097 
100 0.4 2200000 21.55 2.12123 -325.328 9.34472 107005 6077.1 1.1936e+10 1.31412e+09 -0.370614 0.0167437 -0.676067 0.0184973 0.602243 0.0163703 0.366779 0.0197728 
100 0.4 2300000 22.5938 2.16954 -321.257 9.82633 104603 6265.28 1.14989e+10 1.31527e+09 -0.361523 0.0203105 -0.671807 0.0166533 0.591244 0.0201466 0.355487 0.0230399 
100 0.4 2400000 22.6912 2.16954 -318.775 9.82633 103035 6265.28 1.11811e+10 1.31527e+09 -0.357413 0.0203105 -0.667902 0.0166533 0.583226 0.0201466 0.346804 0.0230399 
100 0.4 2500000 22.9583 1.95888 -316.499 9.81917 101656 6223.98 1.09181e+10 1.29099e+09 -0.355927 0.0188087 -0.663755 0.0166364 0.576973 0.0223994 0.340087 0.0251045 
100 0.4 2600000 24.4 2.50703 -309.206 12.3851 97512.5 7471.06 1.02125e+10 1.43027e+09 -0.34723 0.0223708 -0.654283 0.0213958 0.559306 0.0307772 0.322462 0.0324855 
100 0.4 2700000 24.4 2.50703 -309.206 12.3851 97512.5 7471.06 1.02125e+10 1.43027e+09 -0.34723 0.0223708 -0.654283 0.0213958 0.559306 0.0307772 0.322462 0.0324855 
100 0.4 2800000 24.0114 2.50703 -309.105 12.3851 97412.5 7471.06 1.01708e+10 1.43027e+09 -0.353443 0.0223708 -0.651466 0.0213958 0.559995 0.0307772 0.322919 0.0324855 
100 0.4 2900000 24.0114 2.50703 -309.105 12.3851 97412.5 7471.06 1.01708e+10 1.43027e+09 -0.353443 0.0223708 -0.651466 0.0213958 0.559995 0.0307772 0.322919 0.0324855 
100 0.4 3000000 23.8229 2.15458 -310.538 10.3924 98181.6 6255.77 1.02767e+10 1.19333e+09 -0.35805 0.0210972 -0.652088 0.0179421 0.563606 0.0259462 0.326364 0.0273046 
100 0.4 3100000 23.8558 2.15458 -309.44 10.3924 97444.5 6255.77 1.01126e+10 1.19333e+09 -0.369505 0.0210972 -0.642998 0.0179421 0.562486 0.0259462 0.324619 0.0273046 
100 0.4 3200000 23.8558 2.15458 -309.44 10.3924 97444.5 6255.77 1.01126e+10 1.19333e+09 -0.369505 0.0210972 -0.642998 0.0179421 0.562486 0.0259462 0.324619 0.0273046 
100 0.4 3300000 23.8125 1.84681 -309.24 8.98843 97232.9 5433.55 1.00399e+10 1.04609e+09 -0.38553 0.0312133 -0.629069 0.0262807 0.562119 0.0222822 0.323723 0.0235312 
100 0.4 3400000 24.0583 1.84681 -308.516 8.98843 96726.4 5433.55 9.92065e+09 1.04609e+09 -0.397968 0.0312133 -0.618652 0.0262807 0.561524 0.0222822 0.322706 0.0235312 
100 0.4 3500000 24.0583 1.84681 -308.516 8.98843 96726.4 5433.55 9.92065e+09 1.04609e+09 -0.397968 0.0312133 -0.618652 0.0262807 0.561524 0.0222822 0.322706 0.0235312 
100 0.4 3600000 24.4297 1.71599 -306.941 8.15369 95722.3 4959.9 9.7151e+09 9.64432e+08 -0.407125 0.0339706 -0.612097 0.0279438 0.561661 0.0195016 0.322579 0.0206176 
100 0.4 3700000 24.4297 1.71599 -306.941 8.15369 95722.3 4959.9 9.7151e+09 9.64432e+08 -0.407125 0.0339706 -0.612097 0.0279438 0.561661 0.0195016 0.322579 0.0206176 
100 0.4 3800000 24.5221 1.71599 -307.222 8.15369 95845.1 4959.9 9.72001e+09 9.64432e+08 -0.410418 0.0339706 -0.612598 0.0279438 0.564137 0.0195016 0.325325 0.0206176 
100 0.4 3900000 24.4167 1.52538 -307.888 7.30249 96200.6 4431.81 9.76896e+09 8.58776e+08 -0.418576 0.0320679 -0.609621 0.0249483 0.567797 0.0182747 0.329406 0.0194243 
100 0.4 4000000 24.4167 1.52538 -307.888 7.30249 96200.6 4431.81 9.76896e+09 8.58776e+08 -0.418576 0.0320679 -0.609621 0.0249483 0.567797 0.0182747 0.329406 0.0194243 
100 0.4 4100000 24.4079 1.52538 -307.365 7.30249 95847.4 4431.81 9.69089e+09 8.58776e+08 -0.427315 0.0320679 -0.603013 0.0249483 0.568557 0.0182747 0.330043 0.0194243 
100 0.4 4200000 24.4062 1.37287 -305.364 6.99465 94648.4 4251.79 9.47018e+09 8.67081e+08 -0.4365 0.044192 -0.592151 0.0355161 0.566384 0.0165018 0.327383 0.0175869 
100 0.4 4300000 24.4062 1.37287 -305.364 6.99465 94648.4 4251.79 9.47018e+09 8.67081e+08 -0.4365 0.044192 -0.592151 0.0355161 0.566384 0.0165018 0.327383 0.0175869 
100 0.4 4400000 24.4062 1.37287 -305.364 6.99465 94648.4 4251.79 9.47018e+09 8.67081e+08 -0.4365 0.044192 -0.592151 0.0355161 0.566384 0.0165018 0.327383 0.0175869 
100 0.4 4500000 24.4062 1.37287 -305.364 6.99465 94648.4 4251.79 9.47018e+09 8.67081e+08 -0.4365 0.044192 -0.592151 0.0355161 0.566384 0.0165018 0.327383 0.0175869 
100 0.4 4600000 24.7159 1.28252 -302.294 7.00015 92842.8 4231.29 9.14414e+09 8.67081e+08 -0.449065 0.044192 -0.575572 0.0355161 0.560847 0.0159035 0.321172 0.0170496 
100 0.4 4700000 24.7159 1.28252 -302.294 7.00015 92842.8 4231.29 9.14414e+09 8.67081e+08 -0.449065 0.044192 -0.575572 0.0355161 0.560847 0.0159035 0.321172 0.0170496 
100 0.4 4800000 24.7159 1.28252 -302.294 7.00015 92842.8 4231.29 9.14414e+09 8.67081e+08 -0.449065 0.044192 -0.575572 0.0355161 0.560847 0.0159035 0.321172 0.0170496 
100 0.4 4900000 24.8958 1.18819 -303.517 6.52274 93520 3932.49 9.24794e+09 7.50509e+08 -0.453751 0.0400521 -0.575613 0.0332247 0.563439 0.0147879 0.32376 0.0158239 
100 0.4 5000000 24.8958 1.18819 -303.517 6.52274 93520 3932.49 9.24794e+09 7.50509e+08 -0.453751 0.0400521 -0.575613 0.0332247 0.563439 0.0147879 0.32376 0.0158239 
100 0.4 5100000 24.8958 1.18819 -303.517 6.52274 93520 3932.49 9.24794e+09 7.50509e+08 -0.453751 0.0400521 -0.575613 0.0332247 0.563439 0.0147879 0.32376 0.0158239 
100 0.4 5200000 24.7596 1.10457 -305.59 6.34182 94804.3 3833.97 9.50491e+09 7.50509e+08 -0.449843 0.0400521 -0.582423 0.0332247 0.567224 0.0141264 0.327989 0.0151613 
100 0.4 5300000 24.7596 1.10608 -305.59 6.34182 94804.3 3833.97 9.50491e+09 7.50509e+08 -0.449843 0.0400521 -0.582423 0.0332247 0.567224 0.0141264 0.327989 0.0151613 
100 0.4 5400000 24.7596 1.10457 -305.59 6.34182 94804.3 3833.97 9.50491e+09 7.50509e+08 -0.449843 0.0400521 -0.582423 0.0332247 0.567224 0.0141264 0.327989 0.0151613 
100 0.4 5500000 25.1741 1.1007 -305.612 5.88887 94758.5 3560.39 9.47367e+09 6.82751e+08 -0.441877 0.0360475 -0.588863 0.0310081 0.567638 0.0131234 0.328208 0.0140799 
100 0.4 5600000 25.1741 1.1007 -305.612 5.88887 94758.5 3560.39 9.47367e+09 6.82751e+08 -0.441877 0.0360475 -0.588863 0.0310081 0.567638 0.0131234 0.328208 0.0140799 
100 0.4 5700000 25.1741 1.1007 -305.612 5.88887 94758.5 3560.39 9.47367e+09 6.82751e+08 -0.441877 0.0360475 -0.588863 0.0310081 0.567638 0.0131234 0.328208 0.0140799 
100 0.4 5800000 24.9458 1.05073 -303.991 5.71509 93817.1 3445.26 9.30724e+09 6.76389e+08 -0.44781 0.0360475 -0.581693 0.0310081 0.565403 0.0124374 0.325855 0.0133364 
100 0.4 5900000 24.9458 1.05073 -303.991 5.71509 93817.1 3445.26 9.30724e+09 6.76389e+08 -0.44781 0.0360475 -0.581693 0.0310081 0.565403 0.0124374 0.325855 0.0133364 
100 0.4 6000000 24.9458 1.05073 -303.991 5.71509 93817.1 3445.26 9.30724e+09 6.76389e+08 -0.44781 0.0360475 -0.581693 0.0310081 0.565403 0.0124374 0.325855 0.0133364 
100 0.4 6100000 24.9458 1.05073 -303.991 5.71509 93817.1 3445.26 9.30724e+09 6.76389e+08 -0.44781 0.0360475 -0.581693 0.0310081 0.565403 0.0124374 0.325855 0.0133364 
100 0.4 6200000 25.1172 0.998929 -301.703 5.9092 92463.2 3605.32 9.06303e+09 7.05566e+08 -0.453029 0.033222 -0.571935 0.0314147 0.559774 0.0128709 0.319842 0.0137918 
100 0.4 6300000 25.1172 0.998929 -301.703 5.9092 92463.2 3605.32 9.06303e+09 7.05566e+08 -0.453029 0.033222 -0.571935 0.0314147 0.559774 0.0128709 0.319842 0.0137918 
100 0.4 6400000 25.1172 0.998929 -301.703 5.9092 92463.2 3605.32 9.06303e+09 7.05566e+08 -0.453029 0.033222 -0.571935 0.0314147 0.559774 0.0128709 0.319842 0.0137918 
100 0.4 6500000 24.9963 0.947453 -300.011 5.9092 91464.2 3605.32 8.88138e+09 7.05566e+08 -0.460154 0.033222 -0.560163 0.0314147 0.554947 0.0129874 0.314664 0.0139187 
100 0.4 6600000 24.9963 0.947453 -300.011 5.9092 91464.2 3605.32 8.88138e+09 7.05566e+08 -0.460154 0.033222 -0.560163 0.0314147 0.554947 0.0129874 0.314664 0.0139187 
100 0.4 6700000 24.9963 0.947453 -300.011 5.9092 91464.2 3605.32 8.88138e+09 7.05566e+08 -0.460154 0.033222 -0.560163 0.0314147 0.554947 0.0129874 0.314664 0.0139187 
100 0.4 6800000 24.7118 0.936563 -299.393 5.68638 91041.1 3473.91 8.78586e+09 6.79431e+08 -0.470952 0.0340236 -0.545809 0.0372356 0.55324 0.0127523 0.312574 0.0139279 
100 0.4 6900000 24.7118 0.936563 -299.393 5.68638 91041.1 3473.91 8.78586e+09 6.79431e+08 -0.470952 0.0340236 -0.545809 0.0372356 0.55324 0.0127523 0.312574 0.0139279 
100 0.4 7000000 24.7118 0.936563 -299.393 5.68638 91041.1 3473.91 8.78586e+09 6.79431e+08 -0.470952 0.0340236 -0.545809 0.0372356 0.55324 0.0127523 0.312574 0.0139279 
100 0.4 7100000 24.4967 0.911635 -300.479 5.68638 91674.5 3473.91 8.89661e+09 6.79431e+08 -0.482844 0.0340236 -0.532934 0.0372356 0.554726 0.0127523 0.314022 0.0139279 
100 0.4 7200000 24.4967 0.911635 -300.479 5.68638 91674.5 3473.91 8.89661e+09 6.79431e+08 -0.482844 0.0340236 -0.532934 0.0372356 0.554726 0.0127523 0.314022 0.0139279 
100 0.4 7300000 24.4967 0.911635 -300.479 5.68638 91674.5 3473.91 8.89661e+09 6.79431e+08 -0.482844 0.0340236 -0.532934 0.0372356 0.554726 0.0127523 0.314022 0.0139279 
100 0.4 7400000 24.3094 0.931328 -301.328 5.43697 92168.7 3304.48 8.98255e+09 6.39325e+08 -0.492552 0.0440225 -0.524471 0.0491272 0.556724 0.0119436 0.316138 0.0129831 
100 0.4 7500000 24.3094 0.931328 -301.328 5.43697 92168.7 3304.48 8.98255e+09 6.39325e+08 -0.492552 0.0440225 -0.524471 0.0491272 0.556724 0.0119436 0.316138 0.0129831 
100 0.4 7600000 24.3094 0.931328 -301.328 5.43697 92168.7 3304.48 8.98255e+09 6.39325e+08 -0.492552 0.0440225 -0.524471 0.0491272 0.556724 0.0119436 0.316138 0.0129831 
100 0.4 7700000 24.3094 0.931328 -301.328 5.43697 92168.7 3304.48 8.98255e+09 6.39325e+08 -0.492552 0.0440225 -0.524471 0.0491272 0.556724 0.0119436 0.316138 0.0129831 
100 0.4 7800000 24.3094 0.931328 -301.328 5.43697 92168.7 3304.48 8.98255e+09 6.39325e+08 -0.492552 0.0440225 -0.524471 0.0491272 0.556724 0.0119436 0.316138 0.0129831 
100 0.4 7900000 24.3094 0.931328 -301.328 5.43697 92168.7 3304.48 8.98255e+09 6.39325e+08 -0.492552 0.0440225 -0.524471 0.0491272 0.556724 0.0119436 0.316138 0.0129831 
100 0.4 8000000 24.3094 0.931328 -301.328 5.43697 92168.7 3304.48 8.98255e+09 6.39325e+08 -0.492552 0.0440225 -0.524471 0.0491272 0.556724 0.0119436 0.316138 0.0129831 
100 0.4 8100000 24.0682 0.931328 -302.44 5.05525 92785.8 3061.14 9.07818e+09 5.88313e+08 -0.50314 0.0440225 -0.519042 0.0491272 0.560943 0.0115791 0.32059 0.0125431 
100 0.4 8200000 24.0682 0.931328 -302.44 5.05525 92785.8 3061.14 9.07818e+09 5.88313e+08 -0.50314 0.0440225 -0.519042 0.0491272 0.560943 0.0115791 0.32059 0.0125431 
100 0.4 8300000 24.0682 0.931328 -302.44 5.05525 92785.8 3061.14 9.07818e+09 5.88313e+08 -0.50314 0.0440225 -0.519042 0.0491272 0.560943 0.0115791 0.32059 0.0125431 
100 0.4 8400000 24.0682 0.931328 -302.44 5.05525 92785.8 3061.14 9.07818e+09 5.88313e+08 -0.50314 0.0440225 -0.519042 0.0491272 0.560943 0.0115791 0.32059 0.0125431 
100 0.4 8500000 24.0682 0.931328 -302.44 5.05525 92785.8 3061.14 9.07818e+09 5.88313e+08 -0.50314 0.0440225 -0.519042 0.0491272 0.560943 0.0115791 0.32059 0.0125431 
100 0.4 8600000 24.0682 0.931328 -302.44 5.05525 92785.8 3061.14 9.07818e+09 5.88313e+08 -0.50314 0.0440225 -0.519042 0.0491272 0.560943 0.0115791 0.32059 0.0125431 
100 0.4 8700000 24.1016 0.798955 -301.347 4.75081 92073.8 2887.65 8.92768e+09 5.58204e+08 -0.502425 0.0377763 -0.522682 0.0409719 0.561278 0.010619 0.320653 0.011498 
100 0.4 8800000 24.1016 0.798955 -301.347 4.75081 92073.8 2887.65 8.92768e+09 5.58204e+08 -0.502425 0.0377763 -0.522682 0.0409719 0.561278 0.010619 0.320653 0.011498 
100 0.4 8900000 24.1016 0.798955 -301.347 4.75081 92073.8 2887.65 8.92768e+09 5.58204e+08 -0.502425 0.0377763 -0.522682 0.0409719 0.561278 0.010619 0.320653 0.011498 
100 0.4 9000000 24.1016 0.798955 -301.347 4.75081 92073.8 2887.65 8.92768e+09 5.58204e+08 -0.502425 0.0377763 -0.522682 0.0409719 0.561278 0.010619 0.320653 0.011498 
100 0.4 9100000 24.1016 0.798955 -301.347 4.75081 92073.8 2887.65 8.92768e+09 5.58204e+08 -0.502425 0.0377763 -0.522682 0.0409719 0.561278 0.010619 0.320653 0.011498 
100 0.4 9200000 24.1016 0.798955 -301.347 4.75081 92073.8 2887.65 8.92768e+09 5.58204e+08 -0.502425 0.0377763 -0.522682 0.0409719 0.561278 0.010619 0.320653 0.011498 
100 0.4 9300000 24.1016 0.798955 -301.347 4.75081 92073.8 2887.65 8.92768e+09 5.58204e+08 -0.502425 0.0377763 -0.522682 0.0409719 0.561278 0.010619 0.320653 0.011498 
100 0.4 9400000 24.3053 0.798955 -299.836 4.61936 91179.9 2800.47 8.7643e+09 5.38644e+08 -0.516394 0.0377763 -0.501876 0.0409719 0.56002 0.00987645 0.319227 0.0107016 
100 0.4 9500000 24.3053 0.798955 -299.836 4.61936 91179.9 2800.47 8.7643e+09 5.38644e+08 -0.516394 0.0377763 -0.501876 0.0409719 0.56002 0.00987645 0.319227 0.0107016 
100 0.4 9600000 24.3053 0.798955 -299.836 4.61936 91179.9 2800.47 8.7643e+09 5.38644e+08 -0.516394 0.0377763 -0.501876 0.0409719 0.56002 0.00987645 0.319227 0.0107016 
100 0.4 9700000 24.3053 0.798955 -299.836 4.64718 91179.9 2800.47 8.7643e+09 5.38644e+08 -0.516394 0.0377763 -0.501876 0.0409719 0.56002 0.00987645 0.319227 0.0107016 
100 0.4 9800000 24.3053 0.798955 -299.836 4.64718 91179.9 2800.47 8.7643e+09 5.38644e+08 -0.516394 0.0377763 -0.501876 0.0409719 0.56002 0.00987645 0.319227 0.0107016 
100 0.4 9900000 24.3053 0.798955 -299.836 4.64718 91179.9 2800.47 8.7643e+09 5.38644e+08 -0.516394 0.0377763 -0.501876 0.0409719 0.56002 0.00987645 0.319227 0.0107016 
100 0.4 10000000 24.0714 0.723562 -298.069 4.61516 90266.3 2745.42 8.63941e+09 5.14446e+08 -0.525485 0.0387847 -0.490634 0.0459746 0.558983 0.00922529 0.318254 0.00998133 
100 0.4 10100000 24.0714 0.717622 -298.069 4.61516 90266.3 2745.42 8.63941e+09 5.14446e+08 -0.525485 0.0387847 -0.490634 0.0459746 0.558983 0.00922529 0.318254 0.00998133 
100 0.4 10200000 24.0714 0.713844 -298.069 4.61516 90266.3 2745.42 8.63941e+09 5.14446e+08 -0.525485 0.0387847 -0.490634 0.0459746 0.558983 0.00922529 0.318254 0.00998133 
100 0.4 10300000 24.0714 0.709376 -298.069 4.63003 90266.3 2745.42 8.63941e+09 5.14446e+08 -0.525485 0.0387847 -0.490634 0.0459746 0.558983 0.00934598 0.318254 0.0101444 
100 0.4 10400000 24.0714 0.705075 -298.069 4.63003 90266.3 2745.42 8.63941e+09 5.14446e+08 -0.525485 0.0387847 -0.490634 0.0459746 0.558983 0.00934598 0.318254 0.0101444 
100 0.4 10500000 24.0714 0.701053 -298.069 4.63003 90266.3 2745.42 8.63941e+09 5.14446e+08 -0.525485 0.0387847 -0.490634 0.0459746 0.558983 0.00934598 0.318254 0.0101444 
100 0.4 10600000 23.8521 0.694075 -301.686 5.54718 92564.9 3390.75 9.12036e+09 6.68161e+08 -0.539345 0.0387847 -0.480283 0.0459746 0.565696 0.0107796 0.326134 0.0120312 
100 0.4 10700000 23.8521 0.689401 -301.686 5.54718 92564.9 3390.75 9.12036e+09 6.68161e+08 -0.539345 0.0387847 -0.480283 0.0459746 0.565696 0.0107796 0.326134 0.0120312 
100 0.4 10800000 23.8521 0.685387 -301.686 5.54718 92564.9 3390.75 9.12036e+09 6.68161e+08 -0.539345 0.0387847 -0.480283 0.0459746 0.565696 0.0107796 0.326134 0.0120312 
100 0.4 10900000 23.8521 0.688442 -301.686 5.54718 92564.9 3390.75 9.12036e+09 6.68161e+08 -0.539345 0.0387847 -0.480283 0.0459746 0.565696 0.0107796 0.326134 0.0120312 
100 0.4 11000000 23.8521 0.685387 -301.686 5.54718 92564.9 3390.75 9.12036e+09 6.68161e+08 -0.539345 0.0387847 -0.480283 0.0459746 0.565696 0.0107796 0.326134 0.0120312 
100 0.4 11100000 23.8521 0.698997 -301.686 5.54718 92564.9 3390.75 9.12036e+09 6.68161e+08 -0.539345 0.0387847 -0.480283 0.0459746 0.565696 0.0107796 0.326134 0.0120312 
100 0.4 11200000 23.8521 0.695392 -301.686 5.54718 92564.9 3390.75 9.12036e+09 6.68161e+08 -0.539345 0.0387847 -0.480283 0.0459746 0.565696 0.0107796 0.326134 0.0120312 
100 0.4 11300000 24.2461 0.703113 -304.633 7.2746 94412.1 4510.37 9.49548e+09 9.08581e+08 -0.55336 0.0427967 -0.464529 0.0470589 0.570199 0.0125032 0.331275 0.0142416 
100 0.4 11400000 24.2461 0.703113 -304.633 7.2746 94412.1 4510.37 9.49548e+09 9.08581e+08 -0.55336 0.0427967 -0.464529 0.0470589 0.570199 0.0125032 0.331275 0.0142416 
100 0.4 11500000 24.2461 0.703113 -304.633 7.2746 94412.1 4510.37 9.49548e+09 9.08581e+08 -0.55336 0.0427967 -0.464529 0.0470589 0.570199 0.0125032 0.331275 0.0142416 
100 0.4 11600000 24.2461 0.703113 -304.633 7.2746 94412.1 4510.37 9.49548e+09 9.08581e+08 -0.55336 0.0427967 -0.464529 0.0470589 0.570199 0.0125032 0.331275 0.0142416 
100 0.4 11700000 24.2461 0.703113 -304.633 7.2746 94412.1 4510.37 9.49548e+09 9.08581e+08 -0.55336 0.0427967 -0.464529 0.0470589 0.570199 0.0125032 0.331275 0.0142416 
100 0.4 11800000 24.2461 0.703113 -304.633 7.2746 94412.1 4510.37 9.49548e+09 9.08581e+08 -0.55336 0.0427967 -0.464529 0.0470589 0.570199 0.0125032 0.331275 0.0142416 
100 0.4 11900000 24.1471 0.668692 -307.035 7.2746 95894.6 4510.37 9.78567e+09 9.08581e+08 -0.566199 0.0427967 -0.449216 0.0470589 0.574247 0.0125032 0.335869 0.0142416 
100 0.4 12000000 24.1471 0.668692 -307.035 7.2746 95894.6 4510.37 9.78567e+09 9.08581e+08 -0.566199 0.0427967 -0.449216 0.0470589 0.574247 0.0125032 0.335869 0.0142416 
100 0.4 12100000 24.1471 0.668692 -307.035 7.2746 95894.6 4510.37 9.78567e+09 9.08581e+08 -0.566199 0.0427967 -0.449216 0.0470589 0.574247 0.0125032 0.335869 0.0142416 
100 0.4 12200000 24.1471 0.668692 -307.035 7.2746 95894.6 4510.37 9.78567e+09 9.08581e+08 -0.566199 0.0427967 -0.449216 0.0470589 0.574247 0.0125032 0.335869 0.0142416 
100 0.4 12300000 24.1471 0.668692 -307.035 7.2746 95894.6 4510.37 9.78567e+09 9.08581e+08 -0.566199 0.0427967 -0.449216 0.0470589 0.574247 0.0125032 0.335869 0.0142416 
100 0.4 12400000 24.1471 0.668692 -307.035 7.2746 95894.6 4510.37 9.78567e+09 9.08581e+08 -0.566199 0.0427967 -0.449216 0.0470589 0.574247 0.0125032 0.335869 0.0142416 
100 0.4 12500000 24.1471 0.668692 -307.035 7.2746 95894.6 4510.37 9.78567e+09 9.08581e+08 -0.566199 0.0427967 -0.449216 0.0470589 0.574247 0.0125032 0.335869 0.0142416 
100 0.4 12600000 24.4444 0.694529 -306.215 6.63615 95387.7 4113.38 9.68504e+09 8.27166e+08 -0.572844 0.0422449 -0.415469 0.0623634 0.573808 0.0116231 0.335255 0.0132037 
100 0.4 12700000 24.4444 0.694529 -306.215 6.63615 95387.7 4113.38 9.68504e+09 8.27166e+08 -0.572844 0.0422449 -0.415469 0.0623634 0.573808 0.0116231 0.335255 0.0132037 
100 0.4 12800000 24.4444 0.694529 -306.215 6.63615 95387.7 4113.38 9.68504e+09 8.27166e+08 -0.572844 0.0422449 -0.415469 0.0623634 0.573808 0.0116231 0.335255 0.0132037 
100 0.4 12900000 24.4444 0.694529 -306.215 6.63615 95387.7 4113.38 9.68504e+09 8.27166e+08 -0.572844 0.0422449 -0.415469 0.0623634 0.573808 0.0116231 0.335255 0.0132037 
100 0.4 13000000 24.4444 0.694529 -306.215 6.63615 95387.7 4113.38 9.68504e+09 8.27166e+08 -0.572844 0.0422449 -0.415469 0.0623634 0.573808 0.0116231 0.335255 0.0132037 
100 0.4 13100000 24.4444 0.694529 -306.215 6.63615 95387.7 4113.38 9.68504e+09 8.27166e+08 -0.572844 0.0422449 -0.415469 0.0623634 0.573808 0.0116231 0.335255 0.0132037 
100 0.4 13200000 24.4095 0.658852 -306.103 6.63615 95320.9 4113.38 9.67212e+09 8.27166e+08 -0.578575 0.0422449 -0.378093 0.0623634 0.573556 0.0116231 0.334919 0.0132037 
100 0.4 13300000 24.4095 0.658852 -306.103 6.63615 95320.9 4113.38 9.67212e+09 8.27166e+08 -0.578575 0.0422449 -0.378093 0.0623634 0.573556 0.0116231 0.334919 0.0132037 
100 0.4 13400000 24.4095 0.658852 -306.103 6.63615 95320.9 4113.38 9.67212e+09 8.27166e+08 -0.578575 0.0422449 -0.378093 0.0623634 0.573556 0.0116231 0.334919 0.0132037 
100 0.4 13500000 24.4095 0.658852 -306.103 6.63615 95320.9 4113.38 9.67212e+09 8.27166e+08 -0.578575 0.0422449 -0.378093 0.0623634 0.573556 0.0116231 0.334919 0.0132037 
100 0.4 13600000 24.4095 0.658852 -306.103 6.63615 95320.9 4113.38 9.67212e+09 8.27166e+08 -0.578575 0.0422449 -0.378093 0.0623634 0.573556 0.0116231 0.334919 0.0132037 
100 0.4 13700000 24.4095 0.658852 -306.103 6.63615 95320.9 4113.38 9.67212e+09 8.27166e+08 -0.578575 0.0422449 -0.378093 0.0623634 0.573556 0.0116231 0.334919 0.0132037 
100 0.4 13800000 24.5641 0.643775 -305.87 5.98148 95175.8 3707.5 9.64174e+09 7.45582e+08 -0.586349 0.0535731 -0.360559 0.104797 0.572596 0.0105238 0.334005 0.0119424 
100 0.4 13900000 24.5641 0.643775 -305.87 5.98148 95175.8 3707.5 9.64174e+09 7.45582e+08 -0.586349 0.0535731 -0.360559 0.104797 0.572596 0.0105238 0.334005 0.0119424 
100 0.4 14000000 24.5641 0.643775 -305.87 5.98148 95175.8 3707.5 9.64174e+09 7.45582e+08 -0.586349 0.0535731 -0.360559 0.104797 0.572596 0.0105238 0.334005 0.0119424 
100 0.4 14100000 24.5641 0.643775 -305.87 5.98148 95175.8 3707.5 9.64174e+09 7.45582e+08 -0.586349 0.0535731 -0.360559 0.104797 0.572596 0.0105238 0.334005 0.0119424 
100 0.4 14200000 24.5641 0.643775 -305.87 5.98148 95175.8 3707.5 9.64174e+09 7.45582e+08 -0.586349 0.0535731 -0.360559 0.104797 0.572596 0.0105238 0.334005 0.0119424 
100 0.4 14300000 24.5641 0.643775 -305.87 5.98148 95175.8 3707.5 9.64174e+09 7.45582e+08 -0.586349 0.0535731 -0.360559 0.104797 0.572596 0.0105238 0.334005 0.0119424 
100 0.4 14400000 24.5641 0.643775 -305.87 5.98148 95175.8 3707.5 9.64174e+09 7.45582e+08 -0.586349 0.0535731 -0.360559 0.104797 0.572596 0.0105238 0.334005 0.0119424 
100 0.4 14500000 24.5641 0.613418 -305.87 5.98148 95175.8 3707.5 9.64174e+09 7.45582e+08 -0.586349 0.0535731 -0.360559 0.104797 0.572596 0.0105238 0.334005 0.0119424 
100 0.4 14600000 24.5641 0.613418 -305.87 5.98148 95175.8 3707.5 9.64174e+09 7.45582e+08 -0.586349 0.0535731 -0.360559 0.104797 0.572596 0.0105238 0.334005 0.0119424 
100 0.4 14700000 24.5641 0.613418 -305.87 5.98148 95175.8 3707.5 9.64174e+09 7.45582e+08 -0.586349 0.0535731 -0.360559 0.104797 0.572596 0.0105238 0.334005 0.0119424 
100 0.4 14800000 24.5641 0.613418 -305.87 5.98148 95175.8 3707.5 9.64174e+09 7.45582e+08 -0.586349 0.0535731 -0.360559 0.104797 0.572596 0.0105238 0.334005 0.0119424 
100 0.4 14900000 24.5641 0.613418 -305.87 5.98148 95175.8 3707.5 9.64174e+09 7.45582e+08 -0.586349 0.0535731 -0.360559 0.104797 0.572596 0.0105238 0.334005 0.0119424 
100 0.4 15000000 24.5641 0.613418 -305.87 5.98148 95175.8 3707.5 9.64174e+09 7.45582e+08 -0.586349 0.0535731 -0.360559 0.104797 0.572596 0.0105238 0.334005 0.0119424 
100 0.4 15100000 24.5071 0.613418 -308.342 5.92657 96672 3659.89 9.92643e+09 7.30135e+08 -0.602717 0.0535731 -0.341813 0.104797 0.577893 0.0108183 0.340029 0.0122828 
100 0.4 15200000 24.5071 0.613418 -308.342 5.92657 96672 3659.89 9.92643e+09 7.30135e+08 -0.602717 0.0535731 -0.341813 0.104797 0.577893 0.0108183 0.340029 0.0122828 
100 0.4 15300000 24.5071 0.613418 -308.342 5.92657 96672 3659.89 9.92643e+09 7.30135e+08 -0.602717 0.0535731 -0.341813 0.104797 0.577893 0.0108183 0.340029 0.0122828 
100 0.4 15400000 24.5071 0.613418 -308.342 5.92657 96672 3659.89 9.92643e+09 7.30135e+08 -0.602717 0.0535731 -0.341813 0.104797 0.577893 0.0108183 0.340029 0.0122828 
100 0.4 15500000 24.5071 0.613418 -308.342 5.92657 96672 3659.89 9.92643e+09 7.30135e+08 -0.602717 0.0535731 -0.341813 0.104797 0.577893 0.0108183 0.340029 0.0122828 
100 0.4 15600000 24.5071 0.613418 -308.342 5.92657 96672 3659.89 9.92643e+09 7.30135e+08 -0.602717 0.0535731 -0.341813 0.104797 0.577893 0.0108183 0.340029 0.0122828 
100 0.4 15700000 24.5071 0.613418 -308.342 5.92657 96672 3659.89 9.92643e+09 7.30135e+08 -0.602717 0.0535731 -0.341813 0.104797 0.577893 0.0108183 0.340029 0.0122828 
100 0.4 15800000 24.5071 0.613418 -308.342 5.92657 96672 3659.89 9.92643e+09 7.30135e+08 -0.602717 0.0535731 -0.341813 0.104797 0.577893 0.0108183 0.340029 0.0122828 
100 0.4 15900000 24.5071 0.613418 -308.342 5.92657 96672 3659.89 9.92643e+09 7.30135e+08 -0.602717 0.0535731 -0.341813 0.104797 0.577893 0.0108183 0.340029 0.0122828 
100 0.4 16000000 24.5071 0.613418 -308.342 5.92657 96672 3659.89 9.92643e+09 7.30135e+08 -0.602717 0.0535731 -0.341813 0.104797 0.577893 0.0108183 0.340029 0.0122828 
100 0.4 16100000 24.5071 0.613418 -308.342 5.92657 96672 3659.89 9.92643e+09 7.30135e+08 -0.602717 0.0535731 -0.341813 0.104797 0.577893 0.0108183 0.340029 0.0122828 
100 0.4 16200000 24.5071 0.613418 -308.342 5.92657 96672 3659.89 9.92643e+09 7.30135e+08 -0.602717 0.0535731 -0.341813 0.104797 0.577893 0.0108183 0.340029 0.0122828 
100 0.4 16300000 24.5071 0.613418 -308.342 5.92657 96672 3659.89 9.92643e+09 7.30135e+08 -0.602717 0.0535731 -0.341813 0.104797 0.577893 0.0108183 0.340029 0.0122828 
100 0.4 16400000 24.1784 0.620695 -311.902 6.41328 98979.9 4017.21 1.04322e+10 8.2612e+08 -0.612118 0.0504626 -0.344226 0.0885943 0.584742 0.0123786 0.348262 0.0145491 
100 0.4 16500000 24.1784 0.620695 -311.902 6.41328 98979.9 4017.21 1.04322e+10 8.2612e+08 -0.612118 0.0504626 -0.344226 0.0885943 0.584742 0.0123786 0.348262 0.0145491 
100 0.4 16600000 24.1784 0.620695 -311.902 6.41328 98979.9 4017.21 1.04322e+10 8.2612e+08 -0.612118 0.0504626 -0.344226 0.0885943 0.584742 0.0123786 0.348262 0.0145491 
100 0.4 16700000 24.1784 0.620695 -311.902 6.41328 98979.9 4017.21 1.04322e+10 8.2612e+08 -0.612118 0.0504626 -0.344226 0.0885943 0.584742 0.0123786 0.348262 0.0145491 
100 0.4 16800000 24.1784 0.620695 -311.902 6.41328 98979.9 4017.21 1.04322e+10 8.2612e+08 -0.612118 0.0504626 -0.344226 0.0885943 0.584742 0.0123786 0.348262 0.0145491 
100 0.4 16900000 24.1784 0.620695 -311.902 6.41328 98979.9 4017.21 1.04322e+10 8.2612e+08 -0.612118 0.0504626 -0.344226 0.0885943 0.584742 0.0123786 0.348262 0.0145491 
100 0.4 17000000 24.1784 0.620695 -311.902 6.41328 98979.9 4017.21 1.04322e+10 8.2612e+08 -0.612118 0.0504626 -0.344226 0.0885943 0.584742 0.0123786 0.348262 0.0145491 
100 0.4 17100000 24.1784 0.620695 -311.902 6.41328 98979.9 4017.21 1.04322e+10 8.2612e+08 -0.612118 0.0504626 -0.344226 0.0885943 0.584742 0.0123786 0.348262 0.0145491 
100 0.4 17200000 24.1784 0.620695 -311.902 6.41328 98979.9 4017.21 1.04322e+10 8.2612e+08 -0.612118 0.0504626 -0.344226 0.0885943 0.584742 0.0123786 0.348262 0.0145491 
100 0.4 17300000 24.1784 0.620695 -311.902 6.41328 98979.9 4017.21 1.04322e+10 8.2612e+08 -0.612118 0.0504626 -0.344226 0.0885943 0.584742 0.0123786 0.348262 0.0145491 
100 0.4 17400000 24.1784 0.620695 -311.902 6.41328 98979.9 4017.21 1.04322e+10 8.2612e+08 -0.612118 0.0504626 -0.344226 0.0885943 0.584742 0.0123786 0.348262 0.0145491 
100 0.4 17500000 24.1784 0.620695 -311.902 6.41328 98979.9 4017.21 1.04322e+10 8.2612e+08 -0.612118 0.0504626 -0.344226 0.0885943 0.584742 0.0123786 0.348262 0.0145491 
100 0.4 17600000 24.1784 0.620695 -311.902 6.41328 98979.9 4017.21 1.04322e+10 8.2612e+08 -0.612118 0.0504626 -0.344226 0.0885943 0.584742 0.0123786 0.348262 0.0145491 
100 0.4 17700000 24.0264 0.620695 -310.935 6.02613 98350.7 3849.78 1.02965e+10 8.1656e+08 -0.602771 0.0504626 -0.359537 0.0885943 0.582895 0.0123786 0.346167 0.0145491 
100 0.4 17800000 24.0264 0.620695 -310.935 6.02613 98350.7 3849.78 1.02965e+10 8.1656e+08 -0.602771 0.0504626 -0.359537 0.0885943 0.582895 0.0123786 0.346167 0.0145491 
100 0.4 17900000 24.0264 0.620695 -310.935 6.02613 98350.7 3849.78 1.02965e+10 8.1656e+08 -0.602771 0.0504626 -0.359537 0.0885943 0.582895 0.0123786 0.346167 0.0145491 
100 0.4 18000000 24.0264 0.620695 -310.935 6.02613 98350.7 3849.78 1.02965e+10 8.1656e+08 -0.602771 0.0504626 -0.359537 0.0885943 0.582895 0.0123786 0.346167 0.0145491 
100 0.4 18100000 24.0264 0.620695 -310.935 6.02613 98350.7 3849.78 1.02965e+10 8.1656e+08 -0.602771 0.0504626 -0.359537 0.0885943 0.582895 0.0123786 0.346167 0.0145491 
100 0.4 18200000 24.0264 0.620695 -310.935 6.02613 98350.7 3849.78 1.02965e+10 8.1656e+08 -0.602771 0.0504626 -0.359537 0.0885943 0.582895 0.0123786 0.346167 0.0145491 
100 0.4 18300000 24.0264 0.620695 -310.935 6.02613 98350.7 3849.78 1.02965e+10 8.1656e+08 -0.602771 0.0504626 -0.359537 0.0885943 0.582895 0.0123786 0.346167 0.0145491 
100 0.4 18400000 24.0264 0.620695 -310.935 6.02613 98350.7 3849.78 1.02965e+10 8.1656e+08 -0.602771 0.0504626 -0.359537 0.0885943 0.582895 0.0123786 0.346167 0.0145491 
100 0.4 18500000 24.0264 0.620695 -310.935 6.02613 98350.7 3849.78 1.02965e+10 8.1656e+08 -0.602771 0.0504626 -0.359537 0.0885943 0.582895 0.0123786 0.346167 0.0145491 
100 0.4 18600000 24.0264 0.620695 -310.935 6.02613 98350.7 3849.78 1.02965e+10 8.1656e+08 -0.602771 0.0504626 -0.359537 0.0885943 0.582895 0.0123786 0.346167 0.0145491 
100 0.4 18700000 24.0264 0.620695 -310.935 6.02613 98350.7 3849.78 1.02965e+10 8.1656e+08 -0.602771 0.0504626 -0.359537 0.0885943 0.582895 0.0123786 0.346167 0.0145491 
100 0.4 18800000 24.0264 0.620695 -310.935 6.02613 98350.7 3849.78 1.02965e+10 8.1656e+08 -0.602771 0.0504626 -0.359537 0.0885943 0.582895 0.0123786 0.346167 0.0145491 
100 0.4 18900000 24.0264 0.620695 -310.935 6.02613 98350.7 3849.78 1.02965e+10 8.1656e+08 -0.602771 0.0504626 -0.359537 0.0885943 0.582895 0.0123786 0.346167 0.0145491 
100 0.4 19000000 24.1819 0.546271 -310.003 5.63637 97739.1 3538.21 1.01617e+10 7.43389e+08 -0.602312 0.0441962 -0.366831 0.0787691 0.582901 0.0107463 0.346224 0.0126126 
100 0.4 19100000 24.1819 0.546271 -310.003 5.63637 97739.1 3538.21 1.01617e+10 7.43389e+08 -0.602312 0.0441962 -0.366831 0.0787691 0.582901 0.0107463 0.346224 0.0126126 
100 0.4 19200000 24.1819 0.546271 -310.003 5.63637 97739.1 3538.21 1.01617e+10 7.43389e+08 -0.602312 0.0441962 -0.366831 0.0787691 0.582901 0.0107463 0.346224 0.0126126 
100 0.4 19300000 24.1819 0.546271 -310.003 5.63637 97739.1 3538.21 1.01617e+10 7.43389e+08 -0.602312 0.0441962 -0.366831 0.0787691 0.582901 0.0107463 0.346224 0.0126126 
100 0.4 19400000 24.1819 0.546271 -310.003 5.63637 97739.1 3538.21 1.01617e+10 7.43389e+08 -0.602312 0.0441962 -0.366831 0.0787691 0.582901 0.0107463 0.346224 0.0126126 
100 0.4 19500000 24.1819 0.546271 -310.003 5.63637 97739.1 3538.21 1.01617e+10 7.43389e+08 -0.602312 0.0441962 -0.366831 0.0787691 0.582901 0.0107463 0.346224 0.0126126 
100 0.4 19600000 24.1819 0.532034 -310.003 5.63637 97739.1 3538.21 1.01617e+10 7.43389e+08 -0.602312 0.0441962 -0.366831 0.0787691 0.582901 0.0107463 0.346224 0.0126126 
100 0.4 19700000 24.1819 0.532034 -310.003 5.63637 97739.1 3538.21 1.01617e+10 7.43389e+08 -0.602312 0.0441962 -0.366831 0.0787691 0.582901 0.0107463 0.346224 0.0126126 
100 0.4 19800000 24.1819 0.532034 -310.003 5.63637 97739.1 3538.21 1.01617e+10 7.43389e+08 -0.602312 0.0441962 -0.366831 0.0787691 0.582901 0.0107463 0.346224 0.0126126 
100 0.4 19900000 24.1819 0.532034 -310.003 5.63637 97739.1 3538.21 1.01617e+10 7.43389e+08 -0.602312 0.0441962 -0.366831 0.0787691 0.582901 0.0107463 0.346224 0.0126126 
100 0.4 20000000 24.1819 0.532034 -310.003 5.63637 97739.1 3538.21 1.01617e+10 7.43389e+08 -0.602312 0.0441962 -0.366831 0.0787691 0.582901 0.0107463 0.346224 0.0126126 
100 0.4 20100000 24.1819 0.532034 -310.003 5.63637 97739.1 3538.21 1.01617e+10 7.43389e+08 -0.602312 0.0441962 -0.366831 0.0787691 0.582901 0.0107463 0.346224 0.0126126 
100 0.4 20200000 24.2375 0.532034 -310.347 5.45624 97934.7 3494.06 1.01933e+10 7.43389e+08 -0.611465 0.0441962 -0.352253 0.0787691 0.584009 0.0107463 0.347441 0.0126126 
100 0.4 20300000 24.2375 0.532034 -310.347 5.45624 97934.7 3494.06 1.01933e+10 7.43389e+08 -0.611465 0.0441962 -0.352253 0.0787691 0.584009 0.0107463 0.347441 0.0126126 
100 0.4 20400000 24.2375 0.532034 -310.347 5.45624 97934.7 3494.06 1.01933e+10 7.43389e+08 -0.611465 0.0441962 -0.352253 0.0787691 0.584009 0.0107463 0.347441 0.0126126 
100 0.4 20500000 24.2375 0.532034 -310.347 5.45624 97934.7 3494.06 1.01933e+10 7.43389e+08 -0.611465 0.0441962 -0.352253 0.0787691 0.584009 0.0107463 0.347441 0.0126126 
100 0.4 20600000 24.2375 0.532034 -310.347 5.45624 97934.7 3494.06 1.01933e+10 7.43389e+08 -0.611465 0.0441962 -0.352253 0.0787691 0.584009 0.0107463 0.347441 0.0126126 
100 0.4 20700000 24.2375 0.532034 -310.347 5.45624 97934.7 3494.06 1.01933e+10 7.43389e+08 -0.611465 0.0441962 -0.352253 0.0787691 0.584009 0.0107463 0.347441 0.0126126 
100 0.4 20800000 24.2375 0.532034 -310.347 5.45624 97934.7 3494.06 1.01933e+10 7.43389e+08 -0.611465 0.0441962 -0.352253 0.0787691 0.584009 0.0107463 0.347441 0.0126126 
100 0.4 20900000 24.2375 0.532034 -310.347 5.45624 97934.7 3494.06 1.01933e+10 7.43389e+08 -0.611465 0.0441962 -0.352253 0.0787691 0.584009 0.0107463 0.347441 0.0126126 
100 0.4 21000000 24.2375 0.532034 -310.347 5.45624 97934.7 3494.06 1.01933e+10 7.43389e+08 -0.611465 0.0441962 -0.352253 0.0787691 0.584009 0.0107463 0.347441 0.0126126 
100 0.4 21100000 24.2375 0.532034 -310.347 5.45624 97934.7 3494.06 1.01933e+10 7.43389e+08 -0.611465 0.0441962 -0.352253 0.0787691 0.584009 0.0107463 0.347441 0.0126126 
100 0.4 21200000 24.2375 0.532034 -310.347 5.45624 97934.7 3494.06 1.01933e+10 7.43389e+08 -0.611465 0.0441962 -0.352253 0.0787691 0.584009 0.0107463 0.347441 0.0126126 
100 0.4 21300000 24.2375 0.532034 -310.347 5.45624 97934.7 3494.06 1.01933e+10 7.43389e+08 -0.611465 0.0441962 -0.352253 0.0787691 0.584009 0.0107463 0.347441 0.0126126 
100 0.4 21400000 24.2375 0.532034 -310.347 5.45624 97934.7 3494.06 1.01933e+10 7.43389e+08 -0.611465 0.0441962 -0.352253 0.0787691 0.584009 0.0107463 0.347441 0.0126126 
100 0.4 21500000 24.2012 0.513701 -311.371 5.04016 98537.3 3155.42 1.03015e+10 6.63481e+08 -0.620521 0.0422567 -0.323536 0.0799408 0.584482 0.00951859 0.347823 0.011137 
100 0.4 21600000 24.2012 0.513701 -311.371 5.04016 98537.3 3155.42 1.03015e+10 6.63481e+08 -0.620521 0.0422567 -0.323536 0.0799408 0.584482 0.00951859 0.347823 0.011137 
100 0.4 21700000 24.2012 0.513701 -311.371 5.04016 98537.3 3155.42 1.03015e+10 6.63481e+08 -0.620521 0.0422567 -0.323536 0.0799408 0.584482 0.00951859 0.347823 0.011137 
100 0.4 21800000 24.2012 0.513701 -311.371 5.04016 98537.3 3155.42 1.03015e+10 6.63481e+08 -0.620521 0.0422567 -0.323536 0.0799408 0.584482 0.00951859 0.347823 0.011137 
100 0.4 21900000 24.2012 0.513701 -311.371 5.04016 98537.3 3155.42 1.03015e+10 6.63481e+08 -0.620521 0.0422567 -0.323536 0.0799408 0.584482 0.00951859 0.347823 0.011137 
100 0.4 22000000 24.2012 0.513701 -311.371 5.04016 98537.3 3155.42 1.03015e+10 6.63481e+08 -0.620521 0.0422567 -0.323536 0.0799408 0.584482 0.00951859 0.347823 0.011137 
100 0.4 22100000 24.2012 0.513701 -311.371 5.04016 98537.3 3155.42 1.03015e+10 6.63481e+08 -0.620521 0.0422567 -0.323536 0.0799408 0.584482 0.00951859 0.347823 0.011137 
100 0.4 22200000 24.2012 0.501973 -311.371 5.04016 98537.3 3155.42 1.03015e+10 6.63481e+08 -0.620521 0.0422567 -0.323536 0.0799408 0.584482 0.00951859 0.347823 0.011137 
100 0.4 22300000 24.2012 0.501973 -311.371 5.04016 98537.3 3155.42 1.03015e+10 6.63481e+08 -0.620521 0.0422567 -0.323536 0.0799408 0.584482 0.00951859 0.347823 0.011137 
100 0.4 22400000 24.2012 0.501973 -311.371 5.04016 98537.3 3155.42 1.03015e+10 6.63481e+08 -0.620521 0.0422567 -0.323536 0.0799408 0.584482 0.00951859 0.347823 0.011137 
100 0.4 22500000 24.2012 0.501973 -311.371 5.04016 98537.3 3155.42 1.03015e+10 6.63481e+08 -0.620521 0.0422567 -0.323536 0.0799408 0.584482 0.00951859 0.347823 0.011137 
100 0.4 22600000 24.2012 0.501973 -311.371 5.04016 98537.3 3155.42 1.03015e+10 6.63481e+08 -0.620521 0.0422567 -0.323536 0.0799408 0.584482 0.00951859 0.347823 0.011137 
100 0.4 22700000 24.2012 0.501973 -311.371 5.04016 98537.3 3155.42 1.03015e+10 6.63481e+08 -0.620521 0.0422567 -0.323536 0.0799408 0.584482 0.00951859 0.347823 0.011137 
100 0.4 22800000 24.148 0.487303 -311.123 4.94268 98394.3 3147.17 1.02768e+10 6.63481e+08 -0.628204 0.0422567 -0.303582 0.0799408 0.584082 0.00951859 0.347352 0.011137 
100 0.4 22900000 24.148 0.487303 -311.123 4.94268 98394.3 3147.17 1.02768e+10 6.63481e+08 -0.628204 0.0422567 -0.303582 0.0799408 0.584082 0.00951859 0.347352 0.011137 
100 0.4 23000000 24.148 0.487303 -311.123 4.94268 98394.3 3147.17 1.02768e+10 6.63481e+08 -0.628204 0.0422567 -0.303582 0.0799408 0.584082 0.00951859 0.347352 0.011137 
100 0.4 23100000 24.148 0.487303 -311.123 4.94268 98394.3 3147.17 1.02768e+10 6.63481e+08 -0.628204 0.0422567 -0.303582 0.0799408 0.584082 0.00951859 0.347352 0.011137 
100 0.4 23200000 24.148 0.487303 -311.123 4.94268 98394.3 3147.17 1.02768e+10 6.63481e+08 -0.628204 0.0422567 -0.303582 0.0799408 0.584082 0.00951859 0.347352 0.011137 
100 0.4 23300000 24.148 0.487303 -311.123 4.94268 98394.3 3147.17 1.02768e+10 6.63481e+08 -0.628204 0.0422567 -0.303582 0.0799408 0.584082 0.00951859 0.347352 0.011137 
100 0.4 23400000 24.148 0.476341 -311.123 4.94268 98394.3 3147.17 1.02768e+10 6.63481e+08 -0.628204 0.0422567 -0.303582 0.0799408 0.584082 0.00951859 0.347352 0.011137 
100 0.4 23500000 24.148 0.476341 -311.123 4.94268 98394.3 3147.17 1.02768e+10 6.63481e+08 -0.628204 0.0422567 -0.303582 0.0799408 0.584082 0.00951859 0.347352 0.011137 
100 0.4 23600000 24.148 0.476341 -311.123 4.94268 98394.3 3147.17 1.02768e+10 6.63481e+08 -0.628204 0.0422567 -0.303582 0.0799408 0.584082 0.00951859 0.347352 0.011137 
100 0.4 23700000 24.148 0.476341 -311.123 4.94268 98394.3 3147.17 1.02768e+10 6.63481e+08 -0.628204 0.0422567 -0.303582 0.0799408 0.584082 0.00951859 0.347352 0.011137 
100 0.4 23800000 24.148 0.476341 -311.123 4.94268 98394.3 3147.17 1.02768e+10 6.63481e+08 -0.628204 0.0422567 -0.303582 0.0799408 0.584082 0.00951859 0.347352 0.011137 
100 0.4 23900000 24.148 0.476341 -311.123 4.94268 98394.3 3147.17 1.02768e+10 6.63481e+08 -0.628204 0.0422567 -0.303582 0.0799408 0.584082 0.00951859 0.347352 0.011137 
100 0.4 24000000 24.148 0.476341 -311.123 4.94268 98394.3 3147.17 1.02768e+10 6.63481e+08 -0.628204 0.0422567 -0.303582 0.0799408 0.584082 0.00951859 0.347352 0.011137 
100 0.4 24100000 24.2682 0.467721 -311.294 4.48896 98455.5 2808.51 1.02726e+10 5.90386e+08 -0.632343 0.0391804 -0.27156 0.086317 0.584155 0.0084666 0.34729 0.00991234 
100 0.4 24200000 24.2682 0.467721 -311.294 4.48896 98455.5 2808.51 1.02726e+10 5.90386e+08 -0.632343 0.0391804 -0.27156 0.086317 0.584155 0.0084666 0.34729 0.00991234 
100 0.4 24300000 24.2682 0.467721 -311.294 4.48896 98455.5 2808.51 1.02726e+10 5.90386e+08 -0.632343 0.0391804 -0.27156 0.086317 0.584155 0.0084666 0.34729 0.00991234 
100 0.4 24400000 24.2682 0.467721 -311.294 4.48896 98455.5 2808.51 1.02726e+10 5.90386e+08 -0.632343 0.0391804 -0.27156 0.086317 0.584155 0.0084666 0.34729 0.00991234 
100 0.4 24500000 24.2682 0.467721 -311.294 4.48896 98455.5 2808.51 1.02726e+10 5.90386e+08 -0.632343 0.0391804 -0.27156 0.086317 0.584155 0.0084666 0.34729 0.00991234 
100 0.4 24600000 24.2682 0.467721 -311.294 4.48896 98455.5 2808.51 1.02726e+10 5.90386e+08 -0.632343 0.0391804 -0.27156 0.086317 0.584155 0.0084666 0.34729 0.00991234 
100 0.4 24700000 24.2682 0.457104 -311.294 4.48896 98455.5 2808.51 1.02726e+10 5.90386e+08 -0.632343 0.0391804 -0.27156 0.086317 0.584155 0.0084666 0.34729 0.00991234 
100 0.4 24800000 24.2682 0.457104 -311.294 4.48896 98455.5 2808.51 1.02726e+10 5.90386e+08 -0.632343 0.0391804 -0.27156 0.086317 0.584155 0.0084666 0.34729 0.00991234 
100 0.4 24900000 24.2682 0.457104 -311.294 4.48896 98455.5 2808.51 1.02726e+10 5.90386e+08 -0.632343 0.0391804 -0.27156 0.086317 0.584155 0.0084666 0.34729 0.00991234 
100 0.4 25000000 24.2682 0.457104 -311.294 4.48896 98455.5 2808.51 1.02726e+10 5.90386e+08 -0.632343 0.0391804 -0.27156 0.086317 0.584155 0.0084666 0.34729 0.00991234 
100 0.4 25100000 24.2682 0.457104 -311.294 4.48896 98455.5 2808.51 1.02726e+10 5.90386e+08 -0.632343 0.0391804 -0.27156 0.086317 0.584155 0.0084666 0.34729 0.00991234 
100 0.4 25200000 24.2682 0.457104 -311.294 4.48896 98455.5 2808.51 1.02726e+10 5.90386e+08 -0.632343 0.0391804 -0.27156 0.086317 0.584155 0.0084666 0.34729 0.00991234 
100 0.4 25300000 24.2682 0.457104 -311.294 4.48896 98455.5 2808.51 1.02726e+10 5.90386e+08 -0.632343 0.0391804 -0.27156 0.086317 0.584155 0.0084666 0.34729 0.00991234 
100 0.4 25400000 24.1036 0.460823 -311.834 4.39409 98759.3 2798.55 1.03207e+10 5.90386e+08 -0.638974 0.0391804 -0.25446 0.086317 0.584278 0.0084666 0.347314 0.00991234 
100 0.4 25500000 24.1036 0.460823 -311.834 4.39409 98759.3 2798.55 1.03207e+10 5.90386e+08 -0.638974 0.0391804 -0.25446 0.086317 0.584278 0.0084666 0.347314 0.00991234 
100 0.4 25600000 24.1036 0.460823 -311.834 4.39409 98759.3 2798.55 1.03207e+10 5.90386e+08 -0.638974 0.0391804 -0.25446 0.086317 0.584278 0.0084666 0.347314 0.00991234 
100 0.4 25700000 24.1036 0.460823 -311.834 4.39409 98759.3 2798.55 1.03207e+10 5.90386e+08 -0.638974 0.0391804 -0.25446 0.086317 0.584278 0.0084666 0.347314 0.00991234 
100 0.4 25800000 24.1036 0.460823 -311.834 4.39409 98759.3 2798.55 1.03207e+10 5.90386e+08 -0.638974 0.0391804 -0.25446 0.086317 0.584278 0.0084666 0.347314 0.00991234 
100 0.4 25900000 24.1036 0.460823 -311.834 4.39409 98759.3 2798.55 1.03207e+10 5.90386e+08 -0.638974 0.0391804 -0.25446 0.086317 0.584278 0.0084666 0.347314 0.00991234 
100 0.4 26000000 24.1036 0.45954 -311.834 4.39409 98759.3 2798.55 1.03207e+10 5.90386e+08 -0.638974 0.0391804 -0.25446 0.086317 0.584278 0.0084666 0.347314 0.00991234 
100 0.4 26100000 24.1036 0.45954 -311.834 4.39409 98759.3 2798.55 1.03207e+10 5.90386e+08 -0.638974 0.0391804 -0.25446 0.086317 0.584278 0.0084666 0.347314 0.00991234 
100 0.4 26200000 24.1036 0.45954 -311.834 4.39409 98759.3 2798.55 1.03207e+10 5.90386e+08 -0.638974 0.0391804 -0.25446 0.086317 0.584278 0.0084666 0.347314 0.00991234 
100 0.4 26300000 24.1036 0.45954 -311.834 4.39409 98759.3 2798.55 1.03207e+10 5.90386e+08 -0.638974 0.0391804 -0.25446 0.086317 0.584278 0.0084666 0.347314 0.00991234 
100 0.4 26400000 24.1036 0.45954 -311.834 4.39409 98759.3 2798.55 1.03207e+10 5.90386e+08 -0.638974 0.0391804 -0.25446 0.086317 0.584278 0.0084666 0.347314 0.00991234 
100 0.4 26500000 24.1036 0.45954 -311.834 4.39409 98759.3 2798.55 1.03207e+10 5.90386e+08 -0.638974 0.0391804 -0.25446 0.086317 0.584278 0.0084666 0.347314 0.00991234 
100 0.4 26600000 24.1297 0.453819 -311.26 4.109 98471.8 2558.62 1.0276e+10 5.31357e+08 -0.630952 0.0418907 -0.264813 0.085794 0.582891 0.00784318 0.346018 0.00907836 
100 0.4 26700000 24.1297 0.453819 -311.26 4.109 98471.8 2558.62 1.0276e+10 5.31357e+08 -0.630952 0.0418907 -0.264813 0.085794 0.582891 0.00784318 0.346018 0.00907836 
100 0.4 26800000 24.1297 0.453819 -311.26 4.109 98471.8 2558.62 1.0276e+10 5.31357e+08 -0.630952 0.0418907 -0.264813 0.085794 0.582891 0.00784318 0.346018 0.00907836 
100 0.4 26900000 24.1297 0.453819 -311.26 4.109 98471.8 2558.62 1.0276e+10 5.31357e+08 -0.630952 0.0418907 -0.264813 0.085794 0.582891 0.00784318 0.346018 0.00907836 
100 0.4 27000000 24.1297 0.453819 -311.26 4.109 98471.8 2558.62 1.0276e+10 5.31357e+08 -0.630952 0.0418907 -0.264813 0.085794 0.582891 0.00784318 0.346018 0.00907836 
100 0.4 27100000 24.1297 0.453819 -311.26 4.109 98471.8 2558.62 1.0276e+10 5.31357e+08 -0.630952 0.0418907 -0.264813 0.085794 0.582891 0.00784318 0.346018 0.00907836 
100 0.4 27200000 24.1297 0.453819 -311.26 4.109 98471.8 2558.62 1.0276e+10 5.31357e+08 -0.630952 0.0418907 -0.264813 0.085794 0.582891 0.00784318 0.346018 0.00907836 
100 0.4 27300000 24.1297 0.444672 -311.26 4.109 98471.8 2558.62 1.0276e+10 5.31357e+08 -0.630952 0.0418907 -0.264813 0.085794 0.582891 0.00784318 0.346018 0.00907836 
100 0.4 27400000 24.1297 0.444672 -311.26 4.109 98471.8 2558.62 1.0276e+10 5.31357e+08 -0.630952 0.0418907 -0.264813 0.085794 0.582891 0.00784318 0.346018 0.00907836 
100 0.4 27500000 24.1297 0.444672 -311.26 4.109 98471.8 2558.62 1.0276e+10 5.31357e+08 -0.630952 0.0418907 -0.264813 0.085794 0.582891 0.00784318 0.346018 0.00907836 
100 0.4 27600000 24.1297 0.444672 -311.26 4.109 98471.8 2558.62 1.0276e+10 5.31357e+08 -0.630952 0.0418907 -0.264813 0.085794 0.582891 0.00784318 0.346018 0.00907836 
100 0.4 27700000 24.1297 0.444672 -311.26 4.109 98471.8 2558.62 1.0276e+10 5.31357e+08 -0.630952 0.0418907 -0.264813 0.085794 0.582891 0.00784318 0.346018 0.00907836 
100 0.4 27800000 24.1297 0.444672 -311.26 4.109 98471.8 2558.62 1.0276e+10 5.31357e+08 -0.630952 0.0418907 -0.264813 0.085794 0.582891 0.00784318 0.346018 0.00907836 
100 0.4 27900000 24.1297 0.444403 -311.26 4.03041 98471.8 2518.74 1.0276e+10 5.31357e+08 -0.630952 0.0418907 -0.264813 0.085794 0.582891 0.00784318 0.346018 0.00907836 
100 0.4 28000000 24.1297 0.444403 -311.26 4.03041 98471.8 2518.74 1.0276e+10 5.31357e+08 -0.630952 0.0418907 -0.264813 0.085794 0.582891 0.00784318 0.346018 0.00907836 
100 0.4 28100000 24.1297 0.444403 -311.26 4.03041 98471.8 2518.74 1.0276e+10 5.31357e+08 -0.630952 0.0418907 -0.264813 0.085794 0.582891 0.00784318 0.346018 0.00907836 
100 0.4 28200000 24.1297 0.444403 -311.26 4.03041 98471.8 2518.74 1.0276e+10 5.31357e+08 -0.630952 0.0418907 -0.264813 0.085794 0.582891 0.00784318 0.346018 0.00907836 
100 0.4 28300000 24.1297 0.444403 -311.26 4.03041 98471.8 2518.74 1.0276e+10 5.31357e+08 -0.630952 0.0418907 -0.264813 0.085794 0.582891 0.00784318 0.346018 0.00907836 
100 0.4 28400000 24.1297 0.444403 -311.26 4.03041 98471.8 2518.74 1.0276e+10 5.31357e+08 -0.630952 0.0418907 -0.264813 0.085794 0.582891 0.00784318 0.346018 0.00907836 
100 0.4 28500000 24.1297 0.444403 -311.26 4.03041 98471.8 2518.74 1.0276e+10 5.31357e+08 -0.630952 0.0418907 -0.264813 0.085794 0.582891 0.00784318 0.346018 0.00907836 
100 0.4 28600000 24.1297 0.434316 -311.26 4.03041 98471.8 2518.74 1.0276e+10 5.31357e+08 -0.630952 0.0418907 -0.264813 0.085794 0.582891 0.00784318 0.346018 0.00907836 
100 0.4 28700000 24.1297 0.434316 -311.26 4.03041 98471.8 2518.74 1.0276e+10 5.31357e+08 -0.630952 0.0418907 -0.264813 0.085794 0.582891 0.00784318 0.346018 0.00907836 
100 0.4 28800000 24.1297 0.434316 -311.26 4.03041 98471.8 2518.74 1.0276e+10 5.31357e+08 -0.630952 0.0418907 -0.264813 0.085794 0.582891 0.00784318 0.346018 0.00907836 
100 0.4 28900000 24.1297 0.434316 -311.26 4.03041 98471.8 2518.74 1.0276e+10 5.31357e+08 -0.630952 0.0418907 -0.264813 0.085794 0.582891 0.00784318 0.346018 0.00907836 
100 0.4 29000000 24.1297 0.434316 -311.26 4.03041 98471.8 2518.74 1.0276e+10 5.31357e+08 -0.630952 0.0418907 -0.264813 0.085794 0.582891 0.00784318 0.346018 0.00907836 
100 0.4 29100000 24.1297 0.434316 -311.26 4.03041 98471.8 2518.74 1.0276e+10 5.31357e+08 -0.630952 0.0418907 -0.264813 0.085794 0.582891 0.00784318 0.346018 0.00907836 
100 0.4 29200000 24.392 0.440824 -310.192 3.84799 97780.1 2399.26 1.01289e+10 5.03005e+08 -0.626905 0.0418907 -0.278708 0.085794 0.581914 0.00784318 0.34482 0.00907836 
100 0.4 29300000 24.392 0.440824 -310.192 3.84799 97780.1 2399.26 1.01289e+10 5.03005e+08 -0.626905 0.0418907 -0.278708 0.085794 0.581914 0.00784318 0.34482 0.00907836 
100 0.4 29400000 24.392 0.440824 -310.192 3.84799 97780.1 2399.26 1.01289e+10 5.03005e+08 -0.626905 0.0418907 -0.278708 0.085794 0.581914 0.00784318 0.34482 0.00907836 
100 0.4 29500000 24.392 0.440824 -310.192 3.84799 97780.1 2399.26 1.01289e+10 5.03005e+08 -0.626905 0.0418907 -0.278708 0.085794 0.581914 0.00784318 0.34482 0.00907836 
100 0.4 29600000 24.392 0.440824 -310.192 3.84799 97780.1 2399.26 1.01289e+10 5.03005e+08 -0.626905 0.0418907 -0.278708 0.085794 0.581914 0.00784318 0.34482 0.00907836 
100 0.4 29700000 24.392 0.440824 -310.192 3.84799 97780.1 2399.26 1.01289e+10 5.03005e+08 -0.626905 0.0418907 -0.278708 0.085794 0.581914 0.00784318 0.34482 0.00907836 
100 0.4 29800000 24.392 0.440824 -310.192 3.84799 97780.1 2399.26 1.01289e+10 5.03005e+08 -0.626905 0.0418907 -0.278708 0.085794 0.581914 0.00784318 0.34482 0.00907836 
100 0.4 29900000 24.392 0.440824 -310.192 3.84799 97780.1 2399.26 1.01289e+10 5.03005e+08 -0.626905 0.0418907 -0.278708 0.085794 0.581914 0.00784318 0.34482 0.00907836 
100 0.4 30000000 24.392 0.440824 -310.192 3.84799 97780.1 2399.26 1.01289e+10 5.03005e+08 -0.626905 0.0418907 -0.278708 0.085794 0.581914 0.00784318 0.34482 0.00907836 
100 0.4 30100000 24.392 0.440824 -310.192 3.84799 97780.1 2399.26 1.01289e+10 5.03005e+08 -0.626905 0.0418907 -0.278708 0.085794 0.581914 0.00784318 0.34482 0.00907836 
100 0.4 30200000 24.392 0.440824 -310.192 3.84799 97780.1 2399.26 1.01289e+10 5.03005e+08 -0.626905 0.0418907 -0.278708 0.085794 0.581914 0.00784318 0.34482 0.00907836 
100 0.4 30300000 24.392 0.440824 -310.192 3.84799 97780.1 2399.26 1.01289e+10 5.03005e+08 -0.626905 0.0418907 -0.278708 0.085794 0.581914 0.00784318 0.34482 0.00907836 
100 0.4 30400000 24.392 0.440824 -310.192 3.84799 97780.1 2399.26 1.01289e+10 5.03005e+08 -0.626905 0.0418907 -0.278708 0.085794 0.581914 0.00784318 0.34482 0.00907836 
100 0.4 30500000 24.392 0.440824 -310.192 3.90021 97780.1 2432.06 1.01289e+10 5.03005e+08 -0.626905 0.0418907 -0.278708 0.085794 0.581914 0.00784318 0.34482 0.00907836 
100 0.4 30600000 24.392 0.440824 -310.192 3.90021 97780.1 2432.06 1.01289e+10 5.03005e+08 -0.626905 0.0418907 -0.278708 0.085794 0.581914 0.00784318 0.34482 0.00907836 
100 0.4 30700000 24.392 0.440824 -310.192 3.90021 97780.1 2432.06 1.01289e+10 5.03005e+08 -0.626905 0.0418907 -0.278708 0.085794 0.581914 0.00784318 0.34482 0.00907836 
100 0.4 30800000 24.392 0.440824 -310.192 3.90021 97780.1 2432.06 1.01289e+10 5.03005e+08 -0.626905 0.0418907 -0.278708 0.085794 0.581914 0.00784318 0.34482 0.00907836 
100 0.4 30900000 24.392 0.440824 -310.192 3.90021 97780.1 2432.06 1.01289e+10 5.03005e+08 -0.626905 0.0418907 -0.278708 0.085794 0.581914 0.00784318 0.34482 0.00907836 
100 0.4 31000000 24.392 0.440824 -310.192 3.90021 97780.1 2432.06 1.01289e+10 5.03005e+08 -0.626905 0.0418907 -0.278708 0.085794 0.581914 0.00784318 0.34482 0.00907836 
100 0.4 31100000 24.392 0.440824 -310.192 3.90021 97780.1 2432.06 1.01289e+10 5.03005e+08 -0.626905 0.0418907 -0.278708 0.085794 0.581914 0.00784318 0.34482 0.00907836 
100 0.4 31200000 24.392 0.440824 -310.192 3.90021 97780.1 2432.06 1.01289e+10 5.03005e+08 -0.626905 0.0418907 -0.278708 0.085794 0.581914 0.00784318 0.34482 0.00907836 
100 0.4 31300000 24.392 0.440824 -310.192 3.90021 97780.1 2432.06 1.01289e+10 5.03005e+08 -0.626905 0.0418907 -0.278708 0.085794 0.581914 0.00784318 0.34482 0.00907836 
100 0.4 31400000 24.392 0.440824 -310.192 3.90021 97780.1 2432.06 1.01289e+10 5.03005e+08 -0.626905 0.0418907 -0.278708 0.085794 0.581914 0.00784318 0.34482 0.00907836 
100 0.4 31500000 24.392 0.440824 -310.192 3.90021 97780.1 2432.06 1.01289e+10 5.03005e+08 -0.626905 0.0418907 -0.278708 0.085794 0.581914 0.00784318 0.34482 0.00907836 
100 0.4 31600000 24.392 0.440824 -310.192 3.90021 97780.1 2432.06 1.01289e+10 5.03005e+08 -0.626905 0.0418907 -0.278708 0.085794 0.581914 0.00784318 0.34482 0.00907836 
100 0.4 31700000 24.392 0.440824 -310.192 3.90021 97780.1 2432.06 1.01289e+10 5.03005e+08 -0.626905 0.0418907 -0.278708 0.085794 0.581914 0.00784318 0.34482 0.00907836 
100 0.4 31800000 24.3522 0.427404 -312.616 4.13716 99284.7 2616.54 1.043e+10 5.43804e+08 -0.639732 0.0358172 -0.253412 0.0722485 0.586294 0.00772202 0.349854 0.00897752 
100 0.4 31900000 24.3522 0.427404 -312.616 4.13716 99284.7 2616.54 1.043e+10 5.43804e+08 -0.639732 0.0358172 -0.253412 0.0722485 0.586294 0.00772202 0.349854 0.00897752 
100 0.4 32000000 24.3522 0.427404 -312.616 4.13716 99284.7 2616.54 1.043e+10 5.43804e+08 -0.639732 0.0358172 -0.253412 0.0722485 0.586294 0.00772202 0.349854 0.00897752 
100 0.4 32100000 24.3522 0.427404 -312.616 4.13716 99284.7 2616.54 1.043e+10 5.43804e+08 -0.639732 0.0358172 -0.253412 0.0722485 0.586294 0.00772202 0.349854 0.00897752 
100 0.4 32200000 24.3522 0.427404 -312.616 4.13716 99284.7 2616.54 1.043e+10 5.43804e+08 -0.639732 0.0358172 -0.253412 0.0722485 0.586294 0.00772202 0.349854 0.00897752 
100 0.4 32300000 24.3522 0.427404 -312.616 4.13716 99284.7 2616.54 1.043e+10 5.43804e+08 -0.639732 0.0358172 -0.253412 0.0722485 0.586294 0.00772202 0.349854 0.00897752 
100 0.4 32400000 24.3522 0.419882 -312.616 4.13716 99284.7 2616.54 1.043e+10 5.43804e+08 -0.639732 0.0358172 -0.253412 0.0722485 0.586294 0.00772202 0.349854 0.00897752 
100 0.4 32500000 24.3522 0.419882 -312.616 4.13716 99284.7 2616.54 1.043e+10 5.43804e+08 -0.639732 0.0358172 -0.253412 0.0722485 0.586294 0.00772202 0.349854 0.00897752 
100 0.4 32600000 24.3522 0.419882 -312.616 4.13716 99284.7 2616.54 1.043e+10 5.43804e+08 -0.639732 0.0358172 -0.253412 0.0722485 0.586294 0.00772202 0.349854 0.00897752 
100 0.4 32700000 24.3522 0.419882 -312.616 4.13716 99284.7 2616.54 1.043e+10 5.43804e+08 -0.639732 0.0358172 -0.253412 0.0722485 0.586294 0.00772202 0.349854 0.00897752 
100 0.4 32800000 24.3522 0.419882 -312.616 4.13716 99284.7 2616.54 1.043e+10 5.43804e+08 -0.639732 0.0358172 -0.253412 0.0722485 0.586294 0.00772202 0.349854 0.00897752 
100 0.4 32900000 24.3522 0.419882 -312.616 4.13716 99284.7 2616.54 1.043e+10 5.43804e+08 -0.639732 0.0358172 -0.253412 0.0722485 0.586294 0.00772202 0.349854 0.00897752 
100 0.4 33000000 24.3522 0.411489 -312.616 4.13716 99284.7 2616.54 1.043e+10 5.43804e+08 -0.639732 0.0358172 -0.253412 0.0722485 0.586294 0.00772202 0.349854 0.00897752 
100 0.4 33100000 24.3522 0.411489 -312.616 4.13716 99284.7 2616.54 1.043e+10 5.43804e+08 -0.639732 0.0358172 -0.253412 0.0722485 0.586294 0.00772202 0.349854 0.00897752 
100 0.4 33200000 24.3522 0.411489 -312.616 4.13716 99284.7 2616.54 1.043e+10 5.43804e+08 -0.639732 0.0358172 -0.253412 0.0722485 0.586294 0.00772202 0.349854 0.00897752 
100 0.4 33300000 24.3522 0.411489 -312.616 4.13716 99284.7 2616.54 1.043e+10 5.43804e+08 -0.639732 0.0358172 -0.253412 0.0722485 0.586294 0.00772202 0.349854 0.00897752 
100 0.4 33400000 24.3522 0.411489 -312.616 4.13716 99284.7 2616.54 1.043e+10 5.43804e+08 -0.639732 0.0358172 -0.253412 0.0722485 0.586294 0.00772202 0.349854 0.00897752 
100 0.4 33500000 24.3522 0.411489 -312.616 4.13716 99284.7 2616.54 1.043e+10 5.43804e+08 -0.639732 0.0358172 -0.253412 0.0722485 0.586294 0.00772202 0.349854 0.00897752 
100 0.4 33600000 24.3522 0.411489 -312.616 4.13716 99284.7 2616.54 1.043e+10 5.43804e+08 -0.639732 0.0358172 -0.253412 0.0722485 0.586294 0.00772202 0.349854 0.00897752 
100 0.4 33700000 24.3522 0.407166 -312.616 4.13716 99284.7 2616.54 1.043e+10 5.43804e+08 -0.639732 0.0358172 -0.253412 0.0722485 0.586294 0.00772202 0.349854 0.00897752 
100 0.4 33800000 24.3522 0.407166 -312.616 4.13716 99284.7 2616.54 1.043e+10 5.43804e+08 -0.639732 0.0358172 -0.253412 0.0722485 0.586294 0.00772202 0.349854 0.00897752 
100 0.4 33900000 24.3522 0.407166 -312.616 4.13716 99284.7 2616.54 1.043e+10 5.43804e+08 -0.639732 0.0358172 -0.253412 0.0722485 0.586294 0.00772202 0.349854 0.00897752 
100 0.4 34000000 24.3522 0.407166 -312.616 4.13716 99284.7 2616.54 1.043e+10 5.43804e+08 -0.639732 0.0358172 -0.253412 0.0722485 0.586294 0.00772202 0.349854 0.00897752 
100 0.4 34100000 24.3522 0.407166 -312.616 4.13716 99284.7 2616.54 1.043e+10 5.43804e+08 -0.639732 0.0358172 -0.253412 0.0722485 0.586294 0.00772202 0.349854 0.00897752 
100 0.4 34200000 24.3522 0.407166 -312.616 4.13716 99284.7 2616.54 1.043e+10 5.43804e+08 -0.639732 0.0358172 -0.253412 0.0722485 0.586294 0.00772202 0.349854 0.00897752 
100 0.4 34300000 24.4832 0.413772 -313.89 4.01023 100070 2530.24 1.05854e+10 5.2372e+08 -0.64925 0.0358172 -0.246536 0.0722485 0.589103 0.00762171 0.353151 0.00887193 
100 0.4 34400000 24.4832 0.413772 -313.89 4.01023 100070 2530.24 1.05854e+10 5.2372e+08 -0.64925 0.0358172 -0.246536 0.0722485 0.589103 0.00762171 0.353151 0.00887193 
100 0.4 34500000 24.4832 0.413772 -313.89 4.01023 100070 2530.24 1.05854e+10 5.2372e+08 -0.64925 0.0358172 -0.246536 0.0722485 0.589103 0.00762171 0.353151 0.00887193 
100 0.4 34600000 24.4832 0.413772 -313.89 4.01023 100070 2530.24 1.05854e+10 5.2372e+08 -0.64925 0.0358172 -0.246536 0.0722485 0.589103 0.00762171 0.353151 0.00887193 
100 0.4 34700000 24.4832 0.413772 -313.89 4.01023 100070 2530.24 1.05854e+10 5.2372e+08 -0.64925 0.0358172 -0.246536 0.0722485 0.589103 0.00762171 0.353151 0.00887193 
100 0.4 34800000 24.4832 0.413772 -313.89 4.01023 100070 2530.24 1.05854e+10 5.2372e+08 -0.64925 0.0358172 -0.246536 0.0722485 0.589103 0.00762171 0.353151 0.00887193 
100 0.4 34900000 24.4832 0.413772 -313.89 4.01023 100070 2530.24 1.05854e+10 5.2372e+08 -0.64925 0.0358172 -0.246536 0.0722485 0.589103 0.00762171 0.353151 0.00887193 
100 0.4 35000000 24.4832 0.408105 -313.89 4.01023 100070 2530.24 1.05854e+10 5.2372e+08 -0.64925 0.0358172 -0.246536 0.0722485 0.589103 0.00762171 0.353151 0.00887193 
100 0.4 35100000 24.4832 0.408105 -313.89 4.01023 100070 2530.24 1.05854e+10 5.2372e+08 -0.64925 0.0358172 -0.246536 0.0722485 0.589103 0.00762171 0.353151 0.00887193 
100 0.4 35200000 24.4832 0.408105 -313.89 4.01023 100070 2530.24 1.05854e+10 5.2372e+08 -0.64925 0.0358172 -0.246536 0.0722485 0.589103 0.00762171 0.353151 0.00887193 
100 0.4 35300000 24.4832 0.408105 -313.89 4.01023 100070 2530.24 1.05854e+10 5.2372e+08 -0.64925 0.0358172 -0.246536 0.0722485 0.589103 0.00762171 0.353151 0.00887193 
100 0.4 35400000 24.4832 0.408105 -313.89 4.01023 100070 2530.24 1.05854e+10 5.2372e+08 -0.64925 0.0358172 -0.246536 0.0722485 0.589103 0.00762171 0.353151 0.00887193 
100 0.4 35500000 24.4832 0.408105 -313.89 4.01023 100070 2530.24 1.05854e+10 5.2372e+08 -0.64925 0.0358172 -0.246536 0.0722485 0.589103 0.00762171 0.353151 0.00887193 
100 0.4 35600000 24.4832 0.418435 -313.89 4.01023 100070 2530.24 1.05854e+10 5.2372e+08 -0.64925 0.0358172 -0.246536 0.0722485 0.589103 0.00762171 0.353151 0.00887193 
100 0.4 35700000 24.4832 0.418435 -313.89 4.01023 100070 2530.24 1.05854e+10 5.2372e+08 -0.64925 0.0358172 -0.246536 0.0722485 0.589103 0.00762171 0.353151 0.00887193 
100 0.4 35800000 24.4832 0.418435 -313.89 4.01023 100070 2530.24 1.05854e+10 5.2372e+08 -0.64925 0.0358172 -0.246536 0.0722485 0.589103 0.00762171 0.353151 0.00887193 
100 0.4 35900000 24.4832 0.418435 -313.89 4.01023 100070 2530.24 1.05854e+10 5.2372e+08 -0.64925 0.0358172 -0.246536 0.0722485 0.589103 0.00762171 0.353151 0.00887193 
100 0.4 36000000 24.4832 0.418435 -313.89 4.01023 100070 2530.24 1.05854e+10 5.2372e+08 -0.64925 0.0358172 -0.246536 0.0722485 0.589103 0.00762171 0.353151 0.00887193 
100 0.4 36100000 24.4832 0.418435 -313.89 4.01023 100070 2530.24 1.05854e+10 5.2372e+08 -0.64925 0.0358172 -0.246536 0.0722485 0.589103 0.00762171 0.353151 0.00887193 
100 0.4 36200000 24.4832 0.414308 -313.89 4.01023 100070 2530.24 1.05854e+10 5.2372e+08 -0.64925 0.0358172 -0.246536 0.0722485 0.589103 0.00762171 0.353151 0.00887193 
100 0.4 36300000 24.4832 0.414308 -313.89 4.01023 100070 2530.24 1.05854e+10 5.2372e+08 -0.64925 0.0358172 -0.246536 0.0722485 0.589103 0.00762171 0.353151 0.00887193 
100 0.4 36400000 24.4832 0.414308 -313.89 4.01023 100070 2530.24 1.05854e+10 5.2372e+08 -0.64925 0.0358172 -0.246536 0.0722485 0.589103 0.00762171 0.353151 0.00887193 
100 0.4 36500000 24.4832 0.414308 -313.89 4.01023 100070 2530.24 1.05854e+10 5.2372e+08 -0.64925 0.0358172 -0.246536 0.0722485 0.589103 0.00762171 0.353151 0.00887193 
100 0.4 36600000 24.4832 0.414308 -313.89 4.01023 100070 2530.24 1.05854e+10 5.2372e+08 -0.64925 0.0358172 -0.246536 0.0722485 0.589103 0.00762171 0.353151 0.00887193 
100 0.4 36700000 24.4832 0.414308 -313.89 4.01023 100070 2530.24 1.05854e+10 5.2372e+08 -0.64925 0.0358172 -0.246536 0.0722485 0.589103 0.00762171 0.353151 0.00887193 
100 0.4 36800000 24.4832 0.414308 -313.89 4.01023 100070 2530.24 1.05854e+10 5.2372e+08 -0.64925 0.0358172 -0.246536 0.0722485 0.589103 0.00762171 0.353151 0.00887193 
100 0.4 36900000 24.2891 0.411914 -313.486 3.74403 99790.2 2364.88 1.05205e+10 4.90319e+08 -0.655919 0.0341629 -0.236587 0.0638564 0.587969 0.00716111 0.351802 0.00834019 
100 0.4 37000000 24.2891 0.411914 -313.486 3.74403 99790.2 2364.88 1.05205e+10 4.90319e+08 -0.655919 0.0341629 -0.236587 0.0638564 0.587969 0.00716111 0.351802 0.00834019 
100 0.4 37100000 24.2891 0.411914 -313.486 3.74403 99790.2 2364.88 1.05205e+10 4.90319e+08 -0.655919 0.0341629 -0.236587 0.0638564 0.587969 0.00716111 0.351802 0.00834019 
100 0.4 37200000 24.2891 0.411914 -313.486 3.74403 99790.2 2364.88 1.05205e+10 4.90319e+08 -0.655919 0.0341629 -0.236587 0.0638564 0.587969 0.00716111 0.351802 0.00834019 
100 0.4 37300000 24.2891 0.411914 -313.486 3.74403 99790.2 2364.88 1.05205e+10 4.90319e+08 -0.655919 0.0341629 -0.236587 0.0638564 0.587969 0.00716111 0.351802 0.00834019 
100 0.4 37400000 24.2891 0.411914 -313.486 3.74403 99790.2 2364.88 1.05205e+10 4.90319e+08 -0.655919 0.0341629 -0.236587 0.0638564 0.587969 0.00716111 0.351802 0.00834019 
100 0.4 37500000 24.2891 0.411914 -313.486 3.74403 99790.2 2364.88 1.05205e+10 4.90319e+08 -0.655919 0.0341629 -0.236587 0.0638564 0.587969 0.00716111 0.351802 0.00834019 
100 0.4 37600000 24.2891 0.411914 -313.486 3.74403 99790.2 2364.88 1.05205e+10 4.90319e+08 -0.655919 0.0341629 -0.236587 0.0638564 0.587969 0.00716111 0.351802 0.00834019 
100 0.4 37700000 24.2891 0.411914 -313.486 3.74403 99790.2 2364.88 1.05205e+10 4.90319e+08 -0.655919 0.0341629 -0.236587 0.0638564 0.587969 0.00716111 0.351802 0.00834019 
100 0.4 37800000 24.2891 0.411914 -313.486 3.74403 99790.2 2364.88 1.05205e+10 4.90319e+08 -0.655919 0.0341629 -0.236587 0.0638564 0.587969 0.00716111 0.351802 0.00834019 
100 0.4 37900000 24.2891 0.411914 -313.486 3.74403 99790.2 2364.88 1.05205e+10 4.90319e+08 -0.655919 0.0341629 -0.236587 0.0638564 0.587969 0.00716111 0.351802 0.00834019 
100 0.4 38000000 24.2891 0.411914 -313.486 3.74403 99790.2 2364.88 1.05205e+10 4.90319e+08 -0.655919 0.0341629 -0.236587 0.0638564 0.587969 0.00716111 0.351802 0.00834019 
100 0.4 38100000 24.2891 0.411914 -313.486 3.74403 99790.2 2364.88 1.05205e+10 4.90319e+08 -0.655919 0.0341629 -0.236587 0.0638564 0.587969 0.00716111 0.351802 0.00834019 
100 0.4 38200000 24.2891 0.411914 -313.486 3.74403 99790.2 2364.88 1.05205e+10 4.90319e+08 -0.655919 0.0341629 -0.236587 0.0638564 0.587969 0.00716111 0.351802 0.00834019 
100 0.4 38300000 24.2891 0.411914 -313.486 3.74403 99790.2 2364.88 1.05205e+10 4.90319e+08 -0.655919 0.0341629 -0.236587 0.0638564 0.587969 0.00716111 0.351802 0.00834019 
100 0.4 38400000 24.2891 0.411914 -313.486 3.74403 99790.2 2364.88 1.05205e+10 4.90319e+08 -0.655919 0.0341629 -0.236587 0.0638564 0.587969 0.00716111 0.351802 0.00834019 
100 0.4 38500000 24.2891 0.411914 -313.486 3.74403 99790.2 2364.88 1.05205e+10 4.90319e+08 -0.655919 0.0341629 -0.236587 0.0638564 0.587969 0.00716111 0.351802 0.00834019 
100 0.4 38600000 24.2891 0.411914 -313.486 3.74403 99790.2 2364.88 1.05205e+10 4.90319e+08 -0.655919 0.0341629 -0.236587 0.0638564 0.587969 0.00716111 0.351802 0.00834019 
100 0.4 38700000 24.2891 0.411914 -313.486 3.74403 99790.2 2364.88 1.05205e+10 4.90319e+08 -0.655919 0.0341629 -0.236587 0.0638564 0.587969 0.00716111 0.351802 0.00834019 
100 0.4 38800000 24.2891 0.411914 -313.486 3.74403 99790.2 2364.88 1.05205e+10 4.90319e+08 -0.655919 0.0341629 -0.236587 0.0638564 0.587969 0.00716111 0.351802 0.00834019 
100 0.4 38900000 24.2891 0.411914 -313.486 3.74403 99790.2 2364.88 1.05205e+10 4.90319e+08 -0.655919 0.0341629 -0.236587 0.0638564 0.587969 0.00716111 0.351802 0.00834019 
100 0.4 39000000 24.2891 0.411914 -313.486 3.74403 99790.2 2364.88 1.05205e+10 4.90319e+08 -0.655919 0.0341629 -0.236587 0.0638564 0.587969 0.00716111 0.351802 0.00834019 
100 0.4 39100000 24.2891 0.411914 -313.486 3.74403 99790.2 2364.88 1.05205e+10 4.90319e+08 -0.655919 0.0341629 -0.236587 0.0638564 0.587969 0.00716111 0.351802 0.00834019 
100 0.4 39200000 24.2891 0.411914 -313.486 3.74403 99790.2 2364.88 1.05205e+10 4.90319e+08 -0.655919 0.0341629 -0.236587 0.0638564 0.587969 0.00716111 0.351802 0.00834019 
100 0.4 39300000 24.2891 0.411914 -313.486 3.74403 99790.2 2364.88 1.05205e+10 4.90319e+08 -0.655919 0.0341629 -0.236587 0.0638564 0.587969 0.00716111 0.351802 0.00834019 
100 0.4 39400000 24.2375 0.392508 -312.429 3.64057 99134.7 2296.25 1.03901e+10 4.74668e+08 -0.660663 0.0341629 -0.229836 0.0638564 0.585781 0.00700986 0.349264 0.00816124 
100 0.4 39500000 24.2375 0.392508 -312.429 3.64057 99134.7 2296.25 1.03901e+10 4.74668e+08 -0.660663 0.0341629 -0.229836 0.0638564 0.585781 0.00700986 0.349264 0.00816124 
100 0.4 39600000 24.2375 0.392508 -312.429 3.64057 99134.7 2296.25 1.03901e+10 4.74668e+08 -0.660663 0.0341629 -0.229836 0.0638564 0.585781 0.00700986 0.349264 0.00816124 
100 0.4 39700000 24.2375 0.392508 -312.429 3.64057 99134.7 2296.25 1.03901e+10 4.74668e+08 -0.660663 0.0341629 -0.229836 0.0638564 0.585781 0.00700986 0.349264 0.00816124 
100 0.4 39800000 24.2375 0.392508 -312.429 3.64057 99134.7 2296.25 1.03901e+10 4.74668e+08 -0.660663 0.0341629 -0.229836 0.0638564 0.585781 0.00700986 0.349264 0.00816124 
100 0.4 39900000 24.2375 0.392508 -312.429 3.64057 99134.7 2296.25 1.03901e+10 4.74668e+08 -0.660663 0.0341629 -0.229836 0.0638564 0.585781 0.00700986 0.349264 0.00816124 
100 0.4 40000000 24.2375 0.392508 -312.429 3.64057 99134.7 2296.25 1.03901e+10 4.74668e+08 -0.660663 0.0341629 -0.229836 0.0638564 0.585781 0.00700986 0.349264 0.00816124 
100 0.4 40100000 24.2375 0.392352 -312.429 3.64057 99134.7 2296.25 1.03901e+10 4.74668e+08 -0.660663 0.0341629 -0.229836 0.0638564 0.585781 0.00700986 0.349264 0.00816124 
100 0.4 40200000 24.2375 0.392352 -312.429 3.64057 99134.7 2296.25 1.03901e+10 4.74668e+08 -0.660663 0.0341629 -0.229836 0.0638564 0.585781 0.00700986 0.349264 0.00816124 
100 0.4 40300000 24.2375 0.392352 -312.429 3.64057 99134.7 2296.25 1.03901e+10 4.74668e+08 -0.660663 0.0341629 -0.229836 0.0638564 0.585781 0.00700986 0.349264 0.00816124 
100 0.4 40400000 24.2375 0.392352 -312.429 3.64057 99134.7 2296.25 1.03901e+10 4.74668e+08 -0.660663 0.0341629 -0.229836 0.0638564 0.585781 0.00700986 0.349264 0.00816124 
100 0.4 40500000 24.2375 0.392352 -312.429 3.64057 99134.7 2296.25 1.03901e+10 4.74668e+08 -0.660663 0.0341629 -0.229836 0.0638564 0.585781 0.00700986 0.349264 0.00816124 
100 0.4 40600000 24.2375 0.392352 -312.429 3.64057 99134.7 2296.25 1.03901e+10 4.74668e+08 -0.660663 0.0341629 -0.229836 0.0638564 0.585781 0.00700986 0.349264 0.00816124 
100 0.4 40700000 24.2375 0.390111 -312.429 3.64057 99134.7 2296.25 1.03901e+10 4.74668e+08 -0.660663 0.0341629 -0.229836 0.0638564 0.585781 0.00700986 0.349264 0.00816124 
100 0.4 40800000 24.2375 0.390111 -312.429 3.64057 99134.7 2296.25 1.03901e+10 4.74668e+08 -0.660663 0.0341629 -0.229836 0.0638564 0.585781 0.00700986 0.349264 0.00816124 
100 0.4 40900000 24.2375 0.390111 -312.429 3.64057 99134.7 2296.25 1.03901e+10 4.74668e+08 -0.660663 0.0341629 -0.229836 0.0638564 0.585781 0.00700986 0.349264 0.00816124 
100 0.4 41000000 24.2375 0.390111 -312.429 3.64057 99134.7 2296.25 1.03901e+10 4.74668e+08 -0.660663 0.0341629 -0.229836 0.0638564 0.585781 0.00700986 0.349264 0.00816124 
100 0.4 41100000 24.2375 0.390111 -312.429 3.64057 99134.7 2296.25 1.03901e+10 4.74668e+08 -0.660663 0.0341629 -0.229836 0.0638564 0.585781 0.00700986 0.349264 0.00816124 
100 0.4 41200000 24.2375 0.390111 -312.429 3.64057 99134.7 2296.25 1.03901e+10 4.74668e+08 -0.660663 0.0341629 -0.229836 0.0638564 0.585781 0.00700986 0.349264 0.00816124 
100 0.4 41300000 24.2375 0.390111 -312.429 3.64057 99134.7 2296.25 1.03901e+10 4.74668e+08 -0.660663 0.0341629 -0.229836 0.0638564 0.585781 0.00700986 0.349264 0.00816124 
100 0.4 41400000 24.2375 0.387666 -312.429 3.64057 99134.7 2296.25 1.03901e+10 4.74668e+08 -0.660663 0.0341629 -0.229836 0.0638564 0.585781 0.00700986 0.349264 0.00816124 
100 0.4 41500000 24.2375 0.387666 -312.429 3.64057 99134.7 2296.25 1.03901e+10 4.74668e+08 -0.660663 0.0341629 -0.229836 0.0638564 0.585781 0.00700986 0.349264 0.00816124 
100 0.4 41600000 24.2375 0.387666 -312.429 3.64057 99134.7 2296.25 1.03901e+10 4.74668e+08 -0.660663 0.0341629 -0.229836 0.0638564 0.585781 0.00700986 0.349264 0.00816124 
100 0.4 41700000 24.2375 0.387666 -312.429 3.64057 99134.7 2296.25 1.03901e+10 4.74668e+08 -0.660663 0.0341629 -0.229836 0.0638564 0.585781 0.00700986 0.349264 0.00816124 
100 0.4 41800000 24.2375 0.387666 -312.429 3.64057 99134.7 2296.25 1.03901e+10 4.74668e+08 -0.660663 0.0341629 -0.229836 0.0638564 0.585781 0.00700986 0.349264 0.00816124 
100 0.4 41900000 24.2375 0.387666 -312.429 3.64057 99134.7 2296.25 1.03901e+10 4.74668e+08 -0.660663 0.0341629 -0.229836 0.0638564 0.585781 0.00700986 0.349264 0.00816124 
100 0.4 42000000 24.1396 0.382919 -311.808 3.46567 98717.7 2190.27 1.0296e+10 4.54235e+08 -0.659816 0.030114 -0.20197 0.0645792 0.584542 0.0066804 0.347754 0.00778958 
100 0.4 42100000 24.1396 0.382919 -311.808 3.46567 98717.7 2190.27 1.0296e+10 4.54235e+08 -0.659816 0.030114 -0.20197 0.0645792 0.584542 0.0066804 0.347754 0.00778958 
100 0.4 42200000 24.1396 0.382919 -311.808 3.46567 98717.7 2190.27 1.0296e+10 4.54235e+08 -0.659816 0.030114 -0.20197 0.0645792 0.584542 0.0066804 0.347754 0.00778958 
100 0.4 42300000 24.1396 0.382919 -311.808 3.46567 98717.7 2190.27 1.0296e+10 4.54235e+08 -0.659816 0.030114 -0.20197 0.0645792 0.584542 0.0066804 0.347754 0.00778958 
100 0.4 42400000 24.1396 0.382919 -311.808 3.46567 98717.7 2190.27 1.0296e+10 4.54235e+08 -0.659816 0.030114 -0.20197 0.0645792 0.584542 0.0066804 0.347754 0.00778958 
100 0.4 42500000 24.1396 0.382919 -311.808 3.46567 98717.7 2190.27 1.0296e+10 4.54235e+08 -0.659816 0.030114 -0.20197 0.0645792 0.584542 0.0066804 0.347754 0.00778958 
100 0.4 42600000 24.1396 0.378838 -311.808 3.46567 98717.7 2190.27 1.0296e+10 4.54235e+08 -0.659816 0.030114 -0.20197 0.0645792 0.584542 0.0066804 0.347754 0.00778958 
100 0.4 42700000 24.1396 0.378838 -311.808 3.46567 98717.7 2190.27 1.0296e+10 4.54235e+08 -0.659816 0.030114 -0.20197 0.0645792 0.584542 0.0066804 0.347754 0.00778958 
100 0.4 42800000 24.1396 0.378838 -311.808 3.46567 98717.7 2190.27 1.0296e+10 4.54235e+08 -0.659816 0.030114 -0.20197 0.0645792 0.584542 0.0066804 0.347754 0.00778958 
100 0.4 42900000 24.1396 0.378838 -311.808 3.46567 98717.7 2190.27 1.0296e+10 4.54235e+08 -0.659816 0.030114 -0.20197 0.0645792 0.584542 0.0066804 0.347754 0.00778958 
100 0.4 43000000 24.1396 0.378838 -311.808 3.46567 98717.7 2190.27 1.0296e+10 4.54235e+08 -0.659816 0.030114 -0.20197 0.0645792 0.584542 0.0066804 0.347754 0.00778958 
100 0.4 43100000 24.1396 0.378838 -311.808 3.46567 98717.7 2190.27 1.0296e+10 4.54235e+08 -0.659816 0.030114 -0.20197 0.0645792 0.584542 0.0066804 0.347754 0.00778958 
100 0.4 43200000 24.1396 0.378838 -311.808 3.46567 98717.7 2190.27 1.0296e+10 4.54235e+08 -0.659816 0.030114 -0.20197 0.0645792 0.584542 0.0066804 0.347754 0.00778958 
100 0.4 43300000 24.1396 0.380722 -311.808 3.46567 98717.7 2190.27 1.0296e+10 4.54235e+08 -0.659816 0.030114 -0.20197 0.0645792 0.584542 0.0066804 0.347754 0.00778958 
100 0.4 43400000 24.1396 0.380722 -311.808 3.46567 98717.7 2190.27 1.0296e+10 4.54235e+08 -0.659816 0.030114 -0.20197 0.0645792 0.584542 0.0066804 0.347754 0.00778958 
100 0.4 43500000 24.1396 0.380722 -311.808 3.46567 98717.7 2190.27 1.0296e+10 4.54235e+08 -0.659816 0.030114 -0.20197 0.0645792 0.584542 0.0066804 0.347754 0.00778958 
100 0.4 43600000 24.1396 0.380722 -311.808 3.46567 98717.7 2190.27 1.0296e+10 4.54235e+08 -0.659816 0.030114 -0.20197 0.0645792 0.584542 0.0066804 0.347754 0.00778958 
100 0.4 43700000 24.1396 0.380722 -311.808 3.46567 98717.7 2190.27 1.0296e+10 4.54235e+08 -0.659816 0.030114 -0.20197 0.0645792 0.584542 0.0066804 0.347754 0.00778958 
100 0.4 43800000 24.1396 0.380722 -311.808 3.46567 98717.7 2190.27 1.0296e+10 4.54235e+08 -0.659816 0.030114 -0.20197 0.0645792 0.584542 0.0066804 0.347754 0.00778958 
100 0.4 43900000 24.1396 0.375584 -311.808 3.46567 98717.7 2190.27 1.0296e+10 4.54235e+08 -0.659816 0.030114 -0.20197 0.0645792 0.584542 0.0066804 0.347754 0.00778958 
100 0.4 44000000 24.1396 0.375584 -311.808 3.46567 98717.7 2190.27 1.0296e+10 4.54235e+08 -0.659816 0.030114 -0.20197 0.0645792 0.584542 0.0066804 0.347754 0.00778958 
100 0.4 44100000 24.1396 0.375584 -311.808 3.46567 98717.7 2190.27 1.0296e+10 4.54235e+08 -0.659816 0.030114 -0.20197 0.0645792 0.584542 0.0066804 0.347754 0.00778958 
100 0.4 44200000 24.1396 0.375584 -311.808 3.46567 98717.7 2190.27 1.0296e+10 4.54235e+08 -0.659816 0.030114 -0.20197 0.0645792 0.584542 0.0066804 0.347754 0.00778958 
100 0.4 44300000 24.1396 0.375584 -311.808 3.46567 98717.7 2190.27 1.0296e+10 4.54235e+08 -0.659816 0.030114 -0.20197 0.0645792 0.584542 0.0066804 0.347754 0.00778958 
100 0.4 44400000 24.1396 0.375584 -311.808 3.46567 98717.7 2190.27 1.0296e+10 4.54235e+08 -0.659816 0.030114 -0.20197 0.0645792 0.584542 0.0066804 0.347754 0.00778958 
100 0.4 44500000 24.1396 0.375584 -311.808 3.46567 98717.7 2190.27 1.0296e+10 4.54235e+08 -0.659816 0.030114 -0.20197 0.0645792 0.584542 0.0066804 0.347754 0.00778958 
100 0.4 44600000 24.3915 0.429738 -311.011 3.3521 98250.8 2110.63 1.02118e+10 4.35238e+08 -0.657786 0.030114 -0.205299 0.0645792 0.582545 0.00657931 0.345625 0.00761664 
100 0.4 44700000 24.3915 0.429738 -311.011 3.3521 98250.8 2110.63 1.02118e+10 4.35238e+08 -0.657786 0.030114 -0.205299 0.0645792 0.582545 0.00657931 0.345625 0.00761664 
100 0.4 44800000 24.3915 0.429738 -311.011 3.3521 98250.8 2110.63 1.02118e+10 4.35238e+08 -0.657786 0.030114 -0.205299 0.0645792 0.582545 0.00657931 0.345625 0.00761664 
100 0.4 44900000 24.3915 0.429738 -311.011 3.3521 98250.8 2110.63 1.02118e+10 4.35238e+08 -0.657786 0.030114 -0.205299 0.0645792 0.582545 0.00657931 0.345625 0.00761664 
100 0.4 45000000 24.3915 0.429738 -311.011 3.3521 98250.8 2110.63 1.02118e+10 4.35238e+08 -0.657786 0.030114 -0.205299 0.0645792 0.582545 0.00657931 0.345625 0.00761664 
100 0.4 45100000 24.3915 0.429738 -311.011 3.3521 98250.8 2110.63 1.02118e+10 4.35238e+08 -0.657786 0.030114 -0.205299 0.0645792 0.582545 0.00657931 0.345625 0.00761664 
100 0.4 45200000 24.3915 0.429738 -311.011 3.3521 98250.8 2110.63 1.02118e+10 4.35238e+08 -0.657786 0.030114 -0.205299 0.0645792 0.582545 0.00657931 0.345625 0.00761664 
100 0.4 45300000 24.3915 0.429738 -311.011 3.3521 98250.8 2110.63 1.02118e+10 4.35238e+08 -0.657786 0.030114 -0.205299 0.0645792 0.582545 0.00657931 0.345625 0.00761664 
100 0.4 45400000 24.3915 0.429738 -311.011 3.3521 98250.8 2110.63 1.02118e+10 4.35238e+08 -0.657786 0.030114 -0.205299 0.0645792 0.582545 0.00657931 0.345625 0.00761664 
100 0.4 45500000 24.3915 0.429738 -311.011 3.3521 98250.8 2110.63 1.02118e+10 4.35238e+08 -0.657786 0.030114 -0.205299 0.0645792 0.582545 0.00657931 0.345625 0.00761664 
100 0.4 45600000 24.3915 0.429738 -311.011 3.3521 98250.8 2110.63 1.02118e+10 4.35238e+08 -0.657786 0.030114 -0.205299 0.0645792 0.582545 0.00657931 0.345625 0.00761664 
100 0.4 45700000 24.3915 0.429738 -311.011 3.3521 98250.8 2110.63 1.02118e+10 4.35238e+08 -0.657786 0.030114 -0.205299 0.0645792 0.582545 0.00657931 0.345625 0.00761664 
100 0.4 45800000 24.3915 0.429738 -311.011 3.3521 98250.8 2110.63 1.02118e+10 4.35238e+08 -0.657786 0.030114 -0.205299 0.0645792 0.582545 0.00657931 0.345625 0.00761664 
100 0.4 45900000 24.3915 0.429738 -311.011 3.3521 98250.8 2110.63 1.02118e+10 4.35238e+08 -0.657786 0.030114 -0.205299 0.0645792 0.582545 0.00657931 0.345625 0.00761664 
100 0.4 46000000 24.3915 0.429738 -311.011 3.3521 98250.8 2110.63 1.02118e+10 4.35238e+08 -0.657786 0.030114 -0.205299 0.0645792 0.582545 0.00657931 0.345625 0.00761664 
100 0.4 46100000 24.3915 0.429738 -311.011 3.3521 98250.8 2110.63 1.02118e+10 4.35238e+08 -0.657786 0.030114 -0.205299 0.0645792 0.582545 0.00657931 0.345625 0.00761664 
100 0.4 46200000 24.3915 0.429738 -311.011 3.3521 98250.8 2110.63 1.02118e+10 4.35238e+08 -0.657786 0.030114 -0.205299 0.0645792 0.582545 0.00657931 0.345625 0.00761664 
100 0.4 46300000 24.3915 0.429738 -311.011 3.3521 98250.8 2110.63 1.02118e+10 4.35238e+08 -0.657786 0.030114 -0.205299 0.0645792 0.582545 0.00657931 0.345625 0.00761664 
100 0.4 46400000 24.3915 0.429738 -311.011 3.3521 98250.8 2110.63 1.02118e+10 4.35238e+08 -0.657786 0.030114 -0.205299 0.0645792 0.582545 0.00657931 0.345625 0.00761664 
100 0.4 46500000 24.3915 0.429738 -311.011 3.3521 98250.8 2110.63 1.02118e+10 4.35238e+08 -0.657786 0.030114 -0.205299 0.0645792 0.582545 0.00657931 0.345625 0.00761664 
100 0.4 46600000 24.3915 0.429738 -311.011 3.3521 98250.8 2110.63 1.02118e+10 4.35238e+08 -0.657786 0.030114 -0.205299 0.0645792 0.582545 0.00657931 0.345625 0.00761664 
100 0.4 46700000 24.3915 0.429738 -311.011 3.3521 98250.8 2110.63 1.02118e+10 4.35238e+08 -0.657786 0.030114 -0.205299 0.0645792 0.582545 0.00657931 0.345625 0.00761664 
100 0.4 46800000 24.3915 0.429738 -311.011 3.3521 98250.8 2110.63 1.02118e+10 4.35238e+08 -0.657786 0.030114 -0.205299 0.0645792 0.582545 0.00657931 0.345625 0.00761664 
100 0.4 46900000 24.3915 0.429738 -311.011 3.3521 98250.8 2110.63 1.02118e+10 4.35238e+08 -0.657786 0.030114 -0.205299 0.0645792 0.582545 0.00657931 0.345625 0.00761664 
100 0.4 47000000 24.3915 0.429738 -311.011 3.3521 98250.8 2110.63 1.02118e+10 4.35238e+08 -0.657786 0.030114 -0.205299 0.0645792 0.582545 0.00657931 0.345625 0.00761664 
100 0.4 47100000 24.3737 0.406234 -311.638 3.22388 98625.4 2026.34 1.0283e+10 4.16832e+08 -0.659819 0.026768 -0.177791 0.0617646 0.582413 0.0062151 0.345482 0.00719484 
100 0.4 47200000 24.3737 0.406234 -311.638 3.22388 98625.4 2026.34 1.0283e+10 4.16832e+08 -0.659819 0.026768 -0.177791 0.0617646 0.582413 0.0062151 0.345482 0.00719484 
100 0.4 47300000 24.3737 0.406234 -311.638 3.22388 98625.4 2026.34 1.0283e+10 4.16832e+08 -0.659819 0.026768 -0.177791 0.0617646 0.582413 0.0062151 0.345482 0.00719484 
100 0.4 47400000 24.3737 0.406234 -311.638 3.22388 98625.4 2026.34 1.0283e+10 4.16832e+08 -0.659819 0.026768 -0.177791 0.0617646 0.582413 0.0062151 0.345482 0.00719484 
100 0.4 47500000 24.3737 0.406234 -311.638 3.22388 98625.4 2026.34 1.0283e+10 4.16832e+08 -0.659819 0.026768 -0.177791 0.0617646 0.582413 0.0062151 0.345482 0.00719484 
100 0.4 47600000 24.3737 0.406234 -311.638 3.22388 98625.4 2026.34 1.0283e+10 4.16832e+08 -0.659819 0.026768 -0.177791 0.0617646 0.582413 0.0062151 0.345482 0.00719484 
100 0.4 47700000 24.3737 0.406234 -311.638 3.22388 98625.4 2026.34 1.0283e+10 4.16832e+08 -0.659819 0.026768 -0.177791 0.0617646 0.582413 0.0062151 0.345482 0.00719484 
100 0.4 47800000 24.3737 0.406234 -311.638 3.22388 98625.4 2026.34 1.0283e+10 4.16832e+08 -0.659819 0.026768 -0.177791 0.0617646 0.582413 0.0062151 0.345482 0.00719484 
100 0.4 47900000 24.3737 0.406234 -311.638 3.22388 98625.4 2026.34 1.0283e+10 4.16832e+08 -0.659819 0.026768 -0.177791 0.0617646 0.582413 0.0062151 0.345482 0.00719484 
100 0.4 48000000 24.3737 0.406234 -311.638 3.22388 98625.4 2026.34 1.0283e+10 4.16832e+08 -0.659819 0.026768 -0.177791 0.0617646 0.582413 0.0062151 0.345482 0.00719484 
100 0.4 48100000 24.3737 0.406234 -311.638 3.22388 98625.4 2026.34 1.0283e+10 4.16832e+08 -0.659819 0.026768 -0.177791 0.0617646 0.582413 0.0062151 0.345482 0.00719484 
100 0.4 48200000 24.3737 0.406234 -311.638 3.22388 98625.4 2026.34 1.0283e+10 4.16832e+08 -0.659819 0.026768 -0.177791 0.0617646 0.582413 0.0062151 0.345482 0.00719484 
100 0.4 48300000 24.3737 0.406234 -311.638 3.22388 98625.4 2026.34 1.0283e+10 4.16832e+08 -0.659819 0.026768 -0.177791 0.0617646 0.582413 0.0062151 0.345482 0.00719484 
100 0.4 48400000 24.3737 0.406234 -311.638 3.22388 98625.4 2026.34 1.0283e+10 4.16832e+08 -0.659819 0.026768 -0.177791 0.0617646 0.582413 0.0062151 0.345482 0.00719484 
100 0.4 48500000 24.3737 0.406234 -311.638 3.22388 98625.4 2026.34 1.0283e+10 4.16832e+08 -0.659819 0.026768 -0.177791 0.0617646 0.582413 0.0062151 0.345482 0.00719484 
100 0.4 48600000 24.3737 0.406234 -311.638 3.22388 98625.4 2026.34 1.0283e+10 4.16832e+08 -0.659819 0.026768 -0.177791 0.0617646 0.582413 0.0062151 0.345482 0.00719484 
100 0.4 48700000 24.3737 0.406234 -311.638 3.22388 98625.4 2026.34 1.0283e+10 4.16832e+08 -0.659819 0.026768 -0.177791 0.0617646 0.582413 0.0062151 0.345482 0.00719484 
100 0.4 48800000 24.3737 0.406234 -311.638 3.22388 98625.4 2026.34 1.0283e+10 4.16832e+08 -0.659819 0.026768 -0.177791 0.0617646 0.582413 0.0062151 0.345482 0.00719484 
100 0.4 48900000 24.3737 0.406234 -311.638 3.22388 98625.4 2026.34 1.0283e+10 4.16832e+08 -0.659819 0.026768 -0.177791 0.0617646 0.582413 0.0062151 0.345482 0.00719484 
100 0.4 49000000 24.3737 0.406234 -311.638 3.22388 98625.4 2026.34 1.0283e+10 4.16832e+08 -0.659819 0.026768 -0.177791 0.0617646 0.582413 0.0062151 0.345482 0.00719484 
100 0.4 49100000 24.3737 0.406234 -311.638 3.22388 98625.4 2026.34 1.0283e+10 4.16832e+08 -0.659819 0.026768 -0.177791 0.0617646 0.582413 0.0062151 0.345482 0.00719484 
100 0.4 49200000 24.3737 0.406234 -311.638 3.22388 98625.4 2026.34 1.0283e+10 4.16832e+08 -0.659819 0.026768 -0.177791 0.0617646 0.582413 0.0062151 0.345482 0.00719484 
100 0.4 49300000 24.3737 0.406234 -311.638 3.22388 98625.4 2026.34 1.0283e+10 4.16832e+08 -0.659819 0.026768 -0.177791 0.0617646 0.582413 0.0062151 0.345482 0.00719484 
100 0.4 49400000 24.3737 0.406234 -311.638 3.22388 98625.4 2026.34 1.0283e+10 4.16832e+08 -0.659819 0.026768 -0.177791 0.0617646 0.582413 0.0062151 0.345482 0.00719484 
100 0.4 49500000 24.3737 0.406234 -311.638 3.22388 98625.4 2026.34 1.0283e+10 4.16832e+08 -0.659819 0.026768 -0.177791 0.0617646 0.582413 0.0062151 0.345482 0.00719484 
100 0.4 49600000 24.3737 0.406234 -311.638 3.22388 98625.4 2026.34 1.0283e+10 4.16832e+08 -0.659819 0.026768 -0.177791 0.0617646 0.582413 0.0062151 0.345482 0.00719484 
100 0.4 49700000 24.2866 0.394081 -312.532 3.17587 99167.3 1990.84 1.03857e+10 4.07363e+08 -0.663755 0.026768 -0.175928 0.0617646 0.584455 0.00621421 0.347809 0.00718268 
100 0.4 49800000 24.2866 0.394081 -312.532 3.17587 99167.3 1990.84 1.03857e+10 4.07363e+08 -0.663755 0.026768 -0.175928 0.0617646 0.584455 0.00621421 0.347809 0.00718268 
100 0.4 49900000 24.2866 0.394081 -312.532 3.17587 99167.3 1990.84 1.03857e+10 4.07363e+08 -0.663755 0.026768 -0.175928 0.0617646 0.584455 0.00621421 0.347809 0.00718268 
100 0.4 50000000 24.2866 0.394081 -312.532 3.17587 99167.3 1990.84 1.03857e+10 4.07363e+08 -0.663755 0.026768 -0.175928 0.0617646 0.584455 0.00621421 0.347809 0.00718268 
100 0.4 50100000 24.2866 0.394081 -312.532 3.17587 99167.3 1990.84 1.03857e+10 4.07363e+08 -0.663755 0.026768 -0.175928 0.0617646 0.584455 0.00621421 0.347809 0.00718268 
100 0.4 50200000 24.2866 0.394081 -312.532 3.17587 99167.3 1990.84 1.03857e+10 4.07363e+08 -0.663755 0.026768 -0.175928 0.0617646 0.584455 0.00621421 0.347809 0.00718268 
100 0.4 50300000 24.2866 0.394081 -312.532 3.17587 99167.3 1990.84 1.03857e+10 4.07363e+08 -0.663755 0.026768 -0.175928 0.0617646 0.584455 0.00621421 0.347809 0.00718268 
100 0.4 50400000 24.2866 0.394081 -312.532 3.17587 99167.3 1990.84 1.03857e+10 4.07363e+08 -0.663755 0.026768 -0.175928 0.0617646 0.584455 0.00621421 0.347809 0.00718268 
100 0.4 50500000 24.2866 0.394081 -312.532 3.17587 99167.3 1990.84 1.03857e+10 4.07363e+08 -0.663755 0.026768 -0.175928 0.0617646 0.584455 0.00621421 0.347809 0.00718268 
100 0.4 50600000 24.2866 0.394081 -312.532 3.17587 99167.3 1990.84 1.03857e+10 4.07363e+08 -0.663755 0.026768 -0.175928 0.0617646 0.584455 0.00621421 0.347809 0.00718268 
100 0.4 50700000 24.2866 0.394081 -312.532 3.17587 99167.3 1990.84 1.03857e+10 4.07363e+08 -0.663755 0.026768 -0.175928 0.0617646 0.584455 0.00621421 0.347809 0.00718268 
100 0.4 50800000 24.2866 0.394081 -312.532 3.17587 99167.3 1990.84 1.03857e+10 4.07363e+08 -0.663755 0.026768 -0.175928 0.0617646 0.584455 0.00621421 0.347809 0.00718268 
100 0.4 50900000 24.2866 0.394081 -312.532 3.17587 99167.3 1990.84 1.03857e+10 4.07363e+08 -0.663755 0.026768 -0.175928 0.0617646 0.584455 0.00621421 0.347809 0.00718268 
100 0.4 51000000 24.2866 0.394081 -312.532 3.17587 99167.3 1990.84 1.03857e+10 4.07363e+08 -0.663755 0.026768 -0.175928 0.0617646 0.584455 0.00621421 0.347809 0.00718268 
100 0.4 51100000 24.2866 0.394081 -312.532 3.17587 99167.3 1990.84 1.03857e+10 4.07363e+08 -0.663755 0.026768 -0.175928 0.0617646 0.584455 0.00621421 0.347809 0.00718268 
100 0.4 51200000 24.2866 0.394081 -312.532 3.17587 99167.3 1990.84 1.03857e+10 4.07363e+08 -0.663755 0.026768 -0.175928 0.0617646 0.584455 0.00621421 0.347809 0.00718268 
100 0.4 51300000 24.2866 0.394081 -312.532 3.17587 99167.3 1990.84 1.03857e+10 4.07363e+08 -0.663755 0.026768 -0.175928 0.0617646 0.584455 0.00621421 0.347809 0.00718268 
100 0.4 51400000 24.2866 0.394081 -312.532 3.17587 99167.3 1990.84 1.03857e+10 4.07363e+08 -0.663755 0.026768 -0.175928 0.0617646 0.584455 0.00621421 0.347809 0.00718268 
100 0.4 51500000 24.2866 0.394081 -312.532 3.17587 99167.3 1990.84 1.03857e+10 4.07363e+08 -0.663755 0.026768 -0.175928 0.0617646 0.584455 0.00621421 0.347809 0.00718268 
100 0.4 51600000 24.2866 0.394081 -312.532 3.17587 99167.3 1990.84 1.03857e+10 4.07363e+08 -0.663755 0.026768 -0.175928 0.0617646 0.584455 0.00621421 0.347809 0.00718268 
100 0.4 51700000 24.2866 0.394081 -312.532 3.17587 99167.3 1990.84 1.03857e+10 4.07363e+08 -0.663755 0.026768 -0.175928 0.0617646 0.584455 0.00621421 0.347809 0.00718268 
100 0.4 51800000 24.2866 0.394081 -312.532 3.17587 99167.3 1990.84 1.03857e+10 4.07363e+08 -0.663755 0.026768 -0.175928 0.0617646 0.584455 0.00621421 0.347809 0.00718268 
100 0.4 51900000 24.2866 0.394081 -312.532 3.17587 99167.3 1990.84 1.03857e+10 4.07363e+08 -0.663755 0.026768 -0.175928 0.0617646 0.584455 0.00621421 0.347809 0.00718268 
100 0.4 52000000 24.2866 0.394081 -312.532 3.17587 99167.3 1990.84 1.03857e+10 4.07363e+08 -0.663755 0.026768 -0.175928 0.0617646 0.584455 0.00621421 0.347809 0.00718268 
100 0.4 52100000 24.2866 0.394081 -312.532 3.17587 99167.3 1990.84 1.03857e+10 4.07363e+08 -0.663755 0.026768 -0.175928 0.0617646 0.584455 0.00621421 0.347809 0.00718268 
100 0.4 52200000 24.373 0.383742 -312.297 3.02579 98999 1898.4 1.03441e+10 3.89115e+08 -0.640452 0.0311934 -0.200696 0.0635768 0.583996 0.00592041 0.347153 0.00685345 
100 0.4 52300000 24.373 0.383742 -312.297 3.02579 98999 1898.4 1.03441e+10 3.89115e+08 -0.640452 0.0311934 -0.200696 0.0635768 0.583996 0.00592041 0.347153 0.00685345 
100 0.4 52400000 24.373 0.383742 -312.297 3.02579 98999 1898.4 1.03441e+10 3.89115e+08 -0.640452 0.0311934 -0.200696 0.0635768 0.583996 0.00592041 0.347153 0.00685345 
100 0.4 52500000 24.373 0.383742 -312.297 3.02579 98999 1898.4 1.03441e+10 3.89115e+08 -0.640452 0.0311934 -0.200696 0.0635768 0.583996 0.00592041 0.347153 0.00685345 
100 0.4 52600000 24.373 0.383742 -312.297 3.02579 98999 1898.4 1.03441e+10 3.89115e+08 -0.640452 0.0311934 -0.200696 0.0635768 0.583996 0.00592041 0.347153 0.00685345 
100 0.4 52700000 24.373 0.383742 -312.297 3.02579 98999 1898.4 1.03441e+10 3.89115e+08 -0.640452 0.0311934 -0.200696 0.0635768 0.583996 0.00592041 0.347153 0.00685345 
100 0.4 52800000 24.373 0.383742 -312.297 3.02579 98999 1898.4 1.03441e+10 3.89115e+08 -0.640452 0.0311934 -0.200696 0.0635768 0.583996 0.00592041 0.347153 0.00685345 
100 0.4 52900000 24.373 0.383742 -312.297 3.02579 98999 1898.4 1.03441e+10 3.89115e+08 -0.640452 0.0311934 -0.200696 0.0635768 0.583996 0.00592041 0.347153 0.00685345 
100 0.4 53000000 24.373 0.383742 -312.297 3.02579 98999 1898.4 1.03441e+10 3.89115e+08 -0.640452 0.0311934 -0.200696 0.0635768 0.583996 0.00592041 0.347153 0.00685345 
