L J MC_steps R2 R2_std E E_std E2 E2_std E4 E4_std Sin1 Sin1_std Cos1 Cos1_std Mag2 Mag2_std Mag4 Mag4_std
100 0.5 1000000 49 0 -397.224 0 157787 0 2.48968e+10 0 0.854208 0 0.0231883 0 0.730208 0 0.533204 0 
100 0.5 1100000 19.1818 3.57636 -396.675 1.0479 157363 834.143 2.47703e+10 2.64313e+08 0.854681 0.00231149 0.0328016 0.00737846 0.7322 0.00431296 0.536257 0.00626348 
100 0.5 1200000 16.8 2.43929 -395.911 1.35084 156780 1069.2 2.46015e+10 3.35372e+08 0.856029 0.0015759 0.0366486 0.00531495 0.734762 0.00275971 0.540039 0.00404014 
100 0.5 1300000 17.6 2.09428 -397.789 1.62381 158294 1302.47 2.5094e+10 4.19643e+08 0.858623 0.0016302 0.0261255 0.00567309 0.738635 0.00263829 0.545771 0.00387875 
100 0.5 1400000 18 1.74878 -401.386 3.25992 161216 2651.18 2.60595e+10 8.77975e+08 0.861105 0.00275302 0.0165557 0.00896421 0.742802 0.00448686 0.552046 0.00670328 
100 0.5 1500000 17.9583 1.54252 -401.513 2.71907 161315 2211.17 2.60898e+10 7.32169e+08 0.861355 0.00230549 0.00770002 0.0110071 0.743346 0.00377187 0.552865 0.00563591 
100 0.5 1600000 19.3 1.58827 -403.873 2.67568 163253 2180.28 2.67448e+10 7.2532e+08 0.862883 0.00222208 -0.0159052 0.0183634 0.748278 0.00464812 0.560311 0.00698608 
100 0.5 1700000 19.9706 1.52438 -404.359 2.41774 163651 1971.36 2.68784e+10 6.56687e+08 0.862679 0.00197802 -0.0273449 0.0204499 0.749095 0.00412224 0.561582 0.0061995 
100 0.5 1800000 19.3 1.61887 -406.863 3.75805 165730 3093.32 2.75963e+10 1.0499e+09 0.865957 0.00388877 -0.0322115 0.0240423 0.754779 0.00754912 0.570325 0.0115214 
100 0.5 1900000 19.4091 1.61887 -406.199 3.75805 165197 3093.32 2.7423e+10 1.0499e+09 0.866432 0.00388877 -0.0322596 0.0240423 0.755394 0.00754912 0.571223 0.0115214 
100 0.5 2000000 18.5625 1.50772 -406.8 3.13224 165678 2578.21 2.75782e+10 8.75072e+08 0.867042 0.00338853 -0.040172 0.0213124 0.75757 0.00678723 0.574531 0.0103402 
100 0.5 2100000 18.4231 1.50772 -406.7 3.13224 165593 2578.21 2.75476e+10 8.75072e+08 0.867525 0.00338853 -0.0438935 0.0213124 0.758614 0.00678723 0.576109 0.0103402 
100 0.5 2200000 18.2833 1.3448 -406.215 2.73796 165193 2253.43 2.74108e+10 7.64722e+08 0.86768 0.00294002 -0.0513421 0.0194485 0.759511 0.00593483 0.577465 0.00903764 
100 0.5 2300000 17.9375 1.19508 -406.157 2.39644 165153 1972.28 2.74018e+10 6.69287e+08 0.867679 0.00257607 -0.0545604 0.018295 0.759817 0.00527322 0.578023 0.0080453 
100 0.5 2400000 17.9853 1.19508 -405.666 2.39644 164750 1972.28 2.72648e+10 6.69287e+08 0.867472 0.00257607 -0.0561258 0.018295 0.759465 0.00527322 0.57747 0.0080453 
100 0.5 2500000 18.7222 1.29454 -405.32 2.27161 164479 1864.9 2.7182e+10 6.29972e+08 0.8667 0.002469 -0.0605461 0.0172136 0.758863 0.00477287 0.576627 0.00727153 
100 0.5 2600000 19.225 1.568 -405.692 2.35313 164777 1931.87 2.72773e+10 6.52484e+08 0.865753 0.00320532 -0.0696457 0.0225982 0.758864 0.00582514 0.576598 0.00887407 
100 0.5 2700000 19.225 1.568 -405.692 2.35313 164777 1931.87 2.72773e+10 6.52484e+08 0.865753 0.00320532 -0.0696457 0.0225982 0.758864 0.00582514 0.576598 0.00887407 
100 0.5 2800000 20 1.568 -405.392 2.35313 164529 1931.87 2.71928e+10 6.52484e+08 0.864247 0.00320532 -0.0757848 0.0225982 0.757301 0.00582514 0.574251 0.00887407 
100 0.5 2900000 20 1.568 -405.392 2.35313 164529 1931.87 2.71928e+10 6.52484e+08 0.864247 0.00320532 -0.0757848 0.0225982 0.757301 0.00582514 0.574251 0.00887407 
100 0.5 3000000 20.9271 2.03018 -405.797 1.9633 164857 1611.56 2.73005e+10 5.44147e+08 0.863424 0.00341433 -0.0765666 0.0198634 0.755687 0.00565466 0.571859 0.00856744 
100 0.5 3100000 21.9135 2.03018 -406.883 1.9633 165752 1611.56 2.7606e+10 5.44147e+08 0.864722 0.00341433 -0.0767923 0.0198634 0.757719 0.00565466 0.57498 0.00856744 
100 0.5 3200000 21.9135 2.03018 -406.883 1.9633 165752 1611.56 2.7606e+10 5.44147e+08 0.864722 0.00341433 -0.0767923 0.0198634 0.757719 0.00565466 0.57498 0.00856744 
100 0.5 3300000 22.3125 2.16178 -408.072 2.69569 166746 2228.69 2.79547e+10 7.64439e+08 0.866192 0.00389 -0.0779853 0.0170764 0.760289 0.00645346 0.578949 0.00984961 
100 0.5 3400000 22.9167 2.16178 -409.366 2.69569 167818 2228.69 2.83237e+10 7.64439e+08 0.867857 0.00389 -0.0792115 0.0170764 0.763202 0.00645346 0.583453 0.00984961 
100 0.5 3500000 22.9167 2.16178 -409.366 2.69569 167818 2228.69 2.83237e+10 7.64439e+08 0.867857 0.00389 -0.0792115 0.0170764 0.763202 0.00645346 0.583453 0.00984961 
100 0.5 3600000 23.4375 2.16458 -410.575 3.32313 168819 2750.22 2.8668e+10 9.44766e+08 0.869112 0.00436452 -0.079535 0.015012 0.765242 0.00730416 0.58659 0.011197 
100 0.5 3700000 23.4375 2.16458 -410.575 3.32313 168819 2750.22 2.8668e+10 9.44766e+08 0.869112 0.00436452 -0.079535 0.015012 0.765242 0.00730416 0.58659 0.011197 
100 0.5 3800000 22.9632 2.16458 -412.192 3.32313 170181 2750.22 2.91522e+10 9.44766e+08 0.87051 0.00436452 -0.0790238 0.015012 0.767422 0.00730416 0.58995 0.011197 
100 0.5 3900000 22.7083 2.0432 -413.54 4.06721 171313 3391.97 2.95528e+10 1.18376e+09 0.871482 0.00447686 -0.0787726 0.0133633 0.768918 0.00735955 0.592234 0.0112859 
100 0.5 4000000 22.7083 2.0432 -413.54 4.06721 171313 3391.97 2.95528e+10 1.18376e+09 0.871482 0.00447686 -0.0787726 0.0133633 0.768918 0.00735955 0.592234 0.0112859 
100 0.5 4100000 23.3224 2.0432 -413.888 4.06721 171592 3391.97 2.96421e+10 1.18376e+09 0.871888 0.00447686 -0.0805399 0.0133633 0.769841 0.00735955 0.59364 0.0112859 
100 0.5 4200000 23.5813 2.35539 -414.432 4.83979 172046 4031.63 2.98003e+10 1.40339e+09 0.872723 0.00572992 -0.0810048 0.0142365 0.77128 0.00942812 0.595877 0.0144901 
100 0.5 4300000 23.5813 2.35539 -414.432 4.83979 172046 4031.63 2.98003e+10 1.40339e+09 0.872723 0.00572992 -0.0810048 0.0142365 0.77128 0.00942812 0.595877 0.0144901 
100 0.5 4400000 23.5813 2.35539 -414.432 4.83979 172046 4031.63 2.98003e+10 1.40339e+09 0.872723 0.00572992 -0.0810048 0.0142365 0.77128 0.00942812 0.595877 0.0144901 
100 0.5 4500000 23.5813 2.35539 -414.432 4.83979 172046 4031.63 2.98003e+10 1.40339e+09 0.872723 0.00572992 -0.0810048 0.0142365 0.77128 0.00942812 0.595877 0.0144901 
100 0.5 4600000 23.5966 2.35539 -413.344 4.83979 171149 4031.63 2.94942e+10 1.40339e+09 0.871116 0.00572992 -0.0840576 0.0142365 0.768974 0.00942812 0.592453 0.0144901 
100 0.5 4700000 23.5966 2.35539 -413.344 4.83979 171149 4031.63 2.94942e+10 1.40339e+09 0.871116 0.00572992 -0.0840576 0.0142365 0.768974 0.00942812 0.592453 0.0144901 
100 0.5 4800000 23.5966 2.35539 -413.344 4.83979 171149 4031.63 2.94942e+10 1.40339e+09 0.871116 0.00572992 -0.0840576 0.0142365 0.768974 0.00942812 0.592453 0.0144901 
100 0.5 4900000 23.8594 1.97918 -412.609 4.36323 170533 3632.36 2.92781e+10 1.26293e+09 0.868782 0.0059785 -0.0920244 0.0155544 0.766956 0.00879272 0.589355 0.0134629 
100 0.5 5000000 23.8594 1.97918 -412.609 4.36323 170533 3632.36 2.92781e+10 1.26293e+09 0.868782 0.0059785 -0.0920244 0.0155544 0.766956 0.00879272 0.589355 0.0134629 
100 0.5 5100000 23.8594 1.97918 -412.609 4.36323 170533 3632.36 2.92781e+10 1.26293e+09 0.868782 0.0059785 -0.0920244 0.0155544 0.766956 0.00879272 0.589355 0.0134629 
100 0.5 5200000 23.1106 1.97918 -412.253 4.36323 170240 3632.36 2.91769e+10 1.26293e+09 0.868076 0.0059785 -0.0977467 0.0155544 0.767005 0.00879272 0.589396 0.0134629 
100 0.5 5300000 23.1106 1.97918 -412.253 4.36323 170240 3632.36 2.91769e+10 1.26293e+09 0.868076 0.0059785 -0.0977467 0.0155544 0.767005 0.00879272 0.589396 0.0134629 
100 0.5 5400000 23.1106 1.97918 -412.253 4.36323 170240 3632.36 2.91769e+10 1.26293e+09 0.868076 0.0059785 -0.0977467 0.0155544 0.767005 0.00879272 0.589396 0.0134629 
100 0.5 5500000 23.2634 1.78391 -410.912 4.05657 169146 3367.85 2.88124e+10 1.16522e+09 0.865997 0.00573666 -0.105243 0.0180976 0.765539 0.00765002 0.587144 0.0117198 
100 0.5 5600000 23.2634 1.78391 -410.912 4.05657 169146 3367.85 2.88124e+10 1.16522e+09 0.865997 0.00573666 -0.105243 0.0180976 0.765539 0.00765002 0.587144 0.0117198 
100 0.5 5700000 23.2634 1.78391 -410.912 4.05657 169146 3367.85 2.88124e+10 1.16522e+09 0.865997 0.00573666 -0.105243 0.0180976 0.765539 0.00765002 0.587144 0.0117198 
100 0.5 5800000 23.2375 1.78391 -409.342 4.05657 167882 3367.85 2.84003e+10 1.16522e+09 0.864825 0.00573666 -0.109013 0.0180976 0.764299 0.00765002 0.585211 0.0117198 
100 0.5 5900000 23.2375 1.78391 -409.342 4.05657 167882 3367.85 2.84003e+10 1.16522e+09 0.864825 0.00573666 -0.109013 0.0180976 0.764299 0.00765002 0.585211 0.0117198 
100 0.5 6000000 23.2375 1.78391 -409.342 4.05657 167882 3367.85 2.84003e+10 1.16522e+09 0.864825 0.00573666 -0.109013 0.0180976 0.764299 0.00765002 0.585211 0.0117198 
100 0.5 6100000 23.2375 1.78391 -409.342 4.05657 167882 3367.85 2.84003e+10 1.16522e+09 0.864825 0.00573666 -0.109013 0.0180976 0.764299 0.00765002 0.585211 0.0117198 
100 0.5 6200000 23.4414 1.56978 -408.121 4.40607 166894 3622.63 2.80752e+10 1.23085e+09 0.863894 0.00539138 -0.112109 0.0170883 0.763325 0.0070066 0.583696 0.0107501 
100 0.5 6300000 23.4414 1.56978 -408.121 4.40607 166894 3622.63 2.80752e+10 1.23085e+09 0.863894 0.00539138 -0.112109 0.0170883 0.763325 0.0070066 0.583696 0.0107501 
100 0.5 6400000 23.4414 1.56978 -408.121 4.40607 166894 3622.63 2.80752e+10 1.23085e+09 0.863894 0.00539138 -0.112109 0.0170883 0.763325 0.0070066 0.583696 0.0107501 
100 0.5 6500000 23.1507 1.56978 -406.995 4.40607 165985 3622.63 2.77781e+10 1.23085e+09 0.862599 0.00539138 -0.116736 0.0170883 0.76244 0.0070066 0.582332 0.0107501 
100 0.5 6600000 23.1507 1.56978 -406.995 4.40607 165985 3622.63 2.77781e+10 1.23085e+09 0.862599 0.00539138 -0.116736 0.0170883 0.76244 0.0070066 0.582332 0.0107501 
100 0.5 6700000 23.1507 1.56978 -406.995 4.40607 165985 3622.63 2.77781e+10 1.23085e+09 0.862599 0.00539138 -0.116736 0.0170883 0.76244 0.0070066 0.582332 0.0107501 
100 0.5 6800000 22.7396 1.5443 -406.128 4.34384 165288 3558.2 2.75513e+10 1.20043e+09 0.86149 0.00530127 -0.11954 0.0167274 0.761203 0.00654175 0.580466 0.0100292 
100 0.5 6900000 22.7396 1.5443 -406.128 4.34384 165288 3558.2 2.75513e+10 1.20043e+09 0.86149 0.00530127 -0.11954 0.0167274 0.761203 0.00654175 0.580466 0.0100292 
100 0.5 7000000 22.7396 1.5443 -406.128 4.34384 165288 3558.2 2.75513e+10 1.20043e+09 0.86149 0.00530127 -0.11954 0.0167274 0.761203 0.00654175 0.580466 0.0100292 
100 0.5 7100000 22.6151 1.5443 -405.524 4.34384 164798 3558.2 2.73889e+10 1.20043e+09 0.860797 0.00530127 -0.122646 0.0167274 0.760814 0.00654175 0.579862 0.0100292 
100 0.5 7200000 22.6151 1.5443 -405.524 4.34384 164798 3558.2 2.73889e+10 1.20043e+09 0.860797 0.00530127 -0.122646 0.0167274 0.760814 0.00654175 0.579862 0.0100292 
100 0.5 7300000 22.6151 1.5443 -405.524 4.34384 164798 3558.2 2.73889e+10 1.20043e+09 0.860797 0.00530127 -0.122646 0.0167274 0.760814 0.00654175 0.579862 0.0100292 
100 0.5 7400000 22.6969 1.72917 -405.593 4.16355 164849 3388.58 2.74027e+10 1.12865e+09 0.860173 0.00493204 -0.126033 0.0208824 0.7607 0.00590684 0.579703 0.00905525 
100 0.5 7500000 22.6969 1.72917 -405.593 4.16355 164849 3388.58 2.74027e+10 1.12865e+09 0.860173 0.00493204 -0.126033 0.0208824 0.7607 0.00590684 0.579703 0.00905525 
100 0.5 7600000 22.6969 1.72917 -405.593 4.16355 164849 3388.58 2.74027e+10 1.12865e+09 0.860173 0.00493204 -0.126033 0.0208824 0.7607 0.00590684 0.579703 0.00905525 
100 0.5 7700000 22.6969 1.72917 -405.593 4.16355 164849 3388.58 2.74027e+10 1.12865e+09 0.860173 0.00493204 -0.126033 0.0208824 0.7607 0.00590684 0.579703 0.00905525 
100 0.5 7800000 22.6969 1.72917 -405.593 4.16355 164849 3388.58 2.74027e+10 1.12865e+09 0.860173 0.00493204 -0.126033 0.0208824 0.7607 0.00590684 0.579703 0.00905525 
100 0.5 7900000 22.6969 1.72917 -405.593 4.16355 164849 3388.58 2.74027e+10 1.12865e+09 0.860173 0.00493204 -0.126033 0.0208824 0.7607 0.00590684 0.579703 0.00905525 
100 0.5 8000000 22.6969 1.72917 -405.593 4.16355 164849 3388.58 2.74027e+10 1.12865e+09 0.860173 0.00493204 -0.126033 0.0208824 0.7607 0.00590684 0.579703 0.00905525 
100 0.5 8100000 22.9205 1.72917 -403.209 4.24374 162974 3437.45 2.68179e+10 1.13665e+09 0.856056 0.00595894 -0.131437 0.0208824 0.755293 0.00744412 0.571789 0.0111672 
100 0.5 8200000 22.9205 1.72917 -403.209 4.24374 162974 3437.45 2.68179e+10 1.13665e+09 0.856056 0.00595894 -0.131437 0.0208824 0.755293 0.00744412 0.571789 0.0111672 
100 0.5 8300000 22.9205 1.72917 -403.209 4.24374 162974 3437.45 2.68179e+10 1.13665e+09 0.856056 0.00595894 -0.131437 0.0208824 0.755293 0.00744412 0.571789 0.0111672 
100 0.5 8400000 22.9205 1.72917 -403.209 4.24374 162974 3437.45 2.68179e+10 1.13665e+09 0.856056 0.00595894 -0.131437 0.0208824 0.755293 0.00744412 0.571789 0.0111672 
100 0.5 8500000 22.9205 1.72917 -403.209 4.24374 162974 3437.45 2.68179e+10 1.13665e+09 0.856056 0.00595894 -0.131437 0.0208824 0.755293 0.00744412 0.571789 0.0111672 
100 0.5 8600000 22.9205 1.72917 -403.209 4.24374 162974 3437.45 2.68179e+10 1.13665e+09 0.856056 0.00595894 -0.131437 0.0208824 0.755293 0.00744412 0.571789 0.0111672 
100 0.5 8700000 22.6797 1.44106 -403.177 4.11129 162943 3317.03 2.68047e+10 1.08753e+09 0.856185 0.00546376 -0.129436 0.017677 0.754783 0.00684121 0.571002 0.0102642 
100 0.5 8800000 22.6797 1.44106 -403.177 4.11129 162943 3317.03 2.68047e+10 1.08753e+09 0.856185 0.00546376 -0.129436 0.017677 0.754783 0.00684121 0.571002 0.0102642 
100 0.5 8900000 22.6797 1.44106 -403.177 4.11129 162943 3317.03 2.68047e+10 1.08753e+09 0.856185 0.00546376 -0.129436 0.017677 0.754783 0.00684121 0.571002 0.0102642 
100 0.5 9000000 22.6797 1.44106 -403.177 4.11129 162943 3317.03 2.68047e+10 1.08753e+09 0.856185 0.00546376 -0.129436 0.017677 0.754783 0.00684121 0.571002 0.0102642 
100 0.5 9100000 22.6797 1.44106 -403.177 4.11129 162943 3317.03 2.68047e+10 1.08753e+09 0.856185 0.00546376 -0.129436 0.017677 0.754783 0.00684121 0.571002 0.0102642 
100 0.5 9200000 22.6797 1.44106 -403.177 4.11129 162943 3317.03 2.68047e+10 1.08753e+09 0.856185 0.00546376 -0.129436 0.017677 0.754783 0.00684121 0.571002 0.0102642 
100 0.5 9300000 22.6797 1.44106 -403.177 4.11129 162943 3317.03 2.68047e+10 1.08753e+09 0.856185 0.00546376 -0.129436 0.017677 0.754783 0.00684121 0.571002 0.0102642 
100 0.5 9400000 22.6827 1.44106 -402.857 4.11129 162670 3317.03 2.67058e+10 1.08753e+09 0.854873 0.00538904 -0.128239 0.017677 0.752006 0.00685578 0.566874 0.0102712 
100 0.5 9500000 22.6827 1.44106 -402.857 4.11129 162670 3317.03 2.67058e+10 1.08753e+09 0.854873 0.00538904 -0.128239 0.017677 0.752006 0.00685578 0.566874 0.0102712 
100 0.5 9600000 22.6827 1.44106 -402.857 4.11129 162670 3317.03 2.67058e+10 1.08753e+09 0.854873 0.00538904 -0.128239 0.017677 0.752006 0.00685578 0.566874 0.0102712 
100 0.5 9700000 22.6827 1.44106 -402.857 4.11129 162670 3317.03 2.67058e+10 1.08753e+09 0.854873 0.00538904 -0.128239 0.017677 0.752006 0.00685578 0.566874 0.0102712 
100 0.5 9800000 22.6827 1.44106 -402.857 4.11129 162670 3317.03 2.67058e+10 1.08753e+09 0.854873 0.00538904 -0.128239 0.017677 0.752006 0.00685578 0.566874 0.0102712 
100 0.5 9900000 22.6827 1.44106 -402.857 4.11129 162670 3317.03 2.67058e+10 1.08753e+09 0.854873 0.00538904 -0.128239 0.017677 0.752006 0.00685578 0.566874 0.0102712 
100 0.5 10000000 22.6629 1.23529 -401.415 3.88293 161522 3132.79 2.63397e+10 1.02674e+09 0.852399 0.00579866 -0.127082 0.0153076 0.747384 0.00871571 0.560186 0.0128417 
100 0.5 10100000 22.6629 1.23529 -401.415 3.88293 161522 3132.79 2.63397e+10 1.02674e+09 0.852399 0.00579866 -0.127082 0.0153076 0.747384 0.00871571 0.560186 0.0128417 
100 0.5 10200000 22.6629 1.23529 -401.415 3.88293 161522 3132.79 2.63397e+10 1.02674e+09 0.852399 0.00579866 -0.127082 0.0153076 0.747384 0.00871571 0.560186 0.0128417 
100 0.5 10300000 22.6629 1.23529 -401.415 3.88293 161522 3132.79 2.63397e+10 1.02674e+09 0.852399 0.00579866 -0.127082 0.0153076 0.747384 0.00871571 0.560186 0.0128417 
100 0.5 10400000 22.6629 1.23529 -401.415 3.88293 161522 3132.79 2.63397e+10 1.02674e+09 0.852399 0.00579866 -0.127082 0.0153076 0.747384 0.00871571 0.560186 0.0128417 
100 0.5 10500000 22.6629 1.23529 -401.415 3.88293 161522 3132.79 2.63397e+10 1.02674e+09 0.852399 0.00579866 -0.127082 0.0153076 0.747384 0.00871571 0.560186 0.0128417 
100 0.5 10600000 22.7375 1.23529 -400.905 3.88293 161104 3132.79 2.61996e+10 1.02674e+09 0.850361 0.00579866 -0.130487 0.0153076 0.744867 0.00871571 0.556465 0.0128417 
100 0.5 10700000 22.7375 1.23529 -400.905 3.88293 161104 3132.79 2.61996e+10 1.02674e+09 0.850361 0.00579866 -0.130487 0.0153076 0.744867 0.00871571 0.556465 0.0128417 
100 0.5 10800000 22.7375 1.23529 -400.905 3.88293 161104 3132.79 2.61996e+10 1.02674e+09 0.850361 0.00579866 -0.130487 0.0153076 0.744867 0.00871571 0.556465 0.0128417 
100 0.5 10900000 22.7375 1.23529 -400.905 3.88293 161104 3132.79 2.61996e+10 1.02674e+09 0.850361 0.00579866 -0.130487 0.0153076 0.744867 0.00871571 0.556465 0.0128417 
100 0.5 11000000 22.7375 1.23529 -400.905 3.88293 161104 3132.79 2.61996e+10 1.02674e+09 0.850361 0.00579866 -0.130487 0.0153076 0.744867 0.00871571 0.556465 0.0128417 
100 0.5 11100000 22.7375 1.23529 -400.905 3.88293 161104 3132.79 2.61996e+10 1.02674e+09 0.850361 0.00579866 -0.130487 0.0153076 0.744867 0.00871571 0.556465 0.0128417 
100 0.5 11200000 22.7375 1.23529 -400.905 3.88293 161104 3132.79 2.61996e+10 1.02674e+09 0.850361 0.00579866 -0.130487 0.0153076 0.744867 0.00871571 0.556465 0.0128417 
100 0.5 11300000 22.6035 1.08231 -400 3.64636 160380 2941.95 2.5966e+10 9.64033e+08 0.846985 0.00716829 -0.138052 0.0168728 0.741962 0.00915864 0.552207 0.0134894 
100 0.5 11400000 22.6035 1.08231 -400 3.64636 160380 2941.95 2.5966e+10 9.64033e+08 0.846985 0.00716829 -0.138052 0.0168728 0.741962 0.00915864 0.552207 0.0134894 
100 0.5 11500000 22.6035 1.08231 -400 3.64636 160380 2941.95 2.5966e+10 9.64033e+08 0.846985 0.00716829 -0.138052 0.0168728 0.741962 0.00915864 0.552207 0.0134894 
100 0.5 11600000 22.6035 1.08231 -400 3.64636 160380 2941.95 2.5966e+10 9.64033e+08 0.846985 0.00716829 -0.138052 0.0168728 0.741962 0.00915864 0.552207 0.0134894 
100 0.5 11700000 22.6035 1.08231 -400 3.64636 160380 2941.95 2.5966e+10 9.64033e+08 0.846985 0.00716829 -0.138052 0.0168728 0.741962 0.00915864 0.552207 0.0134894 
100 0.5 11800000 22.6035 1.08231 -400 3.64636 160380 2941.95 2.5966e+10 9.64033e+08 0.846985 0.00716829 -0.138052 0.0168728 0.741962 0.00915864 0.552207 0.0134894 
100 0.5 11900000 22.5184 1.08231 -399.062 3.64636 159636 2941.95 2.57301e+10 9.64033e+08 0.844754 0.00716829 -0.142957 0.0168728 0.739813 0.00915864 0.549047 0.0134894 
100 0.5 12000000 22.5184 1.08231 -399.062 3.64636 159636 2941.95 2.57301e+10 9.64033e+08 0.844754 0.00716829 -0.142957 0.0168728 0.739813 0.00915864 0.549047 0.0134894 
100 0.5 12100000 22.5184 1.08231 -399.062 3.64636 159636 2941.95 2.57301e+10 9.64033e+08 0.844754 0.00716829 -0.142957 0.0168728 0.739813 0.00915864 0.549047 0.0134894 
100 0.5 12200000 22.5184 1.08231 -399.062 3.64636 159636 2941.95 2.57301e+10 9.64033e+08 0.844754 0.00716829 -0.142957 0.0168728 0.739813 0.00915864 0.549047 0.0134894 
100 0.5 12300000 22.5184 1.08231 -399.062 3.64636 159636 2941.95 2.57301e+10 9.64033e+08 0.844754 0.00716829 -0.142957 0.0168728 0.739813 0.00915864 0.549047 0.0134894 
100 0.5 12400000 22.5184 1.08231 -399.062 3.64636 159636 2941.95 2.57301e+10 9.64033e+08 0.844754 0.00716829 -0.142957 0.0168728 0.739813 0.00915864 0.549047 0.0134894 
100 0.5 12500000 22.5184 1.08231 -399.062 3.64636 159636 2941.95 2.57301e+10 9.64033e+08 0.844754 0.00716829 -0.142957 0.0168728 0.739813 0.00915864 0.549047 0.0134894 
100 0.5 12600000 22.2569 1.01603 -398.209 3.65482 158953 2940.83 2.55109e+10 9.58342e+08 0.843121 0.00733976 -0.147064 0.0172377 0.738327 0.00883303 0.54682 0.013022 
100 0.5 12700000 22.2569 1.01603 -398.209 3.65482 158953 2940.83 2.55109e+10 9.58342e+08 0.843121 0.00733976 -0.147064 0.0172377 0.738327 0.00883303 0.54682 0.013022 
100 0.5 12800000 22.2569 1.01603 -398.209 3.65482 158953 2940.83 2.55109e+10 9.58342e+08 0.843121 0.00733976 -0.147064 0.0172377 0.738327 0.00883303 0.54682 0.013022 
100 0.5 12900000 22.2569 1.01603 -398.209 3.65482 158953 2940.83 2.55109e+10 9.58342e+08 0.843121 0.00733976 -0.147064 0.0172377 0.738327 0.00883303 0.54682 0.013022 
100 0.5 13000000 22.2569 1.01603 -398.209 3.65482 158953 2940.83 2.55109e+10 9.58342e+08 0.843121 0.00733976 -0.147064 0.0172377 0.738327 0.00883303 0.54682 0.013022 
100 0.5 13100000 22.2569 1.01603 -398.209 3.65482 158953 2940.83 2.55109e+10 9.58342e+08 0.843121 0.00733976 -0.147064 0.0172377 0.738327 0.00883303 0.54682 0.013022 
100 0.5 13200000 21.5181 1.08071 -397.246 3.65482 158188 2940.83 2.52681e+10 9.58342e+08 0.84165 0.00733976 -0.147131 0.0172377 0.735772 0.00883303 0.54312 0.013022 
100 0.5 13300000 21.5181 1.08071 -397.246 3.65482 158188 2940.83 2.52681e+10 9.58342e+08 0.84165 0.00733976 -0.147131 0.0172377 0.735772 0.00883303 0.54312 0.013022 
100 0.5 13400000 21.5181 1.08071 -397.246 3.65482 158188 2940.83 2.52681e+10 9.58342e+08 0.84165 0.00733976 -0.147131 0.0172377 0.735772 0.00883303 0.54312 0.013022 
100 0.5 13500000 21.5181 1.08071 -397.246 3.65482 158188 2940.83 2.52681e+10 9.58342e+08 0.84165 0.00733976 -0.147131 0.0172377 0.735772 0.00883303 0.54312 0.013022 
100 0.5 13600000 21.5181 1.08071 -397.246 3.65482 158188 2940.83 2.52681e+10 9.58342e+08 0.84165 0.00733976 -0.147131 0.0172377 0.735772 0.00883303 0.54312 0.013022 
100 0.5 13700000 21.5181 1.08071 -397.246 3.65482 158188 2940.83 2.52681e+10 9.58342e+08 0.84165 0.00733976 -0.147131 0.0172377 0.735772 0.00883303 0.54312 0.013022 
100 0.5 13800000 20.8547 1.61427 -396.377 4.65769 157496 3721.44 2.50483e+10 1.19448e+09 0.840183 0.00969944 -0.144625 0.0156855 0.732465 0.0129951 0.538391 0.0190163 
100 0.5 13900000 20.8547 1.61427 -396.377 4.65769 157496 3721.44 2.50483e+10 1.19448e+09 0.840183 0.00969944 -0.144625 0.0156855 0.732465 0.0129951 0.538391 0.0190163 
100 0.5 14000000 20.8547 1.61427 -396.377 4.65769 157496 3721.44 2.50483e+10 1.19448e+09 0.840183 0.00969944 -0.144625 0.0156855 0.732465 0.0129951 0.538391 0.0190163 
100 0.5 14100000 20.8547 1.61427 -396.377 4.65769 157496 3721.44 2.50483e+10 1.19448e+09 0.840183 0.00969944 -0.144625 0.0156855 0.732465 0.0129951 0.538391 0.0190163 
100 0.5 14200000 20.8547 1.61427 -396.377 4.65769 157496 3721.44 2.50483e+10 1.19448e+09 0.840183 0.00969944 -0.144625 0.0156855 0.732465 0.0129951 0.538391 0.0190163 
100 0.5 14300000 20.8547 1.61427 -396.377 4.65769 157496 3721.44 2.50483e+10 1.19448e+09 0.840183 0.00969944 -0.144625 0.0156855 0.732465 0.0129951 0.538391 0.0190163 
100 0.5 14400000 20.8547 1.61427 -396.377 4.65769 157496 3721.44 2.50483e+10 1.19448e+09 0.840183 0.00969944 -0.144625 0.0156855 0.732465 0.0129951 0.538391 0.0190163 
100 0.5 14500000 20.8547 1.61427 -396.377 4.65769 157496 3721.44 2.50483e+10 1.19448e+09 0.840183 0.00969944 -0.144625 0.0156855 0.732465 0.0129951 0.538391 0.0190163 
100 0.5 14600000 20.8547 1.61427 -396.377 4.65769 157496 3721.44 2.50483e+10 1.19448e+09 0.840183 0.00969944 -0.144625 0.0156855 0.732465 0.0129951 0.538391 0.0190163 
100 0.5 14700000 20.8547 1.61427 -396.377 4.65769 157496 3721.44 2.50483e+10 1.19448e+09 0.840183 0.00969944 -0.144625 0.0156855 0.732465 0.0129951 0.538391 0.0190163 
100 0.5 14800000 20.8547 1.61427 -396.377 4.65769 157496 3721.44 2.50483e+10 1.19448e+09 0.840183 0.00969944 -0.144625 0.0156855 0.732465 0.0129951 0.538391 0.0190163 
100 0.5 14900000 20.8547 1.61427 -396.377 4.65769 157496 3721.44 2.50483e+10 1.19448e+09 0.840183 0.00969944 -0.144625 0.0156855 0.732465 0.0129951 0.538391 0.0190163 
100 0.5 15000000 20.8547 1.61427 -396.377 4.65769 157496 3721.44 2.50483e+10 1.19448e+09 0.840183 0.00969944 -0.144625 0.0156855 0.732465 0.0129951 0.538391 0.0190163 
100 0.5 15100000 20.5227 1.60896 -395.031 4.65769 156429 3721.44 2.47107e+10 1.19448e+09 0.837468 0.00969944 -0.152542 0.0161341 0.730688 0.0129951 0.535702 0.0190163 
100 0.5 15200000 20.5227 1.60896 -395.031 4.65769 156429 3721.44 2.47107e+10 1.19448e+09 0.837468 0.00969944 -0.152542 0.0161341 0.730688 0.0129951 0.535702 0.0190163 
100 0.5 15300000 20.5227 1.60896 -395.031 4.65769 156429 3721.44 2.47107e+10 1.19448e+09 0.837468 0.00969944 -0.152542 0.0161341 0.730688 0.0129951 0.535702 0.0190163 
100 0.5 15400000 20.5227 1.60896 -395.031 4.65769 156429 3721.44 2.47107e+10 1.19448e+09 0.837468 0.00969944 -0.152542 0.0161341 0.730688 0.0129951 0.535702 0.0190163 
100 0.5 15500000 20.5227 1.60896 -395.031 4.65769 156429 3721.44 2.47107e+10 1.19448e+09 0.837468 0.00969944 -0.152542 0.0161341 0.730688 0.0129951 0.535702 0.0190163 
100 0.5 15600000 20.5227 1.60896 -395.031 4.65769 156429 3721.44 2.47107e+10 1.19448e+09 0.837468 0.00969944 -0.152542 0.0161341 0.730688 0.0129951 0.535702 0.0190163 
100 0.5 15700000 20.5227 1.60896 -395.031 4.65769 156429 3721.44 2.47107e+10 1.19448e+09 0.837468 0.00969944 -0.152542 0.0161341 0.730688 0.0129951 0.535702 0.0190163 
100 0.5 15800000 20.5227 1.60896 -395.031 4.65769 156429 3721.44 2.47107e+10 1.19448e+09 0.837468 0.00969944 -0.152542 0.0161341 0.730688 0.0129951 0.535702 0.0190163 
100 0.5 15900000 20.5227 1.60896 -395.031 4.65769 156429 3721.44 2.47107e+10 1.19448e+09 0.837468 0.00969944 -0.152542 0.0161341 0.730688 0.0129951 0.535702 0.0190163 
100 0.5 16000000 20.5227 1.60896 -395.031 4.65769 156429 3721.44 2.47107e+10 1.19448e+09 0.837468 0.00969944 -0.152542 0.0161341 0.730688 0.0129951 0.535702 0.0190163 
100 0.5 16100000 20.5227 1.60896 -395.031 4.65769 156429 3721.44 2.47107e+10 1.19448e+09 0.837468 0.00969944 -0.152542 0.0161341 0.730688 0.0129951 0.535702 0.0190163 
100 0.5 16200000 20.5227 1.60896 -395.031 4.65769 156429 3721.44 2.47107e+10 1.19448e+09 0.837468 0.00969944 -0.152542 0.0161341 0.730688 0.0129951 0.535702 0.0190163 
100 0.5 16300000 20.5227 1.60896 -395.031 4.65769 156429 3721.44 2.47107e+10 1.19448e+09 0.837468 0.00969944 -0.152542 0.0161341 0.730688 0.0129951 0.535702 0.0190163 
100 0.5 16400000 20.3164 1.42801 -393.93 4.47848 155557 3571.02 2.44357e+10 1.14177e+09 0.834859 0.00943153 -0.160517 0.0191881 0.729293 0.0112096 0.533594 0.0164407 
100 0.5 16500000 20.3164 1.42801 -393.93 4.47848 155557 3571.02 2.44357e+10 1.14177e+09 0.834859 0.00943153 -0.160517 0.0191881 0.729293 0.0112096 0.533594 0.0164407 
100 0.5 16600000 20.3164 1.42801 -393.93 4.47848 155557 3571.02 2.44357e+10 1.14177e+09 0.834859 0.00943153 -0.160517 0.0191881 0.729293 0.0112096 0.533594 0.0164407 
100 0.5 16700000 20.3164 1.42801 -393.93 4.47848 155557 3571.02 2.44357e+10 1.14177e+09 0.834859 0.00943153 -0.160517 0.0191881 0.729293 0.0112096 0.533594 0.0164407 
100 0.5 16800000 20.3164 1.42801 -393.93 4.47848 155557 3571.02 2.44357e+10 1.14177e+09 0.834859 0.00943153 -0.160517 0.0191881 0.729293 0.0112096 0.533594 0.0164407 
100 0.5 16900000 20.3164 1.42801 -393.93 4.47848 155557 3571.02 2.44357e+10 1.14177e+09 0.834859 0.00943153 -0.160517 0.0191881 0.729293 0.0112096 0.533594 0.0164407 
100 0.5 17000000 20.3164 1.42801 -393.93 4.47848 155557 3571.02 2.44357e+10 1.14177e+09 0.834859 0.00943153 -0.160517 0.0191881 0.729293 0.0112096 0.533594 0.0164407 
100 0.5 17100000 20.3164 1.42801 -393.93 4.47848 155557 3571.02 2.44357e+10 1.14177e+09 0.834859 0.00943153 -0.160517 0.0191881 0.729293 0.0112096 0.533594 0.0164407 
100 0.5 17200000 20.3164 1.42801 -393.93 4.47848 155557 3571.02 2.44357e+10 1.14177e+09 0.834859 0.00943153 -0.160517 0.0191881 0.729293 0.0112096 0.533594 0.0164407 
100 0.5 17300000 20.3164 1.42801 -393.93 4.47848 155557 3571.02 2.44357e+10 1.14177e+09 0.834859 0.00943153 -0.160517 0.0191881 0.729293 0.0112096 0.533594 0.0164407 
100 0.5 17400000 20.3164 1.42801 -393.93 4.47848 155557 3571.02 2.44357e+10 1.14177e+09 0.834859 0.00943153 -0.160517 0.0191881 0.729293 0.0112096 0.533594 0.0164407 
100 0.5 17500000 20.3164 1.42801 -393.93 4.47848 155557 3571.02 2.44357e+10 1.14177e+09 0.834859 0.00943153 -0.160517 0.0191881 0.729293 0.0112096 0.533594 0.0164407 
100 0.5 17600000 20.3164 1.42801 -393.93 4.47848 155557 3571.02 2.44357e+10 1.14177e+09 0.834859 0.00943153 -0.160517 0.0191881 0.729293 0.0112096 0.533594 0.0164407 
100 0.5 17700000 20.2224 1.42801 -394.916 4.47848 156344 3571.02 2.46869e+10 1.14177e+09 0.834645 0.00943153 -0.166901 0.0191881 0.73133 0.0112096 0.536581 0.0164407 
100 0.5 17800000 20.2224 1.42801 -394.916 4.47848 156344 3571.02 2.46869e+10 1.14177e+09 0.834645 0.00943153 -0.166901 0.0191881 0.73133 0.0112096 0.536581 0.0164407 
100 0.5 17900000 20.2224 1.42801 -394.916 4.47848 156344 3571.02 2.46869e+10 1.14177e+09 0.834645 0.00943153 -0.166901 0.0191881 0.73133 0.0112096 0.536581 0.0164407 
100 0.5 18000000 20.2224 1.42801 -394.916 4.47848 156344 3571.02 2.46869e+10 1.14177e+09 0.834645 0.00943153 -0.166901 0.0191881 0.73133 0.0112096 0.536581 0.0164407 
100 0.5 18100000 20.2224 1.42801 -394.916 4.47848 156344 3571.02 2.46869e+10 1.14177e+09 0.834645 0.00943153 -0.166901 0.0191881 0.73133 0.0112096 0.536581 0.0164407 
100 0.5 18200000 20.2224 1.42801 -394.916 4.47848 156344 3571.02 2.46869e+10 1.14177e+09 0.834645 0.00943153 -0.166901 0.0191881 0.73133 0.0112096 0.536581 0.0164407 
100 0.5 18300000 20.2224 1.42801 -394.916 4.47848 156344 3571.02 2.46869e+10 1.14177e+09 0.834645 0.00943153 -0.166901 0.0191881 0.73133 0.0112096 0.536581 0.0164407 
100 0.5 18400000 20.2224 1.42801 -394.916 4.47848 156344 3571.02 2.46869e+10 1.14177e+09 0.834645 0.00943153 -0.166901 0.0191881 0.73133 0.0112096 0.536581 0.0164407 
100 0.5 18500000 20.2224 1.42801 -394.916 4.47848 156344 3571.02 2.46869e+10 1.14177e+09 0.834645 0.00943153 -0.166901 0.0191881 0.73133 0.0112096 0.536581 0.0164407 
100 0.5 18600000 20.2224 1.42801 -394.916 4.47848 156344 3571.02 2.46869e+10 1.14177e+09 0.834645 0.00943153 -0.166901 0.0191881 0.73133 0.0112096 0.536581 0.0164407 
100 0.5 18700000 20.2224 1.42801 -394.916 4.47848 156344 3571.02 2.46869e+10 1.14177e+09 0.834645 0.00943153 -0.166901 0.0191881 0.73133 0.0112096 0.536581 0.0164407 
100 0.5 18800000 20.2224 1.42801 -394.916 4.47848 156344 3571.02 2.46869e+10 1.14177e+09 0.834645 0.00943153 -0.166901 0.0191881 0.73133 0.0112096 0.536581 0.0164407 
100 0.5 18900000 20.2224 1.42801 -394.916 4.47848 156344 3571.02 2.46869e+10 1.14177e+09 0.834645 0.00943153 -0.166901 0.0191881 0.73133 0.0112096 0.536581 0.0164407 
100 0.5 19000000 20.2768 1.22456 -395.444 4.08671 156757 3256.42 2.48144e+10 1.03956e+09 0.835333 0.00809607 -0.163526 0.0166813 0.731271 0.00978128 0.53646 0.0143397 
100 0.5 19100000 20.2768 1.22456 -395.444 4.08671 156757 3256.42 2.48144e+10 1.03956e+09 0.835333 0.00809607 -0.163526 0.0166813 0.731271 0.00978128 0.53646 0.0143397 
100 0.5 19200000 20.2768 1.22456 -395.444 4.08671 156757 3256.42 2.48144e+10 1.03956e+09 0.835333 0.00809607 -0.163526 0.0166813 0.731271 0.00978128 0.53646 0.0143397 
100 0.5 19300000 20.2768 1.22456 -395.444 4.08671 156757 3256.42 2.48144e+10 1.03956e+09 0.835333 0.00809607 -0.163526 0.0166813 0.731271 0.00978128 0.53646 0.0143397 
100 0.5 19400000 20.2768 1.22456 -395.444 4.08671 156757 3256.42 2.48144e+10 1.03956e+09 0.835333 0.00809607 -0.163526 0.0166813 0.731271 0.00978128 0.53646 0.0143397 
100 0.5 19500000 20.2768 1.22456 -395.444 4.08671 156757 3256.42 2.48144e+10 1.03956e+09 0.835333 0.00809607 -0.163526 0.0166813 0.731271 0.00978128 0.53646 0.0143397 
100 0.5 19600000 20.2768 1.22456 -395.444 4.08671 156757 3256.42 2.48144e+10 1.03956e+09 0.835333 0.00809607 -0.163526 0.0166813 0.731271 0.00978128 0.53646 0.0143397 
100 0.5 19700000 20.2768 1.22456 -395.444 4.08671 156757 3256.42 2.48144e+10 1.03956e+09 0.835333 0.00809607 -0.163526 0.0166813 0.731271 0.00978128 0.53646 0.0143397 
100 0.5 19800000 20.2768 1.22456 -395.444 4.08671 156757 3256.42 2.48144e+10 1.03956e+09 0.835333 0.00809607 -0.163526 0.0166813 0.731271 0.00978128 0.53646 0.0143397 
100 0.5 19900000 20.2768 1.22456 -395.444 4.08671 156757 3256.42 2.48144e+10 1.03956e+09 0.835333 0.00809607 -0.163526 0.0166813 0.731271 0.00978128 0.53646 0.0143397 
100 0.5 20000000 20.2768 1.22456 -395.444 4.08671 156757 3256.42 2.48144e+10 1.03956e+09 0.835333 0.00809607 -0.163526 0.0166813 0.731271 0.00978128 0.53646 0.0143397 
100 0.5 20100000 20.2768 1.22456 -395.444 4.08671 156757 3256.42 2.48144e+10 1.03956e+09 0.835333 0.00809607 -0.163526 0.0166813 0.731271 0.00978128 0.53646 0.0143397 
100 0.5 20200000 20.2062 1.22456 -394.182 4.08671 155798 3256.42 2.45342e+10 1.03956e+09 0.833896 0.00809607 -0.164029 0.0166813 0.728918 0.00978128 0.53308 0.0143397 
100 0.5 20300000 20.2062 1.22456 -394.182 4.08671 155798 3256.42 2.45342e+10 1.03956e+09 0.833896 0.00809607 -0.164029 0.0166813 0.728918 0.00978128 0.53308 0.0143397 
100 0.5 20400000 20.2062 1.22456 -394.182 4.08671 155798 3256.42 2.45342e+10 1.03956e+09 0.833896 0.00809607 -0.164029 0.0166813 0.728918 0.00978128 0.53308 0.0143397 
100 0.5 20500000 20.2062 1.22456 -394.182 4.08671 155798 3256.42 2.45342e+10 1.03956e+09 0.833896 0.00809607 -0.164029 0.0166813 0.728918 0.00978128 0.53308 0.0143397 
100 0.5 20600000 20.2062 1.22456 -394.182 4.08671 155798 3256.42 2.45342e+10 1.03956e+09 0.833896 0.00809607 -0.164029 0.0166813 0.728918 0.00978128 0.53308 0.0143397 
100 0.5 20700000 20.2062 1.22456 -394.182 4.08671 155798 3256.42 2.45342e+10 1.03956e+09 0.833896 0.00809607 -0.164029 0.0166813 0.728918 0.00978128 0.53308 0.0143397 
100 0.5 20800000 20.2062 1.22456 -394.182 4.08671 155798 3256.42 2.45342e+10 1.03956e+09 0.833896 0.00809607 -0.164029 0.0166813 0.728918 0.00978128 0.53308 0.0143397 
100 0.5 20900000 20.2062 1.22456 -394.182 4.08671 155798 3256.42 2.45342e+10 1.03956e+09 0.833896 0.00809607 -0.164029 0.0166813 0.728918 0.00978128 0.53308 0.0143397 
100 0.5 21000000 20.2062 1.22456 -394.182 4.08671 155798 3256.42 2.45342e+10 1.03956e+09 0.833896 0.00809607 -0.164029 0.0166813 0.728918 0.00978128 0.53308 0.0143397 
100 0.5 21100000 20.2062 1.22456 -394.182 4.08671 155798 3256.42 2.45342e+10 1.03956e+09 0.833896 0.00809607 -0.164029 0.0166813 0.728918 0.00978128 0.53308 0.0143397 
100 0.5 21200000 20.2062 1.22456 -394.182 4.08671 155798 3256.42 2.45342e+10 1.03956e+09 0.833896 0.00809607 -0.164029 0.0166813 0.728918 0.00978128 0.53308 0.0143397 
100 0.5 21300000 20.2062 1.22456 -394.182 4.08671 155798 3256.42 2.45342e+10 1.03956e+09 0.833896 0.00809607 -0.164029 0.0166813 0.728918 0.00978128 0.53308 0.0143397 
100 0.5 21400000 20.2062 1.22456 -394.182 4.08671 155798 3256.42 2.45342e+10 1.03956e+09 0.833896 0.00809607 -0.164029 0.0166813 0.728918 0.00978128 0.53308 0.0143397 
100 0.5 21500000 20.0391 1.09432 -392.809 4.34314 154739 3417.82 2.42166e+10 1.06774e+09 0.833338 0.0073257 -0.152561 0.0178394 0.726951 0.00946491 0.530201 0.0138459 
100 0.5 21600000 20.0391 1.09432 -392.809 4.34314 154739 3417.82 2.42166e+10 1.06774e+09 0.833338 0.0073257 -0.152561 0.0178394 0.726951 0.00946491 0.530201 0.0138459 
100 0.5 21700000 20.0391 1.09432 -392.809 4.34314 154739 3417.82 2.42166e+10 1.06774e+09 0.833338 0.0073257 -0.152561 0.0178394 0.726951 0.00946491 0.530201 0.0138459 
100 0.5 21800000 20.0391 1.09432 -392.809 4.34314 154739 3417.82 2.42166e+10 1.06774e+09 0.833338 0.0073257 -0.152561 0.0178394 0.726951 0.00946491 0.530201 0.0138459 
100 0.5 21900000 20.0391 1.09432 -392.809 4.34314 154739 3417.82 2.42166e+10 1.06774e+09 0.833338 0.0073257 -0.152561 0.0178394 0.726951 0.00946491 0.530201 0.0138459 
100 0.5 22000000 20.0391 1.09432 -392.809 4.34314 154739 3417.82 2.42166e+10 1.06774e+09 0.833338 0.0073257 -0.152561 0.0178394 0.726951 0.00946491 0.530201 0.0138459 
100 0.5 22100000 20.0391 1.09432 -392.809 4.34314 154739 3417.82 2.42166e+10 1.06774e+09 0.833338 0.0073257 -0.152561 0.0178394 0.726951 0.00946491 0.530201 0.0138459 
100 0.5 22200000 20.0391 1.09432 -392.809 4.34314 154739 3417.82 2.42166e+10 1.06774e+09 0.833338 0.0073257 -0.152561 0.0193258 0.726951 0.00946491 0.530201 0.0138459 
100 0.5 22300000 20.0391 1.09432 -392.809 4.34314 154739 3417.82 2.42166e+10 1.06774e+09 0.833338 0.0073257 -0.152561 0.0193258 0.726951 0.00946491 0.530201 0.0138459 
100 0.5 22400000 20.0391 1.09432 -392.809 4.34314 154739 3417.82 2.42166e+10 1.06774e+09 0.833338 0.0073257 -0.152561 0.0193258 0.726951 0.00946491 0.530201 0.0138459 
100 0.5 22500000 20.0391 1.09432 -392.809 4.34314 154739 3417.82 2.42166e+10 1.06774e+09 0.833338 0.0073257 -0.152561 0.0193258 0.726951 0.00946491 0.530201 0.0138459 
100 0.5 22600000 20.0391 1.09432 -392.809 4.34314 154739 3417.82 2.42166e+10 1.06774e+09 0.833338 0.0073257 -0.152561 0.0193258 0.726951 0.00946491 0.530201 0.0138459 
100 0.5 22700000 20.0391 1.09432 -392.809 4.34314 154739 3417.82 2.42166e+10 1.06774e+09 0.833338 0.0073257 -0.152561 0.0193258 0.726951 0.00946491 0.530201 0.0138459 
100 0.5 22800000 19.9779 1.09432 -392.505 4.34314 154485 3417.82 2.4128e+10 1.06774e+09 0.831262 0.0073257 -0.124756 0.0316897 0.727738 0.00946491 0.531273 0.0138459 
100 0.5 22900000 19.9779 1.09432 -392.505 4.34314 154485 3417.82 2.4128e+10 1.06774e+09 0.831262 0.0073257 -0.124756 0.0316897 0.727738 0.00946491 0.531273 0.0138459 
100 0.5 23000000 19.9779 1.09432 -392.505 4.34314 154485 3417.82 2.4128e+10 1.06774e+09 0.831262 0.0073257 -0.124756 0.0316897 0.727738 0.00946491 0.531273 0.0138459 
100 0.5 23100000 19.9779 1.09432 -392.505 4.34314 154485 3417.82 2.4128e+10 1.06774e+09 0.831262 0.0073257 -0.124756 0.0316897 0.727738 0.00946491 0.531273 0.0138459 
100 0.5 23200000 19.9779 1.09432 -392.505 4.34314 154485 3417.82 2.4128e+10 1.06774e+09 0.831262 0.0073257 -0.124756 0.0316897 0.727738 0.00946491 0.531273 0.0138459 
100 0.5 23300000 19.9779 1.09432 -392.505 4.34314 154485 3417.82 2.4128e+10 1.06774e+09 0.831262 0.0073257 -0.124756 0.0316897 0.727738 0.00946491 0.531273 0.0138459 
100 0.5 23400000 19.9779 1.09432 -392.505 4.34314 154485 3417.82 2.4128e+10 1.06774e+09 0.831262 0.0073257 -0.124756 0.0316897 0.727738 0.00946491 0.531273 0.0138459 
100 0.5 23500000 19.9779 1.09432 -392.505 4.34314 154485 3417.82 2.4128e+10 1.06774e+09 0.831262 0.0073257 -0.124756 0.0316897 0.727738 0.00946491 0.531273 0.0138459 
100 0.5 23600000 19.9779 1.09432 -392.505 4.34314 154485 3417.82 2.4128e+10 1.06774e+09 0.831262 0.0073257 -0.124756 0.0316897 0.727738 0.00946491 0.531273 0.0138459 
100 0.5 23700000 19.9779 1.09432 -392.505 4.34314 154485 3417.82 2.4128e+10 1.06774e+09 0.831262 0.0073257 -0.124756 0.0316897 0.727738 0.00946491 0.531273 0.0138459 
100 0.5 23800000 19.9779 1.09432 -392.505 4.34314 154485 3417.82 2.4128e+10 1.06774e+09 0.831262 0.0073257 -0.124756 0.0316897 0.727738 0.00946491 0.531273 0.0138459 
100 0.5 23900000 19.9779 1.09432 -392.505 4.34314 154485 3417.82 2.4128e+10 1.06774e+09 0.831262 0.0073257 -0.124756 0.0316897 0.727738 0.00946491 0.531273 0.0138459 
100 0.5 24000000 19.9779 1.09432 -392.505 4.34314 154485 3417.82 2.4128e+10 1.06774e+09 0.831262 0.0073257 -0.124756 0.0316897 0.727738 0.00946491 0.531273 0.0138459 
100 0.5 24100000 19.9679 0.975039 -392.125 3.91409 154174 3084.54 2.40238e+10 9.66345e+08 0.828651 0.00786981 -0.0979835 0.0538443 0.728689 0.0085713 0.532601 0.0125137 
100 0.5 24200000 19.9679 0.975039 -392.125 3.91409 154174 3084.54 2.40238e+10 9.66345e+08 0.828651 0.00786981 -0.0979835 0.0538443 0.728689 0.0085713 0.532601 0.0125137 
100 0.5 24300000 19.9679 0.975039 -392.125 3.91409 154174 3084.54 2.40238e+10 9.66345e+08 0.828651 0.00786981 -0.0979835 0.0538443 0.728689 0.0085713 0.532601 0.0125137 
100 0.5 24400000 19.9679 0.975039 -392.125 3.91409 154174 3084.54 2.40238e+10 9.66345e+08 0.828651 0.00786981 -0.0979835 0.0538443 0.728689 0.0085713 0.532601 0.0125137 
100 0.5 24500000 19.9679 0.975039 -392.125 3.91409 154174 3084.54 2.40238e+10 9.66345e+08 0.828651 0.00786981 -0.0979835 0.0538443 0.728689 0.0085713 0.532601 0.0125137 
100 0.5 24600000 19.9679 0.975039 -392.125 3.91409 154174 3084.54 2.40238e+10 9.66345e+08 0.828651 0.00786981 -0.0979835 0.0538443 0.728689 0.0085713 0.532601 0.0125137 
100 0.5 24700000 19.9679 0.975039 -392.125 3.91409 154174 3084.54 2.40238e+10 9.66345e+08 0.828651 0.00786981 -0.0979835 0.0538443 0.728689 0.0085713 0.532601 0.0125137 
100 0.5 24800000 19.9679 0.975039 -392.125 3.91409 154174 3084.54 2.40238e+10 9.66345e+08 0.828651 0.00786981 -0.0979835 0.0538443 0.728689 0.0085713 0.532601 0.0125137 
100 0.5 24900000 19.9679 0.975039 -392.125 3.91409 154174 3084.54 2.40238e+10 9.66345e+08 0.828651 0.00786981 -0.0979835 0.0538443 0.728689 0.0085713 0.532601 0.0125137 
100 0.5 25000000 19.9679 0.975039 -392.125 3.91409 154174 3084.54 2.40238e+10 9.66345e+08 0.828651 0.00786981 -0.0979835 0.0538443 0.728689 0.0085713 0.532601 0.0125137 
100 0.5 25100000 19.9679 0.975039 -392.125 3.91409 154174 3084.54 2.40238e+10 9.66345e+08 0.828651 0.00786981 -0.0979835 0.0538443 0.728689 0.0085713 0.532601 0.0125137 
100 0.5 25200000 19.9679 0.975039 -392.125 3.91409 154174 3084.54 2.40238e+10 9.66345e+08 0.828651 0.00786981 -0.0979835 0.0538443 0.728689 0.0085713 0.532601 0.0125137 
100 0.5 25300000 19.9679 0.975039 -392.125 3.91409 154174 3084.54 2.40238e+10 9.66345e+08 0.828651 0.00786981 -0.0979835 0.0538443 0.728689 0.0085713 0.532601 0.0125137 
100 0.5 25400000 20.0592 0.975039 -391.803 3.91409 153908 3084.54 2.3934e+10 9.66345e+08 0.826656 0.00786981 -0.075229 0.0538443 0.729235 0.0085713 0.533358 0.0125137 
100 0.5 25500000 20.0592 0.975039 -391.803 3.91409 153908 3084.54 2.3934e+10 9.66345e+08 0.826656 0.00786981 -0.075229 0.0538443 0.729235 0.0085713 0.533358 0.0125137 
100 0.5 25600000 20.0592 0.975039 -391.803 3.91409 153908 3084.54 2.3934e+10 9.66345e+08 0.826656 0.00786981 -0.075229 0.0538443 0.729235 0.0085713 0.533358 0.0125137 
100 0.5 25700000 20.0592 0.975039 -391.803 3.91409 153908 3084.54 2.3934e+10 9.66345e+08 0.826656 0.00786981 -0.075229 0.0538443 0.729235 0.0085713 0.533358 0.0125137 
100 0.5 25800000 20.0592 0.975039 -391.803 3.91409 153908 3084.54 2.3934e+10 9.66345e+08 0.826656 0.00786981 -0.075229 0.0538443 0.729235 0.0085713 0.533358 0.0125137 
100 0.5 25900000 20.0592 0.975039 -391.803 3.91409 153908 3084.54 2.3934e+10 9.66345e+08 0.826656 0.00786981 -0.075229 0.0538443 0.729235 0.0085713 0.533358 0.0125137 
100 0.5 26000000 20.0592 0.975039 -391.803 3.91409 153908 3084.54 2.3934e+10 9.66345e+08 0.826656 0.00786981 -0.075229 0.0538443 0.729235 0.0085713 0.533358 0.0125137 
100 0.5 26100000 20.0592 0.975039 -391.803 3.91409 153908 3084.54 2.3934e+10 9.66345e+08 0.826656 0.00786981 -0.075229 0.0538443 0.729235 0.0085713 0.533358 0.0125137 
100 0.5 26200000 20.0592 0.975039 -391.803 3.91409 153908 3084.54 2.3934e+10 9.66345e+08 0.826656 0.00786981 -0.075229 0.0538443 0.729235 0.0085713 0.533358 0.0125137 
100 0.5 26300000 20.0592 0.975039 -391.803 3.91409 153908 3084.54 2.3934e+10 9.66345e+08 0.826656 0.00786981 -0.075229 0.0538443 0.729235 0.0085713 0.533358 0.0125137 
100 0.5 26400000 20.0592 0.975039 -391.803 3.91409 153908 3084.54 2.3934e+10 9.66345e+08 0.826656 0.00786981 -0.075229 0.0538443 0.729235 0.0085713 0.533358 0.0125137 
100 0.5 26500000 20.0592 0.975039 -391.803 3.91409 153908 3084.54 2.3934e+10 9.66345e+08 0.826656 0.00786981 -0.075229 0.0538443 0.729235 0.0085713 0.533358 0.0125137 
100 0.5 26600000 19.8711 1.17093 -391.306 4.06571 153512 3241.06 2.38072e+10 1.03685e+09 0.825131 0.0106375 -0.0558747 0.0876583 0.729379 0.00907653 0.533507 0.0132943 
100 0.5 26700000 19.8711 1.17093 -391.306 4.06571 153512 3241.06 2.38072e+10 1.03685e+09 0.825131 0.0106375 -0.0558747 0.0876583 0.729379 0.00907653 0.533507 0.0132943 
100 0.5 26800000 19.8711 1.17093 -391.306 4.06571 153512 3241.06 2.38072e+10 1.03685e+09 0.825131 0.0106375 -0.0558747 0.0876583 0.729379 0.00907653 0.533507 0.0132943 
100 0.5 26900000 19.8711 1.17093 -391.306 4.06571 153512 3241.06 2.38072e+10 1.03685e+09 0.825131 0.0106375 -0.0558747 0.0876583 0.729379 0.00907653 0.533507 0.0132943 
100 0.5 27000000 19.8711 1.17093 -391.306 4.06571 153512 3241.06 2.38072e+10 1.03685e+09 0.825131 0.0106375 -0.0558747 0.0876583 0.729379 0.00907653 0.533507 0.0132943 
100 0.5 27100000 19.8711 1.17093 -391.306 4.06571 153512 3241.06 2.38072e+10 1.03685e+09 0.825131 0.0106375 -0.0558747 0.0876583 0.729379 0.00907653 0.533507 0.0132943 
100 0.5 27200000 19.8711 1.17093 -391.306 4.06571 153512 3241.06 2.38072e+10 1.03685e+09 0.825131 0.0106375 -0.0558747 0.0876583 0.729379 0.00907653 0.533507 0.0132943 
100 0.5 27300000 19.8711 1.17093 -391.306 4.06571 153512 3241.06 2.38072e+10 1.03685e+09 0.825131 0.0106375 -0.0558747 0.0876583 0.729379 0.00907653 0.533507 0.0132943 
100 0.5 27400000 19.8711 1.17093 -391.306 4.06571 153512 3241.06 2.38072e+10 1.03685e+09 0.825131 0.0106375 -0.0558747 0.0876583 0.729379 0.00907653 0.533507 0.0132943 
100 0.5 27500000 19.8711 1.17093 -391.306 4.06571 153512 3241.06 2.38072e+10 1.03685e+09 0.825131 0.0106375 -0.0558747 0.0876583 0.729379 0.00907653 0.533507 0.0132943 
100 0.5 27600000 19.8711 1.17093 -391.306 4.06571 153512 3241.06 2.38072e+10 1.03685e+09 0.825131 0.0106375 -0.0558747 0.0876583 0.729379 0.00907653 0.533507 0.0132943 
100 0.5 27700000 19.8711 1.17093 -391.306 4.06571 153512 3241.06 2.38072e+10 1.03685e+09 0.825131 0.0106375 -0.0558747 0.0876583 0.729379 0.00907653 0.533507 0.0132943 
100 0.5 27800000 19.8711 1.17093 -391.306 4.06571 153512 3241.06 2.38072e+10 1.03685e+09 0.825131 0.0106375 -0.0558747 0.0876583 0.729379 0.00907653 0.533507 0.0132943 
100 0.5 27900000 19.8711 1.17093 -391.306 4.06571 153512 3241.06 2.38072e+10 1.03685e+09 0.825131 0.0106375 -0.0558747 0.0876583 0.729379 0.00907653 0.533507 0.0132943 
100 0.5 28000000 19.8711 1.17093 -391.306 4.06571 153512 3241.06 2.38072e+10 1.03685e+09 0.825131 0.0106375 -0.0558747 0.0876583 0.729379 0.00907653 0.533507 0.0132943 
100 0.5 28100000 19.8711 1.17093 -391.306 4.06571 153512 3241.06 2.38072e+10 1.03685e+09 0.825131 0.0106375 -0.0558747 0.0876583 0.729379 0.00907653 0.533507 0.0132943 
100 0.5 28200000 19.8711 1.17093 -391.306 4.06571 153512 3241.06 2.38072e+10 1.03685e+09 0.825131 0.0106375 -0.0558747 0.0876583 0.729379 0.00907653 0.533507 0.0132943 
100 0.5 28300000 19.8711 1.17093 -391.306 4.06571 153512 3241.06 2.38072e+10 1.03685e+09 0.825131 0.0106375 -0.0558747 0.0876583 0.729379 0.00907653 0.533507 0.0132943 
100 0.5 28400000 19.8711 1.17093 -391.306 4.06571 153512 3241.06 2.38072e+10 1.03685e+09 0.825131 0.0106375 -0.0558747 0.0876583 0.729379 0.00907653 0.533507 0.0132943 
100 0.5 28500000 19.8711 1.17093 -391.306 4.06571 153512 3241.06 2.38072e+10 1.03685e+09 0.825131 0.0106375 -0.0558747 0.0876583 0.729379 0.00907653 0.533507 0.0132943 
100 0.5 28600000 19.8711 1.17093 -391.306 4.06571 153512 3241.06 2.38072e+10 1.03685e+09 0.825131 0.0106375 -0.0558747 0.0876583 0.729379 0.00907653 0.533507 0.0132943 
100 0.5 28700000 19.8711 1.17093 -391.306 4.06571 153512 3241.06 2.38072e+10 1.03685e+09 0.825131 0.0106375 -0.0558747 0.0876583 0.729379 0.00907653 0.533507 0.0132943 
100 0.5 28800000 19.8711 1.17093 -391.306 4.06571 153512 3241.06 2.38072e+10 1.03685e+09 0.825131 0.0106375 -0.0558747 0.0876583 0.729379 0.00907653 0.533507 0.0132943 
100 0.5 28900000 19.8711 1.17093 -391.306 4.06571 153512 3241.06 2.38072e+10 1.03685e+09 0.825131 0.0106375 -0.0558747 0.0876583 0.729379 0.00907653 0.533507 0.0132943 
100 0.5 29000000 19.8711 1.17093 -391.306 4.06571 153512 3241.06 2.38072e+10 1.03685e+09 0.825131 0.0106375 -0.0558747 0.0876583 0.729379 0.00907653 0.533507 0.0132943 
100 0.5 29100000 19.8711 1.17093 -391.306 4.06571 153512 3241.06 2.38072e+10 1.03685e+09 0.825131 0.0106375 -0.0558747 0.0876583 0.729379 0.00907653 0.533507 0.0132943 
100 0.5 29200000 19.6818 1.17093 -390.865 4.06571 153157 3241.06 2.3692e+10 1.03685e+09 0.824182 0.0106375 -0.0309655 0.0876583 0.72858 0.00907653 0.532296 0.0132943 
100 0.5 29300000 19.6818 1.17093 -390.865 4.06571 153157 3241.06 2.3692e+10 1.03685e+09 0.824182 0.0106375 -0.0309655 0.0876583 0.72858 0.00907653 0.532296 0.0132943 
100 0.5 29400000 19.6818 1.17093 -390.865 4.06571 153157 3241.06 2.3692e+10 1.03685e+09 0.824182 0.0106375 -0.0309655 0.0876583 0.72858 0.00907653 0.532296 0.0132943 
100 0.5 29500000 19.6818 1.17093 -390.865 4.06571 153157 3241.06 2.3692e+10 1.03685e+09 0.824182 0.0106375 -0.0309655 0.0876583 0.72858 0.00907653 0.532296 0.0132943 
100 0.5 29600000 19.6818 1.17093 -390.865 4.06571 153157 3241.06 2.3692e+10 1.03685e+09 0.824182 0.0106375 -0.0309655 0.0876583 0.72858 0.00907653 0.532296 0.0132943 
100 0.5 29700000 19.6818 1.17093 -390.865 4.06571 153157 3241.06 2.3692e+10 1.03685e+09 0.824182 0.0106375 -0.0309655 0.0876583 0.72858 0.00907653 0.532296 0.0132943 
100 0.5 29800000 19.6818 1.17093 -390.865 4.06571 153157 3241.06 2.3692e+10 1.03685e+09 0.824182 0.0106375 -0.0309655 0.0876583 0.72858 0.00907653 0.532296 0.0132943 
100 0.5 29900000 19.6818 1.17093 -390.865 4.06571 153157 3241.06 2.3692e+10 1.03685e+09 0.824182 0.0106375 -0.0309655 0.0876583 0.72858 0.00907653 0.532296 0.0132943 
100 0.5 30000000 19.6818 1.17093 -390.865 4.06571 153157 3241.06 2.3692e+10 1.03685e+09 0.824182 0.0106375 -0.0309655 0.0876583 0.72858 0.00907653 0.532296 0.0132943 
100 0.5 30100000 19.6818 1.17093 -390.865 4.06571 153157 3241.06 2.3692e+10 1.03685e+09 0.824182 0.0106375 -0.0309655 0.0876583 0.72858 0.00907653 0.532296 0.0132943 
100 0.5 30200000 19.6818 1.17093 -390.865 4.06571 153157 3241.06 2.3692e+10 1.03685e+09 0.824182 0.0106375 -0.0309655 0.0876583 0.72858 0.00907653 0.532296 0.0132943 
100 0.5 30300000 19.6818 1.17093 -390.865 4.06571 153157 3241.06 2.3692e+10 1.03685e+09 0.824182 0.0106375 -0.0309655 0.0876583 0.72858 0.00907653 0.532296 0.0132943 
100 0.5 30400000 19.6818 1.17093 -390.865 4.06571 153157 3241.06 2.3692e+10 1.03685e+09 0.824182 0.0106375 -0.0309655 0.0876583 0.72858 0.00907653 0.532296 0.0132943 
100 0.5 30500000 19.6818 1.17093 -390.865 4.06571 153157 3241.06 2.3692e+10 1.03685e+09 0.824182 0.0106375 -0.0309655 0.0876583 0.72858 0.00907653 0.532296 0.0132943 
100 0.5 30600000 19.6818 1.17093 -390.865 4.06571 153157 3241.06 2.3692e+10 1.03685e+09 0.824182 0.0106375 -0.0309655 0.0876583 0.72858 0.00907653 0.532296 0.0132943 
100 0.5 30700000 19.6818 1.17093 -390.865 4.06571 153157 3241.06 2.3692e+10 1.03685e+09 0.824182 0.0106375 -0.0309655 0.0876583 0.72858 0.00907653 0.532296 0.0132943 
100 0.5 30800000 19.6818 1.17093 -390.865 4.06571 153157 3241.06 2.3692e+10 1.03685e+09 0.824182 0.0106375 -0.0309655 0.0876583 0.72858 0.00907653 0.532296 0.0132943 
100 0.5 30900000 19.6818 1.17093 -390.865 4.06571 153157 3241.06 2.3692e+10 1.03685e+09 0.824182 0.0106375 -0.0309655 0.0876583 0.72858 0.00907653 0.532296 0.0132943 
100 0.5 31000000 19.6818 1.17093 -390.865 4.06571 153157 3241.06 2.3692e+10 1.03685e+09 0.824182 0.0106375 -0.0309655 0.0876583 0.72858 0.00907653 0.532296 0.0132943 
100 0.5 31100000 19.6818 1.17093 -390.865 4.06571 153157 3241.06 2.3692e+10 1.03685e+09 0.824182 0.0106375 -0.0309655 0.0876583 0.72858 0.00907653 0.532296 0.0132943 
100 0.5 31200000 19.6818 1.17093 -390.865 4.06571 153157 3241.06 2.3692e+10 1.03685e+09 0.824182 0.0106375 -0.0309655 0.0876583 0.72858 0.00907653 0.532296 0.0132943 
100 0.5 31300000 19.6818 1.17093 -390.865 4.06571 153157 3241.06 2.3692e+10 1.03685e+09 0.824182 0.0106375 -0.0309655 0.0876583 0.72858 0.00907653 0.532296 0.0132943 
100 0.5 31400000 19.6818 1.17093 -390.865 4.06571 153157 3241.06 2.3692e+10 1.03685e+09 0.824182 0.0106375 -0.0309655 0.0876583 0.72858 0.00907653 0.532296 0.0132943 
100 0.5 31500000 19.6818 1.17093 -390.865 4.06571 153157 3241.06 2.3692e+10 1.03685e+09 0.824182 0.0106375 -0.0309655 0.0876583 0.72858 0.00907653 0.532296 0.0132943 
100 0.5 31600000 19.6818 1.17093 -390.865 4.06571 153157 3241.06 2.3692e+10 1.03685e+09 0.824182 0.0106375 -0.0309655 0.0876583 0.72858 0.00907653 0.532296 0.0132943 
100 0.5 31700000 19.6818 1.17093 -390.865 4.06571 153157 3241.06 2.3692e+10 1.03685e+09 0.824182 0.0106375 -0.0309655 0.0876583 0.72858 0.00907653 0.532296 0.0132943 
100 0.5 31800000 19.3281 1.09444 -393.842 4.16022 155577 3330.36 2.44974e+10 1.07678e+09 0.829705 0.00979865 -0.0242127 0.0785589 0.734318 0.00880548 0.541004 0.0130217 
100 0.5 31900000 19.3281 1.09444 -393.842 4.16022 155577 3330.36 2.44974e+10 1.07678e+09 0.829705 0.00979865 -0.0242127 0.0785589 0.734318 0.00880548 0.541004 0.0130217 
100 0.5 32000000 19.3281 1.09444 -393.842 4.16022 155577 3330.36 2.44974e+10 1.07678e+09 0.829705 0.00979865 -0.0242127 0.0785589 0.734318 0.00880548 0.541004 0.0130217 
100 0.5 32100000 19.3281 1.09444 -393.842 4.16022 155577 3330.36 2.44974e+10 1.07678e+09 0.829705 0.00979865 -0.0242127 0.0785589 0.734318 0.00880548 0.541004 0.0130217 
100 0.5 32200000 19.3281 1.09444 -393.842 4.16022 155577 3330.36 2.44974e+10 1.07678e+09 0.829705 0.00979865 -0.0242127 0.0785589 0.734318 0.00880548 0.541004 0.0130217 
100 0.5 32300000 19.3281 1.09444 -393.842 4.16022 155577 3330.36 2.44974e+10 1.07678e+09 0.829705 0.00979865 -0.0242127 0.0785589 0.734318 0.00880548 0.541004 0.0130217 
100 0.5 32400000 19.3281 1.09444 -393.842 4.16022 155577 3330.36 2.44974e+10 1.07678e+09 0.829705 0.00979865 -0.0242127 0.0785589 0.734318 0.00880548 0.541004 0.0130217 
100 0.5 32500000 19.3281 1.09444 -393.842 4.16022 155577 3330.36 2.44974e+10 1.07678e+09 0.829705 0.00979865 -0.0242127 0.0785589 0.734318 0.00880548 0.541004 0.0130217 
100 0.5 32600000 19.3281 1.09444 -393.842 4.16022 155577 3330.36 2.44974e+10 1.07678e+09 0.829705 0.00979865 -0.0242127 0.0785589 0.734318 0.00880548 0.541004 0.0130217 
100 0.5 32700000 19.3281 1.09444 -393.842 4.16022 155577 3330.36 2.44974e+10 1.07678e+09 0.829705 0.00979865 -0.0242127 0.0785589 0.734318 0.00880548 0.541004 0.0130217 
100 0.5 32800000 19.3281 1.09444 -393.842 4.16022 155577 3330.36 2.44974e+10 1.07678e+09 0.829705 0.00979865 -0.0242127 0.0785589 0.734318 0.00880548 0.541004 0.0130217 
100 0.5 32900000 19.3281 1.09444 -393.842 4.16022 155577 3330.36 2.44974e+10 1.07678e+09 0.829705 0.00979865 -0.0242127 0.0785589 0.734318 0.00880548 0.541004 0.0130217 
100 0.5 33000000 19.3281 1.09444 -393.842 4.16022 155577 3330.36 2.44974e+10 1.07678e+09 0.829705 0.00979865 -0.0242127 0.0785589 0.734318 0.00880548 0.541004 0.0130217 
100 0.5 33100000 19.3281 1.09444 -393.842 4.16022 155577 3330.36 2.44974e+10 1.07678e+09 0.829705 0.00979865 -0.0242127 0.0785589 0.734318 0.00880548 0.541004 0.0130217 
100 0.5 33200000 19.3281 1.09444 -393.842 4.16022 155577 3330.36 2.44974e+10 1.07678e+09 0.829705 0.00979865 -0.0242127 0.0785589 0.734318 0.00880548 0.541004 0.0130217 
100 0.5 33300000 19.3281 1.09444 -393.842 4.16022 155577 3330.36 2.44974e+10 1.07678e+09 0.829705 0.00979865 -0.0242127 0.0785589 0.734318 0.00880548 0.541004 0.0130217 
100 0.5 33400000 19.3281 1.09444 -393.842 4.16022 155577 3330.36 2.44974e+10 1.07678e+09 0.829705 0.00979865 -0.0242127 0.0785589 0.734318 0.00880548 0.541004 0.0130217 
100 0.5 33500000 19.3281 1.09444 -393.842 4.16022 155577 3330.36 2.44974e+10 1.07678e+09 0.829705 0.00979865 -0.0242127 0.0785589 0.734318 0.00880548 0.541004 0.0130217 
100 0.5 33600000 19.3281 1.09444 -393.842 4.16022 155577 3330.36 2.44974e+10 1.07678e+09 0.829705 0.00979865 -0.0242127 0.0785589 0.734318 0.00880548 0.541004 0.0130217 
100 0.5 33700000 19.3281 1.09444 -393.842 4.16022 155577 3330.36 2.44974e+10 1.07678e+09 0.829705 0.00979865 -0.0242127 0.0785589 0.734318 0.00880548 0.541004 0.0130217 
100 0.5 33800000 19.3281 1.09444 -393.842 4.16022 155577 3330.36 2.44974e+10 1.07678e+09 0.829705 0.00979865 -0.0242127 0.0785589 0.734318 0.00880548 0.541004 0.0130217 
100 0.5 33900000 19.3281 1.09444 -393.842 4.16022 155577 3330.36 2.44974e+10 1.07678e+09 0.829705 0.00979865 -0.0242127 0.0785589 0.734318 0.00880548 0.541004 0.0130217 
100 0.5 34000000 19.3281 1.09444 -393.842 4.16022 155577 3330.36 2.44974e+10 1.07678e+09 0.829705 0.00979865 -0.0242127 0.0785589 0.734318 0.00880548 0.541004 0.0130217 
100 0.5 34100000 19.3281 1.09444 -393.842 4.16022 155577 3330.36 2.44974e+10 1.07678e+09 0.829705 0.00979865 -0.0242127 0.0785589 0.734318 0.00880548 0.541004 0.0130217 
100 0.5 34200000 19.3281 1.09444 -393.842 4.16022 155577 3330.36 2.44974e+10 1.07678e+09 0.829705 0.00979865 -0.0242127 0.0785589 0.734318 0.00880548 0.541004 0.0130217 
100 0.5 34300000 19.2031 1.09444 -394.772 4.10335 156308 3293.82 2.4724e+10 1.06939e+09 0.832057 0.00979865 -0.0165834 0.0785589 0.73592 0.00880548 0.543338 0.0130217 
100 0.5 34400000 19.2031 1.09444 -394.772 4.10335 156308 3293.82 2.4724e+10 1.06939e+09 0.832057 0.00979865 -0.0165834 0.0785589 0.73592 0.00880548 0.543338 0.0130217 
100 0.5 34500000 19.2031 1.09444 -394.772 4.10335 156308 3293.82 2.4724e+10 1.06939e+09 0.832057 0.00979865 -0.0165834 0.0785589 0.73592 0.00880548 0.543338 0.0130217 
100 0.5 34600000 19.2031 1.09444 -394.772 4.10335 156308 3293.82 2.4724e+10 1.06939e+09 0.832057 0.00979865 -0.0165834 0.0785589 0.73592 0.00880548 0.543338 0.0130217 
100 0.5 34700000 19.2031 1.09444 -394.772 4.10335 156308 3293.82 2.4724e+10 1.06939e+09 0.832057 0.00979865 -0.0165834 0.0785589 0.73592 0.00880548 0.543338 0.0130217 
100 0.5 34800000 19.2031 1.09444 -394.772 4.10335 156308 3293.82 2.4724e+10 1.06939e+09 0.832057 0.00979865 -0.0165834 0.0785589 0.73592 0.00880548 0.543338 0.0130217 
100 0.5 34900000 19.2031 1.09444 -394.772 4.10335 156308 3293.82 2.4724e+10 1.06939e+09 0.832057 0.00979865 -0.0165834 0.0785589 0.73592 0.00880548 0.543338 0.0130217 
100 0.5 35000000 19.2031 1.09444 -394.772 4.10335 156308 3293.82 2.4724e+10 1.06939e+09 0.832057 0.00979865 -0.0165834 0.0785589 0.73592 0.00880548 0.543338 0.0130217 
100 0.5 35100000 19.2031 1.09444 -394.772 4.10335 156308 3293.82 2.4724e+10 1.06939e+09 0.832057 0.00979865 -0.0165834 0.0785589 0.73592 0.00880548 0.543338 0.0130217 
100 0.5 35200000 19.2031 1.09444 -394.772 4.10335 156308 3293.82 2.4724e+10 1.06939e+09 0.832057 0.00979865 -0.0165834 0.0785589 0.73592 0.00880548 0.543338 0.0130217 
100 0.5 35300000 19.2031 1.09444 -394.772 4.10335 156308 3293.82 2.4724e+10 1.06939e+09 0.832057 0.00979865 -0.0165834 0.0785589 0.73592 0.00880548 0.543338 0.0130217 
100 0.5 35400000 19.2031 1.09444 -394.772 4.10335 156308 3293.82 2.4724e+10 1.06939e+09 0.832057 0.00979865 -0.0165834 0.0785589 0.73592 0.00880548 0.543338 0.0130217 
100 0.5 35500000 19.2031 1.09444 -394.772 4.10335 156308 3293.82 2.4724e+10 1.06939e+09 0.832057 0.00979865 -0.0165834 0.0785589 0.73592 0.00880548 0.543338 0.0130217 
100 0.5 35600000 19.2031 1.09444 -394.772 4.10335 156308 3293.82 2.4724e+10 1.06939e+09 0.832057 0.00979865 -0.0165834 0.0785589 0.73592 0.00880548 0.543338 0.0130217 
100 0.5 35700000 19.2031 1.09444 -394.772 4.10335 156308 3293.82 2.4724e+10 1.06939e+09 0.832057 0.00979865 -0.0165834 0.0785589 0.73592 0.00880548 0.543338 0.0130217 
100 0.5 35800000 19.2031 1.09444 -394.772 4.10335 156308 3293.82 2.4724e+10 1.06939e+09 0.832057 0.00979865 -0.0165834 0.0785589 0.73592 0.00880548 0.543338 0.0130217 
100 0.5 35900000 19.2031 1.09444 -394.772 4.10335 156308 3293.82 2.4724e+10 1.06939e+09 0.832057 0.00979865 -0.0165834 0.0785589 0.73592 0.00880548 0.543338 0.0130217 
100 0.5 36000000 19.2031 1.09444 -394.772 4.10335 156308 3293.82 2.4724e+10 1.06939e+09 0.832057 0.00979865 -0.0165834 0.0785589 0.73592 0.00880548 0.543338 0.0130217 
100 0.5 36100000 19.2031 1.09444 -394.772 4.10335 156308 3293.82 2.4724e+10 1.06939e+09 0.832057 0.00979865 -0.0165834 0.0785589 0.73592 0.00880548 0.543338 0.0130217 
100 0.5 36200000 19.2031 1.09444 -394.772 4.10335 156308 3293.82 2.4724e+10 1.06939e+09 0.832057 0.00979865 -0.0165834 0.0785589 0.73592 0.00880548 0.543338 0.0130217 
100 0.5 36300000 19.2031 1.09444 -394.772 4.10335 156308 3293.82 2.4724e+10 1.06939e+09 0.832057 0.00979865 -0.0165834 0.0785589 0.73592 0.00880548 0.543338 0.0130217 
100 0.5 36400000 19.2031 1.09444 -394.772 4.10335 156308 3293.82 2.4724e+10 1.06939e+09 0.832057 0.00979865 -0.0165834 0.0785589 0.73592 0.00880548 0.543338 0.0130217 
100 0.5 36500000 19.2031 1.09444 -394.772 4.10335 156308 3293.82 2.4724e+10 1.06939e+09 0.832057 0.00979865 -0.0165834 0.0785589 0.73592 0.00880548 0.543338 0.0130217 
100 0.5 36600000 19.2031 1.09444 -394.772 4.10335 156308 3293.82 2.4724e+10 1.06939e+09 0.832057 0.00979865 -0.0165834 0.0785589 0.73592 0.00880548 0.543338 0.0130217 
100 0.5 36700000 19.2031 1.09444 -394.772 4.10335 156308 3293.82 2.4724e+10 1.06939e+09 0.832057 0.00979865 -0.0165834 0.0785589 0.73592 0.00880548 0.543338 0.0130217 
100 0.5 36800000 19.2031 1.09444 -394.772 4.10335 156308 3293.82 2.4724e+10 1.06939e+09 0.832057 0.00979865 -0.0165834 0.0785589 0.73592 0.00880548 0.543338 0.0130217 
100 0.5 36900000 18.6451 1.13133 -395.804 3.95852 157119 3163.66 2.49759e+10 1.01802e+09 0.833043 0.00894923 -0.000233431 0.0709015 0.737797 0.00820634 0.546062 0.0121042 
100 0.5 37000000 18.6451 1.13133 -395.804 3.95852 157119 3163.66 2.49759e+10 1.01802e+09 0.833043 0.00894923 -0.000233431 0.0709015 0.737797 0.00820634 0.546062 0.0121042 
100 0.5 37100000 18.6451 1.13133 -395.804 3.95852 157119 3163.66 2.49759e+10 1.01802e+09 0.833043 0.00894923 -0.000233431 0.0709015 0.737797 0.00820634 0.546062 0.0121042 
100 0.5 37200000 18.6451 1.13133 -395.804 3.95852 157119 3163.66 2.49759e+10 1.01802e+09 0.833043 0.00894923 -0.000233431 0.0709015 0.737797 0.00820634 0.546062 0.0121042 
100 0.5 37300000 18.6451 1.13133 -395.804 3.95852 157119 3163.66 2.49759e+10 1.01802e+09 0.833043 0.00894923 -0.000233431 0.0709015 0.737797 0.00820634 0.546062 0.0121042 
100 0.5 37400000 18.6451 1.13133 -395.804 3.95852 157119 3163.66 2.49759e+10 1.01802e+09 0.833043 0.00894923 -0.000233431 0.0709015 0.737797 0.00820634 0.546062 0.0121042 
100 0.5 37500000 18.6451 1.13133 -395.804 3.95852 157119 3163.66 2.49759e+10 1.01802e+09 0.833043 0.00894923 -0.000233431 0.0709015 0.737797 0.00820634 0.546062 0.0121042 
100 0.5 37600000 18.6451 1.13133 -395.804 3.95852 157119 3163.66 2.49759e+10 1.01802e+09 0.833043 0.00894923 -0.000233431 0.0709015 0.737797 0.00820634 0.546062 0.0121042 
100 0.5 37700000 18.6451 1.13133 -395.804 3.95852 157119 3163.66 2.49759e+10 1.01802e+09 0.833043 0.00894923 -0.000233431 0.0709015 0.737797 0.00820634 0.546062 0.0121042 
100 0.5 37800000 18.6451 1.13133 -395.804 3.95852 157119 3163.66 2.49759e+10 1.01802e+09 0.833043 0.00894923 -0.000233431 0.0709015 0.737797 0.00820634 0.546062 0.0121042 
100 0.5 37900000 18.6451 1.13133 -395.804 3.95852 157119 3163.66 2.49759e+10 1.01802e+09 0.833043 0.00894923 -0.000233431 0.0709015 0.737797 0.00820634 0.546062 0.0121042 
100 0.5 38000000 18.6451 1.13133 -395.804 3.95852 157119 3163.66 2.49759e+10 1.01802e+09 0.833043 0.00894923 -0.000233431 0.0709015 0.737797 0.00820634 0.546062 0.0121042 
100 0.5 38100000 18.6451 1.13133 -395.804 3.95852 157119 3163.66 2.49759e+10 1.01802e+09 0.833043 0.00894923 -0.000233431 0.0709015 0.737797 0.00820634 0.546062 0.0121042 
100 0.5 38200000 18.6451 1.13133 -395.804 3.95852 157119 3163.66 2.49759e+10 1.01802e+09 0.833043 0.00894923 -0.000233431 0.0709015 0.737797 0.00820634 0.546062 0.0121042 
100 0.5 38300000 18.6451 1.13133 -395.804 3.95852 157119 3163.66 2.49759e+10 1.01802e+09 0.833043 0.00894923 -0.000233431 0.0709015 0.737797 0.00820634 0.546062 0.0121042 
100 0.5 38400000 18.6451 1.13133 -395.804 3.95852 157119 3163.66 2.49759e+10 1.01802e+09 0.833043 0.00894923 -0.000233431 0.0709015 0.737797 0.00820634 0.546062 0.0121042 
100 0.5 38500000 18.6451 1.13133 -395.804 3.95852 157119 3163.66 2.49759e+10 1.01802e+09 0.833043 0.00894923 -0.000233431 0.0709015 0.737797 0.00820634 0.546062 0.0121042 
100 0.5 38600000 18.6451 1.13133 -395.804 3.95852 157119 3163.66 2.49759e+10 1.01802e+09 0.833043 0.00894923 -0.000233431 0.0709015 0.737797 0.00820634 0.546062 0.0121042 
100 0.5 38700000 18.6451 1.13133 -395.804 3.95852 157119 3163.66 2.49759e+10 1.01802e+09 0.833043 0.00894923 -0.000233431 0.0709015 0.737797 0.00820634 0.546062 0.0121042 
100 0.5 38800000 18.6451 1.13133 -395.804 3.95852 157119 3163.66 2.49759e+10 1.01802e+09 0.833043 0.00894923 -0.000233431 0.0709015 0.737797 0.00820634 0.546062 0.0121042 
100 0.5 38900000 18.6451 1.13133 -395.804 3.95852 157119 3163.66 2.49759e+10 1.01802e+09 0.833043 0.00894923 -0.000233431 0.0709015 0.737797 0.00820634 0.546062 0.0121042 
100 0.5 39000000 18.6451 1.13133 -395.804 3.95852 157119 3163.66 2.49759e+10 1.01802e+09 0.833043 0.00894923 -0.000233431 0.0709015 0.737797 0.00820634 0.546062 0.0121042 
100 0.5 39100000 18.6451 1.13133 -395.804 3.95852 157119 3163.66 2.49759e+10 1.01802e+09 0.833043 0.00894923 -0.000233431 0.0709015 0.737797 0.00820634 0.546062 0.0121042 
100 0.5 39200000 18.6451 1.13133 -395.804 3.95852 157119 3163.66 2.49759e+10 1.01802e+09 0.833043 0.00894923 -0.000233431 0.0709015 0.737797 0.00820634 0.546062 0.0121042 
100 0.5 39300000 18.6451 1.13133 -395.804 3.95852 157119 3163.66 2.49759e+10 1.01802e+09 0.833043 0.00894923 -0.000233431 0.0709015 0.737797 0.00820634 0.546062 0.0121042 
100 0.5 39400000 18.5526 1.13133 -396.562 3.95852 157724 3163.66 2.51694e+10 1.01802e+09 0.834029 0.00894923 0.00868352 0.0709015 0.738056 0.00820634 0.546425 0.0121042 
100 0.5 39500000 18.5526 1.13133 -396.562 3.95852 157724 3163.66 2.51694e+10 1.01802e+09 0.834029 0.00894923 0.00868352 0.0709015 0.738056 0.00820634 0.546425 0.0121042 
100 0.5 39600000 18.5526 1.13133 -396.562 3.95852 157724 3163.66 2.51694e+10 1.01802e+09 0.834029 0.00894923 0.00868352 0.0709015 0.738056 0.00820634 0.546425 0.0121042 
100 0.5 39700000 18.5526 1.13133 -396.562 3.95852 157724 3163.66 2.51694e+10 1.01802e+09 0.834029 0.00894923 0.00868352 0.0709015 0.738056 0.00820634 0.546425 0.0121042 
100 0.5 39800000 18.5526 1.13133 -396.562 3.95852 157724 3163.66 2.51694e+10 1.01802e+09 0.834029 0.00894923 0.00868352 0.0709015 0.738056 0.00820634 0.546425 0.0121042 
100 0.5 39900000 18.5526 1.13133 -396.562 3.95852 157724 3163.66 2.51694e+10 1.01802e+09 0.834029 0.00894923 0.00868352 0.0709015 0.738056 0.00820634 0.546425 0.0121042 
100 0.5 40000000 18.5526 1.13133 -396.562 3.95852 157724 3163.66 2.51694e+10 1.01802e+09 0.834029 0.00894923 0.00868352 0.0709015 0.738056 0.00820634 0.546425 0.0121042 
100 0.5 40100000 18.5526 1.13133 -396.562 3.95852 157724 3163.66 2.51694e+10 1.01802e+09 0.834029 0.00894923 0.00868352 0.0709015 0.738056 0.00820634 0.546425 0.0121042 
100 0.5 40200000 18.5526 1.13133 -396.562 3.95852 157724 3163.66 2.51694e+10 1.01802e+09 0.834029 0.00894923 0.00868352 0.0709015 0.738056 0.00820634 0.546425 0.0121042 
100 0.5 40300000 18.5526 1.13133 -396.562 3.95852 157724 3163.66 2.51694e+10 1.01802e+09 0.834029 0.00894923 0.00868352 0.0709015 0.738056 0.00820634 0.546425 0.0121042 
100 0.5 40400000 18.5526 1.13133 -396.562 3.95852 157724 3163.66 2.51694e+10 1.01802e+09 0.834029 0.00894923 0.00868352 0.0709015 0.738056 0.00820634 0.546425 0.0121042 
100 0.5 40500000 18.5526 1.13133 -396.562 3.95852 157724 3163.66 2.51694e+10 1.01802e+09 0.834029 0.00894923 0.00868352 0.0709015 0.738056 0.00820634 0.546425 0.0121042 
100 0.5 40600000 18.5526 1.13133 -396.562 3.95852 157724 3163.66 2.51694e+10 1.01802e+09 0.834029 0.00894923 0.00868352 0.0709015 0.738056 0.00820634 0.546425 0.0121042 
100 0.5 40700000 18.5526 1.13133 -396.562 3.95852 157724 3163.66 2.51694e+10 1.01802e+09 0.834029 0.00894923 0.00868352 0.0709015 0.738056 0.00820634 0.546425 0.0121042 
100 0.5 40800000 18.5526 1.13133 -396.562 3.95852 157724 3163.66 2.51694e+10 1.01802e+09 0.834029 0.00894923 0.00868352 0.0709015 0.738056 0.00820634 0.546425 0.0121042 
100 0.5 40900000 18.5526 1.13133 -396.562 3.95852 157724 3163.66 2.51694e+10 1.01802e+09 0.834029 0.00894923 0.00868352 0.0709015 0.738056 0.00820634 0.546425 0.0121042 
100 0.5 41000000 18.5526 1.13133 -396.562 3.95852 157724 3163.66 2.51694e+10 1.01802e+09 0.834029 0.00894923 0.00868352 0.0709015 0.738056 0.00820634 0.546425 0.0121042 
100 0.5 41100000 18.5526 1.13133 -396.562 3.95852 157724 3163.66 2.51694e+10 1.01802e+09 0.834029 0.00894923 0.00868352 0.0709015 0.738056 0.00820634 0.546425 0.0121042 
100 0.5 41200000 18.5526 1.13133 -396.562 3.95852 157724 3163.66 2.51694e+10 1.01802e+09 0.834029 0.00894923 0.00868352 0.0709015 0.738056 0.00820634 0.546425 0.0121042 
100 0.5 41300000 18.5526 1.13133 -396.562 3.95852 157724 3163.66 2.51694e+10 1.01802e+09 0.834029 0.00894923 0.00868352 0.0709015 0.738056 0.00820634 0.546425 0.0121042 
100 0.5 41400000 18.5526 1.13133 -396.562 3.95852 157724 3163.66 2.51694e+10 1.01802e+09 0.834029 0.00894923 0.00868352 0.0709015 0.738056 0.00820634 0.546425 0.0121042 
100 0.5 41500000 18.5526 1.13133 -396.562 3.95852 157724 3163.66 2.51694e+10 1.01802e+09 0.834029 0.00894923 0.00868352 0.0709015 0.738056 0.00820634 0.546425 0.0121042 
100 0.5 41600000 18.5526 1.13133 -396.562 3.95852 157724 3163.66 2.51694e+10 1.01802e+09 0.834029 0.00894923 0.00868352 0.0709015 0.738056 0.00820634 0.546425 0.0121042 
100 0.5 41700000 18.5526 1.13133 -396.562 3.95852 157724 3163.66 2.51694e+10 1.01802e+09 0.834029 0.00894923 0.00868352 0.0709015 0.738056 0.00820634 0.546425 0.0121042 
100 0.5 41800000 18.5526 1.13133 -396.562 3.95852 157724 3163.66 2.51694e+10 1.01802e+09 0.834029 0.00894923 0.00868352 0.0709015 0.738056 0.00820634 0.546425 0.0121042 
100 0.5 41900000 18.5526 1.13133 -396.562 3.95852 157724 3163.66 2.51694e+10 1.01802e+09 0.834029 0.00894923 0.00868352 0.0709015 0.738056 0.00820634 0.546425 0.0121042 
100 0.5 42000000 18.5874 0.991385 -396.752 3.57542 157872 2856.4 2.52147e+10 9.18369e+08 0.834936 0.0080283 0.011394 0.062985 0.737334 0.0071936 0.545379 0.0106104 
100 0.5 42100000 18.5874 0.991385 -396.752 3.57542 157872 2856.4 2.52147e+10 9.18369e+08 0.834936 0.0080283 0.011394 0.062985 0.737334 0.0071936 0.545379 0.0106104 
100 0.5 42200000 18.5874 0.991385 -396.752 3.57542 157872 2856.4 2.52147e+10 9.18369e+08 0.834936 0.0080283 0.011394 0.062985 0.737334 0.0071936 0.545379 0.0106104 
100 0.5 42300000 18.5874 0.991385 -396.752 3.57542 157872 2856.4 2.52147e+10 9.18369e+08 0.834936 0.0080283 0.011394 0.062985 0.737334 0.0071936 0.545379 0.0106104 
100 0.5 42400000 18.5874 0.991385 -396.752 3.57542 157872 2856.4 2.52147e+10 9.18369e+08 0.834936 0.0080283 0.011394 0.062985 0.737334 0.0071936 0.545379 0.0106104 
100 0.5 42500000 18.5874 0.991385 -396.752 3.57542 157872 2856.4 2.52147e+10 9.18369e+08 0.834936 0.0080283 0.011394 0.062985 0.737334 0.0071936 0.545379 0.0106104 
100 0.5 42600000 18.5874 0.991385 -396.752 3.57542 157872 2856.4 2.52147e+10 9.18369e+08 0.834936 0.0080283 0.011394 0.062985 0.737334 0.0071936 0.545379 0.0106104 
100 0.5 42700000 18.5874 0.991385 -396.752 3.57542 157872 2856.4 2.52147e+10 9.18369e+08 0.834936 0.0080283 0.011394 0.062985 0.737334 0.0071936 0.545379 0.0106104 
100 0.5 42800000 18.5874 0.991385 -396.752 3.57542 157872 2856.4 2.52147e+10 9.18369e+08 0.834936 0.0080283 0.011394 0.062985 0.737334 0.0071936 0.545379 0.0106104 
100 0.5 42900000 18.5874 0.991385 -396.752 3.57542 157872 2856.4 2.52147e+10 9.18369e+08 0.834936 0.0080283 0.011394 0.062985 0.737334 0.0071936 0.545379 0.0106104 
100 0.5 43000000 18.5874 0.991385 -396.752 3.57542 157872 2856.4 2.52147e+10 9.18369e+08 0.834936 0.0080283 0.011394 0.062985 0.737334 0.0071936 0.545379 0.0106104 
100 0.5 43100000 18.5874 0.991385 -396.752 3.57542 157872 2856.4 2.52147e+10 9.18369e+08 0.834936 0.0080283 0.011394 0.062985 0.737334 0.0071936 0.545379 0.0106104 
100 0.5 43200000 18.5874 0.991385 -396.752 3.57542 157872 2856.4 2.52147e+10 9.18369e+08 0.834936 0.0080283 0.011394 0.062985 0.737334 0.0071936 0.545379 0.0106104 
100 0.5 43300000 18.5874 0.991385 -396.752 3.57542 157872 2856.4 2.52147e+10 9.18369e+08 0.834936 0.0080283 0.011394 0.062985 0.737334 0.0071936 0.545379 0.0106104 
100 0.5 43400000 18.5874 0.991385 -396.752 3.57542 157872 2856.4 2.52147e+10 9.18369e+08 0.834936 0.0080283 0.011394 0.062985 0.737334 0.0071936 0.545379 0.0106104 
100 0.5 43500000 18.5874 0.991385 -396.752 3.57542 157872 2856.4 2.52147e+10 9.18369e+08 0.834936 0.0080283 0.011394 0.062985 0.737334 0.0071936 0.545379 0.0106104 
100 0.5 43600000 18.5874 0.991385 -396.752 3.57542 157872 2856.4 2.52147e+10 9.18369e+08 0.834936 0.0080283 0.011394 0.062985 0.737334 0.0071936 0.545379 0.0106104 
100 0.5 43700000 18.5874 0.991385 -396.752 3.57542 157872 2856.4 2.52147e+10 9.18369e+08 0.834936 0.0080283 0.011394 0.062985 0.737334 0.0071936 0.545379 0.0106104 
100 0.5 43800000 18.5874 0.991385 -396.752 3.57542 157872 2856.4 2.52147e+10 9.18369e+08 0.834936 0.0080283 0.011394 0.062985 0.737334 0.0071936 0.545379 0.0106104 
100 0.5 43900000 18.5874 0.991385 -396.752 3.57542 157872 2856.4 2.52147e+10 9.18369e+08 0.834936 0.0080283 0.011394 0.062985 0.737334 0.0071936 0.545379 0.0106104 
100 0.5 44000000 18.5874 0.991385 -396.752 3.57542 157872 2856.4 2.52147e+10 9.18369e+08 0.834936 0.0080283 0.011394 0.062985 0.737334 0.0071936 0.545379 0.0106104 
100 0.5 44100000 18.5874 0.991385 -396.752 3.57542 157872 2856.4 2.52147e+10 9.18369e+08 0.834936 0.0080283 0.011394 0.062985 0.737334 0.0071936 0.545379 0.0106104 
100 0.5 44200000 18.5874 0.991385 -396.752 3.57542 157872 2856.4 2.52147e+10 9.18369e+08 0.834936 0.0080283 0.011394 0.062985 0.737334 0.0071936 0.545379 0.0106104 
100 0.5 44300000 18.5874 0.991385 -396.752 3.57542 157872 2856.4 2.52147e+10 9.18369e+08 0.834936 0.0080283 0.011394 0.062985 0.737334 0.0071936 0.545379 0.0106104 
100 0.5 44400000 18.5874 0.991385 -396.752 3.57542 157872 2856.4 2.52147e+10 9.18369e+08 0.834936 0.0080283 0.011394 0.062985 0.737334 0.0071936 0.545379 0.0106104 
100 0.5 44500000 18.5874 0.991385 -396.752 3.57542 157872 2856.4 2.52147e+10 9.18369e+08 0.834936 0.0080283 0.011394 0.062985 0.737334 0.0071936 0.545379 0.0106104 
100 0.5 44600000 18.3134 0.991385 -397.209 3.57542 158225 2856.4 2.53203e+10 9.18369e+08 0.835268 0.0080283 0.0170298 0.062985 0.736328 0.0071936 0.543877 0.0106104 
100 0.5 44700000 18.3134 0.991385 -397.209 3.57542 158225 2856.4 2.53203e+10 9.18369e+08 0.835268 0.0080283 0.0170298 0.062985 0.736328 0.0071936 0.543877 0.0106104 
100 0.5 44800000 18.3134 0.991385 -397.209 3.57542 158225 2856.4 2.53203e+10 9.18369e+08 0.835268 0.0080283 0.0170298 0.062985 0.736328 0.0071936 0.543877 0.0106104 
100 0.5 44900000 18.3134 0.991385 -397.209 3.57542 158225 2856.4 2.53203e+10 9.18369e+08 0.835268 0.0080283 0.0170298 0.062985 0.736328 0.0071936 0.543877 0.0106104 
100 0.5 45000000 18.3134 0.991385 -397.209 3.57542 158225 2856.4 2.53203e+10 9.18369e+08 0.835268 0.0080283 0.0170298 0.062985 0.736328 0.0071936 0.543877 0.0106104 
100 0.5 45100000 18.3134 0.991385 -397.209 3.57542 158225 2856.4 2.53203e+10 9.18369e+08 0.835268 0.0080283 0.0170298 0.062985 0.736328 0.0071936 0.543877 0.0106104 
100 0.5 45200000 18.3134 0.991385 -397.209 3.57542 158225 2856.4 2.53203e+10 9.18369e+08 0.835268 0.0080283 0.0170298 0.062985 0.736328 0.0071936 0.543877 0.0106104 
100 0.5 45300000 18.3134 0.991385 -397.209 3.57542 158225 2856.4 2.53203e+10 9.18369e+08 0.835268 0.0080283 0.0170298 0.062985 0.736328 0.0071936 0.543877 0.0106104 
100 0.5 45400000 18.3134 0.991385 -397.209 3.57542 158225 2856.4 2.53203e+10 9.18369e+08 0.835268 0.0080283 0.0170298 0.062985 0.736328 0.0071936 0.543877 0.0106104 
100 0.5 45500000 18.3134 0.991385 -397.209 3.57542 158225 2856.4 2.53203e+10 9.18369e+08 0.835268 0.0080283 0.0170298 0.062985 0.736328 0.0071936 0.543877 0.0106104 
100 0.5 45600000 18.3134 0.991385 -397.209 3.57542 158225 2856.4 2.53203e+10 9.18369e+08 0.835268 0.0080283 0.0170298 0.062985 0.736328 0.0071936 0.543877 0.0106104 
100 0.5 45700000 18.3134 0.991385 -397.209 3.57542 158225 2856.4 2.53203e+10 9.18369e+08 0.835268 0.0080283 0.0170298 0.062985 0.736328 0.0071936 0.543877 0.0106104 
100 0.5 45800000 18.3134 0.991385 -397.209 3.57542 158225 2856.4 2.53203e+10 9.18369e+08 0.835268 0.0080283 0.0170298 0.062985 0.736328 0.0071936 0.543877 0.0106104 
100 0.5 45900000 18.3134 0.991385 -397.209 3.57542 158225 2856.4 2.53203e+10 9.18369e+08 0.835268 0.0080283 0.0170298 0.062985 0.736328 0.0071936 0.543877 0.0106104 
100 0.5 46000000 18.3134 0.991385 -397.209 3.57542 158225 2856.4 2.53203e+10 9.18369e+08 0.835268 0.0080283 0.0170298 0.062985 0.736328 0.0071936 0.543877 0.0106104 
100 0.5 46100000 18.3134 0.991385 -397.209 3.57542 158225 2856.4 2.53203e+10 9.18369e+08 0.835268 0.0080283 0.0170298 0.062985 0.736328 0.0071936 0.543877 0.0106104 
100 0.5 46200000 18.3134 0.991385 -397.209 3.57542 158225 2856.4 2.53203e+10 9.18369e+08 0.835268 0.0080283 0.0170298 0.062985 0.736328 0.0071936 0.543877 0.0106104 
100 0.5 46300000 18.3134 0.991385 -397.209 3.57542 158225 2856.4 2.53203e+10 9.18369e+08 0.835268 0.0080283 0.0170298 0.062985 0.736328 0.0071936 0.543877 0.0106104 
100 0.5 46400000 18.3134 0.991385 -397.209 3.57542 158225 2856.4 2.53203e+10 9.18369e+08 0.835268 0.0080283 0.0170298 0.062985 0.736328 0.0071936 0.543877 0.0106104 
100 0.5 46500000 18.3134 0.991385 -397.209 3.57542 158225 2856.4 2.53203e+10 9.18369e+08 0.835268 0.0080283 0.0170298 0.062985 0.736328 0.0071936 0.543877 0.0106104 
100 0.5 46600000 18.3134 0.991385 -397.209 3.57542 158225 2856.4 2.53203e+10 9.18369e+08 0.835268 0.0080283 0.0170298 0.062985 0.736328 0.0071936 0.543877 0.0106104 
100 0.5 46700000 18.3134 0.991385 -397.209 3.57542 158225 2856.4 2.53203e+10 9.18369e+08 0.835268 0.0080283 0.0170298 0.062985 0.736328 0.0071936 0.543877 0.0106104 
100 0.5 46800000 18.3134 0.991385 -397.209 3.57542 158225 2856.4 2.53203e+10 9.18369e+08 0.835268 0.0080283 0.0170298 0.062985 0.736328 0.0071936 0.543877 0.0106104 
100 0.5 46900000 18.3134 0.991385 -397.209 3.57542 158225 2856.4 2.53203e+10 9.18369e+08 0.835268 0.0080283 0.0170298 0.062985 0.736328 0.0071936 0.543877 0.0106104 
100 0.5 47000000 18.3134 0.991385 -397.209 3.57542 158225 2856.4 2.53203e+10 9.18369e+08 0.835268 0.0080283 0.0170298 0.062985 0.736328 0.0071936 0.543877 0.0106104 
100 0.5 47100000 18.3845 0.901746 -396.45 3.19081 157617 2550.39 2.51237e+10 8.20829e+08 0.834903 0.00713633 0.0233098 0.0571027 0.734607 0.00689197 0.541331 0.0101744 
100 0.5 47200000 18.3845 0.901746 -396.45 3.19081 157617 2550.39 2.51237e+10 8.20829e+08 0.834903 0.00713633 0.0233098 0.0571027 0.734607 0.00689197 0.541331 0.0101744 
100 0.5 47300000 18.3845 0.901746 -396.45 3.19081 157617 2550.39 2.51237e+10 8.20829e+08 0.834903 0.00713633 0.0233098 0.0571027 0.734607 0.00689197 0.541331 0.0101744 
100 0.5 47400000 18.3845 0.901746 -396.45 3.19081 157617 2550.39 2.51237e+10 8.20829e+08 0.834903 0.00713633 0.0233098 0.0571027 0.734607 0.00689197 0.541331 0.0101744 
100 0.5 47500000 18.3845 0.901746 -396.45 3.19081 157617 2550.39 2.51237e+10 8.20829e+08 0.834903 0.00713633 0.0233098 0.0571027 0.734607 0.00689197 0.541331 0.0101744 
100 0.5 47600000 18.3845 0.901746 -396.45 3.19081 157617 2550.39 2.51237e+10 8.20829e+08 0.834903 0.00713633 0.0233098 0.0571027 0.734607 0.00689197 0.541331 0.0101744 
100 0.5 47700000 18.3845 0.901746 -396.45 3.19081 157617 2550.39 2.51237e+10 8.20829e+08 0.834903 0.00713633 0.0233098 0.0571027 0.734607 0.00689197 0.541331 0.0101744 
100 0.5 47800000 18.3845 0.901746 -396.45 3.19081 157617 2550.39 2.51237e+10 8.20829e+08 0.834903 0.00713633 0.0233098 0.0571027 0.734607 0.00689197 0.541331 0.0101744 
100 0.5 47900000 18.3845 0.901746 -396.45 3.19081 157617 2550.39 2.51237e+10 8.20829e+08 0.834903 0.00713633 0.0233098 0.0571027 0.734607 0.00689197 0.541331 0.0101744 
100 0.5 48000000 18.3845 0.901746 -396.45 3.19081 157617 2550.39 2.51237e+10 8.20829e+08 0.834903 0.00713633 0.0233098 0.0571027 0.734607 0.00689197 0.541331 0.0101744 
100 0.5 48100000 18.3845 0.901746 -396.45 3.19081 157617 2550.39 2.51237e+10 8.20829e+08 0.834903 0.00713633 0.0233098 0.0571027 0.734607 0.00689197 0.541331 0.0101744 
100 0.5 48200000 18.3845 0.901746 -396.45 3.19081 157617 2550.39 2.51237e+10 8.20829e+08 0.834903 0.00713633 0.0233098 0.0571027 0.734607 0.00689197 0.541331 0.0101744 
100 0.5 48300000 18.3845 0.901746 -396.45 3.19081 157617 2550.39 2.51237e+10 8.20829e+08 0.834903 0.00713633 0.0233098 0.0571027 0.734607 0.00689197 0.541331 0.0101744 
100 0.5 48400000 18.3845 0.901746 -396.45 3.19081 157617 2550.39 2.51237e+10 8.20829e+08 0.834903 0.00713633 0.0233098 0.0571027 0.734607 0.00689197 0.541331 0.0101744 
100 0.5 48500000 18.3845 0.901746 -396.45 3.19081 157617 2550.39 2.51237e+10 8.20829e+08 0.834903 0.00713633 0.0233098 0.0571027 0.734607 0.00689197 0.541331 0.0101744 
100 0.5 48600000 18.3845 0.901746 -396.45 3.19081 157617 2550.39 2.51237e+10 8.20829e+08 0.834903 0.00713633 0.0233098 0.0571027 0.734607 0.00689197 0.541331 0.0101744 
100 0.5 48700000 18.3845 0.901746 -396.45 3.19081 157617 2550.39 2.51237e+10 8.20829e+08 0.834903 0.00713633 0.0233098 0.0571027 0.734607 0.00689197 0.541331 0.0101744 
100 0.5 48800000 18.3845 0.901746 -396.45 3.19081 157617 2550.39 2.51237e+10 8.20829e+08 0.834903 0.00713633 0.0233098 0.0571027 0.734607 0.00689197 0.541331 0.0101744 
100 0.5 48900000 18.3845 0.901746 -396.45 3.19081 157617 2550.39 2.51237e+10 8.20829e+08 0.834903 0.00713633 0.0233098 0.0571027 0.734607 0.00689197 0.541331 0.0101744 
100 0.5 49000000 18.3845 0.901746 -396.45 3.19081 157617 2550.39 2.51237e+10 8.20829e+08 0.834903 0.00713633 0.0233098 0.0571027 0.734607 0.00689197 0.541331 0.0101744 
100 0.5 49100000 18.3845 0.901746 -396.45 3.19081 157617 2550.39 2.51237e+10 8.20829e+08 0.834903 0.00713633 0.0233098 0.0571027 0.734607 0.00689197 0.541331 0.0101744 
100 0.5 49200000 18.3845 0.901746 -396.45 3.19081 157617 2550.39 2.51237e+10 8.20829e+08 0.834903 0.00713633 0.0233098 0.0571027 0.734607 0.00689197 0.541331 0.0101744 
100 0.5 49300000 18.3845 0.901746 -396.45 3.19081 157617 2550.39 2.51237e+10 8.20829e+08 0.834903 0.00713633 0.0233098 0.0571027 0.734607 0.00689197 0.541331 0.0101744 
100 0.5 49400000 18.3845 0.901746 -396.45 3.19081 157617 2550.39 2.51237e+10 8.20829e+08 0.834903 0.00713633 0.0233098 0.0571027 0.734607 0.00689197 0.541331 0.0101744 
100 0.5 49500000 18.3845 0.901746 -396.45 3.19081 157617 2550.39 2.51237e+10 8.20829e+08 0.834903 0.00713633 0.0233098 0.0571027 0.734607 0.00689197 0.541331 0.0101744 
100 0.5 49600000 18.3845 0.901746 -396.45 3.19081 157617 2550.39 2.51237e+10 8.20829e+08 0.834903 0.00713633 0.0233098 0.0571027 0.734607 0.00689197 0.541331 0.0101744 
100 0.5 49700000 18.2837 0.901746 -396.402 3.19081 157581 2550.39 2.51134e+10 8.20829e+08 0.83492 0.00713633 0.0283232 0.0571027 0.733568 0.00689197 0.539834 0.0101744 
100 0.5 49800000 18.2837 0.901746 -396.402 3.19081 157581 2550.39 2.51134e+10 8.20829e+08 0.83492 0.00713633 0.0283232 0.0571027 0.733568 0.00689197 0.539834 0.0101744 
100 0.5 49900000 18.2837 0.901746 -396.402 3.19081 157581 2550.39 2.51134e+10 8.20829e+08 0.83492 0.00713633 0.0283232 0.0571027 0.733568 0.00689197 0.539834 0.0101744 
100 0.5 50000000 18.2837 0.901746 -396.402 3.19081 157581 2550.39 2.51134e+10 8.20829e+08 0.83492 0.00713633 0.0283232 0.0571027 0.733568 0.00689197 0.539834 0.0101744 
100 0.5 50100000 18.2837 0.901746 -396.402 3.19081 157581 2550.39 2.51134e+10 8.20829e+08 0.83492 0.00713633 0.0283232 0.0571027 0.733568 0.00689197 0.539834 0.0101744 
100 0.5 50200000 18.2837 0.901746 -396.402 3.19081 157581 2550.39 2.51134e+10 8.20829e+08 0.83492 0.00713633 0.0283232 0.0571027 0.733568 0.00689197 0.539834 0.0101744 
100 0.5 50300000 18.2837 0.901746 -396.402 3.19081 157581 2550.39 2.51134e+10 8.20829e+08 0.83492 0.00713633 0.0283232 0.0571027 0.733568 0.00689197 0.539834 0.0101744 
100 0.5 50400000 18.2837 0.901746 -396.402 3.19081 157581 2550.39 2.51134e+10 8.20829e+08 0.83492 0.00713633 0.0283232 0.0571027 0.733568 0.00689197 0.539834 0.0101744 
100 0.5 50500000 18.2837 0.901746 -396.402 3.19081 157581 2550.39 2.51134e+10 8.20829e+08 0.83492 0.00713633 0.0283232 0.0571027 0.733568 0.00689197 0.539834 0.0101744 
100 0.5 50600000 18.2837 0.901746 -396.402 3.19081 157581 2550.39 2.51134e+10 8.20829e+08 0.83492 0.00713633 0.0283232 0.0571027 0.733568 0.00689197 0.539834 0.0101744 
100 0.5 50700000 18.2837 0.901746 -396.402 3.19081 157581 2550.39 2.51134e+10 8.20829e+08 0.83492 0.00713633 0.0283232 0.0571027 0.733568 0.00689197 0.539834 0.0101744 
100 0.5 50800000 18.2837 0.901746 -396.402 3.19081 157581 2550.39 2.51134e+10 8.20829e+08 0.83492 0.00713633 0.0283232 0.0571027 0.733568 0.00689197 0.539834 0.0101744 
100 0.5 50900000 18.2837 0.901746 -396.402 3.19081 157581 2550.39 2.51134e+10 8.20829e+08 0.83492 0.00713633 0.0283232 0.0571027 0.733568 0.00689197 0.539834 0.0101744 
100 0.5 51000000 18.2837 0.901746 -396.402 3.19081 157581 2550.39 2.51134e+10 8.20829e+08 0.83492 0.00713633 0.0283232 0.0571027 0.733568 0.00689197 0.539834 0.0101744 
100 0.5 51100000 18.2837 0.901746 -396.402 3.19081 157581 2550.39 2.51134e+10 8.20829e+08 0.83492 0.00713633 0.0283232 0.0571027 0.733568 0.00689197 0.539834 0.0101744 
100 0.5 51200000 18.2837 0.901746 -396.402 3.19081 157581 2550.39 2.51134e+10 8.20829e+08 0.83492 0.00713633 0.0283232 0.0571027 0.733568 0.00689197 0.539834 0.0101744 
100 0.5 51300000 18.2837 0.901746 -396.402 3.19081 157581 2550.39 2.51134e+10 8.20829e+08 0.83492 0.00713633 0.0283232 0.0571027 0.733568 0.00689197 0.539834 0.0101744 
100 0.5 51400000 18.2837 0.901746 -396.402 3.19081 157581 2550.39 2.51134e+10 8.20829e+08 0.83492 0.00713633 0.0283232 0.0571027 0.733568 0.00689197 0.539834 0.0101744 
100 0.5 51500000 18.2837 0.901746 -396.402 3.19081 157581 2550.39 2.51134e+10 8.20829e+08 0.83492 0.00713633 0.0283232 0.0571027 0.733568 0.00689197 0.539834 0.0101744 
100 0.5 51600000 18.2837 0.901746 -396.402 3.19081 157581 2550.39 2.51134e+10 8.20829e+08 0.83492 0.00713633 0.0283232 0.0571027 0.733568 0.00689197 0.539834 0.0101744 
100 0.5 51700000 18.2837 0.901746 -396.402 3.19081 157581 2550.39 2.51134e+10 8.20829e+08 0.83492 0.00713633 0.0283232 0.0571027 0.733568 0.00689197 0.539834 0.0101744 
100 0.5 51800000 18.2837 0.901746 -396.402 3.19081 157581 2550.39 2.51134e+10 8.20829e+08 0.83492 0.00713633 0.0283232 0.0571027 0.733568 0.00689197 0.539834 0.0101744 
100 0.5 51900000 18.2837 0.901746 -396.402 3.19081 157581 2550.39 2.51134e+10 8.20829e+08 0.83492 0.00713633 0.0283232 0.0571027 0.733568 0.00689197 0.539834 0.0101744 
100 0.5 52000000 18.2837 0.901746 -396.402 3.19081 157581 2550.39 2.51134e+10 8.20829e+08 0.83492 0.00713633 0.0283232 0.0571027 0.733568 0.00689197 0.539834 0.0101744 
100 0.5 52100000 18.2837 0.901746 -396.402 3.19081 157581 2550.39 2.51134e+10 8.20829e+08 0.83492 0.00713633 0.0283232 0.0571027 0.733568 0.00689197 0.539834 0.0101744 
100 0.5 52200000 18.2754 0.994314 -396.96 2.91426 158023 2327.52 2.5253e+10 7.48869e+08 0.834444 0.00643745 0.0355321 0.0710291 0.732732 0.00723661 0.538573 0.0106296 
100 0.5 52300000 18.2754 0.994314 -396.96 2.91426 158023 2327.52 2.5253e+10 7.48869e+08 0.834444 0.00643745 0.0355321 0.0710291 0.732732 0.00723661 0.538573 0.0106296 
100 0.5 52400000 18.2754 0.994314 -396.96 2.91426 158023 2327.52 2.5253e+10 7.48869e+08 0.834444 0.00643745 0.0355321 0.0710291 0.732732 0.00723661 0.538573 0.0106296 
100 0.5 52500000 18.2754 0.994314 -396.96 2.91426 158023 2327.52 2.5253e+10 7.48869e+08 0.834444 0.00643745 0.0355321 0.0710291 0.732732 0.00723661 0.538573 0.0106296 
100 0.5 52600000 18.2754 0.994314 -396.96 2.91426 158023 2327.52 2.5253e+10 7.48869e+08 0.834444 0.00643745 0.0355321 0.0710291 0.732732 0.00723661 0.538573 0.0106296 
100 0.5 52700000 18.2754 0.994314 -396.96 2.91426 158023 2327.52 2.5253e+10 7.48869e+08 0.834444 0.00643745 0.0355321 0.0710291 0.732732 0.00723661 0.538573 0.0106296 
100 0.5 52800000 18.2754 0.994314 -396.96 2.91426 158023 2327.52 2.5253e+10 7.48869e+08 0.834444 0.00643745 0.0355321 0.0710291 0.732732 0.00723661 0.538573 0.0106296 
100 0.5 52900000 18.2754 0.994314 -396.96 2.91426 158023 2327.52 2.5253e+10 7.48869e+08 0.834444 0.00643745 0.0355321 0.0710291 0.732732 0.00723661 0.538573 0.0106296 
100 0.5 53000000 18.2754 0.994314 -396.96 2.91426 158023 2327.52 2.5253e+10 7.48869e+08 0.834444 0.00643745 0.0355321 0.0710291 0.732732 0.00723661 0.538573 0.0106296 
100 0.5 53100000 18.2754 0.994314 -396.96 2.91426 158023 2327.52 2.5253e+10 7.48869e+08 0.834444 0.00643745 0.0355321 0.0710291 0.732732 0.00723661 0.538573 0.0106296 
100 0.5 53200000 18.2754 0.994314 -396.96 2.91426 158023 2327.52 2.5253e+10 7.48869e+08 0.834444 0.00643745 0.0355321 0.0710291 0.732732 0.00723661 0.538573 0.0106296 
100 0.5 53300000 18.2754 0.994314 -396.96 2.91426 158023 2327.52 2.5253e+10 7.48869e+08 0.834444 0.00643745 0.0355321 0.0710291 0.732732 0.00723661 0.538573 0.0106296 
100 0.5 53400000 18.2754 0.994314 -396.96 2.91426 158023 2327.52 2.5253e+10 7.48869e+08 0.834444 0.00643745 0.0355321 0.0710291 0.732732 0.00723661 0.538573 0.0106296 
100 0.5 53500000 18.2754 0.994314 -396.96 2.91426 158023 2327.52 2.5253e+10 7.48869e+08 0.834444 0.00643745 0.0355321 0.0710291 0.732732 0.00723661 0.538573 0.0106296 
100 0.5 53600000 18.2754 0.994314 -396.96 2.91426 158023 2327.52 2.5253e+10 7.48869e+08 0.834444 0.00643745 0.0355321 0.0710291 0.732732 0.00723661 0.538573 0.0106296 
100 0.5 53700000 18.2754 0.994314 -396.96 2.91426 158023 2327.52 2.5253e+10 7.48869e+08 0.834444 0.00643745 0.0355321 0.0710291 0.732732 0.00723661 0.538573 0.0106296 
100 0.5 53800000 18.2754 0.994314 -396.96 2.91426 158023 2327.52 2.5253e+10 7.48869e+08 0.834444 0.00643745 0.0355321 0.0710291 0.732732 0.00723661 0.538573 0.0106296 
100 0.5 53900000 18.2754 0.994314 -396.96 2.91426 158023 2327.52 2.5253e+10 7.48869e+08 0.834444 0.00643745 0.0355321 0.0710291 0.732732 0.00723661 0.538573 0.0106296 
100 0.5 54000000 18.2754 0.994314 -396.96 2.91426 158023 2327.52 2.5253e+10 7.48869e+08 0.834444 0.00643745 0.0355321 0.0710291 0.732732 0.00723661 0.538573 0.0106296 
100 0.5 54100000 18.2754 0.994314 -396.96 2.91426 158023 2327.52 2.5253e+10 7.48869e+08 0.834444 0.00643745 0.0355321 0.0710291 0.732732 0.00723661 0.538573 0.0106296 
100 0.5 54200000 18.2754 0.994314 -396.96 2.91426 158023 2327.52 2.5253e+10 7.48869e+08 0.834444 0.00643745 0.0355321 0.0710291 0.732732 0.00723661 0.538573 0.0106296 
100 0.5 54300000 18.2754 0.994314 -396.96 2.91426 158023 2327.52 2.5253e+10 7.48869e+08 0.834444 0.00643745 0.0355321 0.0710291 0.732732 0.00723661 0.538573 0.0106296 
100 0.5 54400000 18.2754 0.994314 -396.96 2.91426 158023 2327.52 2.5253e+10 7.48869e+08 0.834444 0.00643745 0.0355321 0.0710291 0.732732 0.00723661 0.538573 0.0106296 
100 0.5 54500000 18.2754 0.994314 -396.96 2.91426 158023 2327.52 2.5253e+10 7.48869e+08 0.834444 0.00643745 0.0355321 0.0710291 0.732732 0.00723661 0.538573 0.0106296 
100 0.5 54600000 18.2754 0.994314 -396.96 2.91426 158023 2327.52 2.5253e+10 7.48869e+08 0.834444 0.00643745 0.0355321 0.0710291 0.732732 0.00723661 0.538573 0.0106296 
100 0.5 54700000 18.2754 0.994314 -396.96 2.91426 158023 2327.52 2.5253e+10 7.48869e+08 0.834444 0.00643745 0.0355321 0.0710291 0.732732 0.00723661 0.538573 0.0106296 
100 0.5 54800000 18.2754 0.994314 -396.96 2.91426 158023 2327.52 2.5253e+10 7.48869e+08 0.834444 0.00643745 0.0355321 0.0710291 0.732732 0.00723661 0.538573 0.0106296 
