L J MC_steps R2 R2_std E E_std E2 E2_std E4 E4_std Sin1 Sin1_std Cos1 Cos1_std Mag2 Mag2_std Mag4 Mag4_std
100 0.3 1000000 233 0 -27.2531 0 742.733 0 551652 0 -0.152119 0 -0.0301166 0 0.0240472 0 0.000578269 0 
100 0.3 1100000 159.364 31.9006 -29.9569 2.31063 956.142 143.584 1.14099e+06 324436 0.0043284 0.0321559 0.0538382 0.0365312 0.0222658 0.00578256 0.000698933 0.000308122 
100 0.3 1200000 183 39.0487 -30.87 2.25965 1060.81 150.959 1.61028e+06 443711 -0.00962821 0.0253292 0.058026 0.0261886 0.0243429 0.00400732 0.000829842 0.000215494 
100 0.3 1300000 256.2 55.2318 -28.8626 2.00932 953.511 118.836 1.3217e+06 331646 -0.0109916 0.0228959 0.0398895 0.0203702 0.0269462 0.00340969 0.00109847 0.000278893 
100 0.3 1400000 256 39.3453 -29.195 1.81701 991.045 114.936 1.53614e+06 371116 0.00580517 0.0190714 0.0485821 0.0182758 0.0285319 0.00345057 0.00128278 0.000330101 
100 0.3 1500000 240.042 34.7437 -30.0824 1.84809 1081.31 130.893 2.06209e+06 530551 -0.00624854 0.0170663 0.0430135 0.0164079 0.0292943 0.00305861 0.00134958 0.00029233 
100 0.3 1600000 254.367 28.906 -30.3473 1.7658 1114.28 134.316 2.36033e+06 640477 -0.00650837 0.016643 0.0214326 0.0199586 0.029776 0.00315747 0.00145333 0.000316221 
100 0.3 1700000 236.176 28.4058 -31.2875 1.76944 1194.78 135.3 2.66044e+06 699334 0.00502933 0.0175977 0.00782359 0.025915 0.0351447 0.00423251 0.00219345 0.000541551 
100 0.3 1800000 239.65 24.9952 -31.7195 1.58029 1210.9 120.358 2.65315e+06 595573 0.00837054 0.0175521 0.000447272 0.0276808 0.0356003 0.00374055 0.00231478 0.000551704 
100 0.3 1900000 240.432 23.2515 -31.4706 1.46766 1187.19 110.264 2.53682e+06 552673 0.00688426 0.0158829 -0.00284195 0.0276808 0.0343714 0.0036285 0.00217825 0.000551704 
100 0.3 2000000 243.896 21.7351 -31.5169 1.35936 1185.67 102.092 2.49845e+06 507947 0.00349583 0.0145394 -0.00584244 0.0237712 0.0337575 0.00346018 0.00209554 0.000501426 
100 0.3 2100000 246.327 20.3079 -32.0742 1.40595 1253.89 119.955 3.24308e+06 862404 0.00440606 0.0133088 -0.0113013 0.0237712 0.0340522 0.00346018 0.00230399 0.000501426 
100 0.3 2200000 245.417 18.4373 -32.0283 1.37678 1250.21 115.703 3.18099e+06 807593 -0.00228454 0.012847 -0.0193318 0.0214919 0.0332138 0.00312297 0.00218659 0.000440976 
100 0.3 2300000 240.594 17.6288 -32.2231 1.30232 1255.83 107.702 3.1288e+06 747664 -6.3087e-05 0.0121751 -0.0148219 0.0188644 0.033865 0.0029467 0.00225387 0.000414545 
100 0.3 2400000 238.221 16.4483 -32.1921 1.25691 1253.78 103.128 3.09923e+06 700744 -0.00312968 0.0115235 -0.0104401 0.0188644 0.0335267 0.00293793 0.0021824 0.000389196 
100 0.3 2500000 238.708 15.47 -31.8271 1.18839 1228.96 97.5399 2.98921e+06 656042 -0.00421729 0.0108197 -0.00354611 0.0198543 0.0333426 0.00265755 0.00214641 0.000364609 
100 0.3 2600000 232.575 14.8579 -31.3249 1.12995 1185.32 98.9614 2.77975e+06 638359 -0.00389843 0.0102205 -0.00111415 0.0180536 0.0317854 0.00281119 0.00198048 0.000362641 
100 0.3 2700000 232.575 14.2362 -31.3249 1.12101 1185.32 98.9614 2.77975e+06 638359 -0.00389843 0.0102706 -0.00111415 0.0180536 0.0317854 0.00281119 0.00198048 0.000362641 
100 0.3 2800000 233.955 13.8331 -31.7316 1.12101 1208.03 98.9614 2.79054e+06 638359 -0.00140537 0.00998235 -0.000538866 0.0180536 0.0327457 0.00271469 0.00207283 0.000362641 
100 0.3 2900000 233.955 13.3834 -31.7316 1.12101 1208.03 98.9614 2.79054e+06 638359 -0.00140537 0.00976739 -0.000538866 0.0180536 0.0327457 0.00271469 0.00207283 0.000362641 
100 0.3 3000000 237.604 12.8946 -31.8732 1.05978 1213.1 86.2792 2.74564e+06 532876 -0.00187738 0.00935824 0.00406746 0.0157707 0.0323087 0.00252339 0.00205692 0.000311531 
100 0.3 3100000 237.183 12.4535 -31.713 1.05978 1206.07 86.2792 2.73519e+06 532876 -0.00178611 0.009097 0.0042383 0.0157707 0.0315578 0.00243846 0.00196832 0.000310152 
100 0.3 3200000 237.183 11.9502 -31.713 1.05978 1206.07 86.2792 2.73519e+06 532876 -0.00178611 0.00884113 0.0042383 0.0157707 0.0315578 0.00243846 0.00196832 0.000310152 
100 0.3 3300000 233.554 11.6287 -31.7097 0.936165 1198.75 75.1372 2.65888e+06 463760 -0.00294498 0.00865308 0.00285223 0.0135645 0.0312794 0.00228012 0.00192889 0.000291071 
100 0.3 3400000 231.933 11.3388 -31.9819 0.935426 1219.62 75.1372 2.74417e+06 463760 -0.00194421 0.00852541 0.00199965 0.0135645 0.0310395 0.0021407 0.0019134 0.000291071 
100 0.3 3500000 231.933 11.0201 -31.9819 0.970321 1219.62 81.4001 2.74417e+06 480875 -0.00194421 0.00864608 0.00199965 0.0135645 0.0310395 0.0021407 0.0019134 0.000291071 
100 0.3 3600000 229.438 10.7415 -32.6351 1.18263 1275.03 97.0227 2.98707e+06 508833 -0.00283205 0.00839638 -0.00145964 0.0125356 0.0314063 0.00203808 0.00193779 0.000254823 
100 0.3 3700000 229.438 10.4252 -32.6351 1.18263 1275.03 97.0227 2.98707e+06 508833 -0.00283205 0.00822972 -0.00145964 0.0125356 0.0314063 0.00203808 0.00193779 0.000254823 
100 0.3 3800000 229.676 10.0728 -32.6864 1.18263 1276.36 97.0227 2.95655e+06 508833 -0.000327437 0.00805687 -0.00194994 0.0125356 0.0313132 0.00193552 0.00192413 0.000254823 
100 0.3 3900000 229.174 9.82186 -32.5363 1.05535 1265.29 86.7296 2.90141e+06 459449 -0.00230803 0.00781917 -0.0039735 0.011392 0.0306877 0.00193423 0.00185238 0.000240399 
100 0.3 4000000 229.174 9.6641 -32.5363 1.05535 1265.29 86.7296 2.90141e+06 459449 -0.00230803 0.00772773 -0.0039735 0.011392 0.0306877 0.0019128 0.00185238 0.000240399 
100 0.3 4100000 233.5 9.65092 -32.6337 1.05535 1266.07 86.7296 2.86727e+06 459449 -0.00450765 0.00752799 -0.00370274 0.011392 0.0304797 0.00184578 0.00182536 0.000240399 
100 0.3 4200000 235.838 9.74144 -32.8532 0.996263 1279.92 79.2808 2.90263e+06 413506 -0.00356608 0.00732878 -0.00399007 0.0119265 0.0305008 0.00175816 0.00180683 0.000220632 
100 0.3 4300000 235.838 9.63882 -32.8532 0.996263 1279.92 79.2808 2.90263e+06 413506 -0.00356608 0.00721027 -0.00399007 0.0119265 0.0305008 0.00173235 0.00180683 0.000220632 
100 0.3 4400000 235.838 9.4377 -32.8532 0.996263 1279.92 79.2808 2.90263e+06 413506 -0.00356608 0.00703668 -0.00399007 0.0119265 0.0305008 0.00169541 0.00180683 0.000220632 
100 0.3 4500000 235.838 9.23524 -32.8532 0.996263 1279.92 79.2808 2.90263e+06 413506 -0.00356608 0.00692542 -0.00399007 0.0119265 0.0305008 0.00169175 0.00180683 0.000220632 
100 0.3 4600000 237.5 9.08186 -32.7335 0.912862 1266.59 73.1856 2.81841e+06 384395 -0.00421629 0.00678679 -0.00316036 0.0119265 0.0302115 0.00161757 0.00176715 0.000204112 
100 0.3 4700000 237.5 9.00006 -32.7335 0.912862 1266.59 73.1856 2.81841e+06 395862 -0.00421629 0.00674052 -0.00316036 0.0119265 0.0302115 0.00159426 0.00176715 0.000204112 
100 0.3 4800000 237.5 8.80126 -32.7335 0.912862 1266.59 73.1856 2.81841e+06 384774 -0.00421629 0.00658903 -0.00316036 0.0119265 0.0302115 0.00157526 0.00176715 0.000204112 
100 0.3 4900000 241.198 8.79374 -32.6406 0.841501 1264.46 67.1179 2.89137e+06 377055 -0.00616063 0.00642476 -0.00099104 0.010309 0.0296801 0.00155675 0.00173642 0.000190483 
100 0.3 5000000 241.198 8.68684 -32.6406 0.841501 1264.46 67.1179 2.89137e+06 368114 -0.00616063 0.00631857 -0.00099104 0.010309 0.0296801 0.00152893 0.00173642 0.000189402 
100 0.3 5100000 241.198 8.65719 -32.6406 0.841501 1264.46 67.1179 2.89137e+06 361309 -0.00616063 0.00625479 -0.00099104 0.010309 0.0296801 0.00151814 0.00173642 0.000189402 
100 0.3 5200000 244.149 8.53127 -32.2739 0.852958 1239.31 66.4997 2.78047e+06 351735 -0.00699816 0.00614209 -0.00047183 0.010309 0.029276 0.00148589 0.00169102 0.0001809 
100 0.3 5300000 244.149 8.40118 -32.2739 0.852958 1239.31 66.4997 2.78047e+06 348287 -0.00699816 0.0060584 -0.00047183 0.010309 0.029276 0.00146143 0.00169102 0.0001809 
100 0.3 5400000 244.149 8.40118 -32.2739 0.852958 1239.31 66.4997 2.78047e+06 348287 -0.00699816 0.00599284 -0.00047183 0.010309 0.029276 0.00145857 0.00169102 0.0001809 
100 0.3 5500000 243.638 8.16338 -32.47 0.814275 1251.63 62.88 2.79009e+06 332101 -0.00750192 0.00589951 -0.00178628 0.00886686 0.0294658 0.00146073 0.00172282 0.000174069 
100 0.3 5600000 243.638 8.05856 -32.47 0.814275 1251.63 62.88 2.79009e+06 325874 -0.00750192 0.00584497 -0.00178628 0.00886686 0.0294658 0.00143919 0.00172282 0.000177585 
100 0.3 5700000 243.638 8.1281 -32.47 0.814275 1251.63 62.88 2.79009e+06 323542 -0.00750192 0.00577095 -0.00178628 0.00886686 0.0294658 0.00141678 0.00172282 0.000174038 
100 0.3 5800000 243.808 8.00273 -32.4631 0.760019 1250.29 58.7023 2.78678e+06 313844 -0.00814386 0.00569915 -0.00335517 0.00886686 0.0292614 0.00137563 0.0017263 0.000170858 
100 0.3 5900000 243.808 7.92851 -32.4631 0.760019 1250.29 58.7023 2.78678e+06 309158 -0.00814386 0.00564572 -0.00335517 0.00886686 0.0292614 0.00136899 0.0017263 0.000167634 
100 0.3 6000000 243.808 7.80395 -32.4631 0.760019 1250.29 58.7023 2.78678e+06 303109 -0.00814386 0.00559444 -0.00335517 0.00886686 0.0292614 0.0013619 0.0017263 0.000164633 
100 0.3 6100000 243.808 7.69415 -32.4631 0.760019 1250.29 58.7023 2.78678e+06 304458 -0.00814386 0.00549377 -0.00335517 0.00886686 0.0292614 0.00135065 0.0017263 0.000162025 
100 0.3 6200000 242.164 7.59916 -32.5346 0.715872 1254.55 55.1882 2.80064e+06 305299 -0.00908607 0.00546015 -0.00136268 0.00776862 0.0290246 0.00130943 0.00168641 0.000159221 
100 0.3 6300000 242.164 7.58752 -32.5346 0.715872 1254.55 55.1882 2.80064e+06 301109 -0.00908607 0.00538258 -0.00136268 0.00776862 0.0290246 0.00131803 0.00168641 0.000162086 
100 0.3 6400000 242.164 7.47604 -32.5346 0.715872 1254.55 55.1882 2.80064e+06 330223 -0.00908607 0.00542192 -0.00136268 0.00776862 0.0290246 0.00132944 0.00168641 0.000172684 
100 0.3 6500000 241.412 7.42623 -32.7423 0.703233 1277.62 56.5568 2.97581e+06 326281 -0.00698947 0.0053305 -0.0035315 0.00776862 0.0293272 0.0013195 0.00176692 0.00016998 
100 0.3 6600000 241.412 7.33461 -32.7423 0.703233 1277.62 56.5568 2.97581e+06 319984 -0.00698947 0.00527075 -0.0035315 0.00776862 0.0293272 0.0012976 0.00176692 0.000168174 
100 0.3 6700000 241.412 7.26696 -32.7423 0.703233 1277.62 56.5568 2.97581e+06 316356 -0.00698947 0.00519276 -0.0035315 0.00776862 0.0293272 0.00128316 0.00176692 0.00016551 
100 0.3 6800000 242.611 7.17853 -32.4973 0.705538 1256.95 57.0654 2.88221e+06 312261 -0.00778073 0.00514335 -0.0039532 0.00732463 0.0288642 0.00126989 0.00172624 0.000162867 
100 0.3 6900000 242.611 7.09515 -32.4973 0.705538 1256.95 57.0654 2.88221e+06 312261 -0.00778073 0.00507474 -0.0039532 0.00732463 0.0288642 0.00125385 0.00172624 0.000160419 
100 0.3 7000000 242.611 7.10962 -32.4973 0.705538 1256.95 57.0654 2.88221e+06 312261 -0.00778073 0.00500676 -0.0039532 0.00732463 0.0288642 0.00123241 0.00172624 0.000160296 
100 0.3 7100000 246.026 7.12614 -32.3427 0.68513 1243.19 55.6974 2.81136e+06 303759 -0.00860956 0.00496089 -0.00468974 0.00732463 0.0288165 0.00121645 0.00170047 0.000155591 
100 0.3 7200000 246.026 7.05908 -32.3427 0.68513 1243.19 55.6974 2.81136e+06 303759 -0.00860956 0.004999 -0.00468974 0.00732463 0.0288165 0.0012199 0.00170047 0.000160233 
100 0.3 7300000 246.026 7.02365 -32.3427 0.68513 1243.19 55.6974 2.81136e+06 303759 -0.00860956 0.0050074 -0.00468974 0.00732463 0.0288165 0.00122852 0.00170047 0.000158077 
100 0.3 7400000 248.628 8.77645 -32.4115 0.654318 1246.19 52.9936 2.79817e+06 288857 -0.0054258 0.00502148 -0.00439759 0.00660564 0.0292326 0.00120954 0.00176821 0.000160433 
100 0.3 7500000 248.628 8.77645 -32.4115 0.654318 1246.19 52.9936 2.79817e+06 288857 -0.0054258 0.00497832 -0.00439759 0.00660564 0.0292326 0.00119983 0.00176821 0.000160433 
100 0.3 7600000 248.628 8.77645 -32.4115 0.654318 1246.19 52.9936 2.79817e+06 288857 -0.0054258 0.00498104 -0.00439759 0.00660564 0.0292326 0.00119983 0.00176821 0.000160433 
100 0.3 7700000 248.628 8.77645 -32.4115 0.654318 1246.19 52.9936 2.79817e+06 288857 -0.0054258 0.00493728 -0.00439759 0.00660564 0.0292326 0.00119983 0.00176821 0.000160433 
100 0.3 7800000 248.628 8.77645 -32.4115 0.647259 1246.19 53.7681 2.79817e+06 290485 -0.0054258 0.00484557 -0.00439759 0.00660564 0.0292326 0.00119983 0.00176821 0.000157067 
100 0.3 7900000 248.628 8.77645 -32.4115 0.647259 1246.19 53.7681 2.79817e+06 290485 -0.0054258 0.00484749 -0.00439759 0.00660564 0.0292326 0.00119983 0.00176821 0.000157067 
100 0.3 8000000 248.628 8.77645 -32.4115 0.647259 1246.19 53.7681 2.79817e+06 290485 -0.0054258 0.00479614 -0.00439759 0.00660564 0.0292326 0.00119983 0.00176821 0.000157067 
100 0.3 8100000 249.199 8.77645 -32.6424 0.619892 1266.15 51.3327 2.87093e+06 278176 -0.00560611 0.00502753 -0.00303486 0.00614408 0.0297896 0.00119983 0.00181831 0.000155816 
100 0.3 8200000 249.199 8.77645 -32.6424 0.619892 1266.15 51.3327 2.87093e+06 278176 -0.00560611 0.00495237 -0.00303486 0.00614408 0.0297896 0.00119983 0.00181831 0.000155816 
100 0.3 8300000 249.199 8.77645 -32.6424 0.619892 1266.15 51.3327 2.87093e+06 278176 -0.00560611 0.00490413 -0.00303486 0.00614408 0.0297896 0.00119983 0.00181831 0.000155816 
100 0.3 8400000 249.199 8.77645 -32.6424 0.646699 1266.15 52.5855 2.87093e+06 277708 -0.00560611 0.0048921 -0.00303486 0.00614408 0.0297896 0.00119983 0.00181831 0.000155816 
100 0.3 8500000 249.199 8.77645 -32.6424 0.646699 1266.15 52.5855 2.87093e+06 277708 -0.00560611 0.0048482 -0.00303486 0.00614408 0.0297896 0.00119983 0.00181831 0.000155816 
100 0.3 8600000 249.199 8.77645 -32.6424 0.646699 1266.15 52.5855 2.87093e+06 277708 -0.00560611 0.00476586 -0.00303486 0.00614408 0.0297896 0.00119983 0.00181831 0.000155816 
100 0.3 8700000 251.883 7.89416 -32.3321 0.621412 1242.81 50.5532 2.75487e+06 268303 -0.00399771 0.00475057 -0.00408138 0.00572051 0.0295234 0.00112968 0.00177158 0.000147713 
100 0.3 8800000 251.883 7.89416 -32.3321 0.621412 1242.81 50.5532 2.75487e+06 268303 -0.00399771 0.00470165 -0.00408138 0.00572051 0.0295234 0.00111839 0.00177158 0.000146041 
100 0.3 8900000 251.883 7.89416 -32.3321 0.621412 1242.81 50.5532 2.75487e+06 268303 -0.00399771 0.00468474 -0.00408138 0.00572051 0.0295234 0.00111004 0.00177158 0.000144609 
100 0.3 9000000 251.883 7.89416 -32.3321 0.601104 1242.81 48.7176 2.75487e+06 258382 -0.00399771 0.00460073 -0.00408138 0.00572051 0.0295234 0.00110157 0.00177158 0.000142986 
100 0.3 9100000 251.883 7.89416 -32.3321 0.601104 1242.81 48.7176 2.75487e+06 258382 -0.00399771 0.00463592 -0.00408138 0.00572051 0.0295234 0.00109328 0.00177158 0.000141441 
100 0.3 9200000 251.883 7.89416 -32.3321 0.601104 1242.81 48.7176 2.75487e+06 258382 -0.00399771 0.00464371 -0.00408138 0.00572051 0.0295234 0.00108333 0.00177158 0.000140013 
100 0.3 9300000 251.883 7.89416 -32.3321 0.601104 1242.81 48.7176 2.75487e+06 258382 -0.00399771 0.0046185 -0.00408138 0.00572051 0.0295234 0.00107133 0.00177158 0.000138426 
100 0.3 9400000 252.591 7.89416 -32.2784 0.578371 1238.51 46.8438 2.72181e+06 248731 -0.00541034 0.00457882 -0.00436145 0.00528732 0.0293781 0.00106077 0.00175945 0.00013685 
100 0.3 9500000 252.591 7.89416 -32.2784 0.578371 1238.51 46.8438 2.72181e+06 248731 -0.00541034 0.0045437 -0.00436145 0.00528732 0.0293781 0.00105393 0.00175945 0.000135511 
100 0.3 9600000 252.591 7.89416 -32.2784 0.578371 1238.51 46.8438 2.72181e+06 248731 -0.00541034 0.00450322 -0.00436145 0.00528732 0.0293781 0.00104555 0.00175945 0.000134101 
100 0.3 9700000 252.591 7.89416 -32.2784 0.569215 1238.51 46.0164 2.72181e+06 246108 -0.00541034 0.00461864 -0.00436145 0.00528732 0.0293781 0.00103773 0.00175945 0.000132761 
100 0.3 9800000 252.591 7.89416 -32.2784 0.569215 1238.51 46.0164 2.72181e+06 265995 -0.00541034 0.00453784 -0.00436145 0.00528732 0.0293781 0.00103451 0.00175945 0.000131322 
100 0.3 9900000 252.591 7.89416 -32.2784 0.569215 1238.51 46.0164 2.72181e+06 263644 -0.00541034 0.0045141 -0.00436145 0.00528732 0.0293781 0.00103451 0.00175945 0.000130779 
100 0.3 10000000 251.833 6.76659 -32.4698 0.55338 1256.87 45.2631 2.87849e+06 260336 -0.00539103 0.0044983 -0.00206968 0.00538347 0.0295992 0.00101585 0.00175739 0.000129507 
100 0.3 10100000 251.833 6.76659 -32.4698 0.55338 1256.87 45.2631 2.87849e+06 258278 -0.00539103 0.00446122 -0.00206968 0.00538347 0.0295992 0.00100816 0.00175739 0.000128473 
100 0.3 10200000 251.833 6.76659 -32.4698 0.55338 1256.87 45.2631 2.87849e+06 256472 -0.00539103 0.00440605 -0.00206968 0.00538347 0.0295992 0.000998388 0.00175739 0.000127167 
100 0.3 10300000 251.833 6.76659 -32.4698 0.564076 1256.87 45.194 2.87849e+06 260791 -0.00539103 0.00438668 -0.00206968 0.00538347 0.0295992 0.000993735 0.00175739 0.000126326 
100 0.3 10400000 251.833 6.76659 -32.4698 0.564076 1256.87 45.194 2.87849e+06 265538 -0.00539103 0.00438863 -0.00206968 0.00538347 0.0295992 0.00099654 0.00175739 0.000128997 
100 0.3 10500000 251.833 6.76659 -32.4698 0.564076 1256.87 45.194 2.87849e+06 263420 -0.00539103 0.0043551 -0.00206968 0.00538347 0.0295992 0.000991079 0.00175739 0.000127996 
100 0.3 10600000 251.475 6.76659 -32.6246 0.54603 1272.71 43.8747 2.98191e+06 259518 -0.00423785 0.00442554 -0.00156048 0.0050486 0.029719 0.000983665 0.00177344 0.000126834 
100 0.3 10700000 251.475 6.76659 -32.6246 0.54603 1272.71 43.8747 2.98191e+06 258482 -0.00423785 0.00439165 -0.00156048 0.0050486 0.029719 0.000989474 0.00177344 0.000128101 
100 0.3 10800000 251.475 6.76659 -32.6246 0.54603 1272.71 43.8747 2.98191e+06 256499 -0.00423785 0.00435593 -0.00156048 0.0050486 0.029719 0.000983641 0.00177344 0.000127035 
100 0.3 10900000 251.475 6.76659 -32.6246 0.54603 1272.71 43.8747 2.98191e+06 254671 -0.00423785 0.00432193 -0.00156048 0.0050486 0.029719 0.000975296 0.00177344 0.000125864 
100 0.3 11000000 251.475 6.76659 -32.6246 0.529666 1272.71 42.7274 2.98191e+06 250777 -0.00423785 0.00425819 -0.00156048 0.0050486 0.029719 0.000967252 0.00177344 0.000124733 
100 0.3 11100000 251.475 6.76659 -32.6246 0.529666 1272.71 42.7274 2.98191e+06 249597 -0.00423785 0.00422798 -0.00156048 0.0050486 0.029719 0.000965191 0.00177344 0.000124484 
100 0.3 11200000 251.475 6.76659 -32.6246 0.529666 1272.71 42.7274 2.98191e+06 248080 -0.00423785 0.00421724 -0.00156048 0.0050486 0.029719 0.000959806 0.00177344 0.000123583 
100 0.3 11300000 248.805 6.56335 -32.648 0.513288 1277.42 41.3924 3.01138e+06 246866 -0.00425834 0.00418876 -0.000668167 0.0048262 0.0296869 0.000953685 0.00177772 0.000122529 
100 0.3 11400000 248.805 6.56335 -32.648 0.513288 1277.42 41.3924 3.01138e+06 243289 -0.00425834 0.0041929 -0.000668167 0.00481333 0.0296869 0.00095466 0.00177772 0.000123312 
100 0.3 11500000 248.805 6.56335 -32.648 0.513288 1277.42 41.3924 3.01138e+06 241736 -0.00425834 0.00416094 -0.000668167 0.00481333 0.0296869 0.000948077 0.00177772 0.000122239 
100 0.3 11600000 248.805 6.56335 -32.648 0.499588 1277.42 40.3762 3.01138e+06 240204 -0.00425834 0.00416285 -0.000668167 0.00481127 0.0296869 0.000942973 0.00177772 0.000121266 
100 0.3 11700000 248.805 6.56335 -32.648 0.499588 1277.42 40.3762 3.01138e+06 239355 -0.00425834 0.00413298 -0.000668167 0.00481127 0.0296869 0.000939029 0.00177772 0.000120432 
100 0.3 11800000 248.805 6.56335 -32.648 0.499588 1277.42 40.3762 3.01138e+06 237067 -0.00425834 0.0041107 -0.000668167 0.00481127 0.0296869 0.000933658 0.00177772 0.000119746 
100 0.3 11900000 246.768 6.56335 -32.6004 0.48491 1272.29 39.1946 2.96962e+06 235324 -0.0032853 0.00408047 0.000142779 0.00462462 0.0296996 0.000929368 0.00178468 0.00011962 
100 0.3 12000000 246.768 6.56335 -32.6004 0.48491 1272.29 39.1946 2.96962e+06 233607 -0.0032853 0.00405073 0.000142779 0.00462462 0.0296996 0.000922265 0.00178468 0.000118652 
100 0.3 12100000 246.768 6.56335 -32.6004 0.48491 1272.29 39.1946 2.96962e+06 232007 -0.0032853 0.00402932 0.000142779 0.00459968 0.0296996 0.000914395 0.00178468 0.000117663 
100 0.3 12200000 246.768 6.56335 -32.6004 0.471499 1272.29 38.1277 2.96962e+06 228866 -0.0032853 0.00403783 0.000142779 0.00459609 0.0296996 0.000907708 0.00178468 0.000116712 
100 0.3 12300000 246.768 6.56335 -32.6004 0.471499 1272.29 38.1277 2.96962e+06 227243 -0.0032853 0.00401404 0.000142779 0.00459609 0.0296996 0.000900662 0.00178468 0.000115755 
100 0.3 12400000 246.768 6.56335 -32.6004 0.471499 1272.29 38.1277 2.96962e+06 225934 -0.0032853 0.00398669 0.000142779 0.00459609 0.0296996 0.000896818 0.00178468 0.000115062 
100 0.3 12500000 246.768 6.56335 -32.6004 0.471499 1272.29 38.1277 2.96962e+06 224556 -0.0032853 0.00398042 0.000142779 0.00459609 0.0296996 0.000891885 0.00178468 0.000114396 
100 0.3 12600000 247.599 5.94381 -32.5281 0.461208 1265.43 37.372 2.92303e+06 221603 -0.00305408 0.00395525 -0.000243821 0.00441908 0.0294637 0.000885819 0.00174909 0.000113516 
100 0.3 12700000 247.599 5.94381 -32.5281 0.461208 1265.43 37.372 2.92303e+06 220533 -0.00305408 0.00396675 -0.000243821 0.00437363 0.0294637 0.000879588 0.00174909 0.000112631 
100 0.3 12800000 247.599 5.94381 -32.5281 0.461208 1265.43 37.372 2.92303e+06 219071 -0.00305408 0.00393978 -0.000243821 0.00437363 0.0294637 0.000874238 0.00174909 0.000111802 
100 0.3 12900000 247.599 5.94381 -32.5281 0.461269 1265.43 36.7598 2.92303e+06 217707 -0.00305408 0.00392142 -0.000243821 0.00435698 0.0294637 0.000868303 0.00174909 0.000110943 
100 0.3 13000000 247.599 5.94381 -32.5281 0.461269 1265.43 36.7598 2.92303e+06 215210 -0.00305408 0.00388297 -0.000243821 0.00435698 0.0294637 0.000862677 0.00174909 0.000110127 
100 0.3 13100000 247.599 5.94381 -32.5281 0.461269 1265.43 36.7598 2.92303e+06 213981 -0.00305408 0.00389234 -0.000243821 0.00435698 0.0294637 0.000859321 0.00174909 0.000109419 
100 0.3 13200000 248.317 5.94381 -32.3965 0.449722 1256.45 35.9594 2.87351e+06 212581 -0.00108786 0.00392322 -0.000346259 0.00420813 0.0291083 0.000855158 0.00170485 0.000108641 
100 0.3 13300000 248.317 5.94381 -32.3965 0.449722 1256.45 35.9594 2.87351e+06 211211 -0.00108786 0.00392322 -0.000346259 0.00420813 0.0291083 0.000850955 0.00170485 0.000107884 
100 0.3 13400000 248.317 5.94381 -32.3965 0.449722 1256.45 35.9594 2.87351e+06 209134 -0.00108786 0.00389387 -0.000346259 0.00416017 0.0291083 0.000845243 0.00170485 0.000107103 
100 0.3 13500000 248.317 5.94381 -32.3965 0.438926 1256.45 35.086 2.87351e+06 207821 -0.00108786 0.0038503 -0.000346259 0.00412887 0.0291083 0.00085003 0.00170485 0.000107599 
100 0.3 13600000 248.317 5.94381 -32.3965 0.438926 1256.45 35.086 2.87351e+06 206862 -0.00108786 0.0038503 -0.000346259 0.00412887 0.0291083 0.00084599 0.00170485 0.000106874 
100 0.3 13700000 248.317 5.94381 -32.3965 0.438926 1256.45 35.086 2.87351e+06 205806 -0.00108786 0.00386952 -0.000346259 0.00412887 0.0291083 0.000842017 0.00170485 0.00010633 
100 0.3 13800000 247.98 6.38112 -32.4174 0.42798 1257.52 34.2181 2.86956e+06 225736 -0.000676772 0.00443144 -0.000883795 0.00402487 0.0290298 0.000933692 0.00169253 0.000112343 
100 0.3 13900000 247.98 6.38112 -32.4174 0.428027 1257.52 34.2181 2.86956e+06 225736 -0.000676772 0.00443144 -0.000883795 0.00402487 0.0290298 0.000933692 0.00169253 0.000112343 
100 0.3 14000000 247.98 6.38112 -32.4174 0.42798 1257.52 34.2181 2.86956e+06 225736 -0.000676772 0.00443144 -0.000883795 0.00399468 0.0290298 0.000933692 0.00169253 0.000112343 
100 0.3 14100000 247.98 6.38112 -32.4174 0.42798 1257.52 34.2181 2.86956e+06 225736 -0.000676772 0.00443144 -0.000883795 0.00399468 0.0290298 0.000933692 0.00169253 0.000112343 
100 0.3 14200000 247.98 6.38112 -32.4174 0.423256 1257.52 33.5241 2.86956e+06 225736 -0.000676772 0.00443144 -0.000883795 0.00399189 0.0290298 0.000933692 0.00169253 0.000112343 
100 0.3 14300000 247.98 6.38112 -32.4174 0.423256 1257.52 33.5241 2.86956e+06 225736 -0.000676772 0.00443144 -0.000883795 0.00396841 0.0290298 0.000933692 0.00169253 0.000112343 
100 0.3 14400000 247.98 6.38112 -32.4174 0.423256 1257.52 33.5241 2.86956e+06 225736 -0.000676772 0.00443144 -0.000883795 0.00396841 0.0290298 0.000933692 0.00169253 0.000112343 
100 0.3 14500000 247.98 6.38112 -32.4174 0.418384 1257.52 33.2387 2.86956e+06 225736 -0.000676772 0.00443144 -0.000883795 0.00392189 0.0290298 0.000933692 0.00169253 0.000112343 
100 0.3 14600000 247.98 6.38112 -32.4174 0.418384 1257.52 33.2387 2.86956e+06 225736 -0.000676772 0.00443144 -0.000883795 0.00393084 0.0290298 0.000933692 0.00169253 0.000112343 
100 0.3 14700000 247.98 6.38112 -32.4174 0.418384 1257.52 33.2387 2.86956e+06 225736 -0.000676772 0.00443144 -0.000883795 0.00393084 0.0290298 0.000933692 0.00169253 0.000112343 
100 0.3 14800000 247.98 6.38112 -32.4174 0.414879 1257.52 32.8968 2.86956e+06 225736 -0.000676772 0.00443144 -0.000883795 0.00388542 0.0290298 0.000933692 0.00169253 0.000112343 
100 0.3 14900000 247.98 6.38112 -32.4174 0.417781 1257.52 33.544 2.86956e+06 225736 -0.000676772 0.00443144 -0.000883795 0.00388542 0.0290298 0.000933692 0.00169253 0.000112343 
100 0.3 15000000 247.98 6.38112 -32.4174 0.415987 1257.52 33.3712 2.86956e+06 225736 -0.000676772 0.00443144 -0.000883795 0.00390923 0.0290298 0.000933692 0.00169253 0.000112343 
100 0.3 15100000 246.939 6.38112 -32.3876 0.413641 1258.64 33.1653 2.91594e+06 225736 -0.00113702 0.00443144 0.000941305 0.00386608 0.0291321 0.000933692 0.00170551 0.000112343 
100 0.3 15200000 246.939 6.38112 -32.3876 0.413056 1258.64 33.1702 2.91594e+06 225736 -0.00113702 0.00443144 0.000941305 0.00386608 0.0291321 0.000933692 0.00170551 0.000112343 
100 0.3 15300000 246.939 6.38112 -32.3876 0.414582 1258.64 33.0604 2.91594e+06 225736 -0.00113702 0.00443144 0.000941305 0.00385506 0.0291321 0.000933692 0.00170551 0.000112343 
100 0.3 15400000 246.939 6.38112 -32.3876 0.413229 1258.64 32.9038 2.91594e+06 225736 -0.00113702 0.00443144 0.000941305 0.00385506 0.0291321 0.000933692 0.00170551 0.000112343 
100 0.3 15500000 246.939 6.38112 -32.3876 0.410829 1258.64 32.692 2.91594e+06 225736 -0.00113702 0.00443144 0.000941305 0.00385506 0.0291321 0.000933692 0.00170551 0.000112343 
100 0.3 15600000 246.939 6.38112 -32.3876 0.40969 1258.64 32.5642 2.91594e+06 225736 -0.00113702 0.00443144 0.000941305 0.00385506 0.0291321 0.000933692 0.00170551 0.000112343 
100 0.3 15700000 246.939 6.38112 -32.3876 0.409163 1258.64 32.5927 2.91594e+06 225736 -0.00113702 0.00443144 0.000941305 0.00385506 0.0291321 0.000933692 0.00170551 0.000112343 
100 0.3 15800000 246.939 6.38112 -32.3876 0.40726 1258.64 32.4196 2.91594e+06 225736 -0.00113702 0.00443144 0.000941305 0.00405906 0.0291321 0.000933692 0.00170551 0.000112343 
100 0.3 15900000 246.939 6.38112 -32.3876 0.405698 1258.64 32.2692 2.91594e+06 225736 -0.00113702 0.00443144 0.000941305 0.00405906 0.0291321 0.000933692 0.00170551 0.000112343 
100 0.3 16000000 246.939 6.38112 -32.3876 0.405366 1258.64 32.1007 2.91594e+06 225736 -0.00113702 0.00443144 0.000941305 0.00405906 0.0291321 0.000933692 0.00170551 0.000112343 
100 0.3 16100000 246.939 6.38112 -32.3876 0.402347 1258.64 31.942 2.91594e+06 225736 -0.00113702 0.00443144 0.000941305 0.00405906 0.0291321 0.000933692 0.00170551 0.000112343 
100 0.3 16200000 246.939 6.38112 -32.3876 0.400332 1258.64 31.7654 2.91594e+06 225736 -0.00113702 0.00443144 0.000941305 0.00405906 0.0291321 0.000933692 0.00170551 0.000112343 
100 0.3 16300000 246.939 6.38112 -32.3876 0.398585 1258.64 31.6069 2.91594e+06 225736 -0.00113702 0.00443144 0.000941305 0.00405906 0.0291321 0.000933692 0.00170551 0.000112343 
100 0.3 16400000 250.186 5.68631 -32.3076 0.39872 1253.77 31.4278 2.88792e+06 192768 -7.66558e-06 0.00374304 -0.00123885 0.00391429 0.029406 0.000850491 0.00172717 9.88152e-05 
100 0.3 16500000 250.186 5.68631 -32.3076 0.39872 1253.77 31.2873 2.88792e+06 191610 -7.66558e-06 0.00374304 -0.00123885 0.00391429 0.029406 0.000850491 0.00172717 9.88152e-05 
100 0.3 16600000 250.186 5.68631 -32.3076 0.39872 1253.77 31.1913 2.88792e+06 190725 -7.66558e-06 0.00374304 -0.00123885 0.00391429 0.029406 0.000850491 0.00172717 9.88152e-05 
100 0.3 16700000 250.186 5.68631 -32.3076 0.392514 1253.77 31.0181 2.88792e+06 189629 -7.66558e-06 0.00374304 -0.00123885 0.00391429 0.029406 0.000850491 0.00172717 9.88152e-05 
100 0.3 16800000 250.186 5.68631 -32.3076 0.392514 1253.77 30.8603 2.88792e+06 188858 -7.66558e-06 0.00374304 -0.00123885 0.00391429 0.029406 0.000850491 0.00172717 9.88152e-05 
100 0.3 16900000 250.186 5.68631 -32.3076 0.392514 1253.77 30.7123 2.88792e+06 188858 -7.66558e-06 0.00374304 -0.00123885 0.00391429 0.029406 0.000850491 0.00172717 9.88152e-05 
100 0.3 17000000 250.186 5.68631 -32.3076 0.38718 1253.77 30.559 2.88792e+06 188858 -7.66558e-06 0.00374304 -0.00123885 0.00386841 0.029406 0.000850491 0.00172717 9.88152e-05 
100 0.3 17100000 250.186 5.68631 -32.3076 0.386775 1253.77 30.5755 2.88792e+06 188858 -7.66558e-06 0.00374304 -0.00123885 0.00386841 0.029406 0.000850491 0.00172717 9.88152e-05 
100 0.3 17200000 250.186 5.68631 -32.3076 0.385125 1253.77 30.4372 2.88792e+06 188858 -7.66558e-06 0.00374304 -0.00123885 0.00386841 0.029406 0.000850491 0.00172717 9.88152e-05 
100 0.3 17300000 250.186 5.68631 -32.3076 0.384689 1253.77 30.3076 2.88792e+06 188858 -7.66558e-06 0.00374304 -0.00123885 0.00386841 0.029406 0.000850491 0.00172717 9.88152e-05 
100 0.3 17400000 250.186 5.68631 -32.3076 0.383059 1253.77 30.2017 2.88792e+06 188858 -7.66558e-06 0.00374304 -0.00123885 0.00386841 0.029406 0.000850491 0.00172717 9.88152e-05 
100 0.3 17500000 250.186 5.68631 -32.3076 0.382861 1253.77 30.0918 2.88792e+06 188858 -7.66558e-06 0.00374304 -0.00123885 0.00386841 0.029406 0.000850491 0.00172717 9.88152e-05 
100 0.3 17600000 250.186 5.68631 -32.3076 0.389334 1253.77 31.9538 2.88792e+06 257241 -7.66558e-06 0.00374304 -0.00123885 0.00386841 0.029406 0.000850491 0.00172717 9.88152e-05 
100 0.3 17700000 249.38 5.68631 -32.2894 0.38812 1260.23 32.426 3.04834e+06 263848 8.41005e-05 0.00374304 -0.00176974 0.00398866 0.0292423 0.000850491 0.00172725 9.88152e-05 
100 0.3 17800000 249.38 5.68631 -32.2894 0.386694 1260.23 32.1922 3.04834e+06 261801 8.41005e-05 0.00374304 -0.00176974 0.00398866 0.0292423 0.000850491 0.00172725 9.88152e-05 
100 0.3 17900000 249.38 5.68631 -32.2894 0.385387 1260.23 32.2129 3.04834e+06 261801 8.41005e-05 0.00374304 -0.00176974 0.00398866 0.0292423 0.000850491 0.00172725 9.88152e-05 
100 0.3 18000000 249.38 5.68631 -32.2894 0.384613 1260.23 32.1632 3.04834e+06 259409 8.41005e-05 0.00374304 -0.00176974 0.00398866 0.0292423 0.000850491 0.00172725 9.88152e-05 
100 0.3 18100000 249.38 5.68631 -32.2894 0.383316 1260.23 32.0327 3.04834e+06 259409 8.41005e-05 0.00374304 -0.00176974 0.00398866 0.0292423 0.000850491 0.00172725 9.88152e-05 
100 0.3 18200000 249.38 5.68631 -32.2894 0.382341 1260.23 32.0125 3.04834e+06 256988 8.41005e-05 0.00374304 -0.00176974 0.00398866 0.0292423 0.000850491 0.00172725 9.88152e-05 
100 0.3 18300000 249.38 5.68631 -32.2894 0.38137 1260.23 31.9224 3.04834e+06 254713 8.41005e-05 0.00374304 -0.00176974 0.00387476 0.0292423 0.000850491 0.00172725 9.88152e-05 
100 0.3 18400000 249.38 5.68631 -32.2894 0.380142 1260.23 31.7771 3.04834e+06 254713 8.41005e-05 0.00374304 -0.00176974 0.00387476 0.0292423 0.000850491 0.00172725 9.88152e-05 
100 0.3 18500000 249.38 5.68631 -32.2894 0.378881 1260.23 31.671 3.04834e+06 252572 8.41005e-05 0.00374304 -0.00176974 0.00387476 0.0292423 0.000850491 0.00172725 9.88152e-05 
100 0.3 18600000 249.38 5.68631 -32.2894 0.376963 1260.23 31.3972 3.04834e+06 250630 8.41005e-05 0.00374304 -0.00176974 0.00387476 0.0292423 0.000850491 0.00172725 9.88152e-05 
100 0.3 18700000 249.38 5.68631 -32.2894 0.375613 1260.23 31.2572 3.04834e+06 250630 8.41005e-05 0.00374304 -0.00176974 0.00387476 0.0292423 0.000850491 0.00172725 9.88152e-05 
100 0.3 18800000 249.38 5.68631 -32.2894 0.374723 1260.23 31.133 3.04834e+06 248412 8.41005e-05 0.00374304 -0.00176974 0.00387476 0.0292423 0.000850491 0.00172725 9.88152e-05 
100 0.3 18900000 249.38 5.68631 -32.2894 0.37349 1260.23 30.9969 3.04834e+06 248412 8.41005e-05 0.00374304 -0.00176974 0.00387476 0.0292423 0.000850491 0.00172725 9.88152e-05 
100 0.3 19000000 251 5.03303 -32.2924 0.37205 1260.16 30.8365 3.03553e+06 246686 0.000426205 0.00334799 -0.00261297 0.00374978 0.0292778 0.000738592 0.00172539 8.99708e-05 
100 0.3 19100000 251 5.03303 -32.2924 0.370904 1260.16 30.7397 3.03553e+06 244504 0.000426205 0.0033459 -0.00261297 0.00374978 0.0292778 0.000738592 0.00172539 8.99889e-05 
100 0.3 19200000 251 5.03303 -32.2924 0.369919 1260.16 30.6649 3.03553e+06 244504 0.000426205 0.00333872 -0.00261297 0.00374978 0.0292778 0.000738592 0.00172539 8.95215e-05 
100 0.3 19300000 251 5.03303 -32.2924 0.36941 1260.16 30.5529 3.03553e+06 242443 0.000426205 0.00332834 -0.00261297 0.00374978 0.0292778 0.000738592 0.00172539 8.95761e-05 
100 0.3 19400000 251 5.03303 -32.2924 0.3679 1260.16 30.4787 3.03553e+06 240938 0.000426205 0.00331647 -0.00261297 0.00374978 0.0292778 0.000738592 0.00172539 8.91521e-05 
100 0.3 19500000 251 5.03303 -32.2924 0.3667 1260.16 30.3847 3.03553e+06 240938 0.000426205 0.00331647 -0.00261297 0.00374978 0.0292778 0.000738592 0.00172539 8.87005e-05 
100 0.3 19600000 251 5.03303 -32.2924 0.366338 1260.16 30.4036 3.03553e+06 239552 0.000426205 0.00329312 -0.00261297 0.0036206 0.0292778 0.000738592 0.00172539 8.83544e-05 
100 0.3 19700000 251 5.03303 -32.2924 0.368686 1260.16 30.6605 3.03553e+06 239552 0.000426205 0.00329312 -0.00261297 0.0036206 0.0292778 0.000738592 0.00172539 8.85856e-05 
100 0.3 19800000 251 5.03303 -32.2924 0.366263 1260.16 30.4341 3.03553e+06 238307 0.000426205 0.00327687 -0.00261297 0.0036206 0.0292778 0.000738592 0.00172539 8.82641e-05 
100 0.3 19900000 251 5.03303 -32.2924 0.365427 1260.16 30.3585 3.03553e+06 236355 0.000426205 0.00325053 -0.00261297 0.0036206 0.0292778 0.000738592 0.00172539 8.78461e-05 
100 0.3 20000000 251 5.03303 -32.2924 0.366257 1260.16 30.3977 3.03553e+06 236355 0.000426205 0.00327129 -0.00261297 0.0036206 0.0292778 0.000738592 0.00172539 8.7401e-05 
100 0.3 20100000 251 5.03303 -32.2924 0.365305 1260.16 30.292 3.03553e+06 234630 0.000426205 0.00326117 -0.00261297 0.0036206 0.0292778 0.000738592 0.00172539 8.72249e-05 
100 0.3 20200000 250.081 4.93187 -32.3832 0.362819 1266.19 30.0931 3.03991e+06 233071 0.000862843 0.00325969 -0.00303351 0.00352088 0.0294918 0.000738592 0.00173775 8.68123e-05 
100 0.3 20300000 250.081 4.93187 -32.3832 0.361765 1266.19 29.9852 3.03991e+06 233071 0.000862843 0.00324957 -0.00303351 0.00352088 0.0294918 0.000738592 0.00173775 8.64081e-05 
100 0.3 20400000 250.081 4.93187 -32.3832 0.36259 1266.19 30.0042 3.03991e+06 231364 0.000862843 0.00323711 -0.00303351 0.00352088 0.0294918 0.000738592 0.00173775 8.60468e-05 
100 0.3 20500000 250.081 4.93187 -32.3832 0.365247 1266.19 30.2649 3.03991e+06 231364 0.000862843 0.00323371 -0.00303351 0.00352088 0.0294918 0.000738592 0.00173775 8.575e-05 
100 0.3 20600000 250.081 4.93187 -32.3832 0.366332 1266.19 30.1477 3.03991e+06 230087 0.000862843 0.00323337 -0.00303351 0.00352088 0.0294918 0.000738592 0.00173775 8.53748e-05 
100 0.3 20700000 250.081 4.93187 -32.3832 0.364844 1266.19 30.0335 3.03991e+06 228561 0.000862843 0.00323337 -0.00303351 0.00352088 0.0294918 0.000738592 0.00173775 8.53062e-05 
100 0.3 20800000 250.081 4.93187 -32.3832 0.365218 1266.19 30.0186 3.03991e+06 228533 0.000862843 0.00323337 -0.00303351 0.00352088 0.0294918 0.000738592 0.00173775 8.49471e-05 
100 0.3 20900000 250.081 4.93187 -32.3832 0.364382 1266.19 29.9461 3.03991e+06 227341 0.000862843 0.00323337 -0.00303351 0.00383154 0.0294918 0.000738592 0.00173775 8.47148e-05 
100 0.3 21000000 250.081 4.93187 -32.3832 0.362677 1266.19 29.7661 3.03991e+06 225712 0.000862843 0.00323337 -0.00303351 0.00383154 0.0294918 0.000738592 0.00173775 8.47148e-05 
100 0.3 21100000 250.081 4.93187 -32.3832 0.361274 1266.19 29.6475 3.03991e+06 225712 0.000862843 0.00323337 -0.00303351 0.00383154 0.0294918 0.000738592 0.00173775 8.47148e-05 
100 0.3 21200000 250.081 4.93187 -32.3832 0.361502 1266.19 29.5947 3.03991e+06 224114 0.000862843 0.00323337 -0.00303351 0.00383154 0.0294918 0.000738592 0.00173775 8.47148e-05 
100 0.3 21300000 250.081 4.93187 -32.3832 0.360626 1266.19 29.5201 3.03991e+06 224114 0.000862843 0.00323337 -0.00303351 0.00383154 0.0294918 0.000738592 0.00173775 8.47148e-05 
100 0.3 21400000 250.081 4.93187 -32.3832 0.361419 1266.19 29.5151 3.03991e+06 222389 0.000862843 0.00323337 -0.00303351 0.00383154 0.0294918 0.000738592 0.00173775 8.47148e-05 
100 0.3 21500000 248.623 4.8545 -32.2537 0.36077 1257.28 29.4495 2.99168e+06 220938 0.000701176 0.00313029 -0.0015428 0.00372281 0.0291835 0.000658973 0.00170624 7.98193e-05 
100 0.3 21600000 248.623 4.8545 -32.2537 0.359754 1257.28 29.3619 2.99168e+06 220938 0.000701176 0.00311909 -0.0015428 0.00372281 0.0291835 0.000656724 0.00170624 7.93833e-05 
100 0.3 21700000 248.623 4.8545 -32.2537 0.358514 1257.28 29.2572 2.99168e+06 219431 0.000701176 0.00310961 -0.0015428 0.00372281 0.0291835 0.000654999 0.00170624 7.93398e-05 
100 0.3 21800000 248.623 4.8545 -32.2537 0.356583 1257.28 29.0615 2.99168e+06 217746 0.000701176 0.00309289 -0.0015428 0.00372281 0.0291835 0.000652265 0.00170624 7.92035e-05 
100 0.3 21900000 248.623 4.8545 -32.2537 0.357174 1257.28 29.114 2.99168e+06 217746 0.000701176 0.0030819 -0.0015428 0.00372281 0.0291835 0.000653422 0.00170624 7.92665e-05 
100 0.3 22000000 248.623 4.8545 -32.2537 0.35581 1257.28 29.0042 2.99168e+06 216271 0.000701176 0.00307478 -0.0015428 0.00372281 0.0291835 0.000652265 0.00170624 7.89075e-05 
100 0.3 22100000 248.623 4.8545 -32.2537 0.356564 1257.28 29.11 2.99168e+06 216339 0.000701176 0.00306575 -0.0015428 0.00372281 0.0291835 0.000652265 0.00170624 7.86723e-05 
100 0.3 22200000 248.623 4.8545 -32.2537 0.355333 1257.28 28.9781 2.99168e+06 214981 0.000701176 0.0030427 -0.0015428 0.00365256 0.0291835 0.000652265 0.00170624 7.8579e-05 
100 0.3 22300000 248.623 4.8545 -32.2537 0.354148 1257.28 28.886 2.99168e+06 214138 0.000701176 0.00304422 -0.0015428 0.00365256 0.0291835 0.000652265 0.00170624 7.83576e-05 
100 0.3 22400000 248.623 4.8545 -32.2537 0.352901 1257.28 28.7882 2.99168e+06 213377 0.000701176 0.00303353 -0.0015428 0.00365256 0.0291835 0.000652265 0.00170624 7.79816e-05 
100 0.3 22500000 248.623 4.8545 -32.2537 0.353926 1257.28 28.8189 2.99168e+06 212812 0.000701176 0.00302238 -0.0015428 0.00365256 0.0291835 0.000652265 0.00170624 7.7721e-05 
100 0.3 22600000 248.623 4.8545 -32.2537 0.351596 1257.28 28.6406 2.99168e+06 211368 0.000701176 0.00302603 -0.0015428 0.00365256 0.0291835 0.000652265 0.00170624 7.73808e-05 
100 0.3 22700000 248.623 4.8545 -32.2537 0.35099 1257.28 28.5989 2.99168e+06 210788 0.000701176 0.00301925 -0.0015428 0.00365256 0.0291835 0.000652265 0.00170624 7.71249e-05 
100 0.3 22800000 248.371 4.8545 -32.2717 0.349839 1257.85 28.5159 2.97997e+06 210085 0.00078518 0.00301179 -0.00137933 0.00356709 0.0293872 0.000652265 0.00172468 7.68117e-05 
100 0.3 22900000 248.371 4.8545 -32.2717 0.34938 1257.85 28.444 2.97997e+06 209777 0.00078518 0.00300501 -0.00137933 0.00356709 0.0293872 0.000652265 0.00172468 7.67877e-05 
100 0.3 23000000 248.371 4.8545 -32.2717 0.347733 1257.85 28.2607 2.97997e+06 208451 0.00078518 0.00300603 -0.00137933 0.00356709 0.0293872 0.000652265 0.00172468 7.64451e-05 
100 0.3 23100000 248.371 4.8545 -32.2717 0.347217 1257.85 28.1856 2.97997e+06 207148 0.00078518 0.00299552 -0.00137933 0.00356709 0.0293872 0.000652265 0.00172468 7.62596e-05 
100 0.3 23200000 248.371 4.8545 -32.2717 0.345976 1257.85 28.0846 2.97997e+06 206941 0.00078518 0.00298477 -0.00137933 0.00356709 0.0293872 0.000652265 0.00172468 7.62596e-05 
100 0.3 23300000 248.371 4.8545 -32.2717 0.344732 1257.85 27.9858 2.97997e+06 205692 0.00078518 0.00298205 -0.00137933 0.00356709 0.0293872 0.000652265 0.00172468 7.62596e-05 
100 0.3 23400000 248.371 4.8545 -32.2717 0.343745 1257.85 27.8834 2.97997e+06 204450 0.00078518 0.00296215 -0.00137933 0.0034653 0.0293872 0.000652265 0.00172468 7.62596e-05 
100 0.3 23500000 248.371 4.8545 -32.2717 0.342857 1257.85 27.8023 2.97997e+06 204418 0.00078518 0.00296513 -0.00137933 0.0034653 0.0293872 0.000652265 0.00172468 7.62596e-05 
100 0.3 23600000 248.371 4.8545 -32.2717 0.342295 1257.85 27.738 2.97997e+06 203065 0.00078518 0.0029633 -0.00137933 0.0034653 0.0293872 0.000652265 0.00172468 7.62596e-05 
100 0.3 23700000 248.371 4.8545 -32.2717 0.341906 1257.85 27.6631 2.97997e+06 203065 0.00078518 0.00295812 -0.00137933 0.0034653 0.0293872 0.000652265 0.00172468 7.62596e-05 
100 0.3 23800000 248.371 4.8545 -32.2717 0.339945 1257.85 27.506 2.97997e+06 201860 0.00078518 0.00294004 -0.00137933 0.0034653 0.0293872 0.000652265 0.00172468 7.62596e-05 
100 0.3 23900000 248.371 4.8545 -32.2717 0.339067 1257.85 27.43 2.97997e+06 200454 0.00078518 0.00293592 -0.00137933 0.0034653 0.0293872 0.000652265 0.00172468 7.62596e-05 
100 0.3 24000000 248.371 4.8545 -32.2717 0.338336 1257.85 27.397 2.97997e+06 200454 0.00078518 0.00292611 -0.00137933 0.0034653 0.0293872 0.000652265 0.00172468 7.62596e-05 
100 0.3 24100000 247.2 4.51898 -32.2756 0.337211 1257.01 27.3165 2.95147e+06 199203 0.00131157 0.00291679 -0.00109808 0.00338302 0.0294776 0.00064269 0.00172562 7.55907e-05 
100 0.3 24200000 247.2 4.51898 -32.2756 0.335661 1257.01 27.2434 2.95147e+06 198594 0.00131157 0.00290909 -0.00109808 0.00338302 0.0294776 0.00064269 0.00172562 7.53002e-05 
100 0.3 24300000 247.2 4.51898 -32.2756 0.334728 1257.01 27.174 2.95147e+06 198476 0.00131157 0.002902 -0.00109808 0.00338302 0.0294776 0.00064269 0.00172562 7.50614e-05 
100 0.3 24400000 247.2 4.51898 -32.2756 0.334344 1257.01 27.1103 2.95147e+06 197330 0.00131157 0.00289214 -0.00109808 0.00338302 0.0294776 0.00064269 0.00172562 7.47266e-05 
100 0.3 24500000 247.2 4.51898 -32.2756 0.333732 1257.01 27.0456 2.95147e+06 197161 0.00131157 0.00288233 -0.00109808 0.00338302 0.0294776 0.00064269 0.00172562 7.46593e-05 
100 0.3 24600000 247.2 4.51898 -32.2756 0.33188 1257.01 26.8701 2.95147e+06 195884 0.00131157 0.00288 -0.00109808 0.00338302 0.0294776 0.00064269 0.00172562 7.47067e-05 
100 0.3 24700000 247.2 4.51898 -32.2756 0.332703 1257.01 26.8572 2.95147e+06 194836 0.00131157 0.00287464 -0.00109808 0.00334246 0.0294776 0.00064269 0.00172562 7.45843e-05 
100 0.3 24800000 247.2 4.51898 -32.2756 0.331822 1257.01 26.7913 2.95147e+06 194733 0.00131157 0.00286568 -0.00109808 0.00334246 0.0294776 0.00064269 0.00172562 7.44484e-05 
100 0.3 24900000 247.2 4.51898 -32.2756 0.331298 1257.01 26.7504 2.95147e+06 193821 0.00131157 0.00285865 -0.00109808 0.00334246 0.0294776 0.00064269 0.00172562 7.43125e-05 
100 0.3 25000000 247.2 4.51898 -32.2756 0.329133 1257.01 26.5821 2.95147e+06 192568 0.00131157 0.00284299 -0.00109808 0.00334246 0.0294776 0.00064269 0.00172562 7.40158e-05 
100 0.3 25100000 247.2 4.51898 -32.2756 0.331583 1257.01 26.6473 2.95147e+06 192568 0.00131157 0.00283445 -0.00109808 0.00334246 0.0294776 0.00064269 0.00172562 7.39003e-05 
100 0.3 25200000 247.2 4.51898 -32.2756 0.331289 1257.01 26.6086 2.95147e+06 191439 0.00131157 0.00282817 -0.00109808 0.00334246 0.0294776 0.00064269 0.00172562 7.37932e-05 
100 0.3 25300000 247.2 4.51898 -32.2756 0.330483 1257.01 26.5378 2.95147e+06 191358 0.00131157 0.00282055 -0.00109808 0.00334246 0.0294776 0.00064269 0.00172562 7.36217e-05 
100 0.3 25400000 247.058 4.51898 -32.1933 0.330568 1251.75 26.5026 2.92532e+06 190527 0.00168648 0.00280354 -0.000848127 0.00327165 0.0293818 0.00064269 0.00172481 7.33709e-05 
100 0.3 25500000 247.058 4.51898 -32.1933 0.329695 1251.75 26.427 2.92532e+06 189525 0.00168648 0.00279707 -0.000848127 0.00327165 0.0293818 0.00064269 0.00172481 7.31875e-05 
100 0.3 25600000 247.058 4.51898 -32.1933 0.328623 1251.75 26.3473 2.92532e+06 189525 0.00168648 0.00278894 -0.000848127 0.00327165 0.0293818 0.00064269 0.00172481 7.30835e-05 
100 0.3 25700000 247.058 4.51898 -32.1933 0.327577 1251.75 26.2733 2.92532e+06 188618 0.00168648 0.00278886 -0.000848127 0.00327165 0.0293818 0.00064269 0.00172481 7.29366e-05 
100 0.3 25800000 247.058 4.51898 -32.1933 0.326031 1251.75 26.1401 2.92532e+06 187413 0.00168648 0.00277174 -0.000848127 0.00327165 0.0293818 0.00064269 0.00172481 7.31551e-05 
100 0.3 25900000 247.058 4.51898 -32.1933 0.325654 1251.75 26.111 2.92532e+06 187413 0.00168648 0.00276361 -0.000848127 0.00327165 0.0293818 0.00064269 0.00172481 7.41455e-05 
100 0.3 26000000 247.058 4.51898 -32.1933 0.326654 1251.75 26.1322 2.92532e+06 186212 0.00168648 0.00275892 -0.000848127 0.0031908 0.0293818 0.00064269 0.00172481 7.39504e-05 
100 0.3 26100000 247.058 4.51898 -32.1933 0.32625 1251.75 26.0771 2.92532e+06 186212 0.00168648 0.00275075 -0.000848127 0.0031908 0.0293818 0.00064269 0.00172481 7.38496e-05 
100 0.3 26200000 247.058 4.51898 -32.1933 0.324717 1251.75 25.9556 2.92532e+06 185081 0.00168648 0.00273763 -0.000848127 0.0031908 0.0293818 0.00064269 0.00172481 7.36706e-05 
100 0.3 26300000 247.058 4.51898 -32.1933 0.323701 1251.75 25.8742 2.92532e+06 183942 0.00168648 0.00272901 -0.000848127 0.0031908 0.0293818 0.00064269 0.00172481 7.35389e-05 
100 0.3 26400000 247.058 4.51898 -32.1933 0.323277 1251.75 25.814 2.92532e+06 183927 0.00168648 0.00272087 -0.000848127 0.0031908 0.0293818 0.00064269 0.00172481 7.33196e-05 
100 0.3 26500000 247.058 4.51898 -32.1933 0.322444 1251.75 25.7434 2.92532e+06 182836 0.00168648 0.00271231 -0.000848127 0.0031908 0.0293818 0.00064269 0.00172481 7.31268e-05 
100 0.3 26600000 246.891 4.07758 -32.1875 0.320613 1250.74 25.6187 2.91378e+06 182545 0.00147903 0.00270205 -0.000623997 0.00311211 0.0294961 0.000619245 0.00173637 7.29613e-05 
100 0.3 26700000 246.891 4.07758 -32.1875 0.319617 1250.74 25.5402 2.91378e+06 182545 0.00147903 0.00271403 -0.000623997 0.00311211 0.0294961 0.000617437 0.00173637 7.27458e-05 
100 0.3 26800000 246.891 4.07758 -32.1875 0.318629 1250.74 25.4612 2.91378e+06 181503 0.00147903 0.0027124 -0.000623997 0.00311211 0.0294961 0.000615602 0.00173637 7.25623e-05 
100 0.3 26900000 246.891 4.07758 -32.1875 0.317664 1250.74 25.3867 2.91378e+06 181503 0.00147903 0.00270943 -0.000623997 0.00311211 0.0294961 0.00061451 0.00173637 7.24517e-05 
100 0.3 27000000 246.891 4.07758 -32.1875 0.316182 1250.74 25.2645 2.91378e+06 180389 0.00147903 0.00270074 -0.000623997 0.00311211 0.0294961 0.000611153 0.00173637 7.20678e-05 
100 0.3 27100000 246.891 4.07758 -32.1875 0.315241 1250.74 25.1954 2.91378e+06 179418 0.00147903 0.0026948 -0.000623997 0.00311211 0.0294961 0.000610736 0.00173637 7.19654e-05 
100 0.3 27200000 246.891 4.07758 -32.1875 0.314602 1250.74 25.1297 2.91378e+06 179418 0.00147903 0.00269005 -0.000623997 0.00311211 0.0294961 0.000609021 0.00173637 7.17492e-05 
100 0.3 27300000 246.891 4.07758 -32.1875 0.314479 1250.74 25.0715 2.91378e+06 178369 0.00147903 0.00268534 -0.000623997 0.00310166 0.0294961 0.000608178 0.00173637 7.16525e-05 
100 0.3 27400000 246.891 4.07758 -32.1875 0.312763 1250.74 24.9318 2.91378e+06 177477 0.00147903 0.00267177 -0.000623997 0.00310166 0.0294961 0.000605106 0.00173637 7.12954e-05 
100 0.3 27500000 246.891 4.07758 -32.1875 0.312063 1250.74 24.8737 2.91378e+06 177477 0.00147903 0.00267099 -0.000623997 0.00310166 0.0294961 0.000603572 0.00173637 7.10807e-05 
100 0.3 27600000 246.891 4.07758 -32.1875 0.311155 1250.74 24.7989 2.91378e+06 176536 0.00147903 0.002666 -0.000623997 0.00310166 0.0294961 0.000601793 0.00173637 7.08666e-05 
100 0.3 27700000 246.891 4.07758 -32.1875 0.310221 1250.74 24.725 2.91378e+06 176536 0.00147903 0.00266984 -0.000623997 0.00310166 0.0294961 0.000599997 0.00173637 7.06726e-05 
100 0.3 27800000 246.891 4.07758 -32.1875 0.308474 1250.74 24.5774 2.91378e+06 175543 0.00147903 0.00265625 -0.000623997 0.00310166 0.0294961 0.000596517 0.00173637 7.02838e-05 
100 0.3 27900000 246.891 4.07758 -32.1875 0.307801 1250.74 24.5148 2.91378e+06 174541 0.00147903 0.00264895 -0.000623997 0.00303802 0.0294961 0.00059475 0.00173637 7.04794e-05 
100 0.3 28000000 246.891 4.07758 -32.1875 0.306917 1250.74 24.4436 2.91378e+06 174541 0.00147903 0.00264534 -0.000623997 0.00303802 0.0294961 0.000593269 0.00173637 7.02103e-05 
100 0.3 28100000 246.891 4.07758 -32.1875 0.306142 1250.74 24.39 2.91378e+06 173609 0.00147903 0.00264084 -0.000623997 0.00303802 0.0294961 0.000591844 0.00173637 7.0067e-05 
100 0.3 28200000 246.891 4.07758 -32.1875 0.305193 1250.74 24.3143 2.91378e+06 172655 0.00147903 0.00263176 -0.000623997 0.00303802 0.0294961 0.000590331 0.00173637 6.98416e-05 
100 0.3 28300000 246.891 4.07758 -32.1875 0.304777 1250.74 24.2723 2.91378e+06 172655 0.00147903 0.00263176 -0.000623997 0.00303802 0.0294961 0.000589042 0.00173637 6.96616e-05 
100 0.3 28400000 246.891 4.07758 -32.1875 0.303896 1250.74 24.2033 2.91378e+06 171703 0.00147903 0.00263176 -0.000623997 0.00303802 0.0294961 0.00058839 0.00173637 6.95658e-05 
100 0.3 28500000 246.891 4.07758 -32.1875 0.303234 1250.74 24.1518 2.91378e+06 171703 0.00147903 0.00263176 -0.000623997 0.00303802 0.0294961 0.00058691 0.00173637 6.93784e-05 
100 0.3 28600000 246.891 4.07758 -32.1875 0.301674 1250.74 24.031 2.91378e+06 170831 0.00147903 0.00263176 -0.000623997 0.00296765 0.0294961 0.000586356 0.00173637 6.94141e-05 
100 0.3 28700000 246.891 4.07758 -32.1875 0.300854 1250.74 23.966 2.91378e+06 170016 0.00147903 0.00263176 -0.000623997 0.00296765 0.0294961 0.000585584 0.00173637 6.9321e-05 
100 0.3 28800000 246.891 4.07758 -32.1875 0.300067 1250.74 23.9096 2.91378e+06 170016 0.00147903 0.00263176 -0.000623997 0.00296765 0.0294961 0.000584084 0.00173637 6.91378e-05 
100 0.3 28900000 246.891 4.07758 -32.1875 0.299476 1250.74 23.8594 2.91378e+06 169270 0.00147903 0.00263176 -0.000623997 0.00296765 0.0294961 0.000582644 0.00173637 6.89705e-05 
100 0.3 29000000 246.891 4.07758 -32.1875 0.297923 1250.74 23.7389 2.91378e+06 168347 0.00147903 0.00263176 -0.000623997 0.00296765 0.0294961 0.000581022 0.00173637 6.86795e-05 
100 0.3 29100000 246.891 4.07758 -32.1875 0.297618 1250.74 23.7114 2.91378e+06 168347 0.00147903 0.00263176 -0.000623997 0.00296765 0.0294961 0.000580325 0.00173637 6.85662e-05 
100 0.3 29200000 245.653 3.89049 -32.1782 0.296954 1247.97 23.6463 2.87533e+06 167415 0.00277593 0.00263176 0.000152646 0.00290442 0.0293039 0.000579786 0.00171029 6.84212e-05 
100 0.3 29300000 245.653 3.89049 -32.1782 0.296152 1247.97 23.5794 2.87533e+06 167415 0.00277593 0.00263176 0.000152646 0.00290442 0.0293039 0.000578186 0.00171029 6.82482e-05 
100 0.3 29400000 245.653 3.89049 -32.1782 0.294565 1247.97 23.4508 2.87533e+06 166558 0.00277593 0.00263176 0.000152646 0.00290442 0.0293039 0.0005759 0.00171029 6.7894e-05 
100 0.3 29500000 245.653 3.89049 -32.1782 0.294242 1247.97 23.4421 2.87533e+06 165792 0.00277593 0.00263176 0.000152646 0.00290442 0.0293039 0.000574502 0.00171029 6.77168e-05 
100 0.3 29600000 245.653 3.89049 -32.1782 0.293771 1247.97 23.4125 2.87533e+06 165792 0.00277593 0.00263176 0.000152646 0.00290442 0.0293039 0.000573076 0.00171029 6.75274e-05 
100 0.3 29700000 245.653 3.89049 -32.1782 0.293259 1247.97 23.3567 2.87533e+06 164983 0.00277593 0.00263176 0.000152646 0.00290442 0.0293039 0.000572318 0.00171029 6.74337e-05 
100 0.3 29800000 245.653 3.89049 -32.1782 0.291978 1247.97 23.246 2.87533e+06 164180 0.00277593 0.00263176 0.000152646 0.00285024 0.0293039 0.000570419 0.00171029 6.7177e-05 
100 0.3 29900000 245.653 3.89049 -32.1782 0.291257 1247.97 23.1899 2.87533e+06 164180 0.00277593 0.00263176 0.000152646 0.00285024 0.0293039 0.000569879 0.00171029 6.70447e-05 
100 0.3 30000000 245.653 3.89049 -32.1782 0.291 1247.97 23.1473 2.87533e+06 163409 0.00277593 0.00263176 0.000152646 0.00285024 0.0293039 0.000568356 0.00171029 6.68599e-05 
100 0.3 30100000 245.653 3.89049 -32.1782 0.290212 1247.97 23.0847 2.87533e+06 163409 0.00277593 0.00263176 0.000152646 0.00285024 0.0293039 0.00056703 0.00171029 6.67117e-05 
100 0.3 30200000 245.653 3.89049 -32.1782 0.288897 1247.97 22.9656 2.87533e+06 162537 0.00277593 0.00263176 0.000152646 0.00285024 0.0293039 0.00056659 0.00171029 6.66831e-05 
100 0.3 30300000 245.653 3.89049 -32.1782 0.288319 1247.97 22.9107 2.87533e+06 161693 0.00277593 0.00263176 0.000152646 0.00285024 0.0293039 0.000565614 0.00171029 6.65535e-05 
100 0.3 30400000 245.653 3.89049 -32.1782 0.287552 1247.97 22.8487 2.87533e+06 161693 0.00277593 0.00263176 0.000152646 0.00285024 0.0293039 0.000564086 0.00171029 6.63725e-05 
100 0.3 30500000 245.653 3.89049 -32.1782 0.286793 1247.97 22.7869 2.87533e+06 160882 0.00277593 0.00263176 0.000152646 0.00283996 0.0293039 0.000562565 0.00171029 6.62005e-05 
100 0.3 30600000 245.653 3.89049 -32.1782 0.285572 1247.97 22.7206 2.87533e+06 160142 0.00277593 0.00263176 0.000152646 0.00283996 0.0293039 0.000560522 0.00171029 6.59319e-05 
100 0.3 30700000 245.653 3.89049 -32.1782 0.2858 1247.97 22.7202 2.87533e+06 160142 0.00277593 0.00263176 0.000152646 0.00283996 0.0293039 0.000559511 0.00171029 6.57545e-05 
100 0.3 30800000 245.653 3.89049 -32.1782 0.285228 1247.97 22.6815 2.87533e+06 159282 0.00277593 0.00263176 0.000152646 0.00283996 0.0293039 0.000558042 0.00171029 6.55792e-05 
100 0.3 30900000 245.653 3.89049 -32.1782 0.284478 1247.97 22.6209 2.87533e+06 159282 0.00277593 0.00263176 0.000152646 0.00283996 0.0293039 0.000557493 0.00171029 6.5436e-05 
100 0.3 31000000 245.653 3.89049 -32.1782 0.283117 1247.97 22.5208 2.87533e+06 158462 0.00277593 0.00263176 0.000152646 0.00283996 0.0293039 0.000557098 0.00171029 6.5138e-05 
100 0.3 31100000 245.653 3.89049 -32.1782 0.283232 1247.97 22.5267 2.87533e+06 158036 0.00277593 0.00263176 0.000152646 0.0028044 0.0293039 0.000557098 0.00171029 6.50584e-05 
100 0.3 31200000 245.653 3.89049 -32.1782 0.283055 1247.97 22.5352 2.87533e+06 158036 0.00277593 0.00263176 0.000152646 0.0028044 0.0293039 0.000557098 0.00171029 6.54291e-05 
100 0.3 31300000 245.653 3.89049 -32.1782 0.282631 1247.97 22.4983 2.87533e+06 158277 0.00277593 0.00263176 0.000152646 0.0028044 0.0293039 0.000557098 0.00171029 6.52775e-05 
100 0.3 31400000 245.653 3.89049 -32.1782 0.281198 1247.97 22.3806 2.87533e+06 157452 0.00277593 0.00263176 0.000152646 0.0028044 0.0293039 0.000557098 0.00171029 6.50451e-05 
100 0.3 31500000 245.653 3.89049 -32.1782 0.280485 1247.97 22.3224 2.87533e+06 157452 0.00277593 0.00263176 0.000152646 0.0028044 0.0293039 0.000557098 0.00171029 6.48837e-05 
100 0.3 31600000 245.653 3.89049 -32.1782 0.280233 1247.97 22.3039 2.87533e+06 156774 0.00277593 0.00263176 0.000152646 0.0028044 0.0293039 0.000557098 0.00171029 6.46652e-05 
100 0.3 31700000 245.653 3.89049 -32.1782 0.279517 1247.97 22.2538 2.87533e+06 156774 0.00277593 0.00263176 0.000152646 0.0028044 0.0293039 0.000557098 0.00171029 6.45757e-05 
100 0.3 31800000 246.044 3.58587 -32.2079 0.278099 1248.01 22.1402 2.85393e+06 156109 0.00209547 0.00248597 -0.000116449 0.00275255 0.0294305 0.000547415 0.00170799 6.43736e-05 
100 0.3 31900000 246.044 3.58587 -32.2079 0.278581 1248.01 22.1907 2.85393e+06 155468 0.00209547 0.00247992 -0.000116449 0.00275255 0.0294305 0.000546002 0.00170799 6.42347e-05 
100 0.3 32000000 246.044 3.58587 -32.2079 0.277862 1248.01 22.1334 2.85393e+06 155468 0.00209547 0.00249539 -0.000116449 0.00275255 0.0294305 0.000546065 0.00170799 6.40473e-05 
100 0.3 32100000 246.044 3.58587 -32.2079 0.277472 1248.01 22.1067 2.85393e+06 154700 0.00209547 0.0024908 -0.000116449 0.00275255 0.0294305 0.000544925 0.00170799 6.39126e-05 
100 0.3 32200000 246.044 3.58587 -32.2079 0.277455 1248.01 22.0595 2.85393e+06 153970 0.00209547 0.00248103 -0.000116449 0.00275255 0.0294305 0.000543821 0.00170799 6.37241e-05 
100 0.3 32300000 246.044 3.58587 -32.2079 0.276812 1248.01 22.0083 2.85393e+06 153970 0.00209547 0.00247909 -0.000116449 0.00275255 0.0294305 0.000544358 0.00170799 6.39657e-05 
100 0.3 32400000 246.044 3.58587 -32.2079 0.278041 1248.01 22.0677 2.85393e+06 153248 0.00209547 0.00247316 -0.000116449 0.00274982 0.0294305 0.000545604 0.00170799 6.44397e-05 
100 0.3 32500000 246.044 3.58587 -32.2079 0.277868 1248.01 22.0287 2.85393e+06 153248 0.00209547 0.00246741 -0.000116449 0.00274982 0.0294305 0.000544303 0.00170799 6.43096e-05 
100 0.3 32600000 246.044 3.58587 -32.2079 0.276774 1248.01 21.9367 2.85393e+06 152477 0.00209547 0.00245877 -0.000116449 0.00274982 0.0294305 0.000543398 0.00170799 6.43095e-05 
100 0.3 32700000 246.044 3.58587 -32.2079 0.27616 1248.01 21.8866 2.85393e+06 151712 0.00209547 0.00245309 -0.000116449 0.00274982 0.0294305 0.000542507 0.00170799 6.41744e-05 
100 0.3 32800000 246.044 3.58587 -32.2079 0.277638 1248.01 21.9174 2.85393e+06 151712 0.00209547 0.00244811 -0.000116449 0.00274982 0.0294305 0.000541684 0.00170799 6.40834e-05 
100 0.3 32900000 246.044 3.58587 -32.2079 0.277119 1248.01 21.8739 2.85393e+06 151248 0.00209547 0.00244815 -0.000116449 0.00274982 0.0294305 0.000540323 0.00170799 6.39227e-05 
100 0.3 33000000 246.044 3.58587 -32.2079 0.27584 1248.01 21.7759 2.85393e+06 150495 0.00209547 0.00243841 -0.000116449 0.00270198 0.0294305 0.000538256 0.00170799 6.36522e-05 
100 0.3 33100000 246.044 3.58587 -32.2079 0.275414 1248.01 21.7356 2.85393e+06 150495 0.00209547 0.00243752 -0.000116449 0.00270198 0.0294305 0.000539088 0.00170799 6.39805e-05 
100 0.3 33200000 246.044 3.58587 -32.2079 0.275 1248.01 21.6932 2.85393e+06 149750 0.00209547 0.00243273 -0.000116449 0.00270198 0.0294305 0.000537869 0.00170799 6.38267e-05 
100 0.3 33300000 246.044 3.58587 -32.2079 0.274634 1248.01 21.662 2.85393e+06 149750 0.00209547 0.00242882 -0.000116449 0.00270198 0.0294305 0.000537353 0.00170799 6.37521e-05 
100 0.3 33400000 246.044 3.58587 -32.2079 0.273515 1248.01 21.5638 2.85393e+06 149163 0.00209547 0.00243022 -0.000116449 0.00270198 0.0294305 0.000536103 0.00170799 6.35725e-05 
100 0.3 33500000 246.044 3.58587 -32.2079 0.272852 1248.01 21.5112 2.85393e+06 148430 0.00209547 0.00243557 -0.000116449 0.00270198 0.0294305 0.000535735 0.00170799 6.35462e-05 
100 0.3 33600000 246.044 3.58587 -32.2079 0.272182 1248.01 21.463 2.85393e+06 148430 0.00209547 0.00243575 -0.000116449 0.00270198 0.0294305 0.000534435 0.00170799 6.3402e-05 
100 0.3 33700000 246.044 3.58587 -32.2079 0.27231 1248.01 21.4537 2.85393e+06 147703 0.00209547 0.00243193 -0.000116449 0.00265769 0.0294305 0.000533543 0.00170799 6.32515e-05 
100 0.3 33800000 246.044 3.58587 -32.2079 0.271127 1248.01 21.3689 2.85393e+06 146982 0.00209547 0.00242438 -0.000116449 0.00265769 0.0294305 0.000532 0.00170799 6.2996e-05 
100 0.3 33900000 246.044 3.58587 -32.2079 0.27061 1248.01 21.3253 2.85393e+06 146982 0.00209547 0.00241865 -0.000116449 0.00265769 0.0294305 0.000530706 0.00170799 6.28542e-05 
100 0.3 34000000 246.044 3.58587 -32.2079 0.270469 1248.01 21.3067 2.85393e+06 146457 0.00209547 0.00241581 -0.000116449 0.00265769 0.0294305 0.000531053 0.00170799 6.2788e-05 
100 0.3 34100000 246.044 3.58587 -32.2079 0.270475 1248.01 21.3627 2.85393e+06 146457 0.00209547 0.00242887 -0.000116449 0.00265769 0.0294305 0.000530332 0.00170799 6.28344e-05 
100 0.3 34200000 246.044 3.58587 -32.2079 0.270254 1248.01 21.3565 2.85393e+06 146069 0.00209547 0.0024182 -0.000116449 0.00265769 0.0294305 0.000531523 0.00170799 6.32659e-05 
100 0.3 34300000 244.678 3.56042 -32.2423 0.269724 1251.72 21.3166 2.86039e+06 145793 0.00216908 0.0024127 -0.000697818 0.00263349 0.0296676 0.000535384 0.00174201 6.31179e-05 
100 0.3 34400000 244.678 3.56042 -32.2423 0.269287 1251.72 21.2799 2.86039e+06 145793 0.00216908 0.00240852 -0.000697818 0.00263349 0.0296676 0.000535384 0.00174201 6.30509e-05 
100 0.3 34500000 244.678 3.56042 -32.2423 0.268659 1251.72 21.23 2.86039e+06 145193 0.00216908 0.00240345 -0.000697818 0.00263349 0.0296676 0.000535384 0.00174201 6.29704e-05 
100 0.3 34600000 244.678 3.56042 -32.2423 0.267581 1251.72 21.1391 2.86039e+06 144547 0.00216908 0.0024002 -0.000697818 0.00263349 0.0296676 0.000535384 0.00174201 6.2764e-05 
100 0.3 34700000 244.678 3.56042 -32.2423 0.266955 1251.72 21.091 2.86039e+06 144547 0.00216908 0.00239492 -0.000697818 0.00263349 0.0296676 0.000535384 0.00174201 6.27603e-05 
100 0.3 34800000 244.678 3.56042 -32.2423 0.266975 1251.72 21.1606 2.86039e+06 144030 0.00216908 0.00238926 -0.000697818 0.00263349 0.0296676 0.000535384 0.00174201 6.27603e-05 
100 0.3 34900000 244.678 3.56042 -32.2423 0.267031 1251.72 21.1225 2.86039e+06 144030 0.00216908 0.00238794 -0.000697818 0.00263349 0.0296676 0.000535384 0.00174201 6.27999e-05 
100 0.3 35000000 244.678 3.56042 -32.2423 0.266472 1251.72 21.0656 2.86039e+06 143703 0.00216908 0.00238698 -0.000697818 0.00264438 0.0296676 0.000535384 0.00174201 6.27603e-05 
100 0.3 35100000 244.678 3.56042 -32.2423 0.265933 1251.72 21.0245 2.86039e+06 143029 0.00216908 0.00239673 -0.000697818 0.00264438 0.0296676 0.000535384 0.00174201 6.27603e-05 
100 0.3 35200000 244.678 3.56042 -32.2423 0.265872 1251.72 21.0012 2.86039e+06 143029 0.00216908 0.00239956 -0.000697818 0.00264438 0.0296676 0.000535384 0.00174201 6.27603e-05 
100 0.3 35300000 244.678 3.56042 -32.2423 0.26566 1251.72 20.9999 2.86039e+06 142657 0.00216908 0.00240387 -0.000697818 0.00264438 0.0296676 0.000535384 0.00174201 6.27603e-05 
100 0.3 35400000 244.678 3.56042 -32.2423 0.264619 1251.72 20.9193 2.86039e+06 142112 0.00216908 0.00239796 -0.000697818 0.00264438 0.0296676 0.000535384 0.00174201 6.27603e-05 
100 0.3 35500000 244.678 3.56042 -32.2423 0.264165 1251.72 20.8815 2.86039e+06 142112 0.00216908 0.00239356 -0.000697818 0.00264438 0.0296676 0.000535384 0.00174201 6.28716e-05 
100 0.3 35600000 244.678 3.56042 -32.2423 0.26541 1251.72 21.0155 2.86039e+06 142136 0.00216908 0.00239096 -0.000697818 0.0026145 0.0296676 0.000535384 0.00174201 6.305e-05 
100 0.3 35700000 244.678 3.56042 -32.2423 0.264798 1251.72 20.9684 2.86039e+06 142118 0.00216908 0.00238549 -0.000697818 0.0026145 0.0296676 0.000535384 0.00174201 6.29426e-05 
100 0.3 35800000 244.678 3.56042 -32.2423 0.263969 1251.72 20.904 2.86039e+06 141463 0.00216908 0.00238023 -0.000697818 0.0026145 0.0296676 0.000535384 0.00174201 6.27603e-05 
100 0.3 35900000 244.678 3.56042 -32.2423 0.263436 1251.72 20.8586 2.86039e+06 140962 0.00216908 0.00237621 -0.000697818 0.0026145 0.0296676 0.000535384 0.00174201 6.27603e-05 
100 0.3 36000000 244.678 3.56042 -32.2423 0.263602 1251.72 20.8614 2.86039e+06 140858 0.00216908 0.00237136 -0.000697818 0.0026145 0.0296676 0.000535384 0.00174201 6.27603e-05 
100 0.3 36100000 244.678 3.56042 -32.2423 0.263044 1251.72 20.818 2.86039e+06 140437 0.00216908 0.00236607 -0.000697818 0.0026145 0.0296676 0.000535384 0.00174201 6.27603e-05 
100 0.3 36200000 244.678 3.56042 -32.2423 0.261963 1251.72 20.7292 2.86039e+06 139842 0.00216908 0.00235732 -0.000697818 0.00257452 0.0296676 0.000535384 0.00174201 6.27603e-05 
100 0.3 36300000 244.678 3.56042 -32.2423 0.261535 1251.72 20.7225 2.86039e+06 140139 0.00216908 0.00237845 -0.000697818 0.00257452 0.0296676 0.000535384 0.00174201 6.27603e-05 
100 0.3 36400000 244.678 3.56042 -32.2423 0.261174 1251.72 20.6974 2.86039e+06 139889 0.00216908 0.00237314 -0.000697818 0.00257452 0.0296676 0.000535384 0.00174201 6.27603e-05 
100 0.3 36500000 244.678 3.56042 -32.2423 0.260614 1251.72 20.6554 2.86039e+06 139609 0.00216908 0.00236819 -0.000697818 0.00257452 0.0296676 0.000535384 0.00174201 6.27603e-05 
100 0.3 36600000 244.678 3.56042 -32.2423 0.260743 1251.72 20.5903 2.86039e+06 138999 0.00216908 0.00236213 -0.000697818 0.00257452 0.0296676 0.000535384 0.00174201 6.27603e-05 
100 0.3 36700000 244.678 3.56042 -32.2423 0.260677 1251.72 20.6175 2.86039e+06 139193 0.00216908 0.00235704 -0.000697818 0.00257452 0.0296676 0.000535384 0.00174201 6.27603e-05 
100 0.3 36800000 244.678 3.56042 -32.2423 0.259954 1251.72 20.5729 2.86039e+06 138898 0.00216908 0.00235629 -0.000697818 0.00257452 0.0296676 0.000535384 0.00174201 6.27603e-05 
100 0.3 36900000 243.509 3.49274 -32.2941 0.259508 1256.82 20.5292 2.88932e+06 138580 0.00284626 0.00235103 0.000559762 0.00259087 0.0297096 0.00051325 0.00175656 6.16632e-05 
100 0.3 37000000 243.509 3.49274 -32.2941 0.259496 1256.82 20.5103 2.88932e+06 138125 0.00284626 0.00234413 0.000559762 0.00259087 0.0297096 0.000513081 0.00175656 6.15193e-05 
100 0.3 37100000 243.509 3.49274 -32.2941 0.260135 1256.82 20.5241 2.88932e+06 137998 0.00284626 0.00233895 0.000559762 0.00259087 0.0297096 0.000512401 0.00175656 6.14101e-05 
100 0.3 37200000 243.509 3.49274 -32.2941 0.259704 1256.82 20.4949 2.88932e+06 137705 0.00284626 0.00233765 0.000559762 0.00259087 0.0297096 0.000511998 0.00175656 6.1258e-05 
100 0.3 37300000 243.509 3.49274 -32.2941 0.259331 1256.82 20.4584 2.88932e+06 137705 0.00284626 0.00233737 0.000559762 0.00259087 0.0297096 0.000511898 0.00175656 6.11602e-05 
100 0.3 37400000 243.509 3.49274 -32.2941 0.259347 1256.82 20.444 2.88932e+06 137315 0.00284626 0.00232986 0.000559762 0.00259087 0.0297096 0.000510579 0.00175656 6.11001e-05 
100 0.3 37500000 243.509 3.49274 -32.2941 0.258876 1256.82 20.4015 2.88932e+06 136788 0.00284626 0.00232477 0.000559762 0.00255636 0.0297096 0.000509479 0.00175656 6.08574e-05 
100 0.3 37600000 243.509 3.49274 -32.2941 0.258498 1256.82 20.3732 2.88932e+06 136788 0.00284626 0.00232114 0.000559762 0.00255636 0.0297096 0.000509227 0.00175656 6.09487e-05 
100 0.3 37700000 243.509 3.49274 -32.2941 0.258419 1256.82 20.3866 2.88932e+06 136585 0.00284626 0.00231614 0.000559762 0.00255636 0.0297096 0.000509608 0.00175656 6.08544e-05 
100 0.3 37800000 243.509 3.49274 -32.2941 0.257308 1256.82 20.2998 2.88932e+06 136012 0.00284626 0.00230633 0.000559762 0.00255636 0.0297096 0.00050835 0.00175656 6.06824e-05 
100 0.3 37900000 243.509 3.49274 -32.2941 0.257175 1256.82 20.2876 2.88932e+06 135854 0.00284626 0.00230139 0.000559762 0.00255636 0.0297096 0.000508002 0.00175656 6.05888e-05 
100 0.3 38000000 243.509 3.49274 -32.2941 0.256628 1256.82 20.2467 2.88932e+06 135534 0.00284626 0.00230029 0.000559762 0.00255636 0.0297096 0.000506908 0.00175656 6.05784e-05 
100 0.3 38100000 243.509 3.49274 -32.2941 0.25639 1256.82 20.2374 2.88932e+06 135477 0.00284626 0.00229562 0.000559762 0.00255636 0.0297096 0.000509683 0.00175656 6.1233e-05 
100 0.3 38200000 243.509 3.49274 -32.2941 0.255386 1256.82 20.1561 2.88932e+06 135052 0.00284626 0.00229931 0.000559762 0.00251469 0.0297096 0.00050775 0.00175656 6.09751e-05 
100 0.3 38300000 243.509 3.49274 -32.2941 0.255514 1256.82 20.1635 2.88932e+06 134666 0.00284626 0.00230017 0.000559762 0.00251469 0.0297096 0.00050671 0.00175656 6.08443e-05 
100 0.3 38400000 243.509 3.49274 -32.2941 0.255613 1256.82 20.1835 2.88932e+06 134967 0.00284626 0.00229615 0.000559762 0.00251469 0.0297096 0.00050572 0.00175656 6.0717e-05 
100 0.3 38500000 243.509 3.49274 -32.2941 0.255067 1256.82 20.1761 2.88932e+06 137999 0.00284626 0.00229297 0.000559762 0.00251469 0.0297096 0.000504877 0.00175656 6.06154e-05 
100 0.3 38600000 243.509 3.49274 -32.2941 0.255133 1256.82 20.1731 2.88932e+06 137415 0.00284626 0.00228464 0.000559762 0.00251469 0.0297096 0.000504331 0.00175656 6.04396e-05 
100 0.3 38700000 243.509 3.49274 -32.2941 0.254592 1256.82 20.1306 2.88932e+06 137415 0.00284626 0.0022819 0.000559762 0.00251469 0.0297096 0.000503528 0.00175656 6.03791e-05 
100 0.3 38800000 243.509 3.49274 -32.2941 0.254127 1256.82 20.0886 2.88932e+06 136842 0.00284626 0.00227709 0.000559762 0.00248614 0.0297096 0.000502461 0.00175656 6.03791e-05 
100 0.3 38900000 243.509 3.49274 -32.2941 0.253589 1256.82 20.0542 2.88932e+06 136842 0.00284626 0.00227857 0.000559762 0.00248614 0.0297096 0.000501431 0.00175656 6.03791e-05 
100 0.3 39000000 243.509 3.49274 -32.2941 0.253482 1256.82 20.0308 2.88932e+06 136597 0.00284626 0.00227154 0.000559762 0.00248614 0.0297096 0.000499924 0.00175656 6.03791e-05 
100 0.3 39100000 243.509 3.49274 -32.2941 0.253039 1256.82 19.996 2.88932e+06 136231 0.00284626 0.00226831 0.000559762 0.00248614 0.0297096 0.000499143 0.00175656 6.03791e-05 
100 0.3 39200000 243.509 3.49274 -32.2941 0.253468 1256.82 20.014 2.88932e+06 136231 0.00284626 0.00226798 0.000559762 0.00248614 0.0297096 0.000498783 0.00175656 6.03791e-05 
100 0.3 39300000 243.509 3.49274 -32.2941 0.25296 1256.82 19.9722 2.88932e+06 135802 0.00284626 0.00226585 0.000559762 0.00248614 0.0297096 0.000498783 0.00175656 6.03791e-05 
100 0.3 39400000 242.754 3.34057 -32.2486 0.25213 1254.51 19.8997 2.89572e+06 135244 0.00289799 0.00226634 0.000905568 0.0024533 0.0295924 0.000495423 0.00174238 6.03791e-05 
100 0.3 39500000 242.754 3.34057 -32.2486 0.252009 1254.51 19.8895 2.89572e+06 135244 0.00289799 0.00226217 0.000905568 0.0024533 0.0295924 0.000494537 0.00174238 6.03791e-05 
100 0.3 39600000 242.754 3.34057 -32.2486 0.251529 1254.51 19.8491 2.89572e+06 134794 0.00289799 0.00225783 0.000905568 0.0024533 0.0295924 0.000494023 0.00174238 6.03791e-05 
100 0.3 39700000 242.754 3.34057 -32.2486 0.252133 1254.51 19.8584 2.89572e+06 134794 0.00289799 0.00225365 0.000905568 0.0024533 0.0295924 0.000493483 0.00174238 6.03791e-05 
100 0.3 39800000 242.754 3.34057 -32.2486 0.251107 1254.51 19.7788 2.89572e+06 134406 0.00289799 0.00224462 0.000905568 0.0024533 0.0295924 0.000491799 0.00174238 6.03791e-05 
100 0.3 39900000 242.754 3.34057 -32.2486 0.252083 1254.51 19.8897 2.89572e+06 134472 0.00289799 0.00225263 0.000905568 0.0024533 0.0295924 0.000493503 0.00174238 6.03791e-05 
100 0.3 40000000 242.754 3.34057 -32.2486 0.251766 1254.51 19.8593 2.89572e+06 134472 0.00289799 0.00224804 0.000905568 0.0024533 0.0295924 0.000492496 0.00174238 6.03791e-05 
100 0.3 40100000 242.754 3.34057 -32.2486 0.251416 1254.51 19.8209 2.89572e+06 133921 0.00289799 0.00224343 0.000905568 0.00251589 0.0295924 0.000491586 0.00174238 6.03791e-05 
100 0.3 40200000 242.754 3.34057 -32.2486 0.251322 1254.51 19.8042 2.89572e+06 133643 0.00289799 0.00223515 0.000905568 0.00251589 0.0295924 0.000492618 0.00174238 6.03791e-05 
100 0.3 40300000 242.754 3.34057 -32.2486 0.251194 1254.51 19.7795 2.89572e+06 133643 0.00289799 0.00223186 0.000905568 0.00251589 0.0295924 0.00049199 0.00174238 6.03791e-05 
100 0.3 40400000 242.754 3.34057 -32.2486 0.25125 1254.51 19.7674 2.89572e+06 133131 0.00289799 0.0022274 0.000905568 0.00251589 0.0295924 0.00049174 0.00174238 6.03791e-05 
100 0.3 40500000 242.754 3.34057 -32.2486 0.251622 1254.51 19.7853 2.89572e+06 133131 0.00289799 0.00223064 0.000905568 0.00251589 0.0295924 0.000493777 0.00174238 6.03791e-05 
100 0.3 40600000 242.754 3.34057 -32.2486 0.251526 1254.51 19.7859 2.89572e+06 133424 0.00289799 0.00222277 0.000905568 0.00251589 0.0295924 0.000492772 0.00174238 6.03791e-05 
100 0.3 40700000 242.754 3.34057 -32.2486 0.251183 1254.51 19.7635 2.89572e+06 133169 0.00289799 0.00221841 0.000905568 0.00247561 0.0295924 0.000491861 0.00174238 6.03791e-05 
100 0.3 40800000 242.754 3.34057 -32.2486 0.250678 1254.51 19.742 2.89572e+06 133169 0.00289799 0.00221782 0.000905568 0.00247561 0.0295924 0.000491061 0.00174238 6.03791e-05 
100 0.3 40900000 242.754 3.34057 -32.2486 0.250271 1254.51 19.6944 2.89572e+06 132672 0.00289799 0.00222093 0.000905568 0.00247561 0.0295924 0.000490095 0.00174238 6.03791e-05 
100 0.3 41000000 242.754 3.34057 -32.2486 0.249273 1254.51 19.6176 2.89572e+06 132281 0.00289799 0.00221467 0.000905568 0.00247561 0.0295924 0.000488772 0.00174238 6.03791e-05 
100 0.3 41100000 242.754 3.34057 -32.2486 0.248844 1254.51 19.5953 2.89572e+06 132281 0.00289799 0.00221028 0.000905568 0.00247561 0.0295924 0.000487967 0.00174238 6.03791e-05 
100 0.3 41200000 242.754 3.34057 -32.2486 0.248414 1254.51 19.5565 2.89572e+06 131804 0.00289799 0.00220632 0.000905568 0.00247561 0.0295924 0.000487001 0.00174238 6.03791e-05 
100 0.3 41300000 242.754 3.34057 -32.2486 0.248627 1254.51 19.5417 2.89572e+06 131804 0.00289799 0.00220216 0.000905568 0.00247561 0.0295924 0.000486407 0.00174238 6.03791e-05 
100 0.3 41400000 242.754 3.34057 -32.2486 0.248245 1254.51 19.5341 2.89572e+06 131380 0.00289799 0.00219676 0.000905568 0.00247076 0.0295924 0.000485011 0.00174238 6.03791e-05 
100 0.3 41500000 242.754 3.34057 -32.2486 0.24805 1254.51 19.4747 2.89572e+06 130883 0.00289799 0.00219248 0.000905568 0.00247076 0.0295924 0.00048462 0.00174238 6.03791e-05 
100 0.3 41600000 242.754 3.34057 -32.2486 0.248132 1254.51 19.4892 2.89572e+06 130883 0.00289799 0.00219068 0.000905568 0.00247076 0.0295924 0.000485273 0.00174238 6.03791e-05 
100 0.3 41700000 242.754 3.34057 -32.2486 0.247655 1254.51 19.4543 2.89572e+06 130710 0.00289799 0.00218641 0.000905568 0.00247076 0.0295924 0.00048437 0.00174238 6.03791e-05 
100 0.3 41800000 242.754 3.34057 -32.2486 0.247056 1254.51 19.3975 2.89572e+06 130253 0.00289799 0.00218037 0.000905568 0.00247076 0.0295924 0.000482666 0.00174238 6.03791e-05 
100 0.3 41900000 242.754 3.34057 -32.2486 0.248309 1254.51 19.6087 2.89572e+06 130780 0.00289799 0.00217675 0.000905568 0.00247076 0.0295924 0.000483135 0.00174238 6.03791e-05 
100 0.3 42000000 242.497 3.14166 -32.2545 0.247824 1255.74 19.5709 2.91835e+06 132071 0.0031137 0.00217272 0.00151276 0.00244636 0.0294396 0.000482617 0.00173008 5.83482e-05 
100 0.3 42100000 242.497 3.14166 -32.2545 0.248094 1255.74 19.6113 2.91835e+06 132071 0.0031137 0.00216856 0.00151276 0.00244636 0.0294396 0.000485688 0.00173008 5.93232e-05 
100 0.3 42200000 242.497 3.14166 -32.2545 0.247394 1255.74 19.5618 2.91835e+06 131675 0.0031137 0.00216195 0.00151276 0.00244636 0.0294396 0.000484489 0.00173008 5.91461e-05 
100 0.3 42300000 242.497 3.14166 -32.2545 0.246931 1255.74 19.5271 2.91835e+06 131298 0.0031137 0.00215781 0.00151276 0.00244636 0.0294396 0.000483897 0.00173008 5.9077e-05 
100 0.3 42400000 242.497 3.14166 -32.2545 0.246454 1255.74 19.491 2.91835e+06 131298 0.0031137 0.00215415 0.00151276 0.00244636 0.0294396 0.000483363 0.00173008 5.89992e-05 
100 0.3 42500000 242.497 3.14166 -32.2545 0.246261 1255.74 19.4883 2.91835e+06 131227 0.0031137 0.00215126 0.00151276 0.00244636 0.0294396 0.000482431 0.00173008 5.89029e-05 
100 0.3 42600000 242.497 3.14166 -32.2545 0.245768 1255.74 19.4713 2.91835e+06 130887 0.0031137 0.00214361 0.00151276 0.00241109 0.0294396 0.000481352 0.00173008 5.87344e-05 
100 0.3 42700000 242.497 3.14166 -32.2545 0.245322 1255.74 19.434 2.91835e+06 130887 0.0031137 0.00214046 0.00151276 0.00241109 0.0294396 0.000480464 0.00173008 5.86365e-05 
100 0.3 42800000 242.497 3.14166 -32.2545 0.244873 1255.74 19.399 2.91835e+06 130408 0.0031137 0.00215685 0.00151276 0.00241109 0.0294396 0.00048041 0.00173008 5.87135e-05 
100 0.3 42900000 242.497 3.14166 -32.2545 0.244435 1255.74 19.3619 2.91835e+06 130408 0.0031137 0.00215322 0.00151276 0.00241109 0.0294396 0.000479692 0.00173008 5.86204e-05 
100 0.3 43000000 242.497 3.14166 -32.2545 0.24357 1255.74 19.2938 2.91835e+06 129911 0.0031137 0.00214567 0.00151276 0.00241109 0.0294396 0.000477923 0.00173008 5.84158e-05 
100 0.3 43100000 242.497 3.14166 -32.2545 0.243107 1255.74 19.2594 2.91835e+06 129512 0.0031137 0.00214169 0.00151276 0.00241109 0.0294396 0.000477243 0.00173008 5.83482e-05 
100 0.3 43200000 242.497 3.14166 -32.2545 0.242968 1255.74 19.323 2.91835e+06 131323 0.0031137 0.00213932 0.00151276 0.00241109 0.0294396 0.000476717 0.00173008 5.83772e-05 
100 0.3 43300000 242.497 3.14166 -32.2545 0.242656 1255.74 19.2896 2.91835e+06 132291 0.0031137 0.00213639 0.00151276 0.0023757 0.0294396 0.000476596 0.00173008 5.83482e-05 
100 0.3 43400000 242.497 3.14166 -32.2545 0.242355 1255.74 19.2637 2.91835e+06 131871 0.0031137 0.00213269 0.00151276 0.0023757 0.0294396 0.000475437 0.00173008 5.83482e-05 
100 0.3 43500000 242.497 3.14166 -32.2545 0.24196 1255.74 19.2291 2.91835e+06 131871 0.0031137 0.00213186 0.00151276 0.0023757 0.0294396 0.000474566 0.00173008 5.83482e-05 
100 0.3 43600000 242.497 3.14166 -32.2545 0.241513 1255.74 19.1933 2.91835e+06 131400 0.0031137 0.00212793 0.00151276 0.0023757 0.0294396 0.0004743 0.00173008 5.83482e-05 
100 0.3 43700000 242.497 3.14166 -32.2545 0.241716 1255.74 19.1926 2.91835e+06 131400 0.0031137 0.00212419 0.00151276 0.0023757 0.0294396 0.000474078 0.00173008 5.83482e-05 
100 0.3 43800000 242.497 3.14166 -32.2545 0.240985 1255.74 19.1342 2.91835e+06 131070 0.0031137 0.00211732 0.00151276 0.0023757 0.0294396 0.00047291 0.00173008 5.83482e-05 
100 0.3 43900000 242.497 3.14166 -32.2545 0.240822 1255.74 19.1183 2.91835e+06 130761 0.0031137 0.00211347 0.00151276 0.00234629 0.0294396 0.00047291 0.00173008 5.83482e-05 
100 0.3 44000000 242.497 3.14166 -32.2545 0.24052 1255.74 19.0984 2.91835e+06 130761 0.0031137 0.00211209 0.00151276 0.00234629 0.0294396 0.00047291 0.00173008 5.83482e-05 
100 0.3 44100000 242.497 3.14166 -32.2545 0.240706 1255.74 19.1888 2.91835e+06 132156 0.0031137 0.00212269 0.00151276 0.00234629 0.0294396 0.00047291 0.00173008 5.83482e-05 
100 0.3 44200000 242.497 3.14166 -32.2545 0.240116 1255.74 19.1479 2.91835e+06 131667 0.0031137 0.00211501 0.00151276 0.00234629 0.0294396 0.00047291 0.00173008 5.83482e-05 
100 0.3 44300000 242.497 3.14166 -32.2545 0.23975 1255.74 19.1188 2.91835e+06 131667 0.0031137 0.00211225 0.00151276 0.00234629 0.0294396 0.00047291 0.00173008 5.83482e-05 
100 0.3 44400000 242.497 3.14166 -32.2545 0.239553 1255.74 19.101 2.91835e+06 131189 0.0031137 0.00210917 0.00151276 0.00234629 0.0294396 0.00047291 0.00173008 5.83482e-05 
100 0.3 44500000 242.497 3.14166 -32.2545 0.239162 1255.74 19.0896 2.91835e+06 131189 0.0031137 0.00210664 0.00151276 0.00234629 0.0294396 0.00047291 0.00173008 5.83482e-05 
100 0.3 44600000 243.003 2.99735 -32.2364 0.238536 1257.5 19.0485 2.96752e+06 131067 0.00332438 0.00209907 0.00127816 0.00232475 0.0295154 0.000468943 0.0017416 5.83482e-05 
100 0.3 44700000 243.003 2.99735 -32.2364 0.238129 1257.5 19.0157 2.96752e+06 130624 0.00332438 0.00209995 0.00127816 0.00232475 0.0295154 0.000469078 0.0017416 5.83482e-05 
100 0.3 44800000 243.003 2.99735 -32.2364 0.237897 1257.5 18.9956 2.96752e+06 130624 0.00332438 0.00209646 0.00127816 0.00232475 0.0295154 0.000470161 0.0017416 5.83482e-05 
100 0.3 44900000 243.003 2.99735 -32.2364 0.237531 1257.5 18.9689 2.96752e+06 130315 0.00332438 0.00209515 0.00127816 0.00232475 0.0295154 0.000469303 0.0017416 5.83482e-05 
100 0.3 45000000 243.003 2.99735 -32.2364 0.236682 1257.5 18.9044 2.96752e+06 129919 0.00332438 0.00209583 0.00127816 0.00232475 0.0295154 0.000468325 0.0017416 5.83482e-05 
100 0.3 45100000 243.003 2.99735 -32.2364 0.236266 1257.5 18.8753 2.96752e+06 129919 0.00332438 0.00209464 0.00127816 0.00232475 0.0295154 0.000467689 0.0017416 5.83482e-05 
100 0.3 45200000 243.003 2.99735 -32.2364 0.235968 1257.5 18.8467 2.96752e+06 129480 0.00332438 0.00209489 0.00127816 0.00229177 0.0295154 0.00046692 0.0017416 5.83482e-05 
100 0.3 45300000 243.003 2.99735 -32.2364 0.235701 1257.5 18.8211 2.96752e+06 129480 0.00332438 0.00209118 0.00127816 0.00229177 0.0295154 0.000466886 0.0017416 5.83482e-05 
100 0.3 45400000 243.003 2.99735 -32.2364 0.23605 1257.5 18.8445 2.96752e+06 129014 0.00332438 0.00208538 0.00127816 0.00229177 0.0295154 0.000466897 0.0017416 5.83482e-05 
100 0.3 45500000 243.003 2.99735 -32.2364 0.235686 1257.5 18.8192 2.96752e+06 128600 0.00332438 0.00208283 0.00127816 0.00229177 0.0295154 0.000466058 0.0017416 5.83482e-05 
100 0.3 45600000 243.003 2.99735 -32.2364 0.235341 1257.5 18.7861 2.96752e+06 128600 0.00332438 0.0020792 0.00127816 0.00229177 0.0295154 0.000465277 0.0017416 5.83482e-05 
