L J MC_steps R2 R2_std E E_std E2 E2_std E4 E4_std Sin1 Sin1_std Cos1 Cos1_std Mag2 Mag2_std Mag4 Mag4_std Mag1 Mag1_std eig1 eig1_std eig2 eig2_std eig3 eig3_std R_g_2_trace R_g_2_trace_std R_g_2_direct R_g_2_direct_std asphericity asphericity_std
400 0.27 64000000 4505 0 -88.9927 0 7919.7 0 6.27216e+07 0 -0.0695434 0 0.0187447 0 0.00518765 0 2.69117e-05 0 0.0720253 0 11.5882 0 164.61 0 13929.4 0 14105.6 0 14105.6 0 0.962965 0 
400 0.27 67200000 3255 883.883 -95.2999 4.45991 9121.86 850.058 8.46535e+07 1.55082e+07 -0.034128 0.0250425 -0.0215489 0.0284918 0.00450689 0.000481367 2.07755e-05 4.33894e-06 0.0669406 0.00359548 9.32618 1.59947 90.7813 52.2044 7098.27 4830.33 7198.37 4884.13 7198.37 4884.13 0.865841 0.0686775 
400 0.27 70400000 2696.33 745.181 -109.685 12.1159 12471.2 2792.82 1.7893e+08 7.76679e+07 -0.0222416 0.019311 -0.0375238 0.0230418 0.00461424 0.000332666 2.16233e-05 2.97429e-06 0.0677906 0.00249544 9.85494 1.15039 69.2854 38.9781 4797.3 3728.19 4876.44 3767.8 4876.44 3767.8 0.770875 0.0900475 
400 0.27 73600000 2231 689.024 -105.735 9.70953 11557 2239.26 1.53621e+08 6.22383e+07 0.00811234 0.0300131 -0.0275245 0.0193297 0.00592109 0.00115893 4.04318e-05 1.64407e-05 0.0756442 0.00705421 8.16431 1.69944 57.6353 30.9257 3632.44 2972.56 3698.24 3004.43 3698.24 3004.43 0.726651 0.0776394 
400 0.27 76800000 2195 552.159 -114.923 11.3079 13846.6 2720.85 2.28743e+08 8.3629e+07 -0.000784427 0.0252947 -0.01377 0.0197605 0.00534173 0.00106213 3.41747e-05 1.42937e-05 0.071514 0.00674491 9.21168 1.65105 61.9883 25.045 5943.78 3151.03 6014.98 3173.46 6014.98 3173.46 0.777697 0.0770867 
400 0.27 80000000 2170 460.698 -115.284 9.42907 13824 2267.47 2.2195e+08 6.99662e+07 -0.00443664 0.021341 -0.00215685 0.0195845 0.00505827 0.00092216 3.06883e-05 1.23293e-05 0.0696518 0.00587222 9.49694 1.4003 66.3148 21.2413 7502.53 2986.61 7578.34 3005.06 7578.34 3005.06 0.811555 0.0712877 
400 0.27 83200000 1999.57 425.241 -124.401 11.6857 16431.5 3099.23 3.3723e+08 1.22423e+08 0.00257955 0.0194114 -0.00249822 0.0167897 0.00462375 0.000886904 2.68853e-05 1.11391e-05 0.0661169 0.00600375 8.88725 1.32637 61.0516 18.8476 6446.51 2740.29 6516.45 2757.01 6516.45 2757.01 0.757366 0.0790611 
400 0.27 86400000 2017.25 372.453 -123.823 10.2393 16170.8 2722.77 3.20802e+08 1.08217e+08 -0.00382401 0.0180102 0.00134832 0.0151252 0.00444155 0.000794536 2.47777e-05 9.94407e-06 0.0648858 0.00537801 11.3706 2.59679 58.2327 16.7011 8105.77 2856.26 8175.37 2868.38 8175.37 2868.38 0.786424 0.0743269 
400 0.27 89600000 1881.22 355.042 -127.667 9.79656 17162.5 2594.56 3.55137e+08 1.01493e+08 0.0043048 0.017749 -0.00913662 0.0166876 0.00544354 0.0011795 4.2153e-05 1.86142e-05 0.0705668 0.00717916 14.0011 3.38796 105.433 46.9115 8360.47 2550.23 8479.91 2565.79 8479.91 2565.79 0.795038 0.0665657 
400 0.27 92800000 1826.4 353.72 -127.256 8.8255 16973 2342.01 3.42932e+08 9.2075e+07 -0.000871866 0.016712 -0.0115517 0.0172141 0.00523525 0.00107978 3.90671e-05 1.70066e-05 0.0693073 0.0065708 13.4762 3.08955 97.7121 42.8509 9278.07 2454.74 9389.25 2465.09 9389.25 2465.09 0.814904 0.065054 
400 0.27 96000000 1706.64 353.72 -125.199 8.66142 16425.2 2205.96 3.22651e+08 8.59091e+07 -0.00281435 0.0153052 -0.00902715 0.0172141 0.00482819 0.00105556 3.55677e-05 1.58165e-05 0.0655089 0.00698558 13.3465 2.8114 91.9274 39.3439 8439.15 2414.47 8544.42 2437.87 8544.42 2437.87 0.751523 0.0831367 
400 0.27 99200000 1652.17 334.94 -123.412 8.02568 15953.5 2060.46 3.05421e+08 8.04594e+07 -0.000686312 0.0141769 -0.00640238 0.0150957 0.00451094 0.00107197 3.26907e-05 1.47578e-05 0.0627128 0.00805384 12.9206 2.60917 87.7536 36.286 7757.7 2444.31 7858.37 2465.81 7858.37 2465.81 0.737646 0.0889546 
400 0.27 102400000 1708.54 334.94 -123.38 8.02568 15890.1 2060.46 2.99534e+08 7.57914e+07 0.00466392 0.0140597 -0.0154533 0.0150957 0.00571277 0.00148648 6.13609e-05 3.073e-05 0.0688039 0.00867709 12.2768 2.48663 85.4847 33.5656 7172.12 2444.31 7269.88 2465.81 7269.88 2465.81 0.707764 0.0889546 
400 0.27 105600000 1627.14 288.025 -120.632 7.34482 15270 1876.05 2.81851e+08 7.1233e+07 0.00690365 0.0132327 -0.0118968 0.0142452 0.00548161 0.00139816 5.74161e-05 2.8787e-05 0.067444 0.00817567 11.895 2.33814 84.0417 31.1991 6797.94 2275.76 6893.88 2294.44 6893.88 2294.44 0.721177 0.0777563 
400 0.27 108800000 1652.6 288.025 -120.592 7.34482 15212.6 1876.05 2.76901e+08 6.8531e+07 0.00345577 0.0127918 -0.00755782 0.0139407 0.00543865 0.00130561 5.51483e-05 2.69571e-05 0.0675844 0.00817567 12.2246 2.20537 81.7703 29.2017 7481.76 2275.76 7575.75 2294.44 7575.75 2294.44 0.738988 0.0777563 
400 0.27 112000000 1555 260.9 -120.444 6.42911 15135.4 1646.37 2.71805e+08 6.26844e+07 0.00493254 0.0120773 -0.00425464 0.0141101 0.0052728 0.0012345 5.21863e-05 2.54345e-05 0.0666587 0.00719991 12.397 2.07426 84.0226 27.4633 7718.73 2169.58 7815.15 2184.78 7815.15 2184.78 0.753141 0.0743166 
400 0.27 115200000 1509 260.9 -118.821 6.42911 14752.2 1646.37 2.60189e+08 6.06964e+07 0.00311594 0.0115026 -0.00660618 0.0141101 0.00511733 0.00117163 4.95233e-05 2.40773e-05 0.0657541 0.00719132 12.2846 1.95529 80.2254 26.109 7269.28 2169.58 7361.79 2184.78 7361.79 2184.78 0.729207 0.0743166 
400 0.27 118400000 1541 232.287 -118.034 6.14999 14541.1 1567.03 2.52397e+08 5.723e+07 0.00303738 0.0108639 -0.00665225 0.0127444 0.00483626 0.00113976 4.67722e-05 2.28963e-05 0.0625249 0.00748672 12.2175 1.84781 77.5411 24.7961 6874.75 2086.23 6964.51 2101.11 6964.51 2101.11 0.715865 0.0748258 
400 0.27 121600000 1474.05 232.287 -113.91 6.81783 13858.6 1575.86 2.39244e+08 5.69707e+07 0.00266762 0.0102984 -0.00397683 0.0127444 0.00468529 0.0010949 4.45143e-05 2.18023e-05 0.0615689 0.00748672 12.3432 1.75483 74.3582 23.6945 6519.36 2086.23 6606.06 2101.11 6606.06 2101.11 0.703379 0.0748258 
400 0.27 124800000 1424 236.697 -114.612 7.59306 13984.3 1759.43 2.40685e+08 6.00828e+07 0.00159458 0.0098392 0.00026501 0.0132145 0.00479561 0.0010408 4.46633e-05 2.07127e-05 0.0626412 0.00673895 12.173 1.67532 71.5009 22.6814 6196.75 1984.72 6280.42 1999.26 6280.42 1999.26 0.685274 0.0733305 
400 0.27 128000000 1424 236.697 -114.612 7.59306 13984.3 1759.43 2.40685e+08 6.00828e+07 0.00159458 0.00962087 0.00026501 0.0132145 0.00479561 0.00117224 4.46633e-05 2.38595e-05 0.0626412 0.00713315 12.173 1.5956 71.5009 21.7346 6196.75 1984.72 6280.42 1999.26 6280.42 1999.26 0.685274 0.0733305 
400 0.27 131200000 1488.91 232.173 -114.395 7.59306 13917.1 1759.43 2.37734e+08 6.00828e+07 -0.000725804 0.00918395 0.0047304 0.0127453 0.00522704 0.00113758 5.57919e-05 2.29189e-05 0.0643916 0.00700895 12.0707 1.52552 70.8636 20.8231 6552.97 1866.49 6635.9 1874.27 6635.9 1874.27 0.684395 0.068241 
400 0.27 134400000 1488.91 232.173 -114.395 7.59306 13917.1 1759.43 2.37734e+08 6.00828e+07 -0.000725804 0.0104704 0.0047304 0.0127453 0.00522704 0.0012425 5.57919e-05 2.57569e-05 0.0643916 0.00741777 12.0707 1.45936 70.8636 19.9356 6552.97 1866.49 6635.9 1874.27 6635.9 1874.27 0.684395 0.068241 
400 0.27 137600000 1539 220.124 -114.093 6.34525 13780.8 1477.91 2.30539e+08 5.09183e+07 -0.00601195 0.010048 0.00805629 0.0121094 0.00572396 0.00119617 6.71032e-05 2.4806e-05 0.0671191 0.00712677 11.941 1.40643 67.8305 19.2228 6791.62 1698.42 6871.39 1709.7 6871.39 1709.7 0.696475 0.0621984 
400 0.27 140800000 1539 220.124 -114.093 6.34525 13780.8 1477.91 2.30539e+08 5.09183e+07 -0.00601195 0.00978906 0.00805629 0.0121094 0.00572396 0.00115362 6.71032e-05 2.45318e-05 0.0671191 0.00691325 11.941 1.36276 67.8305 18.4556 6791.62 1698.42 6871.39 1709.7 6871.39 1709.7 0.696475 0.0621984 
400 0.27 144000000 1512.85 220.124 -113.64 6.34525 13626.6 1477.91 2.23719e+08 5.09183e+07 -0.00577965 0.00960168 0.0132666 0.0122476 0.00588649 0.00111033 6.67041e-05 2.45318e-05 0.0687589 0.00667575 11.5528 1.32488 78.3035 20.6295 6330.37 1647.48 6420.22 1652.44 6420.22 1652.44 0.672295 0.0619358 
400 0.27 147200000 1512.85 220.124 -113.64 6.34525 13626.6 1477.91 2.23719e+08 5.09183e+07 -0.00577965 0.00933423 0.0132666 0.0122476 0.00588649 0.00107881 6.67041e-05 2.45318e-05 0.0687589 0.00649129 11.5528 1.27586 78.3035 19.9836 6330.37 1647.48 6420.22 1652.44 6420.22 1652.44 0.672295 0.0619358 
400 0.27 150400000 1445.86 207.45 -111.932 5.79503 13289.3 1346.05 2.1536e+08 4.5851e+07 -0.00325045 0.00908087 0.00725763 0.012762 0.00599154 0.00106918 6.79069e-05 2.16652e-05 0.0694556 0.00645716 11.909 1.27607 77.8934 19.3508 6572.99 1530.79 6662.79 1537.6 6662.79 1537.6 0.68377 0.0585652 
400 0.27 153600000 1445.86 207.45 -111.932 5.79503 13289.3 1346.05 2.1536e+08 4.5851e+07 -0.00325045 0.0089968 0.00725763 0.012762 0.00599154 0.00103436 6.79069e-05 2.10404e-05 0.0694556 0.00623743 11.909 1.38786 77.8934 19.5057 6572.99 1530.79 6662.79 1537.6 6662.79 1537.6 0.68377 0.0585652 
400 0.27 156800000 1424.27 207.45 -111.674 5.79503 13187.8 1346.05 2.10516e+08 4.5851e+07 -0.00520036 0.00869749 0.00528736 0.0120624 0.00576473 0.00101228 6.39732e-05 2.10404e-05 0.0680612 0.00614383 12.5136 1.34235 81.7375 18.9438 6485.77 1431.22 6580.02 1437.32 6580.02 1437.32 0.683399 0.054662 
400 0.27 160000000 1424.27 207.45 -111.674 5.79503 13187.8 1346.05 2.10516e+08 4.5851e+07 -0.00520036 0.0084175 0.00528736 0.0120624 0.00576473 0.000986439 6.39732e-05 2.10404e-05 0.0680612 0.00598668 12.5136 1.29905 81.7375 18.4366 6485.77 1431.22 6580.02 1437.32 6580.02 1437.32 0.683399 0.054662 
400 0.27 163200000 1418.56 183.305 -110.796 5.18095 12960.5 1217.28 2.03113e+08 4.17232e+07 -0.00549983 0.00816391 0.0049582 0.0113129 0.00554646 0.000960728 6.02992e-05 1.97379e-05 0.066785 0.00582618 12.2884 1.27822 78.3021 17.9173 6086.92 1396.24 6177.51 1402.72 6177.51 1402.72 0.664536 0.0544028 
400 0.27 166400000 1418.56 183.305 -110.796 5.18095 12960.5 1217.28 2.03113e+08 4.17232e+07 -0.00549983 0.00791673 0.0049582 0.0113129 0.00554646 0.000945212 6.02992e-05 1.97379e-05 0.066785 0.00586594 12.2884 1.2395 78.3021 17.4433 6086.92 1396.24 6177.51 1402.72 6177.51 1402.72 0.664536 0.0544028 
400 0.27 169600000 1419.76 183.305 -110.583 5.18095 12894.9 1217.28 2.0039e+08 4.17232e+07 -0.00295168 0.0081018 0.00344011 0.0107489 0.00545531 0.000934431 5.8543e-05 1.97379e-05 0.0658628 0.00573276 12.3516 1.20438 75.3787 16.9824 5737.01 1357.24 5824.74 1363.84 5824.74 1363.84 0.647231 0.0538847 
400 0.27 172800000 1419.76 183.305 -110.583 5.18095 12894.9 1217.28 2.0039e+08 4.17232e+07 -0.00295168 0.00788261 0.00344011 0.0107489 0.00545531 0.000957089 5.8543e-05 1.97379e-05 0.0658628 0.00587845 12.3516 1.17113 75.3787 16.5095 5737.01 1357.24 5824.74 1363.84 5824.74 1363.84 0.647231 0.0538847 
400 0.27 176000000 1396.06 164.314 -113.577 5.29946 13695.1 1284.71 2.32136e+08 4.60888e+07 -0.00426913 0.00771162 0.000748791 0.0104832 0.00572254 0.000933845 6.41418e-05 1.86189e-05 0.0673912 0.00572751 12.347 1.13959 73.3315 16.1101 5765.21 1282.13 5850.89 1288.32 5850.89 1288.32 0.650573 0.0509946 
400 0.27 179200000 1396.06 164.314 -113.577 5.29946 13695.1 1284.71 2.32136e+08 4.60888e+07 -0.00426913 0.00750525 0.000748791 0.0104832 0.00572254 0.000910693 6.41418e-05 1.81697e-05 0.0673912 0.00557787 12.347 1.10976 73.3315 15.7184 5765.21 1282.13 5850.89 1288.32 5850.89 1288.32 0.650573 0.0509946 
400 0.27 182400000 1421.26 164.314 -113.817 5.29946 13709 1284.71 2.30177e+08 4.60888e+07 -0.000575161 0.00808949 0.00141806 0.0099528 0.00614395 0.00100712 7.62908e-05 2.21865e-05 0.0694621 0.00589149 12.2783 1.0866 258.673 182.358 6523.31 1421.22 6794.26 1527.34 6794.26 1527.34 0.653353 0.0483864 
400 0.27 185600000 1421.26 164.314 -113.817 5.29946 13709 1284.71 2.30177e+08 4.60888e+07 -0.000575161 0.00813591 0.00141806 0.0099528 0.00614395 0.000981417 7.62908e-05 2.16315e-05 0.0694621 0.00574954 12.2783 1.06609 258.673 180.953 6523.31 1421.22 6794.26 1527.34 6794.26 1527.34 0.653353 0.0483864 
400 0.27 188800000 1446 157.227 -114.608 5.23825 13867.1 1227.49 2.3313e+08 4.14907e+07 -0.00205044 0.00795228 0.00265374 0.00953156 0.00613947 0.000957093 7.43342e-05 2.11225e-05 0.0698728 0.00560639 12.0651 1.04294 248.19 173.393 6207.98 1384.69 6468.24 1485.36 6468.24 1485.36 0.645155 0.0466565 
400 0.27 192000000 1446 157.227 -114.608 5.23825 13867.1 1227.49 2.3313e+08 4.14907e+07 -0.00205044 0.00806075 0.00265374 0.00953156 0.00613947 0.000941364 7.43342e-05 2.06409e-05 0.0698728 0.00553604 12.0651 1.02364 248.19 172.209 6207.98 1384.69 6468.24 1485.36 6468.24 1485.36 0.645155 0.0466565 
400 0.27 195200000 1446 157.227 -114.608 5.23825 13867.1 1227.49 2.3313e+08 4.14907e+07 -0.00205044 0.00807738 0.00265374 0.00914839 0.00613947 0.000918972 7.43342e-05 2.0171e-05 0.0698728 0.0054065 12.0651 1.00154 248.19 166.336 6207.98 1348.07 6468.24 1444.08 6468.24 1444.08 0.645155 0.0445153 
400 0.27 198400000 1446 161.903 -114.608 5.23825 13867.1 1227.49 2.3313e+08 4.14907e+07 -0.00205044 0.00802943 0.00265374 0.00914839 0.00613947 0.000900344 7.43342e-05 1.97039e-05 0.0698728 0.00531342 12.0651 0.979767 248.19 166.336 6207.98 1348.07 6468.24 1444.08 6468.24 1444.08 0.645155 0.0445153 
400 0.27 201600000 1525.27 160.131 -114.456 5.23825 13798.6 1227.49 2.29461e+08 4.10196e+07 -0.004452 0.00794523 0.00134632 0.00906006 0.00628172 0.000880925 7.36053e-05 1.92962e-05 0.0713776 0.00519389 11.7975 0.967611 230.244 157.867 5998.37 1288.99 6240.42 1380.11 6240.42 1380.11 0.644746 0.0425531 
400 0.27 204800000 1525.27 160.131 -114.456 5.23825 13798.6 1227.49 2.29461e+08 4.10196e+07 -0.004452 0.0077959 0.00134632 0.00906006 0.00628172 0.00086381 7.36053e-05 1.89175e-05 0.0713776 0.0050875 11.7975 0.955043 230.244 157.028 5998.37 1288.99 6240.42 1380.11 6240.42 1380.11 0.644746 0.0425531 
400 0.27 208000000 1525.27 160.131 -114.456 5.23825 13798.6 1227.49 2.29461e+08 4.10196e+07 -0.004452 0.00767447 0.00134632 0.00888711 0.00628172 0.000848298 7.36053e-05 1.85583e-05 0.0713776 0.00499289 11.7975 0.936498 230.244 152.507 5998.37 1257.81 6240.42 1344.87 6240.42 1344.87 0.644746 0.0422429 
400 0.27 211200000 1525.27 160.131 -114.456 5.23825 13798.6 1227.49 2.29461e+08 4.10196e+07 -0.004452 0.00751386 0.00134632 0.00888711 0.00628172 0.000833365 7.36053e-05 1.82124e-05 0.0713776 0.00490217 11.7975 1.43051 230.244 152.507 5998.37 1257.81 6240.42 1344.87 6240.42 1344.87 0.644746 0.0422429 
400 0.27 214400000 1475.92 154.206 -114.506 4.3662 13764.4 1027.2 2.25936e+08 3.48876e+07 -0.00226373 0.00740703 0.00057889 0.00860375 0.00597348 0.00082133 6.80624e-05 1.78865e-05 0.0696266 0.00484255 12.8804 1.40379 215.399 144.891 5692.94 1206.43 5921.22 1290.02 5921.22 1290.02 0.630916 0.04064 
400 0.27 217600000 1475.92 154.206 -114.506 4.3662 13764.4 1027.2 2.25936e+08 3.48876e+07 -0.00226373 0.00728064 0.00057889 0.00860375 0.00597348 0.000805837 6.80624e-05 1.75556e-05 0.0696266 0.00474683 12.8804 1.37983 215.399 144.295 5692.94 1206.43 5921.22 1290.02 5921.22 1290.02 0.630916 0.0405439 
400 0.27 220800000 1475.92 154.206 -114.506 4.3662 13764.4 1027.2 2.25936e+08 3.48876e+07 -0.00226373 0.00713632 0.00057889 0.00835545 0.00597348 0.00079799 6.80624e-05 1.72554e-05 0.0696266 0.00478966 12.8804 1.35763 215.399 140.22 5692.94 1178.57 5921.22 1258.79 5921.22 1258.79 0.630916 0.0399992 
400 0.27 224000000 1475.92 154.206 -114.506 4.3662 13764.4 1027.2 2.25936e+08 3.48876e+07 -0.00226373 0.00704284 0.00057889 0.00835545 0.00597348 0.000786644 6.80624e-05 1.69614e-05 0.0696266 0.00473914 12.8804 1.33713 215.399 140.22 5692.94 1178.57 5921.22 1258.79 5921.22 1258.79 0.630916 0.0399992 
400 0.27 227200000 1419.85 152.197 -114.291 4.3662 13681.2 1027.2 2.21599e+08 3.48082e+07 -0.0026191 0.00694225 0.00138613 0.00829264 0.00583626 0.000778784 6.56002e-05 1.6679e-05 0.068483 0.00469522 12.349 1.3216 201.484 133.913 5264.61 1151.02 5478.44 1228.19 5478.44 1228.19 0.61269 0.0394205 
400 0.27 230400000 1419.85 152.197 -114.291 4.3662 13681.2 1027.2 2.21599e+08 3.48082e+07 -0.0026191 0.006813 0.00138613 0.00829264 0.00583626 0.000769334 6.56002e-05 1.63883e-05 0.068483 0.0046519 12.349 1.2968 201.484 133.531 5264.61 1151.02 5478.44 1228.19 5478.44 1228.19 0.61269 0.0394205 
400 0.27 233600000 1419.85 152.197 -114.291 4.3662 13681.2 1027.2 2.21599e+08 3.48082e+07 -0.0026191 0.0069972 0.00138613 0.00832785 0.00583626 0.000766038 6.56002e-05 1.61923e-05 0.068483 0.00463886 12.349 1.41105 201.484 135.555 5264.61 1181.64 5478.44 1264.74 5478.44 1264.74 0.61269 0.0379871 
400 0.27 236800000 1419.85 152.197 -114.291 4.3662 13681.2 1027.2 2.21599e+08 3.48082e+07 -0.0026191 0.00687991 0.00138613 0.00832785 0.00583626 0.000758125 6.56002e-05 1.59447e-05 0.068483 0.00461776 12.349 1.3895 201.484 134.064 5264.61 1181.64 5478.44 1264.74 5478.44 1264.74 0.61269 0.0379871 
400 0.27 240000000 1401.96 142.372 -115.192 3.79606 13882.5 887.214 2.26813e+08 3.05686e+07 -0.00142261 0.00678921 0.00268522 0.00810395 0.00597465 0.000744712 6.67538e-05 1.56647e-05 0.0694254 0.004541 12.9752 1.36686 235.822 130.767 5507.16 1152.3 5755.95 1232.19 5755.95 1232.19 0.607173 0.0380642 
400 0.27 243200000 1401.96 142.372 -115.192 3.79606 13882.5 887.214 2.26813e+08 3.05686e+07 -0.00142261 0.00672028 0.00268522 0.00810395 0.00597465 0.00073231 6.67538e-05 1.54137e-05 0.0694254 0.0044621 12.9752 1.34291 235.822 129.345 5507.16 1152.3 5755.95 1232.19 5755.95 1232.19 0.607173 0.0380642 
400 0.27 246400000 1401.96 142.372 -115.192 3.79606 13882.5 887.214 2.26813e+08 3.05686e+07 -0.00142261 0.00664058 0.00268522 0.00782458 0.00597465 0.000721353 6.67538e-05 1.51787e-05 0.0694254 0.0043916 12.9752 1.3255 235.822 126.333 5507.16 1112.84 5755.95 1189.84 5755.95 1189.84 0.607173 0.0380642 
400 0.27 249600000 1401.96 142.372 -115.192 3.79606 13882.5 887.214 2.26813e+08 3.05686e+07 -0.00142261 0.00658973 0.00268522 0.00782458 0.00597465 0.000709521 6.67538e-05 1.49227e-05 0.0694254 0.00432589 12.9752 1.30628 235.822 125.277 5507.16 1112.84 5755.95 1189.84 5755.95 1189.84 0.607173 0.0380642 
400 0.27 252800000 1403.3 133.596 -115.305 3.79606 13905.9 887.214 2.27671e+08 2.98466e+07 -0.0024968 0.00649569 0.00263705 0.0075642 0.00591344 0.000697708 6.41765e-05 1.46838e-05 0.0694779 0.00425492 12.9106 1.28403 223.401 122.203 5360.24 1088.97 5596.55 1163.49 5596.55 1163.49 0.618867 0.0380642 
400 0.27 256000000 1403.3 133.596 -115.305 3.79606 13905.9 887.214 2.27671e+08 2.98466e+07 -0.0024968 0.00639055 0.00263705 0.0075642 0.00591344 0.000687774 6.41765e-05 1.44702e-05 0.0694779 0.00419104 12.9106 1.27719 223.401 121.021 5360.24 1088.97 5596.55 1163.49 5596.55 1163.49 0.618867 0.0380642 
400 0.27 259200000 1403.3 133.596 -115.305 3.79606 13905.9 887.214 2.27671e+08 2.98466e+07 -0.0024968 0.00628752 0.00263705 0.00743517 0.00591344 0.000682176 6.41765e-05 1.42726e-05 0.0694779 0.00419334 12.9106 1.26305 223.401 118.319 5360.24 1054.11 5596.55 1126.11 5596.55 1126.11 0.618867 0.0380642 
400 0.27 262400000 1403.3 133.596 -115.305 3.79606 13905.9 887.214 2.27671e+08 2.98466e+07 -0.0024968 0.00633619 0.00263705 0.00743517 0.00591344 0.000673205 6.41765e-05 1.40488e-05 0.0694779 0.00414725 12.9106 1.24841 223.401 117.539 5360.24 1054.11 5596.55 1126.11 5596.55 1126.11 0.618867 0.0380642 
400 0.27 265600000 1376.66 127.224 -114.808 3.34099 13782.7 781.899 2.23729e+08 2.70296e+07 -0.00101538 0.00623718 0.00068845 0.00722901 0.00574031 0.000668749 6.15735e-05 1.38633e-05 0.0679165 0.00419756 13.0676 1.22976 212.001 114.7 5219.85 1033.95 5444.92 1103.82 5444.92 1103.82 0.610673 0.0349416 
400 0.27 268800000 1376.66 127.224 -114.808 3.34099 13782.7 781.899 2.23729e+08 2.70296e+07 -0.00101538 0.0064242 0.00068845 0.00722901 0.00574031 0.000676765 6.15735e-05 1.3967e-05 0.0679165 0.00422837 13.0676 1.21096 212.001 113.729 5219.85 1033.95 5444.92 1103.82 5444.92 1103.82 0.610673 0.0348883 
400 0.27 272000000 1376.66 127.224 -114.808 3.34099 13782.7 781.899 2.23729e+08 2.70296e+07 -0.00101538 0.00639729 0.00068845 0.00701024 0.00574031 0.000666688 6.15735e-05 1.3769e-05 0.0679165 0.00416433 13.0676 1.1937 212.001 111.283 5219.85 1014.66 5444.92 1080.92 5444.92 1080.92 0.610673 0.0343661 
400 0.27 275200000 1376.66 127.224 -114.808 3.34099 13782.7 781.899 2.23729e+08 2.70296e+07 -0.00101538 0.00634739 0.00068845 0.00701024 0.00574031 0.000659923 6.15735e-05 1.35942e-05 0.0679165 0.00412612 13.0676 1.17972 212.001 110.745 5219.85 1014.66 5444.92 1080.92 5444.92 1080.92 0.610673 0.0341457 
400 0.27 278400000 1389.03 120.341 -114.011 3.34099 13586 781.899 2.17429e+08 2.62746e+07 0.00062585 0.00627554 0.00150378 0.0068591 0.00581192 0.000650239 6.25295e-05 1.34031e-05 0.0684659 0.00406625 12.9032 1.16237 202.077 108.062 5258.78 991.805 5473.76 1056.23 5473.76 1056.23 0.616319 0.0340602 
400 0.27 281600000 1389.03 120.341 -114.011 3.34099 13586 781.899 2.17429e+08 2.62746e+07 0.00062585 0.00627554 0.00150378 0.0068591 0.00581192 0.000641073 6.25295e-05 1.32101e-05 0.0684659 0.00401364 12.9032 1.14552 202.077 107.255 5258.78 991.805 5473.76 1056.23 5473.76 1056.23 0.616319 0.0337245 
400 0.27 284800000 1389.03 120.341 -114.011 3.34099 13586 781.899 2.17429e+08 2.62746e+07 0.00062585 0.00615049 0.00150378 0.00668828 0.00581192 0.000633678 6.25295e-05 1.30456e-05 0.0684659 0.00396518 12.9032 1.13002 202.077 105.035 5258.78 974.15 5473.76 1036.81 5473.76 1036.81 0.616319 0.0334667 
400 0.27 288000000 1389.03 120.341 -114.011 3.34099 13586 781.899 2.17429e+08 2.62746e+07 0.00062585 0.00616267 0.00150378 0.00666583 0.00581192 0.000624994 6.25295e-05 1.2863e-05 0.0684659 0.00391524 12.9032 1.12026 202.077 104.674 5258.78 974.15 5473.76 1036.81 5473.76 1036.81 0.616319 0.0334667 
400 0.27 291200000 1418.22 117.143 -114.042 3.05624 13601.3 715.751 2.18088e+08 2.47182e+07 0.000526368 0.00608786 0.00142004 0.00652466 0.00573589 0.000619605 6.05419e-05 1.27113e-05 0.068165 0.00388983 13.0365 1.10627 193.408 102.148 4988.83 954.947 5195.28 1015.8 5195.28 1015.8 0.610666 0.0327621 
400 0.27 294400000 1418.22 117.143 -114.042 3.05624 13601.3 715.751 2.18088e+08 2.47182e+07 0.000526368 0.00600741 0.00142004 0.00648156 0.00573589 0.000615684 6.05419e-05 1.25642e-05 0.068165 0.00390338 13.0365 1.09116 193.408 101.476 4988.83 954.947 5195.28 1015.8 5195.28 1015.8 0.610666 0.032405 
400 0.27 297600000 1418.22 117.143 -114.042 3.05624 13601.3 715.751 2.18088e+08 2.47182e+07 0.000526368 0.00595269 0.00142004 0.00638814 0.00573589 0.000607631 6.05419e-05 1.24066e-05 0.068165 0.00385071 13.0365 1.07642 193.408 99.4439 4988.83 937.807 5195.28 997.119 5195.28 997.119 0.610666 0.0320252 
400 0.27 300800000 1418.22 117.143 -114.042 3.05624 13601.3 715.751 2.18088e+08 2.47182e+07 0.000526368 0.00591427 0.00142004 0.00635597 0.00573589 0.000600764 6.05419e-05 1.22603e-05 0.068165 0.00380463 13.0365 1.06259 193.408 99.217 4988.83 937.807 5195.28 997.119 5195.28 997.119 0.610666 0.0316338 
400 0.27 304000000 1398.21 113.029 -113.902 3.05624 13571.9 715.751 2.17348e+08 2.39531e+07 -0.00116295 0.00586831 0.000549564 0.00622036 0.00555953 0.000594474 5.77668e-05 1.21191e-05 0.0669561 0.00376343 13.0588 1.05079 184.385 96.872 4735.74 921.305 4933.18 979.099 4933.18 979.099 0.60692 0.0313365 
400 0.27 307200000 1398.21 113.029 -113.902 3.05624 13571.9 715.751 2.17348e+08 2.39531e+07 -0.00116295 0.00584467 0.000549564 0.00618906 0.00555953 0.000588968 5.77668e-05 1.19829e-05 0.0669561 0.00373073 13.0588 1.03993 184.385 96.3353 4735.74 921.305 4933.18 979.099 4933.18 979.099 0.60692 0.0309299 
400 0.27 310400000 1398.21 113.029 -113.902 3.05624 13571.9 715.751 2.17348e+08 2.39531e+07 -0.00116295 0.0057728 0.000549564 0.00607677 0.00555953 0.000581951 5.77668e-05 1.18428e-05 0.0669561 0.00368398 13.0588 1.02661 184.385 94.4275 4735.74 905.052 4933.18 961.394 4933.18 961.394 0.60692 0.0309986 
400 0.27 313600000 1398.21 113.029 -113.902 3.05624 13571.9 715.751 2.17348e+08 2.39531e+07 -0.00116295 0.00571292 0.000549564 0.00603947 0.00555953 0.000575348 5.77668e-05 1.17077e-05 0.0669561 0.0036446 13.0588 1.02045 184.385 94.4045 4735.74 905.052 4933.18 961.394 4933.18 961.394 0.60692 0.030647 
400 0.27 316800000 1391.43 107.886 -113.663 3.44144 13542.8 761.406 2.17739e+08 2.30985e+07 -0.000506715 0.00579516 0.00266561 0.00614527 0.00563641 0.000596592 6.02429e-05 1.23443e-05 0.0673254 0.00371434 12.9248 1.01131 176.634 92.1061 4506.7 889.361 4696.26 944.369 4696.26 944.369 0.598236 0.0349254 
400 0.27 320000000 1391.43 107.244 -113.663 3.44144 13542.8 761.406 2.17739e+08 2.30985e+07 -0.000506715 0.00572362 0.00266561 0.00614527 0.00563641 0.000589545 6.02429e-05 1.21923e-05 0.0673254 0.00367484 12.9248 1.00132 176.634 91.6744 4506.7 889.361 4696.26 944.369 4696.26 944.369 0.598236 0.0349254 
400 0.27 323200000 1391.43 107.244 -113.663 3.44144 13542.8 761.406 2.17739e+08 2.30985e+07 -0.000506715 0.00568864 0.00266561 0.00612123 0.00563641 0.000583318 6.02429e-05 1.20599e-05 0.0673254 0.00363386 12.9248 0.99499 176.634 90.0019 4506.7 874.398 4696.26 927.678 4696.26 927.678 0.598236 0.0349254 
400 0.27 326400000 1391.43 107.244 -113.663 3.44144 13542.8 761.406 2.17739e+08 2.30985e+07 -0.000506715 0.00562409 0.00266561 0.00612123 0.00563641 0.000578594 6.02429e-05 1.19347e-05 0.0673254 0.00360936 12.9248 0.983854 176.634 90.0019 4506.7 874.398 4696.26 927.678 4696.26 927.678 0.598236 0.0349254 
400 0.27 329600000 1391.43 104.854 -113.663 3.44144 13542.8 761.406 2.17739e+08 2.34694e+07 -0.000506715 0.00592397 0.00266561 0.00603198 0.00563641 0.000653391 6.02429e-05 1.65782e-05 0.0673254 0.00380772 12.9248 0.975564 176.634 87.7795 4506.7 874.398 4696.26 911.311 4696.26 911.311 0.598236 0.0349254 
400 0.27 332800000 1391.43 104.854 -113.663 3.44144 13542.8 761.406 2.17739e+08 2.32729e+07 -0.000506715 0.00606694 0.00266561 0.00603198 0.00563641 0.000665231 6.02429e-05 1.67856e-05 0.0673254 0.00385484 12.9248 0.964982 176.634 87.4271 4506.7 874.398 4696.26 911.311 4696.26 911.311 0.598236 0.0349254 
400 0.27 336000000 1391.43 104.854 -113.663 3.44144 13542.8 761.406 2.17739e+08 2.30985e+07 -0.000506715 0.00603098 0.00266561 0.00598812 0.00563641 0.000659277 6.02429e-05 1.65942e-05 0.0673254 0.00382793 12.9248 0.983468 176.634 85.9565 4506.7 874.398 4696.26 893.729 4696.26 893.729 0.598236 0.0349254 
400 0.27 339200000 1391.43 104.854 -113.663 3.44144 13542.8 761.406 2.17739e+08 2.30985e+07 -0.000506715 0.00603098 0.00266561 0.00598812 0.00563641 0.000651816 6.02429e-05 1.64131e-05 0.0673254 0.00378396 12.9248 0.972835 176.634 85.9565 4506.7 874.398 4696.26 893.729 4696.26 893.729 0.598236 0.0349254 
400 0.27 342400000 1354.7 101.549 -113.693 3.44144 13581.1 761.406 2.21567e+08 2.30985e+07 -0.00552571 0.00601887 0.00197043 0.00590579 0.00624026 0.000673702 7.75592e-05 1.88855e-05 0.0703744 0.0038541 13.1358 0.962236 164.949 83.8281 4128.55 874.398 4306.64 887.467 4306.64 887.467 0.582818 0.0349254 
400 0.27 345600000 1354.7 101.549 -113.693 3.44144 13581.1 761.406 2.21567e+08 2.30985e+07 -0.00552571 0.0059634 0.00197043 0.00590579 0.00624026 0.000673702 7.75592e-05 1.88855e-05 0.0703744 0.0038541 13.1358 0.954038 164.949 83.5298 4128.55 874.398 4306.64 887.467 4306.64 887.467 0.582818 0.0349254 
400 0.27 348800000 1354.7 101.549 -113.693 3.44144 13581.1 761.406 2.21567e+08 2.30985e+07 -0.00552571 0.00599776 0.00197043 0.00592842 0.00624026 0.000673702 7.75592e-05 1.88855e-05 0.0703744 0.0038541 13.1358 0.944178 164.949 82.2007 4128.55 874.398 4306.64 887.467 4306.64 887.467 0.582818 0.0349254 
400 0.27 352000000 1354.7 101.549 -113.693 3.44144 13581.1 761.406 2.21567e+08 2.30985e+07 -0.00552571 0.00593485 0.00197043 0.00592842 0.00624026 0.000673702 7.75592e-05 1.88855e-05 0.0703744 0.0038541 13.1358 0.934027 164.949 82.2007 4128.55 874.398 4306.64 887.467 4306.64 887.467 0.582818 0.0349254 
400 0.27 355200000 1354.7 101.549 -113.693 3.44144 13581.1 761.406 2.21567e+08 2.30985e+07 -0.00552571 0.00593434 0.00197043 0.00580657 0.00624026 0.000673702 7.75592e-05 1.88855e-05 0.0703744 0.00371453 13.1358 0.924053 164.949 80.2283 4128.55 874.398 4306.64 887.467 4306.64 887.467 0.582818 0.0349254 
400 0.27 358400000 1354.7 101.549 -113.693 3.44144 13581.1 761.406 2.21567e+08 2.30985e+07 -0.00552571 0.00588572 0.00197043 0.00580657 0.00624026 0.000673702 7.75592e-05 1.88855e-05 0.0703744 0.00371453 13.1358 0.916771 164.949 79.9878 4128.55 874.398 4306.64 887.467 4306.64 887.467 0.582818 0.0349254 
400 0.27 361600000 1354.7 101.549 -113.693 3.44144 13581.1 761.406 2.21567e+08 2.30985e+07 -0.00552571 0.00588572 0.00197043 0.00572607 0.00624026 0.000673702 7.75592e-05 1.88855e-05 0.0703744 0.00371453 13.1358 0.911409 164.949 78.8062 4128.55 874.398 4306.64 887.467 4306.64 887.467 0.582818 0.0349254 
400 0.27 364800000 1354.7 101.549 -113.693 3.44144 13581.1 761.406 2.21567e+08 2.30985e+07 -0.00552571 0.00588572 0.00197043 0.00572607 0.00624026 0.000673702 7.75592e-05 1.88855e-05 0.0703744 0.00371453 13.1358 0.902997 164.949 78.8062 4128.55 874.398 4306.64 887.467 4306.64 887.467 0.582818 0.0349254 
400 0.27 368000000 1345.73 93.482 -113.137 2.90774 13501.5 635.621 2.20838e+08 2.16753e+07 -0.00572846 0.00570261 0.00360244 0.00564875 0.00608949 0.000634206 7.38628e-05 1.76698e-05 0.0695617 0.00377326 12.843 0.894153 154.829 76.9204 4033.01 847.311 4200.68 866.951 4200.68 866.951 0.584069 0.0318485 
400 0.27 371200000 1345.73 93.482 -113.137 2.90774 13501.5 635.621 2.20838e+08 2.14729e+07 -0.00572846 0.00564956 0.00360244 0.00564875 0.00608949 0.000634206 7.38628e-05 1.76698e-05 0.0695617 0.00377326 12.843 0.885106 154.829 76.7236 4033.01 847.311 4200.68 866.951 4200.68 866.951 0.584069 0.0318485 
400 0.27 374400000 1345.73 93.482 -113.137 2.90774 13501.5 635.621 2.20838e+08 2.13351e+07 -0.00572846 0.00559636 0.00360244 0.00558188 0.00608949 0.000634206 7.38628e-05 1.76698e-05 0.0695617 0.00377326 12.843 0.876082 154.829 75.6617 4033.01 847.311 4200.68 866.951 4200.68 866.951 0.584069 0.0318485 
400 0.27 377600000 1345.73 93.482 -113.137 2.90774 13501.5 635.621 2.20838e+08 2.11198e+07 -0.00572846 0.00559764 0.00360244 0.00558188 0.00608949 0.000634206 7.38628e-05 1.76698e-05 0.0695617 0.00377326 12.843 0.868759 154.829 75.6617 4033.01 847.311 4200.68 866.951 4200.68 866.951 0.584069 0.0318485 
400 0.27 380800000 1345.73 93.482 -113.137 2.90774 13501.5 635.621 2.20838e+08 2.09088e+07 -0.00572846 0.00558365 0.00360244 0.00547881 0.00608949 0.000634206 7.38628e-05 1.76698e-05 0.0695617 0.00367855 12.843 0.874051 154.829 73.8808 4033.01 847.311 4200.68 866.951 4200.68 866.951 0.584069 0.0318485 
400 0.27 384000000 1345.73 93.482 -113.137 2.90774 13501.5 635.621 2.20838e+08 2.07019e+07 -0.00572846 0.00558365 0.00360244 0.00547881 0.00608949 0.000634206 7.38628e-05 1.76698e-05 0.0695617 0.00367855 12.843 0.865603 154.829 73.7271 4033.01 847.311 4200.68 866.951 4200.68 866.951 0.584069 0.0318485 
400 0.27 387200000 1345.73 93.482 -113.137 2.90774 13501.5 635.621 2.20838e+08 2.06352e+07 -0.00572846 0.00558365 0.00360244 0.00537705 0.00608949 0.000634206 7.38628e-05 1.76698e-05 0.0695617 0.00367855 12.843 0.857248 154.829 72.7803 4033.01 847.311 4200.68 866.951 4200.68 866.951 0.584069 0.0318485 
400 0.27 390400000 1345.73 93.482 -113.137 2.90774 13501.5 635.621 2.20838e+08 2.04616e+07 -0.00572846 0.00558365 0.00360244 0.00537705 0.00608949 0.000634206 7.38628e-05 1.76698e-05 0.0695617 0.00367855 12.843 0.849524 154.829 72.7803 4033.01 847.311 4200.68 866.951 4200.68 866.951 0.584069 0.0318485 
400 0.27 393600000 1327.04 88.6389 -113.063 2.90774 13458.7 635.621 2.18156e+08 2.02976e+07 -0.00592206 0.00558365 0.00181793 0.00581141 0.00617001 0.000623799 7.8538e-05 1.69177e-05 0.0695454 0.00359191 12.9252 0.841498 145.443 71.0767 3934.23 847.311 4092.6 866.951 4092.6 866.951 0.573196 0.0318485 
400 0.27 396800000 1327.04 88.2063 -113.063 2.90774 13458.7 635.621 2.18156e+08 2.01043e+07 -0.00592206 0.00558365 0.00181793 0.00581141 0.00617001 0.00061955 7.8538e-05 1.69177e-05 0.0695454 0.00359191 12.9252 0.834459 145.443 70.9663 3934.23 847.311 4092.6 866.951 4092.6 866.951 0.573196 0.0318485 
400 0.27 400000000 1327.04 88.1398 -113.063 2.90774 13458.7 635.621 2.18156e+08 1.99817e+07 -0.00592206 0.00558365 0.00181793 0.00582083 0.00617001 0.000614949 7.8538e-05 1.69177e-05 0.0695454 0.00359191 12.9252 0.8275 145.443 70.1326 3934.23 847.311 4092.6 866.951 4092.6 866.951 0.573196 0.0318485 
400 0.27 403200000 1327.04 88.1398 -113.063 2.90774 13458.7 635.621 2.18156e+08 2.00803e+07 -0.00592206 0.00558365 0.00181793 0.00582083 0.00617001 0.000614867 7.8538e-05 1.69177e-05 0.0695454 0.00359191 12.9252 0.819786 145.443 70.1326 3934.23 847.311 4092.6 866.951 4092.6 866.951 0.573196 0.0318485 
400 0.27 406400000 1327.04 88.8828 -113.063 2.90774 13458.7 635.621 2.18156e+08 1.99213e+07 -0.00592206 0.00558365 0.00181793 0.00571653 0.00617001 0.000605631 7.8538e-05 1.69177e-05 0.0695454 0.00349799 12.9252 0.812411 145.443 68.4745 3934.23 847.311 4092.6 866.951 4092.6 866.951 0.573196 0.0318485 
400 0.27 409600000 1327.04 88.8828 -113.063 2.90774 13458.7 635.621 2.18156e+08 1.98088e+07 -0.00592206 0.00558365 0.00181793 0.00571653 0.00617001 0.000603431 7.8538e-05 1.69177e-05 0.0695454 0.00349799 12.9252 0.804967 145.443 68.3975 3934.23 847.311 4092.6 866.951 4092.6 866.951 0.573196 0.0318485 
400 0.27 412800000 1327.04 88.8828 -113.063 2.90774 13458.7 635.621 2.18156e+08 1.96288e+07 -0.00592206 0.00558365 0.00181793 0.00563166 0.00617001 0.000600599 7.8538e-05 1.69177e-05 0.0695454 0.00350222 12.9252 0.79802 145.443 67.6556 3934.23 847.311 4092.6 866.951 4092.6 866.951 0.573196 0.0318485 
400 0.27 416000000 1327.04 88.8828 -113.063 2.90774 13458.7 635.621 2.18156e+08 1.94955e+07 -0.00592206 0.00558365 0.00181793 0.00563166 0.00617001 0.000597083 7.8538e-05 1.69177e-05 0.0695454 0.00349799 12.9252 0.791994 145.443 67.6556 3934.23 847.311 4092.6 866.951 4092.6 866.951 0.573196 0.0318485 
400 0.27 419200000 1301.48 85.727 -113.014 2.49498 13443.8 572.794 2.17483e+08 1.93441e+07 -0.00402039 0.00524945 0.00398857 0.00554013 0.00618456 0.000591777 7.74711e-05 1.57429e-05 0.06961 0.00345766 12.8491 0.786762 137.437 66.057 4042.41 726.319 4192.7 743.138 4192.7 743.138 0.577442 0.0279797 
400 0.27 422400000 1301.48 85.727 -113.014 2.49498 13443.8 569.316 2.17483e+08 1.92144e+07 -0.00402039 0.00521492 0.00398857 0.00554013 0.00618456 0.000587278 7.74711e-05 1.57429e-05 0.06961 0.00343007 12.8491 0.779801 137.437 66.0103 4042.41 726.319 4192.7 743.138 4192.7 743.138 0.577442 0.0279797 
400 0.27 425600000 1301.48 85.727 -113.014 2.49498 13443.8 569.47 2.17483e+08 1.91215e+07 -0.00402039 0.00520528 0.00398857 0.00544594 0.00618456 0.000582198 7.74711e-05 1.57429e-05 0.06961 0.00340409 12.8491 0.77296 137.437 65.3512 4042.41 726.319 4192.7 743.138 4192.7 743.138 0.577442 0.0279797 
400 0.27 428800000 1301.48 85.727 -113.014 2.49498 13443.8 565.207 2.17483e+08 1.89622e+07 -0.00402039 0.00518139 0.00398857 0.00544594 0.00618456 0.000577348 7.74711e-05 1.57429e-05 0.06961 0.00340409 12.8491 0.766569 137.437 65.3512 4042.41 726.319 4192.7 743.138 4192.7 743.138 0.577442 0.0279797 
400 0.27 432000000 1301.48 85.4689 -113.014 2.49498 13443.8 560.379 2.17483e+08 1.88053e+07 -0.00402039 0.00513983 0.00398857 0.00535797 0.00618456 0.00057436 7.74711e-05 1.57429e-05 0.06961 0.00336446 12.8491 0.765113 137.437 63.7943 4042.41 726.319 4192.7 743.138 4192.7 743.138 0.577442 0.0279797 
400 0.27 435200000 1301.48 85.4689 -113.014 2.49498 13443.8 555.805 2.17483e+08 1.86451e+07 -0.00402039 0.00510078 0.00398857 0.00535797 0.00618456 0.000569986 7.74711e-05 1.57429e-05 0.06961 0.00334288 12.8491 0.759089 137.437 63.7472 4042.41 726.319 4192.7 743.138 4192.7 743.138 0.577442 0.0279797 
400 0.27 438400000 1301.48 85.4689 -113.014 2.49498 13443.8 551.303 2.17483e+08 1.84875e+07 -0.00402039 0.00514575 0.00398857 0.00533245 0.00618456 0.000568329 7.74711e-05 1.57429e-05 0.06961 0.00333688 12.8491 0.752734 137.437 63.1036 4042.41 726.319 4192.7 743.138 4192.7 743.138 0.577442 0.0279797 
400 0.27 441600000 1301.48 85.4689 -113.014 2.49498 13443.8 547.429 2.17483e+08 1.8333e+07 -0.00402039 0.00510448 0.00398857 0.00533245 0.00618456 0.000564785 7.74711e-05 1.57429e-05 0.06961 0.00333108 12.8491 0.748196 137.437 63.1036 4042.41 726.319 4192.7 743.138 4192.7 743.138 0.577442 0.0279797 
400 0.27 444800000 1283.2 85.274 -112.535 2.49498 13323.7 547.429 2.13176e+08 1.8236e+07 -0.00362711 0.00506195 0.00363386 0.00525954 0.00608401 0.000562003 7.49169e-05 1.48992e-05 0.0690136 0.00331805 12.8041 0.742275 132.908 61.694 3979.39 726.319 4125.1 743.138 4125.1 743.138 0.573533 0.0279797 
400 0.27 448000000 1283.2 85.274 -112.535 2.49498 13323.7 547.429 2.13176e+08 1.81349e+07 -0.00362711 0.00508083 0.00363386 0.00525954 0.00608401 0.00055825 7.49169e-05 1.48992e-05 0.0690136 0.00330023 12.8041 0.737458 132.908 61.6748 3979.39 726.319 4125.1 743.138 4125.1 743.138 0.573533 0.0279797 
400 0.27 451200000 1283.2 85.274 -112.535 2.49498 13323.7 547.429 2.13176e+08 1.79925e+07 -0.00362711 0.00504243 0.00363386 0.00520751 0.00608401 0.000554064 7.49169e-05 1.48992e-05 0.0690136 0.0032741 12.8041 0.732723 132.908 61.1057 3979.39 726.319 4125.1 743.138 4125.1 743.138 0.573533 0.0279797 
400 0.27 454400000 1283.2 85.274 -112.535 2.49498 13323.7 547.429 2.13176e+08 1.78499e+07 -0.00362711 0.00504048 0.00363386 0.00520751 0.00608401 0.000549568 7.49169e-05 1.48992e-05 0.0690136 0.0032479 12.8041 0.729636 132.908 61.1057 3979.39 726.319 4125.1 743.138 4125.1 743.138 0.573533 0.0279797 
400 0.27 457600000 1283.2 82.5484 -112.535 2.49498 13323.7 547.429 2.13176e+08 1.77216e+07 -0.00362711 0.00504048 0.00363386 0.00513559 0.00608401 0.000546099 7.49169e-05 1.48992e-05 0.0690136 0.00322742 12.8041 0.724402 132.908 59.7284 3979.39 726.319 4125.1 743.138 4125.1 743.138 0.573533 0.0279797 
400 0.27 460800000 1283.2 82.5484 -112.535 2.49498 13323.7 547.429 2.13176e+08 1.75798e+07 -0.00362711 0.00504048 0.00363386 0.00513559 0.00608401 0.000542886 7.49169e-05 1.48992e-05 0.0690136 0.00320984 12.8041 0.718737 132.908 59.7284 3979.39 726.319 4125.1 743.138 4125.1 743.138 0.573533 0.0279797 
400 0.27 464000000 1283.2 82.5484 -112.535 2.49498 13323.7 547.429 2.13176e+08 1.74573e+07 -0.00362711 0.00504048 0.00363386 0.00505481 0.00608401 0.00053903 7.49169e-05 1.48992e-05 0.0690136 0.00318577 12.8041 0.713052 132.908 59.2211 3979.39 726.319 4125.1 743.138 4125.1 743.138 0.573533 0.0279797 
400 0.27 467200000 1283.2 82.5484 -112.535 2.49498 13323.7 547.429 2.13176e+08 1.73666e+07 -0.00362711 0.00504048 0.00363386 0.00505481 0.00608401 0.000536818 7.49169e-05 1.48992e-05 0.0690136 0.0031974 12.8041 0.710533 132.908 59.2211 3979.39 726.319 4125.1 743.138 4125.1 743.138 0.573533 0.0279797 
400 0.27 470400000 1273.75 80.2979 -112.528 2.26021 13316.5 526.968 2.12874e+08 1.76327e+07 -0.00457705 0.00488368 0.00151905 0.00512711 0.00611685 0.000556604 7.70712e-05 1.42021e-05 0.0689806 0.00325783 12.6506 0.703838 126.861 57.8949 3892.47 650.823 4031.98 667.399 4031.98 667.399 0.565919 0.02675 
400 0.27 473600000 1273.75 80.2979 -112.528 2.24329 13316.5 522.929 2.12874e+08 1.74962e+07 -0.00457705 0.00485945 0.00151905 0.00512711 0.00611685 0.000553481 7.70712e-05 1.41229e-05 0.0689806 0.00324388 12.6506 0.698622 126.861 57.8949 3892.47 650.823 4031.98 667.399 4031.98 667.399 0.565919 0.02675 
400 0.27 476800000 1273.75 80.2979 -112.528 2.23037 13316.5 519.709 2.12874e+08 1.73723e+07 -0.00457705 0.00483147 0.00151905 0.00505216 0.00611685 0.000549242 7.70712e-05 1.41229e-05 0.0689806 0.00321919 12.6506 0.693622 126.861 57.4363 3892.47 650.823 4031.98 667.399 4031.98 667.399 0.565919 0.02675 
400 0.27 480000000 1273.75 80.2979 -112.528 2.22982 13316.5 515.916 2.12874e+08 1.72501e+07 -0.00457705 0.00479981 0.00151905 0.00505216 0.00611685 0.000545452 7.70712e-05 1.41229e-05 0.0689806 0.00319571 12.6506 0.688979 126.861 57.4363 3892.47 650.823 4031.98 667.399 4031.98 667.399 0.565919 0.02675 
400 0.27 483200000 1273.75 82.2764 -112.528 2.22982 13316.5 512.52 2.12874e+08 1.71384e+07 -0.00457705 0.00476412 0.00151905 0.00508561 0.00611685 0.000541811 7.70712e-05 1.41229e-05 0.0689806 0.00317786 12.6506 0.68467 126.861 56.175 3892.47 650.823 4031.98 667.399 4031.98 667.399 0.565919 0.02675 
400 0.27 486400000 1273.75 82.2764 -112.528 2.22982 13316.5 508.789 2.12874e+08 1.70096e+07 -0.00457705 0.0047723 0.00151905 0.00508561 0.00611685 0.000540005 7.70712e-05 1.41229e-05 0.0689806 0.00317076 12.6506 0.679551 126.861 56.175 3892.47 650.823 4031.98 667.399 4031.98 667.399 0.565919 0.02675 
400 0.27 489600000 1273.75 82.2764 -112.528 2.22982 13316.5 505.121 2.12874e+08 1.68913e+07 -0.00457705 0.00475488 0.00151905 0.00521605 0.00611685 0.000542763 7.70712e-05 1.41229e-05 0.0689806 0.00318214 12.6506 0.676253 126.861 55.7653 3892.47 650.823 4031.98 667.399 4031.98 667.399 0.565919 0.02675 
400 0.27 492800000 1273.75 82.2764 -112.528 2.22982 13316.5 502.023 2.12874e+08 1.6774e+07 -0.00457705 0.00472014 0.00151905 0.00521605 0.00611685 0.000541647 7.70712e-05 1.41229e-05 0.0689806 0.00317803 12.6506 0.676253 126.861 55.7653 3892.47 650.823 4031.98 667.399 4031.98 667.399 0.565919 0.02675 
400 0.27 496000000 1281.9 81.9864 -112.609 2.22982 13306 499.576 2.10991e+08 1.66819e+07 -0.00406602 0.00468787 0.00236748 0.00524422 0.0063037 0.000539061 7.92564e-05 1.35471e-05 0.0702823 0.00316704 12.7136 0.665225 121.87 54.5437 3890.02 650.823 4024.6 667.399 4024.6 667.399 0.562122 0.02675 
400 0.27 499200000 1281.9 81.9864 -112.609 2.22982 13306 519.676 2.10991e+08 1.80585e+07 -0.00406602 0.00465382 0.00236748 0.00524422 0.0063037 0.000535136 7.92564e-05 1.34601e-05 0.0702823 0.00314509 12.7136 0.662327 121.87 54.5437 3890.02 650.823 4024.6 667.399 4024.6 667.399 0.562122 0.02675 
400 0.27 502400000 1281.9 81.9864 -112.609 2.22982 13306 519.441 2.10991e+08 1.79813e+07 -0.00406602 0.00462607 0.00236748 0.00532571 0.0063037 0.000531887 7.92564e-05 1.34601e-05 0.0702823 0.00312935 12.7136 0.658812 121.87 54.1671 3890.02 650.823 4024.6 667.399 4024.6 667.399 0.562122 0.02675 
400 0.27 505600000 1281.9 81.9864 -112.609 2.22982 13306 515.825 2.10991e+08 1.78604e+07 -0.00406602 0.00461112 0.00236748 0.00532571 0.0063037 0.000528897 7.92564e-05 1.34601e-05 0.0702823 0.00311518 12.7136 0.657746 121.87 54.1671 3890.02 650.823 4024.6 667.399 4024.6 667.399 0.562122 0.02675 
400 0.27 508800000 1281.9 79.9437 -112.609 2.22982 13306 513.168 2.10991e+08 1.77488e+07 -0.00406602 0.00458498 0.00236748 0.00525402 0.0063037 0.000525438 7.92564e-05 1.34601e-05 0.0702823 0.00309363 12.7136 0.651116 121.87 53.0006 3890.02 650.823 4024.6 667.399 4024.6 667.399 0.562122 0.02675 
400 0.27 512000000 1281.9 79.9437 -112.609 2.22982 13306 509.875 2.10991e+08 1.76375e+07 -0.00406602 0.00456065 0.00236748 0.00525402 0.0063037 0.000521719 7.92564e-05 1.34601e-05 0.0702823 0.00307204 12.7136 0.651116 121.87 53.0006 3890.02 650.823 4024.6 667.399 4024.6 667.399 0.562122 0.02675 
400 0.27 515200000 1281.9 79.9437 -112.609 2.22982 13306 508.383 2.10991e+08 1.75602e+07 -0.00406602 0.00452981 0.00236748 0.00520366 0.0063037 0.000527491 7.92564e-05 1.34601e-05 0.0702823 0.00309243 12.7136 0.651116 121.87 52.6494 3890.02 650.823 4024.6 667.399 4024.6 667.399 0.562122 0.02675 
400 0.27 518400000 1281.9 79.9437 -112.609 2.22982 13306 505.683 2.10991e+08 1.74618e+07 -0.00406602 0.00450262 0.00236748 0.00520366 0.0063037 0.000524834 7.92564e-05 1.34601e-05 0.0702823 0.00307782 12.7136 0.651116 121.87 52.6494 3890.02 650.823 4024.6 667.399 4024.6 667.399 0.562122 0.02675 
400 0.27 521600000 1291.25 77.7571 -112.933 2.12691 13405.3 502.398 2.16048e+08 1.73518e+07 -0.00441666 0.00447299 0.00137803 0.00513144 0.00636744 0.000522777 7.98988e-05 1.305e-05 0.0707545 0.00307458 12.4902 0.640108 117.437 51.5616 3757.09 592.422 3887.02 610.719 3887.02 610.719 0.561805 0.0240919 
