L J MC_steps R2 R2_std E E_std E2 E2_std E4 E4_std Sin1 Sin1_std Cos1 Cos1_std Mag2 Mag2_std Mag4 Mag4_std Mag1 Mag1_std eig1 eig1_std eig2 eig2_std eig3 eig3_std R_g_2_trace R_g_2_trace_std R_g_2_direct R_g_2_direct_std asphericity asphericity_std
600 0.275 144000000 841 0 -141.561 0 20039.5 0 4.01581e+08 0 -0.0242867 0 -0.0304024 0 0.00151415 0 2.29266e-06 0 0.0389121 0 23.2563 0 58.4257 0 122.354 0 204.036 0 204.036 0 0.181885 0 
600 0.275 151200000 550 205.768 -155.336 9.74059 24319.1 3026.13 6.09733e+08 1.47186e+08 -0.0174515 0.00483323 -0.000881622 0.0208744 0.00122353 0.000205501 1.58149e-06 5.02873e-07 0.0347278 0.00295873 20.6471 1.84499 49.7171 6.1579 145.211 16.1626 215.575 8.15971 215.575 8.15971 0.280842 0.0699734 
600 0.275 158400000 583 139.8 -167.927 12.1593 28642.9 4066.14 8.70016e+08 2.34079e+08 -0.0304146 0.011064 -0.0183945 0.0199532 0.00282503 0.00131478 1.31667e-05 9.46523e-06 0.049032 0.0118447 19.5555 1.51897 44.5796 5.86934 117.29 25.216 181.425 28.4096 181.425 28.4096 0.225856 0.064744 
600 0.275 165600000 1197.5 542.403 -168.641 9.14042 28774 3051.72 8.65197e+08 1.75609e+08 -0.0192684 0.0127293 -0.0119738 0.0159645 0.00218225 0.00113236 9.89115e-06 7.64471e-06 0.0407577 0.0114134 34.0689 12.6204 67.8094 20.5936 11618.7 9960.52 11720.6 9993.21 11720.6 9993.21 0.415923 0.171616 
600 0.275 172800000 1061 450.771 -180.969 13.2304 33624.9 4978.45 1.25456e+09 3.75524e+08 -0.024709 0.0112864 -0.0160674 0.0132861 0.00238821 0.000924426 9.97638e-06 6.11625e-06 0.0439412 0.00956437 31.9668 10.2699 60.7538 17.6422 9319.16 8229.57 9411.88 8256.94 9411.88 8256.94 0.388268 0.139503 
600 0.275 180000000 1236.67 408.44 -179.306 11.1294 32893.7 4202.06 1.18794e+09 3.18791e+08 -0.0273922 0.00971906 -0.0156816 0.0110773 0.00229925 0.000774624 8.8868e-06 5.19302e-06 0.0437948 0.00797143 28.7829 9.03835 56.1601 15.2882 7795.84 6997.54 7880.79 7021.31 7880.79 7021.31 0.404708 0.117217 
600 0.275 187200000 1371 371.526 -184.785 10.8045 34962.7 4079.46 1.33888e+09 3.06912e+08 -0.0423048 0.016125 -0.00619302 0.0129354 0.00481943 0.00242586 6.44206e-05 5.16066e-05 0.0577114 0.0145839 27.3831 7.8548 56.3091 13.1049 6715.44 6080.73 6799.13 6101.01 6799.13 6101.01 0.405296 0.100473 
600 0.275 194400000 1243.25 346.353 -188.75 10.1556 36451.8 3831.68 1.44619e+09 2.86693e+08 -0.0391435 0.0144159 -0.00219724 0.0119196 0.00433622 0.00217022 5.64817e-05 4.57623e-05 0.0543578 0.0131408 25.551 7.08339 54.2008 11.6351 5889.75 5376.4 5969.51 5394.5 5969.51 5394.5 0.39064 0.0889766 
600 0.275 201600000 1298.33 312.219 -187.092 9.16158 35758.8 3468.04 1.38694e+09 2.60889e+08 -0.0318843 0.0145273 -0.00432741 0.0107839 0.00398136 0.00195788 5.0351e-05 4.10863e-05 0.0520737 0.0118776 24.7708 6.33917 51.161 10.7321 5262.75 4815.45 5338.68 4831.85 5338.68 4831.85 0.41267 0.0817721 
600 0.275 208800000 1504.2 342.202 -181.513 11.233 33906.9 4113.25 1.27797e+09 2.91327e+08 -0.0365097 0.0137913 -0.00516151 0.0103658 0.00420983 0.00177538 4.92423e-05 3.69926e-05 0.0547822 0.0109943 23.1971 5.89735 48.2924 10.0349 8938.31 5562.5 9009.8 5571.38 9009.8 5571.38 0.471178 0.0921798 
600 0.275 216000000 1603.55 325.194 -176.498 11.233 32275.9 4113.25 1.18496e+09 2.91327e+08 -0.038228 0.0126441 -0.00187737 0.0103658 0.0041934 0.00161405 4.62415e-05 3.37511e-05 0.0555725 0.0100232 22.3897 5.52845 47.0131 9.40886 8155.52 5111.61 8224.92 5119.88 8224.92 5119.88 0.487658 0.0852602 
600 0.275 223200000 1584 298.681 -172.388 12.5302 30934.1 4371.98 1.10801e+09 2.88112e+08 -0.0313806 0.0133161 -0.00150816 0.00925959 0.0040054 0.00149046 4.27008e-05 3.11237e-05 0.0546094 0.00923406 22.2852 4.96587 51.255 9.36345 7487.4 4729.1 7560.94 4736.08 7560.94 4736.08 0.460368 0.082407 
600 0.275 230400000 1625.31 278.547 -170.954 12.5302 30372.8 4371.98 1.06576e+09 2.88112e+08 -0.0241565 0.014116 0.00279098 0.00925959 0.00422557 0.00139197 4.30441e-05 2.87314e-05 0.0567833 0.00877592 23.1673 4.68165 54.204 9.09575 7657.31 4368.37 7734.68 4374.95 7734.68 4374.95 0.499008 0.0846438 
600 0.275 237600000 1581.57 262.062 -171.981 10.7468 30656.6 3756.21 1.0739e+09 2.48965e+08 -0.0263193 0.0132724 0.00442054 0.00964991 0.00418223 0.00129322 4.09049e-05 2.67587e-05 0.0570243 0.00815237 23.1691 4.32859 54.971 8.47833 7120.1 4089.25 7198.24 4095.21 7198.24 4095.21 0.477285 0.0813378 
600 0.275 244800000 1488.47 260.606 -174.577 10.7468 31578.8 3756.21 1.13426e+09 2.48965e+08 -0.0239985 0.0125888 -0.00373658 0.0111607 0.00483548 0.00136204 5.12093e-05 2.68857e-05 0.0611054 0.00856974 22.9213 4.09543 53.9642 7.97268 6651.58 3843.38 6728.46 3849.05 6728.46 3849.05 0.457748 0.0782264 
600 0.275 252000000 1515.75 245.742 -174.995 9.81695 31658.5 3417.68 1.13083e+09 2.24259e+08 -0.0284785 0.0125739 5.21596e-05 0.0110876 0.00530765 0.00140048 5.76034e-05 2.6637e-05 0.0642433 0.00858941 22.6262 3.8049 57.8808 8.38139 6246.34 3624.47 6326.85 3629.37 6326.85 3629.37 0.440978 0.0751133 
600 0.275 259200000 1460.65 237.384 -175.46 9.81695 31764.3 3417.68 1.13016e+09 2.24259e+08 -0.0282957 0.0118356 0.00166902 0.0105526 0.00507791 0.00140048 5.43306e-05 2.6637e-05 0.0626668 0.00850992 22.7539 3.61931 61.1439 8.49987 8665.41 4140.58 8749.31 4146.25 8749.31 4146.25 0.47335 0.0773567 
600 0.275 266400000 1446.67 224.608 -176.412 8.82787 32060.1 3061.45 1.14379e+09 1.99716e+08 -0.023296 0.0121884 0.00168705 0.0099664 0.00500751 0.00127663 5.2119e-05 2.42354e-05 0.0626148 0.00777063 21.9363 3.47619 63.0232 8.23279 8197.57 3936.89 8282.53 3942.09 8282.53 3942.09 0.466784 0.0733372 
600 0.275 273600000 1384.68 221.173 -177.511 8.82787 32421.4 3061.45 1.16334e+09 1.99716e+08 -0.0179093 0.0126815 0.00493704 0.00995767 0.00528465 0.00127663 5.49306e-05 2.42354e-05 0.0646539 0.00771861 21.2551 3.35931 60.7398 8.19107 7772.65 3752.54 7854.65 3757.76 7854.65 3757.76 0.469591 0.069531 
600 0.275 280800000 1366.1 219.513 -180.441 11.1173 33587.9 3905.48 1.26058e+09 2.61092e+08 -0.0152006 0.0138257 0.00403978 0.00950012 0.00509463 0.00115193 5.22942e-05 2.18125e-05 0.0633476 0.00774621 21.1934 3.19192 60.0279 7.90067 7394.62 3583.91 7475.84 3588.91 7475.84 3588.91 0.467037 0.0661014 
600 0.275 288000000 1366.1 219.513 -180.441 11.1173 33587.9 3905.48 1.26058e+09 2.63318e+08 -0.0152006 0.0138257 0.00403978 0.00921038 0.00509463 0.00115193 5.22942e-05 2.18125e-05 0.0633476 0.00774621 21.1934 3.1721 60.0279 7.90067 7394.62 3429.57 7475.84 3434.37 7475.84 3434.37 0.467037 0.0630336 
600 0.275 295200000 1320.91 219.513 -185.236 11.1173 35620.1 3905.48 1.4615e+09 2.71195e+08 -0.0141972 0.0138257 -0.00114818 0.00940602 0.00586548 0.00127939 6.44376e-05 2.29622e-05 0.0681686 0.0078365 20.7051 3.1721 58.994 7.24976 6736.52 3288.17 6816.21 3292.82 6816.21 3292.82 0.453523 0.0609981 
600 0.275 302400000 1320.91 219.513 -185.236 11.1173 35620.1 3905.48 1.4615e+09 2.71195e+08 -0.0141972 0.0138257 -0.00114818 0.00934865 0.00586548 0.00127939 6.44376e-05 2.29622e-05 0.0681686 0.0078365 20.7051 3.1721 58.994 7.24976 6736.52 3157.68 6816.21 3162.25 6816.21 3162.25 0.453523 0.0583514 
600 0.275 309600000 1311.08 189.697 -185.108 10.197 35485.5 3686.86 1.43898e+09 2.71777e+08 -0.0140047 0.012047 -0.00384622 0.00895967 0.00562066 0.00119597 5.98856e-05 2.14952e-05 0.0669111 0.00728366 19.9746 2.86803 56.6424 7.01666 6187.96 3036.95 6264.58 3041.43 6264.58 3041.43 0.454102 0.0559366 
600 0.275 316800000 1311.08 189.697 -185.108 10.197 35485.5 3686.86 1.43898e+09 2.71777e+08 -0.0140047 0.0121303 -0.00384622 0.00873632 0.00562066 0.00119597 5.98856e-05 2.14952e-05 0.0669111 0.00728366 19.9746 3.40047 56.6424 7.01666 6187.96 3028.73 6264.58 3034.07 6264.58 3034.07 0.454102 0.0575101 
600 0.275 324000000 1373.77 189.697 -182.211 10.197 34428.5 3686.86 1.36469e+09 2.71777e+08 -0.0115404 0.0117302 -0.00434051 0.00863883 0.0056699 0.00110498 5.84199e-05 1.98916e-05 0.0678185 0.00722851 22.1483 3.26998 64.1392 9.68661 8630.01 3475.91 8716.3 3485.05 8716.3 3485.05 0.494794 0.0588397 
600 0.275 331200000 1373.77 189.697 -182.211 10.197 34428.5 3686.86 1.36469e+09 2.71777e+08 -0.0115404 0.011573 -0.00434051 0.00838979 0.0056699 0.00110498 5.84199e-05 1.98916e-05 0.0678185 0.00722851 22.1483 3.2235 64.1392 9.68661 8630.01 3475.91 8716.3 3485.05 8716.3 3485.05 0.494794 0.0588397 
600 0.275 338400000 1380.21 175.956 -179.163 10.329 33391.4 3707.49 1.29796e+09 2.67044e+08 -0.00762099 0.0115469 -0.00545593 0.00837994 0.0055884 0.00102906 5.63423e-05 1.8579e-05 0.0674771 0.006304 22.1287 3.16553 70.0924 13.54 9285.02 3417.67 9377.25 3431.44 9377.25 3431.44 0.509737 0.0612058 
600 0.275 345600000 1380.21 174.74 -179.163 10.329 33391.4 3707.49 1.29796e+09 2.67044e+08 -0.00762099 0.0115469 -0.00545593 0.00809757 0.0055884 0.00102906 5.63423e-05 1.8579e-05 0.0674771 0.006304 22.1287 3.16553 70.0924 13.54 9285.02 3417.67 9377.25 3431.44 9377.25 3431.44 0.509737 0.0612058 
600 0.275 352800000 1355.93 174.74 -177.881 10.329 32896.1 3707.49 1.25898e+09 2.67044e+08 -0.00616878 0.0115469 -0.00528452 0.00782926 0.00529802 0.00100059 5.27348e-05 1.76871e-05 0.0651553 0.00629677 22.0029 3.16553 69.063 13.54 8679.09 3417.67 8770.16 3431.44 8770.16 3431.44 0.500038 0.0612058 
600 0.275 360000000 1355.93 174.74 -177.881 10.329 32896.1 3707.49 1.25898e+09 2.67044e+08 -0.00616878 0.0115469 -0.00528452 0.00761478 0.00529802 0.00100059 5.27348e-05 1.76871e-05 0.0651553 0.00629677 22.0029 3.16553 69.063 13.54 8679.09 3417.67 8770.16 3431.44 8770.16 3431.44 0.500038 0.0612058 
600 0.275 367200000 1318.38 163.474 -178.4 9.06595 33029.9 3261.63 1.26022e+09 2.36315e+08 -0.00820696 0.0101515 -0.00340575 0.00745665 0.00515589 0.00094809 5.02565e-05 1.67544e-05 0.0643022 0.00619853 21.4546 2.84071 75.583 12.9129 9081.92 2996.49 9178.96 3008.23 9178.96 3008.23 0.506938 0.053619 
600 0.275 374400000 1318.38 163.474 -178.4 9.06595 33029.9 3261.63 1.26022e+09 2.36315e+08 -0.00820696 0.0101184 -0.00340575 0.00747841 0.00515589 0.00094809 5.02565e-05 1.67544e-05 0.0643022 0.00619853 21.4546 2.84071 75.583 12.9129 9081.92 2996.49 9178.96 3008.23 9178.96 3008.23 0.506938 0.053619 
600 0.275 381600000 1318 163.474 -177.816 9.06595 32801.7 3261.63 1.24123e+09 2.36315e+08 -0.00855603 0.0101184 -0.00454228 0.00730132 0.0050599 0.000897166 4.85041e-05 1.58602e-05 0.0636367 0.00619853 21.2541 2.84071 77.9742 12.9129 8560.58 2996.49 8659.8 3008.23 8659.8 3008.23 0.492235 0.053619 
600 0.275 388800000 1318 163.474 -177.816 9.06595 32801.7 3261.63 1.24123e+09 2.36315e+08 -0.00855603 0.0101184 -0.00454228 0.00709592 0.0050599 0.000897166 4.85041e-05 1.58602e-05 0.0636367 0.00619853 21.2541 2.84071 77.9742 12.9129 8560.58 2996.49 8659.8 3008.23 8659.8 3008.23 0.492235 0.053619 
600 0.275 396000000 1362.61 151.177 -178.735 8.06482 33084.6 2899.68 1.253e+09 2.10168e+08 -0.010236 0.00919535 -0.00203719 0.00725853 0.00503609 0.000847639 4.73141e-05 1.50237e-05 0.063746 0.0055347 21.8869 2.55776 77.1982 11.5787 8097.01 2820.78 8196.09 2830 8196.09 2830 0.483887 0.0523826 
600 0.275 403200000 1362.61 151.177 -178.735 8.06482 33084.6 2899.68 1.253e+09 2.10168e+08 -0.010236 0.00919535 -0.00203719 0.00722093 0.00503609 0.000847639 4.73141e-05 1.50237e-05 0.063746 0.0055347 21.8869 2.55776 77.1982 11.5787 8097.01 2820.78 8196.09 2830 8196.09 2830 0.483887 0.0523826 
600 0.275 410400000 1441.47 151.177 -178.974 8.06482 33143.9 2899.68 1.25304e+09 2.10168e+08 -0.0110978 0.00919535 -0.00458687 0.00710313 0.00494821 0.000807569 4.54922e-05 1.4343e-05 0.0633968 0.0055347 21.5398 2.55776 74.959 11.5787 7684.81 2820.78 7781.3 2830 7781.3 2830 0.488989 0.0523826 
600 0.275 417600000 1441.47 151.177 -178.974 8.06482 33143.9 2899.68 1.25304e+09 2.10168e+08 -0.0110978 0.00919535 -0.00458687 0.00705398 0.00494821 0.000807569 4.54922e-05 1.4343e-05 0.0633968 0.0055347 21.5398 2.55776 74.959 11.5787 7684.81 2820.78 7781.3 2830 7781.3 2830 0.488989 0.0523826 
600 0.275 424800000 1481.8 193.353 -177.344 7.88503 32622.8 2894.83 1.22177e+09 2.1741e+08 -0.0107342 0.00897896 -0.00484799 0.00696598 0.00482796 0.000776093 4.35926e-05 1.37511e-05 0.0626953 0.00507998 21.0093 2.44794 72.9538 13.3858 7314.02 2645.14 7407.98 2654.47 7407.98 2654.47 0.495327 0.0483774 
600 0.275 432000000 1481.8 193.353 -177.344 7.88503 32622.8 2894.83 1.22177e+09 2.1741e+08 -0.0107342 0.00897896 -0.00484799 0.00700848 0.00482796 0.000776093 4.35926e-05 1.37511e-05 0.0626953 0.00507998 21.0093 2.44794 72.9538 13.3858 7314.02 2645.14 7407.98 2654.47 7407.98 2654.47 0.495327 0.0483774 
600 0.275 439200000 1481.8 193.353 -177.344 7.88503 32622.8 2894.83 1.22177e+09 2.1741e+08 -0.0107342 0.00897896 -0.00484799 0.00684165 0.00482796 0.000741255 4.35926e-05 1.31473e-05 0.0626953 0.00507998 21.0093 2.44794 72.9538 13.3858 7314.02 2645.14 7407.98 2654.47 7407.98 2654.47 0.495327 0.0483774 
600 0.275 446400000 1481.8 193.353 -177.344 7.88503 32622.8 2894.83 1.22177e+09 2.1741e+08 -0.0107342 0.00897896 -0.00484799 0.00670178 0.00482796 0.000741255 4.35926e-05 1.31473e-05 0.0626953 0.00507998 21.0093 2.44794 72.9538 13.3858 7314.02 2645.14 7407.98 2654.47 7407.98 2654.47 0.495327 0.0483774 
600 0.275 453600000 1511.09 193.353 -173.878 7.88503 31431.2 2894.83 1.14632e+09 2.1741e+08 -0.00949509 0.00897896 -0.00326689 0.00656043 0.00466733 0.00071838 4.06775e-05 1.26629e-05 0.0618175 0.00469339 21.105 2.22727 73.1394 13.3858 6670.3 2555.66 6764.55 2568.5 6764.55 2568.5 0.480504 0.0461946 
600 0.275 460800000 1511.09 193.353 -173.878 7.88503 31431.2 2894.83 1.14632e+09 2.1741e+08 -0.00949509 0.00897896 -0.00326689 0.00641466 0.00466733 0.00071838 4.06775e-05 1.26629e-05 0.0618175 0.00469339 21.105 2.22727 73.1394 13.3858 6670.3 2555.66 6764.55 2568.5 6764.55 2568.5 0.480504 0.0461946 
600 0.275 468000000 1511.09 257.187 -173.878 7.88503 31431.2 2894.83 1.14632e+09 2.1741e+08 -0.00949509 0.00897896 -0.00326689 0.00667932 0.00466733 0.000691053 4.06775e-05 1.21878e-05 0.0618175 0.00469339 21.105 2.22727 73.1394 13.3858 6670.3 2555.66 6764.55 2568.5 6764.55 2568.5 0.480504 0.0461946 
600 0.275 475200000 1511.09 257.187 -173.878 7.88503 31431.2 2894.83 1.14632e+09 2.1741e+08 -0.00949509 0.00897896 -0.00326689 0.00654773 0.00466733 0.000691053 4.06775e-05 1.21878e-05 0.0618175 0.00469339 21.105 2.22727 73.1394 13.3858 6670.3 2555.66 6764.55 2568.5 6764.55 2568.5 0.480504 0.0461946 
600 0.275 482400000 1715.71 267.5 -172.544 7.89769 30914.8 2872.34 1.10646e+09 2.09536e+08 -0.00941734 0.00757842 -0.00495268 0.0064896 0.00460567 0.000673639 4.04575e-05 1.17851e-05 0.0609779 0.00437674 21.3305 2.05305 70.2429 11.426 6151.71 2379.39 6243.28 2389.94 6243.28 2389.94 0.488799 0.0430835 
600 0.275 489600000 1715.71 267.5 -172.544 7.89769 30914.8 2872.34 1.10646e+09 2.09536e+08 -0.00941734 0.00757842 -0.00495268 0.00639563 0.00460567 0.000673639 4.04575e-05 1.17851e-05 0.0609779 0.00437674 21.3305 2.05305 70.2429 11.426 6151.71 2379.39 6243.28 2389.94 6243.28 2389.94 0.488799 0.0430835 
600 0.275 496800000 1715.71 267.5 -172.544 7.89769 30914.8 2872.34 1.10646e+09 2.09536e+08 -0.00941734 0.00757842 -0.00495268 0.00635311 0.00460567 0.000651466 4.04575e-05 1.13483e-05 0.0609779 0.00437674 21.3305 2.05305 70.2429 11.426 6151.71 2379.39 6243.28 2389.94 6243.28 2389.94 0.488799 0.0430835 
600 0.275 504000000 1715.71 267.5 -172.544 7.89769 30914.8 2872.34 1.10646e+09 2.09536e+08 -0.00941734 0.00757842 -0.00495268 0.00623122 0.00460567 0.000651466 4.04575e-05 1.13483e-05 0.0609779 0.00437674 21.3305 2.05305 70.2429 11.426 6151.71 2379.39 6243.28 2389.94 6243.28 2389.94 0.488799 0.0430835 
600 0.275 511200000 1732.27 267.5 -174.473 7.89769 31672.9 2872.34 1.17142e+09 2.09536e+08 -0.00712214 0.00757842 -0.00451421 0.00611778 0.00454311 0.00064189 3.98292e-05 1.10147e-05 0.0602876 0.0041799 21.3152 1.89518 75.8811 11.426 7035.01 2379.39 7132.2 2389.94 7132.2 2389.94 0.516589 0.0479007 
600 0.275 518400000 1732.27 267.5 -174.473 7.89769 31672.9 2872.34 1.17142e+09 2.09536e+08 -0.00712214 0.00757842 -0.00451421 0.00604648 0.00454311 0.00064189 3.98292e-05 1.10147e-05 0.0602876 0.0041758 21.3152 1.89518 75.8811 11.426 7035.01 2379.39 7132.2 2389.94 7132.2 2389.94 0.516589 0.0479007 
600 0.275 525600000 1732.27 267.5 -174.473 7.89769 31672.9 2872.34 1.17142e+09 2.09536e+08 -0.00712214 0.00757842 -0.00451421 0.00594008 0.00454311 0.000631096 3.98292e-05 1.06962e-05 0.0602876 0.00418703 21.3152 1.89518 75.8811 11.426 7035.01 2379.39 7132.2 2389.94 7132.2 2389.94 0.516589 0.0479007 
600 0.275 532800000 1732.27 267.5 -174.473 7.89769 31672.9 2872.34 1.17142e+09 2.09536e+08 -0.00712214 0.00757842 -0.00451421 0.00591781 0.00454311 0.000631096 3.98292e-05 1.06962e-05 0.0602876 0.00418703 21.3152 1.89518 75.8811 11.426 7035.01 2379.39 7132.2 2389.94 7132.2 2389.94 0.516589 0.0479007 
600 0.275 540000000 1747.64 231.184 -173.945 6.89263 31454.9 2512.27 1.15129e+09 1.84335e+08 -0.00583878 0.0072919 -0.00466466 0.00596166 0.00443737 0.000609014 3.79757e-05 1.03235e-05 0.0595344 0.00406012 21.3887 1.80541 78.3482 12.3381 7447.03 2365.93 7546.77 2377.56 7546.77 2377.56 0.525651 0.0453283 
600 0.275 547200000 1747.64 231.184 -173.945 6.89263 31454.9 2512.27 1.15129e+09 1.84335e+08 -0.00583878 0.0072919 -0.00466466 0.00606569 0.00443737 0.000609014 3.79757e-05 1.03235e-05 0.0595344 0.00406012 21.3887 1.78273 78.3482 12.3381 7447.03 2365.93 7546.77 2377.56 7546.77 2377.56 0.525651 0.0453283 
600 0.275 554400000 1747.64 231.184 -173.945 6.89263 31454.9 2512.27 1.15129e+09 1.84335e+08 -0.00583878 0.0072919 -0.00466466 0.00601305 0.00443737 0.000608389 3.79757e-05 1.01825e-05 0.0595344 0.00407483 21.3887 1.76123 78.3482 12.3381 7447.03 2365.93 7546.77 2377.56 7546.77 2377.56 0.525651 0.0453283 
600 0.275 561600000 1747.64 231.184 -173.945 6.89263 31454.9 2512.27 1.15129e+09 1.84335e+08 -0.00583878 0.0072919 -0.00466466 0.00617255 0.00443737 0.000608389 3.79757e-05 1.01825e-05 0.0595344 0.00407483 21.3887 1.76123 78.3482 12.3381 7447.03 2365.93 7546.77 2377.56 7546.77 2377.56 0.525651 0.0453283 
600 0.275 568800000 1734.87 231.184 -174.137 6.89263 31458 2512.27 1.14269e+09 1.84335e+08 -0.00377897 0.0072919 -0.00384394 0.00607219 0.00465992 0.00059143 4.07491e-05 9.86416e-06 0.0611713 0.00397018 20.8539 1.7231 76.7801 12.3381 7425.69 2365.93 7523.33 2377.56 7523.33 2377.56 0.528162 0.0453141 
600 0.275 576000000 1734.87 231.184 -174.137 6.89263 31458 2512.27 1.14269e+09 1.84335e+08 -0.00377897 0.0072919 -0.00384394 0.00605385 0.00465992 0.000655048 4.07491e-05 1.38216e-05 0.0611713 0.00418039 20.8539 1.7231 76.7801 12.3381 7425.69 2365.93 7523.33 2377.56 7523.33 2377.56 0.528162 0.0453141 
600 0.275 583200000 1734.87 231.184 -174.137 6.89263 31458 2512.27 1.14269e+09 1.84335e+08 -0.00377897 0.0072919 -0.00384394 0.00595684 0.00465992 0.000649447 4.07491e-05 1.36234e-05 0.0611713 0.00422806 20.8539 1.7231 76.7801 12.3381 7425.69 2365.93 7523.33 2377.56 7523.33 2377.56 0.528162 0.0453141 
600 0.275 590400000 1734.87 231.184 -174.137 6.89263 31458 2512.27 1.14269e+09 1.84335e+08 -0.00377897 0.0072919 -0.00384394 0.00600628 0.00465992 0.000641422 4.07491e-05 1.35124e-05 0.0611713 0.00418703 20.8539 1.7231 76.7801 12.3381 7425.69 2365.93 7523.33 2377.56 7523.33 2377.56 0.528162 0.0453141 
600 0.275 597600000 1691.69 208.948 -174.305 6.04043 31521.9 2199.13 1.14656e+09 1.61353e+08 -0.00192849 0.00735451 -0.00653186 0.00593016 0.00493466 0.000633457 5.00319e-05 1.3222e-05 0.0619725 0.00413459 21.1649 1.65332 76.5259 10.9295 7140.36 2089.97 7238.05 2100.31 7238.05 2100.31 0.535191 0.0406417 
600 0.275 604800000 1691.69 208.948 -174.305 6.04043 31521.9 2199.13 1.14656e+09 1.61353e+08 -0.00192849 0.00735451 -0.00653186 0.0059388 0.00493466 0.000624701 5.00319e-05 1.30972e-05 0.0619725 0.00408622 21.1649 1.68222 76.5259 10.9295 7140.36 2089.97 7238.05 2100.31 7238.05 2100.31 0.535191 0.0406417 
600 0.275 612000000 1691.69 208.948 -174.305 6.04043 31521.9 2199.13 1.14656e+09 1.61353e+08 -0.00192849 0.00735451 -0.00653186 0.00585394 0.00493466 0.000619061 5.00319e-05 1.29469e-05 0.0619725 0.00407432 21.1649 1.66376 76.5259 10.9295 7140.36 2089.97 7238.05 2100.31 7238.05 2100.31 0.535191 0.0406417 
600 0.275 619200000 1691.69 208.948 -174.305 6.04043 31521.9 2199.13 1.14656e+09 1.61353e+08 -0.00192849 0.00735451 -0.00653186 0.00577587 0.00493466 0.000612409 5.00319e-05 1.29469e-05 0.0619725 0.00403558 21.1649 1.65207 76.5259 10.9295 7140.36 2089.97 7238.05 2100.31 7238.05 2100.31 0.535191 0.0406417 
600 0.275 626400000 1734.29 208.948 -174.801 6.04043 31676.4 2199.13 1.1537e+09 1.61353e+08 0.000415043 0.00735451 -0.00484102 0.00569097 0.00481104 0.000609027 4.79781e-05 1.29469e-05 0.0611096 0.00397911 21.5135 1.63322 75.804 10.9295 6782.44 2089.97 6879.75 2100.31 6879.75 2100.31 0.534167 0.0406417 
600 0.275 633600000 1734.29 208.948 -174.801 6.04043 31676.4 2199.13 1.1537e+09 1.61353e+08 0.000415043 0.00735451 -0.00484102 0.00566149 0.00481104 0.000609027 4.79781e-05 1.29469e-05 0.0611096 0.00392212 21.5135 1.61427 75.804 10.9295 6782.44 2089.97 6879.75 2100.31 6879.75 2100.31 0.534167 0.0406417 
600 0.275 640800000 1734.29 208.948 -174.801 6.04043 31676.4 2199.13 1.1537e+09 1.61353e+08 0.000415043 0.00735451 -0.00484102 0.00572491 0.00481104 0.000609027 4.79781e-05 1.29469e-05 0.0611096 0.00389443 21.5135 1.59121 75.804 10.9295 6782.44 2089.97 6879.75 2100.31 6879.75 2100.31 0.534167 0.0406417 
600 0.275 648000000 1734.29 208.948 -174.801 6.04043 31676.4 2199.13 1.1537e+09 1.61353e+08 0.000415043 0.00735451 -0.00484102 0.00578776 0.00481104 0.000609027 4.79781e-05 1.29469e-05 0.0611096 0.0038994 21.5135 1.58312 75.804 10.9295 6782.44 2089.97 6879.75 2100.31 6879.75 2100.31 0.534167 0.0406417 
600 0.275 655200000 1800.56 212.207 -175.47 5.48056 31886.6 1984.8 1.16324e+09 1.44284e+08 -0.00206366 0.00653859 -0.00609867 0.00573253 0.00498862 0.000582736 4.93362e-05 1.1901e-05 0.0626032 0.00385405 21.5257 1.55008 76.4425 9.71547 6871.3 1874.99 6969.27 1884.06 6969.27 1884.06 0.53772 0.0362045 
600 0.275 662400000 1800.56 212.207 -175.47 5.48056 31886.6 1984.8 1.16324e+09 1.44284e+08 -0.00206366 0.00653859 -0.00609867 0.00567557 0.00498862 0.000581486 4.93362e-05 1.17988e-05 0.0626032 0.0038492 21.5257 1.53131 76.4425 9.71547 6871.3 1874.99 6969.27 1884.06 6969.27 1884.06 0.53772 0.0362045 
600 0.275 669600000 1800.56 212.207 -175.47 5.48056 31886.6 1984.8 1.16324e+09 1.44284e+08 -0.00206366 0.00653859 -0.00609867 0.00560625 0.00498862 0.000576196 4.93362e-05 1.16508e-05 0.0626032 0.00382011 21.5257 1.51228 76.4425 9.71547 6871.3 1874.99 6969.27 1884.06 6969.27 1884.06 0.53772 0.0362045 
600 0.275 676800000 1800.56 212.207 -175.47 5.48056 31886.6 1984.8 1.16324e+09 1.44284e+08 -0.00206366 0.00653859 -0.00609867 0.00557926 0.00498862 0.000568551 4.93362e-05 1.15271e-05 0.0626032 0.00377225 21.5257 1.49521 76.4425 9.71547 6871.3 1874.99 6969.27 1884.06 6969.27 1884.06 0.53772 0.0362045 
600 0.275 684000000 1842.47 212.207 -175.945 5.48056 32012.8 1984.8 1.1657e+09 1.44284e+08 -0.00397205 0.00653859 -0.0051752 0.00557318 0.00506794 0.000562377 4.97204e-05 1.15271e-05 0.0632912 0.00373842 21.7197 1.47273 74.7024 9.71547 6522.51 1874.99 6618.93 1884.06 6618.93 1884.06 0.53027 0.0362045 
600 0.275 691200000 1842.47 212.207 -175.945 5.48056 32012.8 1984.8 1.1657e+09 1.44284e+08 -0.00397205 0.00653859 -0.0051752 0.00550776 0.00506794 0.000557269 4.97204e-05 1.15271e-05 0.0632912 0.00370765 21.7197 1.45363 74.7024 9.71547 6522.51 1874.99 6618.93 1884.06 6618.93 1884.06 0.53027 0.0362045 
600 0.275 698400000 1842.47 212.207 -175.945 5.48056 32012.8 1984.8 1.1657e+09 1.44284e+08 -0.00397205 0.00653859 -0.0051752 0.00543733 0.00506794 0.000553723 4.97204e-05 1.15271e-05 0.0632912 0.00372545 21.7197 1.43503 74.7024 9.71547 6522.51 1874.99 6618.93 1884.06 6618.93 1884.06 0.53027 0.0362045 
600 0.275 705600000 1842.47 212.207 -175.945 5.48056 32012.8 1984.8 1.1657e+09 1.44284e+08 -0.00397205 0.00653859 -0.0051752 0.00539569 0.00506794 0.000556385 4.97204e-05 1.15271e-05 0.0632912 0.00373714 21.7197 1.42904 74.7024 9.71547 6522.51 1874.99 6618.93 1884.06 6618.93 1884.06 0.53027 0.0362045 
600 0.275 712800000 1811.97 229.91 -175.681 4.93656 31874.8 1786.35 1.15093e+09 1.3038e+08 -0.00548834 0.00838358 -0.00562406 0.00533002 0.00499893 0.000552633 4.94216e-05 1.09431e-05 0.0623133 0.00373494 21.7137 1.40974 74.111 9.01933 6694.91 1825.33 6790.74 1831.45 6790.74 1831.45 0.532708 0.0382758 
600 0.275 720000000 1811.97 229.91 -175.681 4.93656 31874.8 1786.35 1.15093e+09 1.3038e+08 -0.00548834 0.00838358 -0.00562406 0.00526582 0.00499893 0.000545935 4.94216e-05 1.08156e-05 0.0623133 0.00368887 21.7137 1.39446 74.111 9.01933 6694.91 1825.33 6790.74 1831.45 6790.74 1831.45 0.532708 0.0382758 
600 0.275 727200000 1811.97 229.91 -175.681 4.93656 31874.8 1786.35 1.15093e+09 1.3038e+08 -0.00548834 0.00838358 -0.00562406 0.00520761 0.00499893 0.000539459 4.94216e-05 1.06918e-05 0.0623133 0.00364388 21.7137 1.37781 74.111 9.01933 6694.91 1825.33 6790.74 1831.45 6790.74 1831.45 0.532708 0.0382758 
600 0.275 734400000 1811.97 229.91 -175.681 4.93656 31874.8 1786.35 1.15093e+09 1.3038e+08 -0.00548834 0.00838358 -0.00562406 0.00526635 0.00499893 0.00053532 4.94216e-05 1.05715e-05 0.0623133 0.00362216 21.7137 1.36575 74.111 9.01933 6694.91 1825.33 6790.74 1831.45 6790.74 1831.45 0.532708 0.0382758 
600 0.275 741600000 1811.97 229.91 -175.681 4.93656 31874.8 1786.35 1.15093e+09 1.3038e+08 -0.00548834 0.00838358 -0.00562406 0.00520373 0.00499893 0.000530383 4.94216e-05 1.04599e-05 0.0623133 0.00358778 21.7137 1.35535 74.111 9.01933 6694.91 1825.33 6790.74 1831.45 6790.74 1831.45 0.532708 0.0382758 
600 0.275 748800000 1811.97 229.91 -175.681 4.93656 31874.8 1786.35 1.15093e+09 1.3038e+08 -0.00548834 0.00838358 -0.00562406 0.00518993 0.00499893 0.000524538 4.94216e-05 1.03747e-05 0.0623133 0.00354616 21.7137 1.33993 74.111 9.01933 6694.91 1825.33 6790.74 1831.45 6790.74 1831.45 0.532708 0.0382758 
600 0.275 756000000 1811.97 229.91 -175.681 14.6881 31874.8 22662.6 1.15093e+09 4.57399e+10 -0.00548834 0.00838358 -0.00562406 0.00697793 0.00499893 0.00262666 4.94216e-05 0.000598956 0.0623133 0.00593934 21.7137 1.33626 74.111 9.01933 6694.91 1825.33 6790.74 1831.45 6790.74 1831.45 0.532708 0.0382758 
600 0.275 763200000 1811.97 229.91 -175.681 19.6725 31874.8 30250.2 1.15093e+09 5.89822e+10 -0.00548834 0.00838358 -0.00562406 0.00829335 0.00499893 0.00356813 4.94216e-05 0.000811071 0.0623133 0.00746636 21.7137 1.33223 74.111 9.01933 6694.91 1825.33 6790.74 1831.45 6790.74 1831.45 0.532708 0.0382758 
600 0.275 770400000 1725.05 229.91 -217.848 41.2604 98500.6 65076.9 1.3602e+11 1.31768e+11 -0.0116724 0.0105478 0.00967526 0.0148119 0.012574 0.00743007 0.00182262 0.00173338 0.0765663 0.014143 20.8747 1.37366 70.4657 8.90562 6098.05 1825.33 6189.39 1831.45 6189.39 1831.45 0.516326 0.0382758 
600 0.275 777600000 1725.05 229.91 -217.848 41.2604 98500.6 69980.7 1.3602e+11 3.31837e+11 -0.0116724 0.0105478 0.00967526 0.0148119 0.012574 0.00743007 0.00182262 0.00242193 0.0765663 0.014143 20.8747 1.37366 70.4657 8.90562 6098.05 1825.33 6189.39 1831.45 6189.39 1831.45 0.516326 0.0382758 
600 0.275 784800000 1725.05 229.91 -217.848 56.4785 98500.6 132270 1.3602e+11 7.23701e+11 -0.0116724 0.0116121 0.00967526 0.0163952 0.012574 0.0113388 0.00182262 0.00488988 0.0765663 0.016963 20.8747 1.37366 70.4657 8.90562 6098.05 1825.33 6189.39 1831.45 6189.39 1831.45 0.516326 0.0382758 
600 0.275 792000000 1725.05 229.91 -217.848 56.4785 98500.6 132270 1.3602e+11 7.23701e+11 -0.0116724 0.0116121 0.00967526 0.0163952 0.012574 0.0113388 0.00182262 0.00488988 0.0765663 0.016963 20.8747 1.37366 70.4657 8.90562 6098.05 1825.33 6189.39 1831.45 6189.39 1831.45 0.516326 0.0382758 
600 0.275 799200000 1725.05 229.91 -217.848 104.742 98500.6 269618 1.3602e+11 1.69145e+12 -0.0116724 0.0183755 0.00967526 0.0279718 0.012574 0.0208031 0.00182262 0.00957486 0.0765663 0.029275 20.8747 1.47977 70.4657 8.90562 6098.05 1825.33 6189.39 1831.45 6189.39 1831.45 0.516326 0.0382758 
600 0.275 806400000 1725.05 229.91 -217.848 104.742 98500.6 269618 1.3602e+11 1.69145e+12 -0.0116724 0.0183755 0.00967526 0.0279718 0.012574 0.0208031 0.00182262 0.00957486 0.0765663 0.029275 20.8747 1.47977 70.4657 8.90562 6098.05 1825.33 6189.39 1831.45 6189.39 1831.45 0.516326 0.0382758 
600 0.275 813600000 1725.05 229.91 -217.848 104.742 98500.6 269618 1.3602e+11 1.69145e+12 -0.0116724 0.0183755 0.00967526 0.0279718 0.012574 0.0208031 0.00182262 0.00957486 0.0765663 0.029275 20.8747 1.47977 70.4657 8.90562 6098.05 1825.33 6189.39 1831.45 6189.39 1831.45 0.516326 0.0382758 
600 0.275 820800000 1725.05 229.91 -217.848 104.742 98500.6 269618 1.3602e+11 1.69145e+12 -0.0116724 0.0183755 0.00967526 0.0279718 0.012574 0.0208031 0.00182262 0.00957486 0.0765663 0.029275 20.8747 1.47977 70.4657 8.90562 6098.05 1825.33 6189.39 1831.45 6189.39 1831.45 0.516326 0.0382758 
600 0.275 828000000 1586.83 280.977 -415.329 218.786 650001 564271 3.9293e+12 3.6337e+12 -0.042008 0.0340619 0.0577199 0.0578452 0.0519703 0.0428798 0.0213546 0.0194489 0.12822 0.0601828 19.5229 2.06274 65.1385 10.2785 5590.81 1824.73 5675.48 1834.62 5675.48 1834.62 0.479225 0.0583183 
600 0.275 835200000 1586.83 280.977 -415.329 218.786 650001 564271 3.9293e+12 3.6337e+12 -0.042008 0.0340619 0.0577199 0.0578452 0.0519703 0.0428798 0.0213546 0.0194489 0.12822 0.0601828 19.5229 2.06274 65.1385 10.2785 5590.81 1824.73 5675.48 1834.62 5675.48 1834.62 0.479225 0.0583183 
600 0.275 842400000 1586.83 280.977 -415.329 218.786 650001 564271 3.9293e+12 3.6337e+12 -0.042008 0.0340619 0.0577199 0.0578452 0.0519703 0.0428798 0.0213546 0.0194489 0.12822 0.0601828 19.5229 2.06274 65.1385 10.2785 5590.81 1824.73 5675.48 1834.62 5675.48 1834.62 0.479225 0.0583183 
600 0.275 849600000 1586.83 280.977 -415.329 218.786 650001 564271 3.9293e+12 3.6337e+12 -0.042008 0.0340619 0.0577199 0.0578452 0.0519703 0.0428798 0.0213546 0.0194489 0.12822 0.0601828 19.5229 2.06274 65.1385 10.2785 5590.81 1824.73 5675.48 1834.62 5675.48 1834.62 0.479225 0.0583183 
600 0.275 856800000 1586.83 280.977 -415.329 218.786 650001 564271 3.9293e+12 3.6337e+12 -0.042008 0.0340619 0.0577199 0.0578452 0.0519703 0.0428798 0.0213546 0.0194489 0.12822 0.0601828 19.5229 2.06274 65.1385 10.2785 5590.81 1824.73 5675.48 1834.62 5675.48 1834.62 0.479225 0.0583183 
600 0.275 864000000 1586.83 280.977 -415.329 218.786 650001 564271 3.9293e+12 3.6337e+12 -0.042008 0.0340619 0.0577199 0.0578452 0.0519703 0.0428798 0.0213546 0.0194489 0.12822 0.0601828 19.5229 2.06274 65.1385 10.2785 5590.81 1824.73 5675.48 1834.62 5675.48 1834.62 0.479225 0.0583183 
600 0.275 871200000 1586.83 280.977 -415.329 218.786 650001 564271 3.9293e+12 3.6337e+12 -0.042008 0.0340619 0.0577199 0.0578452 0.0519703 0.0428798 0.0213546 0.0194489 0.12822 0.0601828 19.5229 2.06274 65.1385 10.2785 5590.81 1824.73 5675.48 1834.62 5675.48 1834.62 0.479225 0.0583183 
600 0.275 878400000 1586.83 280.977 -415.329 218.786 650001 564271 3.9293e+12 3.6337e+12 -0.042008 0.0340619 0.0577199 0.0578452 0.0519703 0.0428798 0.0213546 0.0194489 0.12822 0.0601828 19.5229 2.06274 65.1385 10.2785 5590.81 1824.73 5675.48 1834.62 5675.48 1834.62 0.479225 0.0583183 
600 0.275 885600000 1468.06 280.977 -587.051 242.595 1.13954e+06 679464 7.41941e+12 4.74283e+12 -0.0699142 0.0385909 0.0986355 0.0591847 0.0873267 0.0490272 0.0398558 0.0248191 0.173374 0.0640597 18.4254 2.06274 60.6252 10.2785 5161.49 1824.73 5240.54 1834.62 5240.54 1834.62 0.44491 0.0583183 
600 0.275 892800000 1468.06 280.977 -587.051 242.595 1.13954e+06 679464 7.41941e+12 4.74283e+12 -0.0699142 0.0385909 0.0986355 0.0591847 0.0873267 0.0490272 0.0398558 0.0248191 0.173374 0.0640597 18.4254 2.06274 60.6252 10.2785 5161.49 1824.73 5240.54 1834.62 5240.54 1834.62 0.44491 0.0583183 
600 0.275 900000000 1468.06 280.977 -587.051 242.595 1.13954e+06 679464 7.41941e+12 4.74283e+12 -0.0699142 0.0385909 0.0986355 0.0591847 0.0873267 0.0490272 0.0398558 0.0248191 0.173374 0.0640597 18.4254 2.06274 60.6252 10.2785 5161.49 1824.73 5240.54 1834.62 5240.54 1834.62 0.44491 0.0583183 
600 0.275 907200000 1468.06 280.977 -587.051 242.595 1.13954e+06 679464 7.41941e+12 4.74283e+12 -0.0699142 0.0385909 0.0986355 0.0591847 0.0873267 0.0490272 0.0398558 0.0248191 0.173374 0.0640597 18.4254 2.06274 60.6252 10.2785 5161.49 1824.73 5240.54 1834.62 5240.54 1834.62 0.44491 0.0583183 
600 0.275 914400000 1468.06 280.977 -587.051 242.595 1.13954e+06 679464 7.41941e+12 4.74283e+12 -0.0699142 0.0385909 0.0986355 0.0591847 0.0873267 0.0490272 0.0398558 0.0248191 0.173374 0.0640597 18.4254 2.06274 60.6252 10.2785 5161.49 1824.73 5240.54 1834.62 5240.54 1834.62 0.44491 0.0583183 
600 0.275 921600000 1468.06 280.977 -587.051 242.595 1.13954e+06 679464 7.41941e+12 4.74283e+12 -0.0699142 0.0385909 0.0986355 0.0591847 0.0873267 0.0490272 0.0398558 0.0248191 0.173374 0.0640597 18.4254 2.06274 60.6252 10.2785 5161.49 1824.73 5240.54 1834.62 5240.54 1834.62 0.44491 0.0583183 
600 0.275 928800000 1468.06 280.977 -587.051 242.595 1.13954e+06 679464 7.41941e+12 4.74283e+12 -0.0699142 0.0385909 0.0986355 0.0591847 0.0873267 0.0490272 0.0398558 0.0248191 0.173374 0.0640597 18.4254 2.06274 60.6252 10.2785 5161.49 1824.73 5240.54 1834.62 5240.54 1834.62 0.44491 0.0583183 
600 0.275 936000000 1468.06 280.977 -587.051 242.595 1.13954e+06 679464 7.41941e+12 4.74283e+12 -0.0699142 0.0385909 0.0986355 0.0591847 0.0873267 0.0490272 0.0398558 0.0248191 0.173374 0.0640597 18.4254 2.06274 60.6252 10.2785 5161.49 1824.73 5240.54 1834.62 5240.54 1834.62 0.44491 0.0583183 
600 0.275 943200000 1365.7 316.098 -729.515 346.091 1.53467e+06 951190 1.00815e+13 6.47219e+12 -0.0925535 0.0551568 0.133646 0.086021 0.11656 0.0701905 0.054634 0.0350315 0.211321 0.0926301 17.5148 2.56561 56.7477 11.746 4793.47 1729.51 4867.74 1741.29 4867.74 1741.29 0.414959 0.0777098 
600 0.275 950400000 1365.7 316.098 -729.515 346.091 1.53467e+06 951190 1.00815e+13 6.47219e+12 -0.0925535 0.0551568 0.133646 0.086021 0.11656 0.0701905 0.054634 0.0350315 0.211321 0.0926301 17.5148 2.56561 56.7477 11.746 4793.47 1729.51 4867.74 1741.29 4867.74 1741.29 0.414959 0.0777098 
600 0.275 957600000 1365.7 316.098 -729.515 346.091 1.53467e+06 951190 1.00815e+13 6.47219e+12 -0.0925535 0.0551568 0.133646 0.086021 0.11656 0.0701905 0.054634 0.0350315 0.211321 0.0926301 17.5148 2.56561 56.7477 11.746 4793.47 1729.51 4867.74 1741.29 4867.74 1741.29 0.414959 0.0777098 
600 0.275 964800000 1365.7 316.098 -729.515 346.091 1.53467e+06 951190 1.00815e+13 6.47219e+12 -0.0925535 0.0551568 0.133646 0.086021 0.11656 0.0701905 0.054634 0.0350315 0.211321 0.0926301 17.5148 2.56561 56.7477 11.746 4793.47 1729.51 4867.74 1741.29 4867.74 1741.29 0.414959 0.0777098 
600 0.275 972000000 1365.7 316.098 -729.515 346.091 1.53467e+06 951190 1.00815e+13 6.47219e+12 -0.0925535 0.0551568 0.133646 0.086021 0.11656 0.0701905 0.054634 0.0350315 0.211321 0.0926301 17.5148 2.56561 56.7477 11.746 4793.47 1729.51 4867.74 1741.29 4867.74 1741.29 0.414959 0.0777098 
600 0.275 979200000 1365.7 316.098 -729.515 346.091 1.53467e+06 951190 1.00815e+13 6.47219e+12 -0.0925535 0.0551568 0.133646 0.086021 0.11656 0.0701905 0.054634 0.0350315 0.211321 0.0926301 17.5148 2.56561 56.7477 11.746 4793.47 1729.51 4867.74 1741.29 4867.74 1741.29 0.414959 0.0777098 
600 0.275 986400000 1365.7 316.098 -729.515 346.091 1.53467e+06 951190 1.00815e+13 6.47219e+12 -0.0925535 0.0551568 0.133646 0.086021 0.11656 0.0701905 0.054634 0.0350315 0.211321 0.0926301 17.5148 2.56561 56.7477 11.746 4793.47 1729.51 4867.74 1741.29 4867.74 1741.29 0.414959 0.0777098 
600 0.275 993600000 1365.7 316.098 -729.515 346.091 1.53467e+06 951190 1.00815e+13 6.47219e+12 -0.0925535 0.0551568 0.133646 0.086021 0.11656 0.0701905 0.054634 0.0350315 0.211321 0.0926301 17.5148 2.56561 56.7477 11.746 4793.47 1729.51 4867.74 1741.29 4867.74 1741.29 0.414959 0.0777098 
600 0.275 1000800000 1278.97 316.098 -860.519 346.091 1.91665e+06 951190 1.29343e+13 6.47219e+12 -0.112011 0.0551568 0.165021 0.086021 0.142994 0.0701905 0.0685481 0.0350315 0.244983 0.0926301 16.7249 2.56561 53.4155 11.746 4474.49 1729.51 4544.63 1741.29 4544.63 1741.29 0.388396 0.0777098 
600 0.275 1008000000 1278.97 316.098 -860.519 346.091 1.91665e+06 951190 1.29343e+13 6.47219e+12 -0.112011 0.0551568 0.165021 0.086021 0.142994 0.0701905 0.0685481 0.0350315 0.244983 0.0926301 16.7249 2.56561 53.4155 11.746 4474.49 1729.51 4544.63 1741.29 4544.63 1741.29 0.388396 0.0777098 
600 0.275 1015200000 1278.97 316.098 -860.519 346.091 1.91665e+06 951190 1.29343e+13 6.47219e+12 -0.112011 0.0551568 0.165021 0.086021 0.142994 0.0701905 0.0685481 0.0350315 0.244983 0.0926301 16.7249 2.56561 53.4155 11.746 4474.49 1729.51 4544.63 1741.29 4544.63 1741.29 0.388396 0.0777098 
600 0.275 1022400000 1278.97 316.098 -860.519 346.091 1.91665e+06 951190 1.29343e+13 6.47219e+12 -0.112011 0.0551568 0.165021 0.086021 0.142994 0.0701905 0.0685481 0.0350315 0.244983 0.0926301 16.7249 2.56561 53.4155 11.746 4474.49 1729.51 4544.63 1741.29 4544.63 1741.29 0.388396 0.0777098 
600 0.275 1029600000 1278.97 316.098 -860.519 346.091 1.91665e+06 951190 1.29343e+13 6.47219e+12 -0.112011 0.0551568 0.165021 0.086021 0.142994 0.0701905 0.0685481 0.0350315 0.244983 0.0926301 16.7249 2.56561 53.4155 11.746 4474.49 1729.51 4544.63 1741.29 4544.63 1741.29 0.388396 0.0777098 
600 0.275 1036800000 1278.97 316.098 -860.519 346.091 1.91665e+06 951190 1.29343e+13 6.47219e+12 -0.112011 0.0551568 0.165021 0.086021 0.142994 0.0701905 0.0685481 0.0350315 0.244983 0.0926301 16.7249 2.56561 53.4155 11.746 4474.49 1729.51 4544.63 1741.29 4544.63 1741.29 0.388396 0.0777098 
600 0.275 1044000000 1278.97 316.098 -860.519 346.091 1.91665e+06 951190 1.29343e+13 6.47219e+12 -0.112011 0.0551568 0.165021 0.086021 0.142994 0.0701905 0.0685481 0.0350315 0.244983 0.0926301 16.7249 2.56561 53.4155 11.746 4474.49 1729.51 4544.63 1741.29 4544.63 1741.29 0.388396 0.0777098 
600 0.275 1051200000 1278.97 316.098 -860.519 346.091 1.91665e+06 951190 1.29343e+13 6.47219e+12 -0.112011 0.0551568 0.165021 0.086021 0.142994 0.0701905 0.0685481 0.0350315 0.244983 0.0926301 16.7249 2.56561 53.4155 11.746 4474.49 1729.51 4544.63 1741.29 4544.63 1741.29 0.388396 0.0777098 
600 0.275 1058400000 1201 316.598 -978.899 382.262 2.27131e+06 1.08052e+06 1.57342e+13 7.74796e+12 -0.128843 0.0590049 0.192973 0.0935146 0.16658 0.0772092 0.0811935 0.0394565 0.274755 0.10045 15.988 2.66072 50.4739 11.8352 4195.43 1613.41 4261.89 1625.61 4261.89 1625.61 0.366724 0.0816046 
600 0.275 1065600000 1201 316.598 -978.899 382.262 2.27131e+06 1.08052e+06 1.57342e+13 7.74796e+12 -0.128843 0.0590049 0.192973 0.0935146 0.16658 0.0772092 0.0811935 0.0394565 0.274755 0.10045 15.988 2.66072 50.4739 11.8352 4195.43 1613.41 4261.89 1625.61 4261.89 1625.61 0.366724 0.0816046 
600 0.275 1072800000 1201 316.598 -978.899 382.262 2.27131e+06 1.08052e+06 1.57342e+13 7.74796e+12 -0.128843 0.0590049 0.192973 0.0935146 0.16658 0.0772092 0.0811935 0.0394565 0.274755 0.10045 15.988 2.66072 50.4739 11.8352 4195.43 1613.41 4261.89 1625.61 4261.89 1625.61 0.366724 0.0816046 
600 0.275 1080000000 1201 316.598 -978.899 382.262 2.27131e+06 1.08052e+06 1.57342e+13 7.74796e+12 -0.128843 0.0590049 0.192973 0.0935146 0.16658 0.0772092 0.0811935 0.0394565 0.274755 0.10045 15.988 2.66072 50.4739 11.8352 4195.43 1613.41 4261.89 1625.61 4261.89 1625.61 0.366724 0.0816046 
600 0.275 1087200000 1201 316.598 -978.899 382.262 2.27131e+06 1.08052e+06 1.57342e+13 7.74796e+12 -0.128843 0.0590049 0.192973 0.0935146 0.16658 0.0772092 0.0811935 0.0394565 0.274755 0.10045 15.988 2.66072 50.4739 11.8352 4195.43 1613.41 4261.89 1625.61 4261.89 1625.61 0.366724 0.0816046 
600 0.275 1094400000 1201 316.598 -978.899 382.262 2.27131e+06 1.08052e+06 1.57342e+13 7.74796e+12 -0.128843 0.0590049 0.192973 0.0935146 0.16658 0.0772092 0.0811935 0.0394565 0.274755 0.10045 15.988 2.66072 50.4739 11.8352 4195.43 1613.41 4261.89 1625.61 4261.89 1625.61 0.366724 0.0816046 
600 0.275 1101600000 1201 316.598 -978.899 382.262 2.27131e+06 1.08052e+06 1.57342e+13 7.74796e+12 -0.128843 0.0590049 0.192973 0.0935146 0.16658 0.0772092 0.0811935 0.0394565 0.274755 0.10045 15.988 2.66072 50.4739 11.8352 4195.43 1613.41 4261.89 1625.61 4261.89 1625.61 0.366724 0.0816046 
600 0.275 1108800000 1201 316.598 -978.899 382.262 2.27131e+06 1.08052e+06 1.57342e+13 7.74796e+12 -0.128843 0.0590049 0.192973 0.0935146 0.16658 0.0772092 0.0811935 0.0394565 0.274755 0.10045 15.988 2.66072 50.4739 11.8352 4195.43 1613.41 4261.89 1625.61 4261.89 1625.61 0.366724 0.0816046 
600 0.275 1116000000 1133.35 316.598 -1094.43 382.262 2.64752e+06 1.08052e+06 1.92387e+13 7.74796e+12 -0.145459 0.0590049 0.218456 0.0935146 0.189827 0.0772092 0.0949985 0.0394565 0.302678 0.10045 15.3033 2.66072 47.8465 11.8352 3949.26 1613.41 4012.41 1625.61 4012.41 1625.61 0.349601 0.0816046 
600 0.275 1123200000 1133.35 316.598 -1094.43 382.262 2.64752e+06 1.08052e+06 1.92387e+13 7.74796e+12 -0.145459 0.0590049 0.218456 0.0935146 0.189827 0.0772092 0.0949985 0.0394565 0.302678 0.10045 15.3033 2.66072 47.8465 11.8352 3949.26 1613.41 4012.41 1625.61 4012.41 1625.61 0.349601 0.0816046 
600 0.275 1130400000 1133.35 316.598 -1094.43 382.262 2.64752e+06 1.08052e+06 1.92387e+13 7.74796e+12 -0.145459 0.0590049 0.218456 0.0935146 0.189827 0.0772092 0.0949985 0.0394565 0.302678 0.10045 15.3033 2.66072 47.8465 11.8352 3949.26 1613.41 4012.41 1625.61 4012.41 1625.61 0.349601 0.0816046 
600 0.275 1137600000 1133.35 316.598 -1094.43 382.262 2.64752e+06 1.08052e+06 1.92387e+13 7.74796e+12 -0.145459 0.0590049 0.218456 0.0935146 0.189827 0.0772092 0.0949985 0.0394565 0.302678 0.10045 15.3033 2.66072 47.8465 11.8352 3949.26 1613.41 4012.41 1625.61 4012.41 1625.61 0.349601 0.0816046 
600 0.275 1144800000 1133.35 316.598 -1094.43 382.262 2.64752e+06 1.08052e+06 1.92387e+13 7.74796e+12 -0.145459 0.0590049 0.218456 0.0935146 0.189827 0.0772092 0.0949985 0.0394565 0.302678 0.10045 15.3033 2.66072 47.8465 11.8352 3949.26 1613.41 4012.41 1625.61 4012.41 1625.61 0.349601 0.0816046 
600 0.275 1152000000 1133.35 316.598 -1094.43 382.262 2.64752e+06 1.08052e+06 1.92387e+13 7.74796e+12 -0.145459 0.0590049 0.218456 0.0935146 0.189827 0.0772092 0.0949985 0.0394565 0.302678 0.10045 15.3033 2.66072 47.8465 11.8352 3949.26 1613.41 4012.41 1625.61 4012.41 1625.61 0.349601 0.0816046 
600 0.275 1159200000 1133.35 316.598 -1094.43 382.262 2.64752e+06 1.08052e+06 1.92387e+13 7.74796e+12 -0.145459 0.0590049 0.218456 0.0935146 0.189827 0.0772092 0.0949985 0.0394565 0.302678 0.10045 15.3033 2.66072 47.8465 11.8352 3949.26 1613.41 4012.41 1625.61 4012.41 1625.61 0.349601 0.0816046 
600 0.275 1166400000 1133.35 316.598 -1094.43 382.262 2.64752e+06 1.08052e+06 1.92387e+13 7.74796e+12 -0.145459 0.0590049 0.218456 0.0935146 0.189827 0.0772092 0.0949985 0.0394565 0.302678 0.10045 15.3033 2.66072 47.8465 11.8352 3949.26 1613.41 4012.41 1625.61 4012.41 1625.61 0.349601 0.0816046 
600 0.275 1173600000 1074.07 305.808 -1197.76 397.535 2.98574e+06 1.17311e+06 2.24237e+13 9.33859e+12 -0.159761 0.0600048 0.241819 0.0950288 0.210992 0.0803951 0.107836 0.0431394 0.327831 0.102355 14.7178 2.651 45.5384 11.5033 3730.37 1499.67 3790.63 1511.75 3790.63 1511.75 0.332517 0.0793836 
600 0.275 1180800000 1074.07 305.808 -1197.76 397.535 2.98574e+06 1.17311e+06 2.24237e+13 9.33859e+12 -0.159761 0.0600048 0.241819 0.0950288 0.210992 0.0803951 0.107836 0.0431394 0.327831 0.102355 14.7178 2.651 45.5384 11.5033 3730.37 1499.67 3790.63 1511.75 3790.63 1511.75 0.332517 0.0793836 
600 0.275 1188000000 1074.07 305.808 -1197.76 397.535 2.98574e+06 1.17311e+06 2.24237e+13 9.33859e+12 -0.159761 0.0600048 0.241819 0.0950288 0.210992 0.0803951 0.107836 0.0431394 0.327831 0.102355 14.7178 2.651 45.5384 11.5033 3730.37 1499.67 3790.63 1511.75 3790.63 1511.75 0.332517 0.0793836 
600 0.275 1195200000 1074.07 305.808 -1197.76 397.535 2.98574e+06 1.17311e+06 2.24237e+13 9.33859e+12 -0.159761 0.0600048 0.241819 0.0950288 0.210992 0.0803951 0.107836 0.0431394 0.327831 0.102355 14.7178 2.651 45.5384 11.5033 3730.37 1499.67 3790.63 1511.75 3790.63 1511.75 0.332517 0.0793836 
600 0.275 1202400000 1074.07 305.808 -1197.76 397.535 2.98574e+06 1.17311e+06 2.24237e+13 9.33859e+12 -0.159761 0.0600048 0.241819 0.0950288 0.210992 0.0803951 0.107836 0.0431394 0.327831 0.102355 14.7178 2.651 45.5384 11.5033 3730.37 1499.67 3790.63 1511.75 3790.63 1511.75 0.332517 0.0793836 
600 0.275 1209600000 1074.07 305.808 -1197.76 397.535 2.98574e+06 1.17311e+06 2.24237e+13 9.33859e+12 -0.159761 0.0600048 0.241819 0.0950288 0.210992 0.0803951 0.107836 0.0431394 0.327831 0.102355 14.7178 2.651 45.5384 11.5033 3730.37 1499.67 3790.63 1511.75 3790.63 1511.75 0.332517 0.0793836 
600 0.275 1216800000 1074.07 305.808 -1197.76 397.535 2.98574e+06 1.17311e+06 2.24237e+13 9.33859e+12 -0.159761 0.0600048 0.241819 0.0950288 0.210992 0.0803951 0.107836 0.0431394 0.327831 0.102355 14.7178 2.651 45.5384 11.5033 3730.37 1499.67 3790.63 1511.75 3790.63 1511.75 0.332517 0.0793836 
600 0.275 1224000000 1074.07 305.808 -1197.76 397.535 2.98574e+06 1.17311e+06 2.24237e+13 9.33859e+12 -0.159761 0.0600048 0.241819 0.0950288 0.210992 0.0803951 0.107836 0.0431394 0.327831 0.102355 14.7178 2.651 45.5384 11.5033 3730.37 1499.67 3790.63 1511.75 3790.63 1511.75 0.332517 0.0793836 
600 0.275 1231200000 1020.82 305.808 -1292.68 397.535 3.30287e+06 1.17311e+06 2.55247e+13 9.33859e+12 -0.171277 0.0600048 0.263548 0.0950288 0.230009 0.0803951 0.119412 0.0431394 0.35039 0.102355 14.1984 2.651 43.4895 11.5033 3534.51 1499.67 3592.19 1511.75 3592.19 1511.75 0.316715 0.0793836 
600 0.275 1238400000 1020.82 305.808 -1292.68 397.535 3.30287e+06 1.17311e+06 2.55247e+13 9.33859e+12 -0.171277 0.0600048 0.263548 0.0950288 0.230009 0.0803951 0.119412 0.0431394 0.35039 0.102355 14.1984 2.651 43.4895 11.5033 3534.51 1499.67 3592.19 1511.75 3592.19 1511.75 0.316715 0.0793836 
600 0.275 1245600000 1020.82 305.808 -1292.68 397.535 3.30287e+06 1.17311e+06 2.55247e+13 9.33859e+12 -0.171277 0.0600048 0.263548 0.0950288 0.230009 0.0803951 0.119412 0.0431394 0.35039 0.102355 14.1984 2.651 43.4895 11.5033 3534.51 1499.67 3592.19 1511.75 3592.19 1511.75 0.316715 0.0793836 
600 0.275 1252800000 1020.82 305.808 -1292.68 397.535 3.30287e+06 1.17311e+06 2.55247e+13 9.33859e+12 -0.171277 0.0600048 0.263548 0.0950288 0.230009 0.0803951 0.119412 0.0431394 0.35039 0.102355 14.1984 2.651 43.4895 11.5033 3534.51 1499.67 3592.19 1511.75 3592.19 1511.75 0.316715 0.0793836 
600 0.275 1260000000 1020.82 305.808 -1292.68 397.535 3.30287e+06 1.17311e+06 2.55247e+13 9.33859e+12 -0.171277 0.0600048 0.263548 0.0950288 0.230009 0.0803951 0.119412 0.0431394 0.35039 0.102355 14.1984 2.651 43.4895 11.5033 3534.51 1499.67 3592.19 1511.75 3592.19 1511.75 0.316715 0.0793836 
600 0.275 1267200000 1020.82 305.808 -1292.68 397.535 3.30287e+06 1.17311e+06 2.55247e+13 9.33859e+12 -0.171277 0.0600048 0.263548 0.0950288 0.230009 0.0803951 0.119412 0.0431394 0.35039 0.102355 14.1984 2.651 43.4895 11.5033 3534.51 1499.67 3592.19 1511.75 3592.19 1511.75 0.316715 0.0793836 
600 0.275 1274400000 1020.82 305.808 -1292.68 397.535 3.30287e+06 1.17311e+06 2.55247e+13 9.33859e+12 -0.171277 0.0600048 0.263548 0.0950288 0.230009 0.0803951 0.119412 0.0431394 0.35039 0.102355 14.1984 2.651 43.4895 11.5033 3534.51 1499.67 3592.19 1511.75 3592.19 1511.75 0.316715 0.0793836 
600 0.275 1281600000 1020.82 305.808 -1292.68 397.535 3.30287e+06 1.17311e+06 2.55247e+13 9.33859e+12 -0.171277 0.0600048 0.263548 0.0950288 0.230009 0.0803951 0.119412 0.0431394 0.35039 0.102355 14.1984 2.651 43.4895 11.5033 3534.51 1499.67 3592.19 1511.75 3592.19 1511.75 0.316715 0.0793836 
600 0.275 1288800000 972.875 356.198 -1379.86 543.151 3.59883e+06 1.66235e+06 2.85061e+13 1.41807e+13 -0.182499 0.0794432 0.282688 0.127324 0.247262 0.109743 0.129982 0.0610895 0.370785 0.136887 13.7316 3.27483 41.6256 14.0375 3358.24 1540.5 3413.6 1556.34 3413.6 1556.34 0.302737 0.100828 
600 0.275 1296000000 972.875 356.198 -1379.86 543.151 3.59883e+06 1.66235e+06 2.85061e+13 1.41807e+13 -0.182499 0.0794432 0.282688 0.127324 0.247262 0.109743 0.129982 0.0610895 0.370785 0.136887 13.7316 3.27483 41.6256 14.0375 3358.24 1540.5 3413.6 1556.34 3413.6 1556.34 0.302737 0.100828 
600 0.275 1303200000 972.875 356.198 -1379.86 543.151 3.59883e+06 1.66235e+06 2.85061e+13 1.41807e+13 -0.182499 0.0794432 0.282688 0.127324 0.247262 0.109743 0.129982 0.0610895 0.370785 0.136887 13.7316 3.27483 41.6256 14.0375 3358.24 1540.5 3413.6 1556.34 3413.6 1556.34 0.302737 0.100828 
600 0.275 1310400000 972.875 356.198 -1379.86 543.151 3.59883e+06 1.66235e+06 2.85061e+13 1.41807e+13 -0.182499 0.0794432 0.282688 0.127324 0.247262 0.109743 0.129982 0.0610895 0.370785 0.136887 13.7316 3.27483 41.6256 14.0375 3358.24 1540.5 3413.6 1556.34 3413.6 1556.34 0.302737 0.100828 
600 0.275 1317600000 972.875 356.198 -1379.86 543.151 3.59883e+06 1.66235e+06 2.85061e+13 1.41807e+13 -0.182499 0.0794432 0.282688 0.127324 0.247262 0.109743 0.129982 0.0610895 0.370785 0.136887 13.7316 3.27483 41.6256 14.0375 3358.24 1540.5 3413.6 1556.34 3413.6 1556.34 0.302737 0.100828 
600 0.275 1324800000 972.875 356.198 -1379.86 543.151 3.59883e+06 1.66235e+06 2.85061e+13 1.41807e+13 -0.182499 0.0794432 0.282688 0.127324 0.247262 0.109743 0.129982 0.0610895 0.370785 0.136887 13.7316 3.27483 41.6256 14.0375 3358.24 1540.5 3413.6 1556.34 3413.6 1556.34 0.302737 0.100828 
600 0.275 1332000000 972.875 356.198 -1379.86 543.151 3.59883e+06 1.66235e+06 2.85061e+13 1.41807e+13 -0.182499 0.0794432 0.282688 0.127324 0.247262 0.109743 0.129982 0.0610895 0.370785 0.136887 13.7316 3.27483 41.6256 14.0375 3358.24 1540.5 3413.6 1556.34 3413.6 1556.34 0.302737 0.100828 
600 0.275 1339200000 972.875 356.198 -1379.86 543.151 3.59883e+06 1.66235e+06 2.85061e+13 1.41807e+13 -0.182499 0.0794432 0.282688 0.127324 0.247262 0.109743 0.129982 0.0610895 0.370785 0.136887 13.7316 3.27483 41.6256 14.0375 3358.24 1540.5 3413.6 1556.34 3413.6 1556.34 0.302737 0.100828 
600 0.275 1346400000 972.875 356.198 -1379.86 543.151 3.59883e+06 1.66235e+06 2.85061e+13 1.41807e+13 -0.182499 0.0794432 0.282688 0.127324 0.247262 0.109743 0.129982 0.0610895 0.370785 0.136887 13.7316 3.27483 41.6256 14.0375 3358.24 1540.5 3413.6 1556.34 3413.6 1556.34 0.302737 0.100828 
600 0.275 1353600000 972.875 356.198 -1379.86 543.151 3.59883e+06 1.66235e+06 2.85061e+13 1.41807e+13 -0.182499 0.0794432 0.282688 0.127324 0.247262 0.109743 0.129982 0.0610895 0.370785 0.136887 13.7316 3.27483 41.6256 14.0375 3358.24 1540.5 3413.6 1556.34 3413.6 1556.34 0.302737 0.100828 
600 0.275 1360800000 972.875 356.198 -1379.86 543.151 3.59883e+06 1.66235e+06 2.85061e+13 1.41807e+13 -0.182499 0.0794432 0.282688 0.127324 0.247262 0.109743 0.129982 0.0610895 0.370785 0.136887 13.7316 3.27483 41.6256 14.0375 3358.24 1540.5 3413.6 1556.34 3413.6 1556.34 0.302737 0.100828 
600 0.275 1368000000 972.875 356.198 -1379.86 543.151 3.59883e+06 1.66235e+06 2.85061e+13 1.41807e+13 -0.182499 0.0794432 0.282688 0.127324 0.247262 0.109743 0.129982 0.0610895 0.370785 0.136887 13.7316 3.27483 41.6256 14.0375 3358.24 1540.5 3413.6 1556.34 3413.6 1556.34 0.302737 0.100828 
600 0.275 1375200000 972.875 356.198 -1379.86 543.151 3.59883e+06 1.66235e+06 2.85061e+13 1.41807e+13 -0.182499 0.0794432 0.282688 0.127324 0.247262 0.109743 0.129982 0.0610895 0.370785 0.136887 13.7316 3.27483 41.6256 14.0375 3358.24 1540.5 3413.6 1556.34 3413.6 1556.34 0.302737 0.100828 
600 0.275 1382400000 972.875 356.198 -1379.86 543.151 3.59883e+06 1.66235e+06 2.85061e+13 1.41807e+13 -0.182499 0.0794432 0.282688 0.127324 0.247262 0.109743 0.129982 0.0610895 0.370785 0.136887 13.7316 3.27483 41.6256 14.0375 3358.24 1540.5 3413.6 1556.34 3413.6 1556.34 0.302737 0.100828 
600 0.275 1389600000 972.875 356.198 -1379.86 543.151 3.59883e+06 1.66235e+06 2.85061e+13 1.41807e+13 -0.182499 0.0794432 0.282688 0.127324 0.247262 0.109743 0.129982 0.0610895 0.370785 0.136887 13.7316 3.27483 41.6256 14.0375 3358.24 1540.5 3413.6 1556.34 3413.6 1556.34 0.302737 0.100828 
600 0.275 1396800000 972.875 356.198 -1379.86 543.151 3.59883e+06 1.66235e+06 2.85061e+13 1.41807e+13 -0.182499 0.0794432 0.282688 0.127324 0.247262 0.109743 0.129982 0.0610895 0.370785 0.136887 13.7316 3.27483 41.6256 14.0375 3358.24 1540.5 3413.6 1556.34 3413.6 1556.34 0.302737 0.100828 
600 0.275 1404000000 888.83 356.198 -1541.14 543.151 4.17625e+06 1.66235e+06 3.49281e+13 1.41807e+13 -0.205343 0.0794432 0.315829 0.127324 0.280002 0.109743 0.151728 0.0610895 0.407922 0.136887 12.9673 3.27483 38.4317 14.0375 3053.63 1540.5 3105.02 1556.34 3105.02 1556.34 0.276196 0.100828 
600 0.275 1411200000 888.83 356.198 -1541.14 543.151 4.17625e+06 1.66235e+06 3.49281e+13 1.41807e+13 -0.205343 0.0794432 0.315829 0.127324 0.280002 0.109743 0.151728 0.0610895 0.407922 0.136887 12.9673 3.27483 38.4317 14.0375 3053.63 1540.5 3105.02 1556.34 3105.02 1556.34 0.276196 0.100828 
600 0.275 1418400000 888.83 356.198 -1541.14 543.151 4.17625e+06 1.66235e+06 3.49281e+13 1.41807e+13 -0.205343 0.0794432 0.315829 0.127324 0.280002 0.109743 0.151728 0.0610895 0.407922 0.136887 12.9673 3.27483 38.4317 14.0375 3053.63 1540.5 3105.02 1556.34 3105.02 1556.34 0.276196 0.100828 
600 0.275 1425600000 888.83 356.198 -1541.14 543.151 4.17625e+06 1.66235e+06 3.49281e+13 1.41807e+13 -0.205343 0.0794432 0.315829 0.127324 0.280002 0.109743 0.151728 0.0610895 0.407922 0.136887 12.9673 3.27483 38.4317 14.0375 3053.63 1540.5 3105.02 1556.34 3105.02 1556.34 0.276196 0.100828 
600 0.275 1432800000 888.83 356.198 -1541.14 543.151 4.17625e+06 1.66235e+06 3.49281e+13 1.41807e+13 -0.205343 0.0794432 0.315829 0.127324 0.280002 0.109743 0.151728 0.0610895 0.407922 0.136887 12.9673 3.27483 38.4317 14.0375 3053.63 1540.5 3105.02 1556.34 3105.02 1556.34 0.276196 0.100828 
600 0.275 1440000000 888.83 356.198 -1541.14 543.151 4.17625e+06 1.66235e+06 3.49281e+13 1.41807e+13 -0.205343 0.0794432 0.315829 0.127324 0.280002 0.109743 0.151728 0.0610895 0.407922 0.136887 12.9673 3.27483 38.4317 14.0375 3053.63 1540.5 3105.02 1556.34 3105.02 1556.34 0.276196 0.100828 
600 0.275 1447200000 888.83 356.198 -1541.14 543.151 4.17625e+06 1.66235e+06 3.49281e+13 1.41807e+13 -0.205343 0.0794432 0.315829 0.127324 0.280002 0.109743 0.151728 0.0610895 0.407922 0.136887 12.9673 3.27483 38.4317 14.0375 3053.63 1540.5 3105.02 1556.34 3105.02 1556.34 0.276196 0.100828 
600 0.275 1454400000 888.83 356.198 -1541.14 543.151 4.17625e+06 1.66235e+06 3.49281e+13 1.41807e+13 -0.205343 0.0794432 0.315829 0.127324 0.280002 0.109743 0.151728 0.0610895 0.407922 0.136887 12.9673 3.27483 38.4317 14.0375 3053.63 1540.5 3105.02 1556.34 3105.02 1556.34 0.276196 0.100828 
600 0.275 1461600000 888.83 356.198 -1541.14 543.151 4.17625e+06 1.66235e+06 3.49281e+13 1.41807e+13 -0.205343 0.0794432 0.315829 0.127324 0.280002 0.109743 0.151728 0.0610895 0.407922 0.136887 12.9673 3.27483 38.4317 14.0375 3053.63 1540.5 3105.02 1556.34 3105.02 1556.34 0.276196 0.100828 
600 0.275 1468800000 888.83 356.198 -1541.14 543.151 4.17625e+06 1.66235e+06 3.49281e+13 1.41807e+13 -0.205343 0.0794432 0.315829 0.127324 0.280002 0.109743 0.151728 0.0610895 0.407922 0.136887 12.9673 3.27483 38.4317 14.0375 3053.63 1540.5 3105.02 1556.34 3105.02 1556.34 0.276196 0.100828 
600 0.275 1476000000 888.83 356.198 -1541.14 543.151 4.17625e+06 1.66235e+06 3.49281e+13 1.41807e+13 -0.205343 0.0794432 0.315829 0.127324 0.280002 0.109743 0.151728 0.0610895 0.407922 0.136887 12.9673 3.27483 38.4317 14.0375 3053.63 1540.5 3105.02 1556.34 3105.02 1556.34 0.276196 0.100828 
600 0.275 1483200000 888.83 356.198 -1541.14 543.151 4.17625e+06 1.66235e+06 3.49281e+13 1.41807e+13 -0.205343 0.0794432 0.315829 0.127324 0.280002 0.109743 0.151728 0.0610895 0.407922 0.136887 12.9673 3.27483 38.4317 14.0375 3053.63 1540.5 3105.02 1556.34 3105.02 1556.34 0.276196 0.100828 
600 0.275 1490400000 888.83 356.198 -1541.14 543.151 4.17625e+06 1.66235e+06 3.49281e+13 1.41807e+13 -0.205343 0.0794432 0.315829 0.127324 0.280002 0.109743 0.151728 0.0610895 0.407922 0.136887 12.9673 3.27483 38.4317 14.0375 3053.63 1540.5 3105.02 1556.34 3105.02 1556.34 0.276196 0.100828 
600 0.275 1497600000 888.83 356.198 -1541.14 543.151 4.17625e+06 1.66235e+06 3.49281e+13 1.41807e+13 -0.205343 0.0794432 0.315829 0.127324 0.280002 0.109743 0.151728 0.0610895 0.407922 0.136887 12.9673 3.27483 38.4317 14.0375 3053.63 1540.5 3105.02 1556.34 3105.02 1556.34 0.276196 0.100828 
600 0.275 1504800000 888.83 356.198 -1541.14 543.151 4.17625e+06 1.66235e+06 3.49281e+13 1.41807e+13 -0.205343 0.0794432 0.315829 0.127324 0.280002 0.109743 0.151728 0.0610895 0.407922 0.136887 12.9673 3.27483 38.4317 14.0375 3053.63 1540.5 3105.02 1556.34 3105.02 1556.34 0.276196 0.100828 
600 0.275 1512000000 888.83 356.198 -1541.14 543.151 4.17625e+06 1.66235e+06 3.49281e+13 1.41807e+13 -0.205343 0.0794432 0.315829 0.127324 0.280002 0.109743 0.151728 0.0610895 0.407922 0.136887 12.9673 3.27483 38.4317 14.0375 3053.63 1540.5 3105.02 1556.34 3105.02 1556.34 0.276196 0.100828 
600 0.275 1519200000 820.135 327.948 -1683.6 530.802 4.70904e+06 1.71644e+06 4.13371e+13 1.66386e+13 -0.224304 0.0764143 0.344677 0.12025 0.308818 0.107337 0.171727 0.0635909 0.439849 0.130336 12.3526 3.0054 35.7449 12.8709 2799.76 1381.28 2847.86 1395.99 2847.86 1395.99 0.25371 0.095199 
600 0.275 1526400000 820.135 327.948 -1683.6 530.802 4.70904e+06 1.71644e+06 4.13371e+13 1.66386e+13 -0.224304 0.0764143 0.344677 0.12025 0.308818 0.107337 0.171727 0.0635909 0.439849 0.130336 12.3526 3.0054 35.7449 12.8709 2799.76 1381.28 2847.86 1395.99 2847.86 1395.99 0.25371 0.095199 
600 0.275 1533600000 820.135 327.948 -1683.6 530.802 4.70904e+06 1.71644e+06 4.13371e+13 1.66386e+13 -0.224304 0.0764143 0.344677 0.12025 0.308818 0.107337 0.171727 0.0635909 0.439849 0.130336 12.3526 3.0054 35.7449 12.8709 2799.76 1381.28 2847.86 1395.99 2847.86 1395.99 0.25371 0.095199 
600 0.275 1540800000 820.135 327.948 -1683.6 530.802 4.70904e+06 1.71644e+06 4.13371e+13 1.66386e+13 -0.224304 0.0764143 0.344677 0.12025 0.308818 0.107337 0.171727 0.0635909 0.439849 0.130336 12.3526 3.0054 35.7449 12.8709 2799.76 1381.28 2847.86 1395.99 2847.86 1395.99 0.25371 0.095199 
600 0.275 1548000000 820.135 327.948 -1683.6 530.802 4.70904e+06 1.71644e+06 4.13371e+13 1.66386e+13 -0.224304 0.0764143 0.344677 0.12025 0.308818 0.107337 0.171727 0.0635909 0.439849 0.130336 12.3526 3.0054 35.7449 12.8709 2799.76 1381.28 2847.86 1395.99 2847.86 1395.99 0.25371 0.095199 
600 0.275 1555200000 820.135 327.948 -1683.6 530.802 4.70904e+06 1.71644e+06 4.13371e+13 1.66386e+13 -0.224304 0.0764143 0.344677 0.12025 0.308818 0.107337 0.171727 0.0635909 0.439849 0.130336 12.3526 3.0054 35.7449 12.8709 2799.76 1381.28 2847.86 1395.99 2847.86 1395.99 0.25371 0.095199 
600 0.275 1562400000 820.135 327.948 -1683.6 530.802 4.70904e+06 1.71644e+06 4.13371e+13 1.66386e+13 -0.224304 0.0764143 0.344677 0.12025 0.308818 0.107337 0.171727 0.0635909 0.439849 0.130336 12.3526 3.0054 35.7449 12.8709 2799.76 1381.28 2847.86 1395.99 2847.86 1395.99 0.25371 0.095199 
600 0.275 1569600000 820.135 327.948 -1683.6 530.802 4.70904e+06 1.71644e+06 4.13371e+13 1.66386e+13 -0.224304 0.0764143 0.344677 0.12025 0.308818 0.107337 0.171727 0.0635909 0.439849 0.130336 12.3526 3.0054 35.7449 12.8709 2799.76 1381.28 2847.86 1395.99 2847.86 1395.99 0.25371 0.095199 
600 0.275 1576800000 820.135 327.948 -1683.6 530.802 4.70904e+06 1.71644e+06 4.13371e+13 1.66386e+13 -0.224304 0.0764143 0.344677 0.12025 0.308818 0.107337 0.171727 0.0635909 0.439849 0.130336 12.3526 3.0054 35.7449 12.8709 2799.76 1381.28 2847.86 1395.99 2847.86 1395.99 0.25371 0.095199 
600 0.275 1584000000 820.135 327.948 -1683.6 530.802 4.70904e+06 1.71644e+06 4.13371e+13 1.66386e+13 -0.224304 0.0764143 0.344677 0.12025 0.308818 0.107337 0.171727 0.0635909 0.439849 0.130336 12.3526 3.0054 35.7449 12.8709 2799.76 1381.28 2847.86 1395.99 2847.86 1395.99 0.25371 0.095199 
600 0.275 1591200000 820.135 327.948 -1683.6 530.802 4.70904e+06 1.71644e+06 4.13371e+13 1.66386e+13 -0.224304 0.0764143 0.344677 0.12025 0.308818 0.107337 0.171727 0.0635909 0.439849 0.130336 12.3526 3.0054 35.7449 12.8709 2799.76 1381.28 2847.86 1395.99 2847.86 1395.99 0.25371 0.095199 
600 0.275 1598400000 820.135 327.948 -1683.6 530.802 4.70904e+06 1.71644e+06 4.13371e+13 1.66386e+13 -0.224304 0.0764143 0.344677 0.12025 0.308818 0.107337 0.171727 0.0635909 0.439849 0.130336 12.3526 3.0054 35.7449 12.8709 2799.76 1381.28 2847.86 1395.99 2847.86 1395.99 0.25371 0.095199 
600 0.275 1605600000 820.135 327.948 -1683.6 530.802 4.70904e+06 1.71644e+06 4.13371e+13 1.66386e+13 -0.224304 0.0764143 0.344677 0.12025 0.308818 0.107337 0.171727 0.0635909 0.439849 0.130336 12.3526 3.0054 35.7449 12.8709 2799.76 1381.28 2847.86 1395.99 2847.86 1395.99 0.25371 0.095199 
600 0.275 1612800000 820.135 327.948 -1683.6 530.802 4.70904e+06 1.71644e+06 4.13371e+13 1.66386e+13 -0.224304 0.0764143 0.344677 0.12025 0.308818 0.107337 0.171727 0.0635909 0.439849 0.130336 12.3526 3.0054 35.7449 12.8709 2799.76 1381.28 2847.86 1395.99 2847.86 1395.99 0.25371 0.095199 
600 0.275 1620000000 820.135 327.948 -1683.6 530.802 4.70904e+06 1.71644e+06 4.13371e+13 1.66386e+13 -0.224304 0.0764143 0.344677 0.12025 0.308818 0.107337 0.171727 0.0635909 0.439849 0.130336 12.3526 3.0054 35.7449 12.8709 2799.76 1381.28 2847.86 1395.99 2847.86 1395.99 0.25371 0.095199 
600 0.275 1627200000 820.135 327.948 -1683.6 530.802 4.70904e+06 1.71644e+06 4.13371e+13 1.66386e+13 -0.224304 0.0764143 0.344677 0.12025 0.308818 0.107337 0.171727 0.0635909 0.439849 0.130336 12.3526 3.0054 35.7449 12.8709 2799.76 1381.28 2847.86 1395.99 2847.86 1395.99 0.25371 0.095199 
600 0.275 1634400000 760.933 327.948 -1809.03 530.802 5.19218e+06 1.71644e+06 4.74688e+13 1.66386e+13 -0.24066 0.0764143 0.369778 0.12025 0.33439 0.107337 0.190156 0.0635909 0.467612 0.130336 11.8268 3.0054 33.4656 12.8709 2584.96 1381.28 2630.25 1395.99 2630.25 1395.99 0.234787 0.095199 
600 0.275 1641600000 760.933 327.948 -1809.03 530.802 5.19218e+06 1.71644e+06 4.74688e+13 1.66386e+13 -0.24066 0.0764143 0.369778 0.12025 0.33439 0.107337 0.190156 0.0635909 0.467612 0.130336 11.8268 3.0054 33.4656 12.8709 2584.96 1381.28 2630.25 1395.99 2630.25 1395.99 0.234787 0.095199 
600 0.275 1648800000 760.933 327.948 -1809.03 530.802 5.19218e+06 1.71644e+06 4.74688e+13 1.66386e+13 -0.24066 0.0764143 0.369778 0.12025 0.33439 0.107337 0.190156 0.0635909 0.467612 0.130336 11.8268 3.0054 33.4656 12.8709 2584.96 1381.28 2630.25 1395.99 2630.25 1395.99 0.234787 0.095199 
600 0.275 1656000000 760.933 327.948 -1809.03 530.802 5.19218e+06 1.71644e+06 4.74688e+13 1.66386e+13 -0.24066 0.0764143 0.369778 0.12025 0.33439 0.107337 0.190156 0.0635909 0.467612 0.130336 11.8268 3.0054 33.4656 12.8709 2584.96 1381.28 2630.25 1395.99 2630.25 1395.99 0.234787 0.095199 
600 0.275 1663200000 760.933 327.948 -1809.03 530.802 5.19218e+06 1.71644e+06 4.74688e+13 1.66386e+13 -0.24066 0.0764143 0.369778 0.12025 0.33439 0.107337 0.190156 0.0635909 0.467612 0.130336 11.8268 3.0054 33.4656 12.8709 2584.96 1381.28 2630.25 1395.99 2630.25 1395.99 0.234787 0.095199 
600 0.275 1670400000 760.933 327.948 -1809.03 530.802 5.19218e+06 1.71644e+06 4.74688e+13 1.66386e+13 -0.24066 0.0764143 0.369778 0.12025 0.33439 0.107337 0.190156 0.0635909 0.467612 0.130336 11.8268 3.0054 33.4656 12.8709 2584.96 1381.28 2630.25 1395.99 2630.25 1395.99 0.234787 0.095199 
600 0.275 1677600000 760.933 327.948 -1809.03 530.802 5.19218e+06 1.71644e+06 4.74688e+13 1.66386e+13 -0.24066 0.0764143 0.369778 0.12025 0.33439 0.107337 0.190156 0.0635909 0.467612 0.130336 11.8268 3.0054 33.4656 12.8709 2584.96 1381.28 2630.25 1395.99 2630.25 1395.99 0.234787 0.095199 
600 0.275 1684800000 760.933 327.948 -1809.03 530.802 5.19218e+06 1.71644e+06 4.74688e+13 1.66386e+13 -0.24066 0.0764143 0.369778 0.12025 0.33439 0.107337 0.190156 0.0635909 0.467612 0.130336 11.8268 3.0054 33.4656 12.8709 2584.96 1381.28 2630.25 1395.99 2630.25 1395.99 0.234787 0.095199 
600 0.275 1692000000 760.933 327.948 -1809.03 530.802 5.19218e+06 1.71644e+06 4.74688e+13 1.66386e+13 -0.24066 0.0764143 0.369778 0.12025 0.33439 0.107337 0.190156 0.0635909 0.467612 0.130336 11.8268 3.0054 33.4656 12.8709 2584.96 1381.28 2630.25 1395.99 2630.25 1395.99 0.234787 0.095199 
600 0.275 1699200000 760.933 327.948 -1809.03 530.802 5.19218e+06 1.71644e+06 4.74688e+13 1.66386e+13 -0.24066 0.0764143 0.369778 0.12025 0.33439 0.107337 0.190156 0.0635909 0.467612 0.130336 11.8268 3.0054 33.4656 12.8709 2584.96 1381.28 2630.25 1395.99 2630.25 1395.99 0.234787 0.095199 
600 0.275 1706400000 760.933 327.948 -1809.03 530.802 5.19218e+06 1.71644e+06 4.74688e+13 1.66386e+13 -0.24066 0.0764143 0.369778 0.12025 0.33439 0.107337 0.190156 0.0635909 0.467612 0.130336 11.8268 3.0054 33.4656 12.8709 2584.96 1381.28 2630.25 1395.99 2630.25 1395.99 0.234787 0.095199 
600 0.275 1713600000 760.933 327.948 -1809.03 530.802 5.19218e+06 1.71644e+06 4.74688e+13 1.66386e+13 -0.24066 0.0764143 0.369778 0.12025 0.33439 0.107337 0.190156 0.0635909 0.467612 0.130336 11.8268 3.0054 33.4656 12.8709 2584.96 1381.28 2630.25 1395.99 2630.25 1395.99 0.234787 0.095199 
600 0.275 1720800000 760.933 327.948 -1809.03 530.802 5.19218e+06 1.71644e+06 4.74688e+13 1.66386e+13 -0.24066 0.0764143 0.369778 0.12025 0.33439 0.107337 0.190156 0.0635909 0.467612 0.130336 11.8268 3.0054 33.4656 12.8709 2584.96 1381.28 2630.25 1395.99 2630.25 1395.99 0.234787 0.095199 
600 0.275 1728000000 760.933 327.948 -1809.03 530.802 5.19218e+06 1.71644e+06 4.74688e+13 1.66386e+13 -0.24066 0.0764143 0.369778 0.12025 0.33439 0.107337 0.190156 0.0635909 0.467612 0.130336 11.8268 3.0054 33.4656 12.8709 2584.96 1381.28 2630.25 1395.99 2630.25 1395.99 0.234787 0.095199 
600 0.275 1735200000 760.933 327.948 -1809.03 530.802 5.19218e+06 1.71644e+06 4.74688e+13 1.66386e+13 -0.24066 0.0764143 0.369778 0.12025 0.33439 0.107337 0.190156 0.0635909 0.467612 0.130336 11.8268 3.0054 33.4656 12.8709 2584.96 1381.28 2630.25 1395.99 2630.25 1395.99 0.234787 0.095199 
600 0.275 1742400000 760.933 327.948 -1809.03 530.802 5.19218e+06 1.71644e+06 4.74688e+13 1.66386e+13 -0.24066 0.0764143 0.369778 0.12025 0.33439 0.107337 0.190156 0.0635909 0.467612 0.130336 11.8268 3.0054 33.4656 12.8709 2584.96 1381.28 2630.25 1395.99 2630.25 1395.99 0.234787 0.095199 
600 0.275 1749600000 710.911 298.734 -1918.43 504.25 5.61869e+06 1.69522e+06 5.29897e+13 1.78824e+13 -0.25367 0.0709164 0.392193 0.112067 0.356681 0.102119 0.206436 0.0632737 0.491639 0.121571 11.329 2.74483 31.5549 11.6943 2400.88 1240.21 2443.76 1253.69 2443.76 1253.69 0.219335 0.087586 
600 0.275 1756800000 710.911 298.734 -1918.43 504.25 5.61869e+06 1.69522e+06 5.29897e+13 1.78824e+13 -0.25367 0.0709164 0.392193 0.112067 0.356681 0.102119 0.206436 0.0632737 0.491639 0.121571 11.329 2.74483 31.5549 11.6943 2400.88 1240.21 2443.76 1253.69 2443.76 1253.69 0.219335 0.087586 
600 0.275 1764000000 710.911 298.734 -1918.43 504.25 5.61869e+06 1.69522e+06 5.29897e+13 1.78824e+13 -0.25367 0.0709164 0.392193 0.112067 0.356681 0.102119 0.206436 0.0632737 0.491639 0.121571 11.329 2.74483 31.5549 11.6943 2400.88 1240.21 2443.76 1253.69 2443.76 1253.69 0.219335 0.087586 
600 0.275 1771200000 710.911 298.734 -1918.43 504.25 5.61869e+06 1.69522e+06 5.29897e+13 1.78824e+13 -0.25367 0.0709164 0.392193 0.112067 0.356681 0.102119 0.206436 0.0632737 0.491639 0.121571 11.329 2.74483 31.5549 11.6943 2400.88 1240.21 2443.76 1253.69 2443.76 1253.69 0.219335 0.087586 
600 0.275 1778400000 710.911 298.734 -1918.43 504.25 5.61869e+06 1.69522e+06 5.29897e+13 1.78824e+13 -0.25367 0.0709164 0.392193 0.112067 0.356681 0.102119 0.206436 0.0632737 0.491639 0.121571 11.329 2.74483 31.5549 11.6943 2400.88 1240.21 2443.76 1253.69 2443.76 1253.69 0.219335 0.087586 
600 0.275 1785600000 710.911 298.734 -1918.43 504.25 5.61869e+06 1.69522e+06 5.29897e+13 1.78824e+13 -0.25367 0.0709164 0.392193 0.112067 0.356681 0.102119 0.206436 0.0632737 0.491639 0.121571 11.329 2.74483 31.5549 11.6943 2400.88 1240.21 2443.76 1253.69 2443.76 1253.69 0.219335 0.087586 
600 0.275 1792800000 710.911 298.734 -1918.43 504.25 5.61869e+06 1.69522e+06 5.29897e+13 1.78824e+13 -0.25367 0.0709164 0.392193 0.112067 0.356681 0.102119 0.206436 0.0632737 0.491639 0.121571 11.329 2.74483 31.5549 11.6943 2400.88 1240.21 2443.76 1253.69 2443.76 1253.69 0.219335 0.087586 
600 0.275 1800000000 710.911 298.734 -1918.43 504.25 5.61869e+06 1.69522e+06 5.29897e+13 1.78824e+13 -0.25367 0.0709164 0.392193 0.112067 0.356681 0.102119 0.206436 0.0632737 0.491639 0.121571 11.329 2.74483 31.5549 11.6943 2400.88 1240.21 2443.76 1253.69 2443.76 1253.69 0.219335 0.087586 
600 0.275 1807200000 710.911 298.734 -1918.43 504.25 5.61869e+06 1.69522e+06 5.29897e+13 1.78824e+13 -0.25367 0.0709164 0.392193 0.112067 0.356681 0.102119 0.206436 0.0632737 0.491639 0.121571 11.329 2.74483 31.5549 11.6943 2400.88 1240.21 2443.76 1253.69 2443.76 1253.69 0.219335 0.087586 
600 0.275 1814400000 710.911 298.734 -1918.43 504.25 5.61869e+06 1.69522e+06 5.29897e+13 1.78824e+13 -0.25367 0.0709164 0.392193 0.112067 0.356681 0.102119 0.206436 0.0632737 0.491639 0.121571 11.329 2.74483 31.5549 11.6943 2400.88 1240.21 2443.76 1253.69 2443.76 1253.69 0.219335 0.087586 
600 0.275 1821600000 710.911 298.734 -1918.43 504.25 5.61869e+06 1.69522e+06 5.29897e+13 1.78824e+13 -0.25367 0.0709164 0.392193 0.112067 0.356681 0.102119 0.206436 0.0632737 0.491639 0.121571 11.329 2.74483 31.5549 11.6943 2400.88 1240.21 2443.76 1253.69 2443.76 1253.69 0.219335 0.087586 
600 0.275 1828800000 710.911 298.734 -1918.43 504.25 5.61869e+06 1.69522e+06 5.29897e+13 1.78824e+13 -0.25367 0.0709164 0.392193 0.112067 0.356681 0.102119 0.206436 0.0632737 0.491639 0.121571 11.329 2.74483 31.5549 11.6943 2400.88 1240.21 2443.76 1253.69 2443.76 1253.69 0.219335 0.087586 
600 0.275 1836000000 710.911 298.734 -1918.43 504.25 5.61869e+06 1.69522e+06 5.29897e+13 1.78824e+13 -0.25367 0.0709164 0.392193 0.112067 0.356681 0.102119 0.206436 0.0632737 0.491639 0.121571 11.329 2.74483 31.5549 11.6943 2400.88 1240.21 2443.76 1253.69 2443.76 1253.69 0.219335 0.087586 
600 0.275 1843200000 710.911 298.734 -1918.43 504.25 5.61869e+06 1.69522e+06 5.29897e+13 1.78824e+13 -0.25367 0.0709164 0.392193 0.112067 0.356681 0.102119 0.206436 0.0632737 0.491639 0.121571 11.329 2.74483 31.5549 11.6943 2400.88 1240.21 2443.76 1253.69 2443.76 1253.69 0.219335 0.087586 
600 0.275 1850400000 710.911 298.734 -1918.43 504.25 5.61869e+06 1.69522e+06 5.29897e+13 1.78824e+13 -0.25367 0.0709164 0.392193 0.112067 0.356681 0.102119 0.206436 0.0632737 0.491639 0.121571 11.329 2.74483 31.5549 11.6943 2400.88 1240.21 2443.76 1253.69 2443.76 1253.69 0.219335 0.087586 
600 0.275 1857600000 710.911 298.734 -1918.43 504.25 5.61869e+06 1.69522e+06 5.29897e+13 1.78824e+13 -0.25367 0.0709164 0.392193 0.112067 0.356681 0.102119 0.206436 0.0632737 0.491639 0.121571 11.329 2.74483 31.5549 11.6943 2400.88 1240.21 2443.76 1253.69 2443.76 1253.69 0.219335 0.087586 
600 0.275 1864800000 668.092 298.734 -2008.98 504.25 5.96003e+06 1.69522e+06 5.71513e+13 1.78824e+13 -0.26286 0.0709164 0.412176 0.112067 0.375045 0.102119 0.21932 0.0632737 0.511867 0.121571 10.9196 2.74483 29.8605 11.6943 2241.35 1240.21 2282.13 1253.69 2282.13 1253.69 0.205848 0.087586 
600 0.275 1872000000 668.092 298.734 -2008.98 504.25 5.96003e+06 1.69522e+06 5.71513e+13 1.78824e+13 -0.26286 0.0709164 0.412176 0.112067 0.375045 0.102119 0.21932 0.0632737 0.511867 0.121571 10.9196 2.74483 29.8605 11.6943 2241.35 1240.21 2282.13 1253.69 2282.13 1253.69 0.205848 0.087586 
600 0.275 1879200000 668.092 298.734 -2008.98 504.25 5.96003e+06 1.69522e+06 5.71513e+13 1.78824e+13 -0.26286 0.0709164 0.412176 0.112067 0.375045 0.102119 0.21932 0.0632737 0.511867 0.121571 10.9196 2.74483 29.8605 11.6943 2241.35 1240.21 2282.13 1253.69 2282.13 1253.69 0.205848 0.087586 
600 0.275 1886400000 668.092 298.734 -2008.98 504.25 5.96003e+06 1.69522e+06 5.71513e+13 1.78824e+13 -0.26286 0.0709164 0.412176 0.112067 0.375045 0.102119 0.21932 0.0632737 0.511867 0.121571 10.9196 2.74483 29.8605 11.6943 2241.35 1240.21 2282.13 1253.69 2282.13 1253.69 0.205848 0.087586 
600 0.275 1893600000 668.092 298.734 -2008.98 504.25 5.96003e+06 1.69522e+06 5.71513e+13 1.78824e+13 -0.26286 0.0709164 0.412176 0.112067 0.375045 0.102119 0.21932 0.0632737 0.511867 0.121571 10.9196 2.74483 29.8605 11.6943 2241.35 1240.21 2282.13 1253.69 2282.13 1253.69 0.205848 0.087586 
600 0.275 1900800000 668.092 298.734 -2008.98 504.25 5.96003e+06 1.69522e+06 5.71513e+13 1.78824e+13 -0.26286 0.0709164 0.412176 0.112067 0.375045 0.102119 0.21932 0.0632737 0.511867 0.121571 10.9196 2.74483 29.8605 11.6943 2241.35 1240.21 2282.13 1253.69 2282.13 1253.69 0.205848 0.087586 
600 0.275 1908000000 668.092 298.734 -2008.98 504.25 5.96003e+06 1.69522e+06 5.71513e+13 1.78824e+13 -0.26286 0.0709164 0.412176 0.112067 0.375045 0.102119 0.21932 0.0632737 0.511867 0.121571 10.9196 2.74483 29.8605 11.6943 2241.35 1240.21 2282.13 1253.69 2282.13 1253.69 0.205848 0.087586 
600 0.275 1915200000 668.092 298.734 -2008.98 504.25 5.96003e+06 1.69522e+06 5.71513e+13 1.78824e+13 -0.26286 0.0709164 0.412176 0.112067 0.375045 0.102119 0.21932 0.0632737 0.511867 0.121571 10.9196 2.74483 29.8605 11.6943 2241.35 1240.21 2282.13 1253.69 2282.13 1253.69 0.205848 0.087586 
600 0.275 1922400000 668.092 298.734 -2008.98 504.25 5.96003e+06 1.69522e+06 5.71513e+13 1.78824e+13 -0.26286 0.0709164 0.412176 0.112067 0.375045 0.102119 0.21932 0.0632737 0.511867 0.121571 10.9196 2.74483 29.8605 11.6943 2241.35 1240.21 2282.13 1253.69 2282.13 1253.69 0.205848 0.087586 
600 0.275 1929600000 668.092 298.734 -2008.98 504.25 5.96003e+06 1.69522e+06 5.71513e+13 1.78824e+13 -0.26286 0.0709164 0.412176 0.112067 0.375045 0.102119 0.21932 0.0632737 0.511867 0.121571 10.9196 2.74483 29.8605 11.6943 2241.35 1240.21 2282.13 1253.69 2282.13 1253.69 0.205848 0.087586 
600 0.275 1936800000 668.092 298.734 -2008.98 504.25 5.96003e+06 1.69522e+06 5.71513e+13 1.78824e+13 -0.26286 0.0709164 0.412176 0.112067 0.375045 0.102119 0.21932 0.0632737 0.511867 0.121571 10.9196 2.74483 29.8605 11.6943 2241.35 1240.21 2282.13 1253.69 2282.13 1253.69 0.205848 0.087586 
600 0.275 1944000000 668.092 298.734 -2008.98 504.25 5.96003e+06 1.69522e+06 5.71513e+13 1.78824e+13 -0.26286 0.0709164 0.412176 0.112067 0.375045 0.102119 0.21932 0.0632737 0.511867 0.121571 10.9196 2.74483 29.8605 11.6943 2241.35 1240.21 2282.13 1253.69 2282.13 1253.69 0.205848 0.087586 
600 0.275 1951200000 668.092 298.734 -2008.98 504.25 5.96003e+06 1.69522e+06 5.71513e+13 1.78824e+13 -0.26286 0.0709164 0.412176 0.112067 0.375045 0.102119 0.21932 0.0632737 0.511867 0.121571 10.9196 2.74483 29.8605 11.6943 2241.35 1240.21 2282.13 1253.69 2282.13 1253.69 0.205848 0.087586 
600 0.275 1958400000 668.092 298.734 -2008.98 504.25 5.96003e+06 1.69522e+06 5.71513e+13 1.78824e+13 -0.26286 0.0709164 0.412176 0.112067 0.375045 0.102119 0.21932 0.0632737 0.511867 0.121571 10.9196 2.74483 29.8605 11.6943 2241.35 1240.21 2282.13 1253.69 2282.13 1253.69 0.205848 0.087586 
600 0.275 1965600000 668.092 298.734 -2008.98 504.25 5.96003e+06 1.69522e+06 5.71513e+13 1.78824e+13 -0.26286 0.0709164 0.412176 0.112067 0.375045 0.102119 0.21932 0.0632737 0.511867 0.121571 10.9196 2.74483 29.8605 11.6943 2241.35 1240.21 2282.13 1253.69 2282.13 1253.69 0.205848 0.087586 
600 0.275 1972800000 668.092 298.734 -2008.98 504.25 5.96003e+06 1.69522e+06 5.71513e+13 1.78824e+13 -0.26286 0.0709164 0.412176 0.112067 0.375045 0.102119 0.21932 0.0632737 0.511867 0.121571 10.9196 2.74483 29.8605 11.6943 2241.35 1240.21 2282.13 1253.69 2282.13 1253.69 0.205848 0.087586 
600 0.275 1980000000 628.742 272.459 -2094.8 471.055 6.30302e+06 1.61555e+06 6.17955e+13 1.76828e+13 -0.271392 0.0642282 0.43097 0.104552 0.393352 0.0957118 0.233523 0.0608872 0.530949 0.112551 10.5658 2.50558 28.383 10.654 2101.73 1120.68 2140.68 1133.02 2140.68 1133.02 0.193656 0.0803139 
600 0.275 1987200000 628.742 272.459 -2094.8 471.055 6.30302e+06 1.61555e+06 6.17955e+13 1.76828e+13 -0.271392 0.0642282 0.43097 0.104552 0.393352 0.0957118 0.233523 0.0608872 0.530949 0.112551 10.5658 2.50558 28.383 10.654 2101.73 1120.68 2140.68 1133.02 2140.68 1133.02 0.193656 0.0803139 
600 0.275 1994400000 628.742 272.459 -2094.8 471.055 6.30302e+06 1.61555e+06 6.17955e+13 1.76828e+13 -0.271392 0.0642282 0.43097 0.104552 0.393352 0.0957118 0.233523 0.0608872 0.530949 0.112551 10.5658 2.50558 28.383 10.654 2101.73 1120.68 2140.68 1133.02 2140.68 1133.02 0.193656 0.0803139 
600 0.275 2001600000 628.742 272.459 -2094.8 471.055 6.30302e+06 1.61555e+06 6.17955e+13 1.76828e+13 -0.271392 0.0642282 0.43097 0.104552 0.393352 0.0957118 0.233523 0.0608872 0.530949 0.112551 10.5658 2.50558 28.383 10.654 2101.73 1120.68 2140.68 1133.02 2140.68 1133.02 0.193656 0.0803139 
600 0.275 2008800000 628.742 272.459 -2094.8 471.055 6.30302e+06 1.61555e+06 6.17955e+13 1.76828e+13 -0.271392 0.0642282 0.43097 0.104552 0.393352 0.0957118 0.233523 0.0608872 0.530949 0.112551 10.5658 2.50558 28.383 10.654 2101.73 1120.68 2140.68 1133.02 2140.68 1133.02 0.193656 0.0803139 
600 0.275 2016000000 628.742 272.459 -2094.8 471.055 6.30302e+06 1.61555e+06 6.17955e+13 1.76828e+13 -0.271392 0.0642282 0.43097 0.104552 0.393352 0.0957118 0.233523 0.0608872 0.530949 0.112551 10.5658 2.50558 28.383 10.654 2101.73 1120.68 2140.68 1133.02 2140.68 1133.02 0.193656 0.0803139 
600 0.275 2023200000 628.742 272.459 -2094.8 471.055 6.30302e+06 1.61555e+06 6.17955e+13 1.76828e+13 -0.271392 0.0642282 0.43097 0.104552 0.393352 0.0957118 0.233523 0.0608872 0.530949 0.112551 10.5658 2.50558 28.383 10.654 2101.73 1120.68 2140.68 1133.02 2140.68 1133.02 0.193656 0.0803139 
600 0.275 2030400000 628.742 272.459 -2094.8 471.055 6.30302e+06 1.61555e+06 6.17955e+13 1.76828e+13 -0.271392 0.0642282 0.43097 0.104552 0.393352 0.0957118 0.233523 0.0608872 0.530949 0.112551 10.5658 2.50558 28.383 10.654 2101.73 1120.68 2140.68 1133.02 2140.68 1133.02 0.193656 0.0803139 
600 0.275 2037600000 628.742 272.459 -2094.8 471.055 6.30302e+06 1.61555e+06 6.17955e+13 1.76828e+13 -0.271392 0.0642282 0.43097 0.104552 0.393352 0.0957118 0.233523 0.0608872 0.530949 0.112551 10.5658 2.50558 28.383 10.654 2101.73 1120.68 2140.68 1133.02 2140.68 1133.02 0.193656 0.0803139 
600 0.275 2044800000 628.742 272.459 -2094.8 471.055 6.30302e+06 1.61555e+06 6.17955e+13 1.76828e+13 -0.271392 0.0642282 0.43097 0.104552 0.393352 0.0957118 0.233523 0.0608872 0.530949 0.112551 10.5658 2.50558 28.383 10.654 2101.73 1120.68 2140.68 1133.02 2140.68 1133.02 0.193656 0.0803139 
600 0.275 2052000000 628.742 272.459 -2094.8 471.055 6.30302e+06 1.61555e+06 6.17955e+13 1.76828e+13 -0.271392 0.0642282 0.43097 0.104552 0.393352 0.0957118 0.233523 0.0608872 0.530949 0.112551 10.5658 2.50558 28.383 10.654 2101.73 1120.68 2140.68 1133.02 2140.68 1133.02 0.193656 0.0803139 
600 0.275 2059200000 628.742 272.459 -2094.8 471.055 6.30302e+06 1.61555e+06 6.17955e+13 1.76828e+13 -0.271392 0.0642282 0.43097 0.104552 0.393352 0.0957118 0.233523 0.0608872 0.530949 0.112551 10.5658 2.50558 28.383 10.654 2101.73 1120.68 2140.68 1133.02 2140.68 1133.02 0.193656 0.0803139 
600 0.275 2066400000 628.742 272.459 -2094.8 471.055 6.30302e+06 1.61555e+06 6.17955e+13 1.76828e+13 -0.271392 0.0642282 0.43097 0.104552 0.393352 0.0957118 0.233523 0.0608872 0.530949 0.112551 10.5658 2.50558 28.383 10.654 2101.73 1120.68 2140.68 1133.02 2140.68 1133.02 0.193656 0.0803139 
600 0.275 2073600000 628.742 272.459 -2094.8 471.055 6.30302e+06 1.61555e+06 6.17955e+13 1.76828e+13 -0.271392 0.0642282 0.43097 0.104552 0.393352 0.0957118 0.233523 0.0608872 0.530949 0.112551 10.5658 2.50558 28.383 10.654 2101.73 1120.68 2140.68 1133.02 2140.68 1133.02 0.193656 0.0803139 
600 0.275 2080800000 628.742 272.459 -2094.8 471.055 6.30302e+06 1.61555e+06 6.17955e+13 1.76828e+13 -0.271392 0.0642282 0.43097 0.104552 0.393352 0.0957118 0.233523 0.0608872 0.530949 0.112551 10.5658 2.50558 28.383 10.654 2101.73 1120.68 2140.68 1133.02 2140.68 1133.02 0.193656 0.0803139 
600 0.275 2088000000 628.742 272.459 -2094.8 471.055 6.30302e+06 1.61555e+06 6.17955e+13 1.76828e+13 -0.271392 0.0642282 0.43097 0.104552 0.393352 0.0957118 0.233523 0.0608872 0.530949 0.112551 10.5658 2.50558 28.383 10.654 2101.73 1120.68 2140.68 1133.02 2140.68 1133.02 0.193656 0.0803139 
600 0.275 2095200000 594.926 272.459 -2173.18 471.055 6.62329e+06 1.61555e+06 6.62819e+13 1.76828e+13 -0.278298 0.0642282 0.448297 0.104552 0.410103 0.0957118 0.24684 0.0608872 0.548156 0.112551 10.2278 2.50558 27.0848 10.654 1978.56 1120.68 2015.87 1133.02 2015.87 1133.02 0.183437 0.0803139 
600 0.275 2102400000 594.926 272.459 -2173.18 471.055 6.62329e+06 1.61555e+06 6.62819e+13 1.76828e+13 -0.278298 0.0642282 0.448297 0.104552 0.410103 0.0957118 0.24684 0.0608872 0.548156 0.112551 10.2278 2.50558 27.0848 10.654 1978.56 1120.68 2015.87 1133.02 2015.87 1133.02 0.183437 0.0803139 
600 0.275 2109600000 594.926 272.459 -2173.18 471.055 6.62329e+06 1.61555e+06 6.62819e+13 1.76828e+13 -0.278298 0.0642282 0.448297 0.104552 0.410103 0.0957118 0.24684 0.0608872 0.548156 0.112551 10.2278 2.50558 27.0848 10.654 1978.56 1120.68 2015.87 1133.02 2015.87 1133.02 0.183437 0.0803139 
600 0.275 2116800000 594.926 272.459 -2173.18 471.055 6.62329e+06 1.61555e+06 6.62819e+13 1.76828e+13 -0.278298 0.0642282 0.448297 0.104552 0.410103 0.0957118 0.24684 0.0608872 0.548156 0.112551 10.2278 2.50558 27.0848 10.654 1978.56 1120.68 2015.87 1133.02 2015.87 1133.02 0.183437 0.0803139 
600 0.275 2124000000 594.926 272.459 -2173.18 471.055 6.62329e+06 1.61555e+06 6.62819e+13 1.76828e+13 -0.278298 0.0642282 0.448297 0.104552 0.410103 0.0957118 0.24684 0.0608872 0.548156 0.112551 10.2278 2.50558 27.0848 10.654 1978.56 1120.68 2015.87 1133.02 2015.87 1133.02 0.183437 0.0803139 
600 0.275 2131200000 594.926 272.459 -2173.18 471.055 6.62329e+06 1.61555e+06 6.62819e+13 1.76828e+13 -0.278298 0.0642282 0.448297 0.104552 0.410103 0.0957118 0.24684 0.0608872 0.548156 0.112551 10.2278 2.50558 27.0848 10.654 1978.56 1120.68 2015.87 1133.02 2015.87 1133.02 0.183437 0.0803139 
600 0.275 2138400000 594.926 272.459 -2173.18 471.055 6.62329e+06 1.61555e+06 6.62819e+13 1.76828e+13 -0.278298 0.0642282 0.448297 0.104552 0.410103 0.0957118 0.24684 0.0608872 0.548156 0.112551 10.2278 2.50558 27.0848 10.654 1978.56 1120.68 2015.87 1133.02 2015.87 1133.02 0.183437 0.0803139 
600 0.275 2145600000 594.926 272.459 -2173.18 471.055 6.62329e+06 1.61555e+06 6.62819e+13 1.76828e+13 -0.278298 0.0642282 0.448297 0.104552 0.410103 0.0957118 0.24684 0.0608872 0.548156 0.112551 10.2278 2.50558 27.0848 10.654 1978.56 1120.68 2015.87 1133.02 2015.87 1133.02 0.183437 0.0803139 
600 0.275 2152800000 594.926 272.459 -2173.18 471.055 6.62329e+06 1.61555e+06 6.62819e+13 1.76828e+13 -0.278298 0.0642282 0.448297 0.104552 0.410103 0.0957118 0.24684 0.0608872 0.548156 0.112551 10.2278 2.50558 27.0848 10.654 1978.56 1120.68 2015.87 1133.02 2015.87 1133.02 0.183437 0.0803139 
600 0.275 2160000000 594.926 272.459 -2173.18 471.055 6.62329e+06 1.61555e+06 6.62819e+13 1.76828e+13 -0.278298 0.0642282 0.448297 0.104552 0.410103 0.0957118 0.24684 0.0608872 0.548156 0.112551 10.2278 2.50558 27.0848 10.654 1978.56 1120.68 2015.87 1133.02 2015.87 1133.02 0.183437 0.0803139 
600 0.275 2167200000 594.926 272.459 -2173.18 471.055 6.62329e+06 1.61555e+06 6.62819e+13 1.76828e+13 -0.278298 0.0642282 0.448297 0.104552 0.410103 0.0957118 0.24684 0.0608872 0.548156 0.112551 10.2278 2.50558 27.0848 10.654 1978.56 1120.68 2015.87 1133.02 2015.87 1133.02 0.183437 0.0803139 
600 0.275 2174400000 594.926 272.459 -2173.18 471.055 6.62329e+06 1.61555e+06 6.62819e+13 1.76828e+13 -0.278298 0.0642282 0.448297 0.104552 0.410103 0.0957118 0.24684 0.0608872 0.548156 0.112551 10.2278 2.50558 27.0848 10.654 1978.56 1120.68 2015.87 1133.02 2015.87 1133.02 0.183437 0.0803139 
600 0.275 2181600000 594.926 272.459 -2173.18 471.055 6.62329e+06 1.61555e+06 6.62819e+13 1.76828e+13 -0.278298 0.0642282 0.448297 0.104552 0.410103 0.0957118 0.24684 0.0608872 0.548156 0.112551 10.2278 2.50558 27.0848 10.654 1978.56 1120.68 2015.87 1133.02 2015.87 1133.02 0.183437 0.0803139 
600 0.275 2188800000 594.926 272.459 -2173.18 471.055 6.62329e+06 1.61555e+06 6.62819e+13 1.76828e+13 -0.278298 0.0642282 0.448297 0.104552 0.410103 0.0957118 0.24684 0.0608872 0.548156 0.112551 10.2278 2.50558 27.0848 10.654 1978.56 1120.68 2015.87 1133.02 2015.87 1133.02 0.183437 0.0803139 
600 0.275 2196000000 594.926 272.459 -2173.18 471.055 6.62329e+06 1.61555e+06 6.62819e+13 1.76828e+13 -0.278298 0.0642282 0.448297 0.104552 0.410103 0.0957118 0.24684 0.0608872 0.548156 0.112551 10.2278 2.50558 27.0848 10.654 1978.56 1120.68 2015.87 1133.02 2015.87 1133.02 0.183437 0.0803139 
600 0.275 2203200000 594.926 272.459 -2173.18 471.055 6.62329e+06 1.61555e+06 6.62819e+13 1.76828e+13 -0.278298 0.0642282 0.448297 0.104552 0.410103 0.0957118 0.24684 0.0608872 0.548156 0.112551 10.2278 2.50558 27.0848 10.654 1978.56 1120.68 2015.87 1133.02 2015.87 1133.02 0.183437 0.0803139 
600 0.275 2210400000 564.924 249.548 -2241.69 441.024 6.90009e+06 1.54244e+06 7.00902e+13 1.7556e+13 -0.285242 0.058566 0.462836 0.0976708 0.42442 0.0899782 0.257914 0.0588045 0.5631 0.104536 9.93087 2.30623 25.9178 9.75128 1869.09 1020.03 1904.93 1031.36 1904.93 1031.36 0.174525 0.0736334 
600 0.275 2217600000 564.924 249.548 -2241.69 441.024 6.90009e+06 1.54244e+06 7.00902e+13 1.7556e+13 -0.285242 0.058566 0.462836 0.0976708 0.42442 0.0899782 0.257914 0.0588045 0.5631 0.104536 9.93087 2.30623 25.9178 9.75128 1869.09 1020.03 1904.93 1031.36 1904.93 1031.36 0.174525 0.0736334 
600 0.275 2224800000 564.924 249.548 -2241.69 441.024 6.90009e+06 1.54244e+06 7.00902e+13 1.7556e+13 -0.285242 0.058566 0.462836 0.0976708 0.42442 0.0899782 0.257914 0.0588045 0.5631 0.104536 9.93087 2.30623 25.9178 9.75128 1869.09 1020.03 1904.93 1031.36 1904.93 1031.36 0.174525 0.0736334 
600 0.275 2232000000 564.924 249.548 -2241.69 441.024 6.90009e+06 1.54244e+06 7.00902e+13 1.7556e+13 -0.285242 0.058566 0.462836 0.0976708 0.42442 0.0899782 0.257914 0.0588045 0.5631 0.104536 9.93087 2.30623 25.9178 9.75128 1869.09 1020.03 1904.93 1031.36 1904.93 1031.36 0.174525 0.0736334 
600 0.275 2239200000 564.924 249.548 -2241.69 441.024 6.90009e+06 1.54244e+06 7.00902e+13 1.7556e+13 -0.285242 0.058566 0.462836 0.0976708 0.42442 0.0899782 0.257914 0.0588045 0.5631 0.104536 9.93087 2.30623 25.9178 9.75128 1869.09 1020.03 1904.93 1031.36 1904.93 1031.36 0.174525 0.0736334 
600 0.275 2246400000 564.924 249.548 -2241.69 441.024 6.90009e+06 1.54244e+06 7.00902e+13 1.7556e+13 -0.285242 0.058566 0.462836 0.0976708 0.42442 0.0899782 0.257914 0.0588045 0.5631 0.104536 9.93087 2.30623 25.9178 9.75128 1869.09 1020.03 1904.93 1031.36 1904.93 1031.36 0.174525 0.0736334 
600 0.275 2253600000 564.924 249.548 -2241.69 441.024 6.90009e+06 1.54244e+06 7.00902e+13 1.7556e+13 -0.285242 0.058566 0.462836 0.0976708 0.42442 0.0899782 0.257914 0.0588045 0.5631 0.104536 9.93087 2.30623 25.9178 9.75128 1869.09 1020.03 1904.93 1031.36 1904.93 1031.36 0.174525 0.0736334 
600 0.275 2260800000 564.924 249.548 -2241.69 441.024 6.90009e+06 1.54244e+06 7.00902e+13 1.7556e+13 -0.285242 0.058566 0.462836 0.0976708 0.42442 0.0899782 0.257914 0.0588045 0.5631 0.104536 9.93087 2.30623 25.9178 9.75128 1869.09 1020.03 1904.93 1031.36 1904.93 1031.36 0.174525 0.0736334 
600 0.275 2268000000 564.924 249.548 -2241.69 441.024 6.90009e+06 1.54244e+06 7.00902e+13 1.7556e+13 -0.285242 0.058566 0.462836 0.0976708 0.42442 0.0899782 0.257914 0.0588045 0.5631 0.104536 9.93087 2.30623 25.9178 9.75128 1869.09 1020.03 1904.93 1031.36 1904.93 1031.36 0.174525 0.0736334 
600 0.275 2275200000 564.924 249.548 -2241.69 441.024 6.90009e+06 1.54244e+06 7.00902e+13 1.7556e+13 -0.285242 0.058566 0.462836 0.0976708 0.42442 0.0899782 0.257914 0.0588045 0.5631 0.104536 9.93087 2.30623 25.9178 9.75128 1869.09 1020.03 1904.93 1031.36 1904.93 1031.36 0.174525 0.0736334 
600 0.275 2282400000 564.924 249.548 -2241.69 441.024 6.90009e+06 1.54244e+06 7.00902e+13 1.7556e+13 -0.285242 0.058566 0.462836 0.0976708 0.42442 0.0899782 0.257914 0.0588045 0.5631 0.104536 9.93087 2.30623 25.9178 9.75128 1869.09 1020.03 1904.93 1031.36 1904.93 1031.36 0.174525 0.0736334 
600 0.275 2289600000 564.924 249.548 -2241.69 441.024 6.90009e+06 1.54244e+06 7.00902e+13 1.7556e+13 -0.285242 0.058566 0.462836 0.0976708 0.42442 0.0899782 0.257914 0.0588045 0.5631 0.104536 9.93087 2.30623 25.9178 9.75128 1869.09 1020.03 1904.93 1031.36 1904.93 1031.36 0.174525 0.0736334 
600 0.275 2296800000 564.924 249.548 -2241.69 441.024 6.90009e+06 1.54244e+06 7.00902e+13 1.7556e+13 -0.285242 0.058566 0.462836 0.0976708 0.42442 0.0899782 0.257914 0.0588045 0.5631 0.104536 9.93087 2.30623 25.9178 9.75128 1869.09 1020.03 1904.93 1031.36 1904.93 1031.36 0.174525 0.0736334 
600 0.275 2304000000 564.924 249.548 -2241.69 441.024 6.90009e+06 1.54244e+06 7.00902e+13 1.7556e+13 -0.285242 0.058566 0.462836 0.0976708 0.42442 0.0899782 0.257914 0.0588045 0.5631 0.104536 9.93087 2.30623 25.9178 9.75128 1869.09 1020.03 1904.93 1031.36 1904.93 1031.36 0.174525 0.0736334 
