L J MC_steps R2 R2_std E E_std E2 E2_std E4 E4_std Sin1 Sin1_std Cos1 Cos1_std Mag2 Mag2_std Mag4 Mag4_std Mag1 Mag1_std eig1 eig1_std eig2 eig2_std eig3 eig3_std R_g_2_trace R_g_2_trace_std R_g_2_direct R_g_2_direct_std asphericity asphericity_std
400 0.2725 64000000 689 0 -132.793 0 17634 0 3.10956e+08 0 0.029656 0 0.0223504 0 0.00137902 0 1.90169e-06 0 0.0371351 0 8.14004 0 29.3273 0 90.0037 0 127.471 0 127.471 0 0.333321 0 
400 0.2725 67200000 1319 445.477 -134.638 1.30496 18130.9 351.395 3.28977e+08 1.27422e+07 0.0186719 0.00776694 0.00395194 0.0130097 0.000823411 0.000392873 9.86705e-07 6.46993e-07 0.0267499 0.00734345 6.97005 0.827308 31.8972 1.81716 152.617 44.2739 191.484 45.2638 191.484 45.2638 0.46292 0.0916403 
400 0.2725 70400000 1591.67 371.167 -128.095 5.4129 16496.3 1355.08 2.77636e+08 4.27719e+07 0.0206308 0.00541936 -0.00590448 0.0118317 0.000968567 0.000287483 1.18606e-06 4.61021e-07 0.0296602 0.00544184 8.56756 1.41618 28.0372 3.37646 225.093 66.1291 261.698 64.786 261.698 64.786 0.567057 0.1047 
400 0.2725 73600000 1440 307.806 -121.854 6.75986 15031.2 1625.67 2.36507e+08 4.79346e+07 0.0345554 0.0127256 -0.0255692 0.0192034 0.00397071 0.00260885 4.2991e-05 3.62058e-05 0.0507244 0.0186932 7.87589 1.2194 28.5031 2.56428 216.337 50.1731 252.716 49.2081 252.716 49.2081 0.572897 0.0786877 
400 0.2725 76800000 1216.2 317.342 -112.964 9.6159 13223.3 2075.13 1.96386e+08 5.25198e+07 0.0104045 0.02388 -0.02467 0.0153837 0.00475144 0.00220081 4.67939e-05 2.91637e-05 0.0583271 0.016428 9.83537 2.00582 28.8656 2.0769 186.38 48.2604 225.081 46.4833 225.081 46.4833 0.487752 0.098805 
400 0.2725 80000000 1239.67 265.318 -110.796 8.25402 12684.6 1797.83 1.80292e+08 4.61663e+07 0.0139562 0.0201624 -0.0132534 0.0165216 0.00444734 0.00185489 4.04227e-05 2.49893e-05 0.0576226 0.0137051 9.08399 1.80677 29.4725 1.81724 183.446 40.3061 222.002 38.8379 222.002 38.8379 0.496305 0.0827069 
400 0.2725 83200000 1183.29 233.329 -113.034 7.37201 13157.2 1601.9 1.91074e+08 4.08106e+07 0.00103838 0.0210167 0.00637417 0.023038 0.00684887 0.00273336 9.92057e-05 5.84859e-05 0.0702196 0.0165533 9.03023 1.54946 31.5681 2.48808 171.659 36.2306 212.257 34.4906 212.257 34.4906 0.464629 0.076718 
400 0.2725 86400000 1089 222.398 -113.979 6.51073 13330.3 1410.98 1.93623e+08 3.57888e+07 -0.0129683 0.0225797 0.0188462 0.0232908 0.00894179 0.00309079 0.000156379 7.40211e-05 0.0806419 0.0174595 9.01713 1.35584 32.8766 2.49754 155.963 34.9364 197.857 33.0489 197.857 33.0489 0.423101 0.0775581 
400 0.2725 89600000 1216.33 231.285 -107.888 8.15268 12238.1 1622.78 1.73471e+08 3.70542e+07 -0.0075197 0.0207178 0.0132513 0.0213644 0.00820312 0.00283426 0.000139588 6.76741e-05 0.0770031 0.0158942 9.43365 1.26755 33.8321 2.39584 157.543 31.0903 200.808 29.5083 200.808 29.5083 0.422603 0.0689422 
400 0.2725 92800000 1460.4 363.387 -110.038 7.72674 12688.4 1618.6 1.84152e+08 3.99941e+07 -0.00240549 0.0236484 0.00551191 0.0272571 0.00798453 0.00335799 0.00012925 8.47678e-05 0.0770598 0.0179447 9.34102 1.14418 33.7221 2.69839 176.74 35.9493 219.803 34.5182 219.803 34.5182 0.451475 0.0747789 
400 0.2725 96000000 1332.09 363.387 -112.233 7.72674 13171.8 1618.6 1.96883e+08 3.99941e+07 -0.00459559 0.0236484 -0.00218888 0.0272571 0.00789268 0.00335799 0.000121922 8.47678e-05 0.0776464 0.0179447 9.67581 1.08804 33.8103 2.69839 165.966 35.9493 209.452 34.5182 209.452 34.5182 0.42285 0.0747789 
400 0.2725 99200000 1260.67 353.477 -112.543 6.83286 13194.5 1425.75 1.95538e+08 3.49116e+07 -0.00166938 0.0197184 0.002584 0.022871 0.00756544 0.00282436 0.000113072 7.21671e-05 0.0764237 0.0149652 9.35694 1.04305 33.3793 2.27034 157.747 34.6132 200.483 33.7414 200.483 33.7414 0.410914 0.0724866 
400 0.2725 102400000 1288.69 353.477 -110.217 6.83286 12700.6 1425.75 1.84026e+08 3.49116e+07 6.18088e-05 0.0197184 0.00328818 0.022871 0.00702748 0.00282436 0.0001044 7.21671e-05 0.0723846 0.0149652 9.64039 1.00059 34.1088 2.27034 155.828 34.6132 199.577 33.7414 199.577 33.7414 0.404492 0.0724866 
400 0.2725 105600000 1260.14 302.98 -106.784 7.92001 12069.4 1605.75 1.71948e+08 3.70467e+07 0.000690518 0.0170422 -0.000373413 0.019794 0.00669552 0.00255133 9.73473e-05 6.35477e-05 0.070699 0.0138791 10.6906 1.37385 506.5 455.211 925.874 742.495 1443.06 1198.52 1443.06 1198.52 0.396487 0.0635508 
400 0.2725 108800000 1269.67 302.98 -109.662 7.92001 12763.9 1605.75 1.94196e+08 3.70467e+07 -0.00367951 0.0170422 0.0148882 0.0214292 0.010012 0.00367875 0.000303238 0.000203521 0.0818241 0.01487 10.9085 1.3345 478.439 438.029 1170 732.029 1659.35 1150.77 1659.35 1150.77 0.432553 0.0635508 
400 0.2725 112000000 1236.88 266 -112.378 8.68374 13431.5 1896.7 2.16413e+08 5.27331e+07 -0.00691905 0.0165237 0.0150951 0.0225685 0.00959951 0.00351606 0.000285013 0.000191615 0.0803613 0.0151384 12.7083 2.21937 453.889 399.826 2174.11 1323.33 2640.71 1506.3 2640.71 1506.3 0.466672 0.086037 
400 0.2725 115200000 1211.24 266 -113.486 8.68374 13654.2 1896.7 2.2112e+08 5.27331e+07 -0.00165703 0.0165237 0.0213345 0.0225685 0.0102991 0.00351606 0.000295421 0.000184141 0.0842579 0.0151384 12.3759 2.21937 428.152 386.422 2052.58 1323.33 2493.11 1506.3 2493.11 1506.3 0.471048 0.086037 
400 0.2725 118400000 1200.22 238.956 -114.568 7.9902 13877.7 1737.65 2.26197e+08 4.77729e+07 -0.00613847 0.0147061 0.0232706 0.0214908 0.0102788 0.00319033 0.000284491 0.000170922 0.0851141 0.0141829 12.3621 1.99959 409.598 356.639 2116.91 1177.53 2538.87 1342.38 2538.87 1342.38 0.495246 0.0810833 
400 0.2725 121600000 1314.16 238.956 -113.145 7.9902 13550.5 1737.65 2.17382e+08 4.77729e+07 -0.00392074 0.0147061 0.0219301 0.0214908 0.00980629 0.00319033 0.000269607 0.000163682 0.0825326 0.0141829 12.1464 1.99959 399.396 346.015 2834.52 1227.51 3246.06 1392.61 3246.06 1392.61 0.519627 0.0810833 
400 0.2725 124800000 1321 243.679 -117.161 7.60011 14744.2 1766.78 2.76541e+08 6.6701e+07 0.00545348 0.0186283 0.0148766 0.0209169 0.0117105 0.00341807 0.0003708 0.000183251 0.0893479 0.0136518 11.9255 2.4522 380.391 321.647 2705.36 1475.68 3097.68 1739.41 3097.68 1739.41 0.530209 0.0809485 
400 0.2725 128000000 1321 243.679 -117.161 7.60011 14744.2 1766.78 2.76541e+08 6.42626e+07 0.00545348 0.0186283 0.0148766 0.0209169 0.0117105 0.00326128 0.0003708 0.000175138 0.0893479 0.0133816 11.9255 2.4522 380.391 312.644 2705.36 1475.68 3097.68 1739.41 3097.68 1739.41 0.530209 0.0809485 
400 0.2725 131200000 1366.27 225.693 -117.531 6.91819 14739.9 1606.17 2.71038e+08 6.07508e+07 0.00319723 0.0186283 0.0209621 0.0198809 0.0116913 0.00311817 0.000350593 0.000167255 0.0908179 0.0125108 11.4117 2.4522 349.159 298.665 3343.53 1475.68 3704.1 1739.41 3704.1 1739.41 0.548178 0.0809485 
400 0.2725 134400000 1366.27 225.693 -117.531 6.91819 14739.9 1606.17 2.71038e+08 5.86556e+07 0.00319723 0.0186283 0.0209621 0.0198809 0.0116913 0.00300274 0.000350593 0.000159993 0.0908179 0.0122456 11.4117 2.4522 349.159 298.665 3343.53 1475.68 3704.1 1739.41 3704.1 1739.41 0.548178 0.0809485 
400 0.2725 137600000 1304.33 215.217 -117.11 6.35444 14580.6 1480.2 2.62904e+08 5.61405e+07 0.0020041 0.0158397 0.0269262 0.0190978 0.0116411 0.00290483 0.000338029 0.000153979 0.0911289 0.011791 11.8828 2.04387 322.706 269.33 3303.96 1345.67 3638.55 1531.29 3638.55 1531.29 0.556488 0.0715956 
400 0.2725 140800000 1304.33 215.217 -117.11 6.35444 14580.6 1480.2 2.62904e+08 5.44142e+07 0.0020041 0.0158397 0.0269262 0.0190978 0.0116411 0.00279346 0.000338029 0.00014786 0.0911289 0.0114006 11.8828 2.04387 322.706 263.184 3303.96 1345.67 3638.55 1531.29 3638.55 1531.29 0.556488 0.0715956 
400 0.2725 144000000 1252.23 204.872 -115.979 5.96549 14274.1 1397.73 2.51667e+08 5.24392e+07 0.00832736 0.0158397 0.0241152 0.0180795 0.011434 0.00271101 0.000321825 0.000142718 0.0907073 0.0111047 11.8586 2.04387 306.017 254.397 4143.3 1345.67 4461.18 1531.29 4461.18 1531.29 0.588712 0.0715956 
400 0.2725 147200000 1252.23 204.872 -115.979 5.96549 14274.1 1458.81 2.51667e+08 5.78725e+07 0.00832736 0.0158397 0.0241152 0.0180795 0.011434 0.00263495 0.000321825 0.000137921 0.0907073 0.0108509 11.8586 2.04387 306.017 254.397 4143.3 1345.67 4461.18 1531.29 4461.18 1531.29 0.588712 0.0715956 
400 0.2725 150400000 1250.14 190.248 -119.518 6.50505 15224.8 1588.66 2.89487e+08 5.99773e+07 0.00724764 0.0144187 0.0235155 0.0165706 0.0107318 0.00256244 0.000299021 0.000133431 0.0870881 0.0106023 11.5078 1.78596 287.556 231.439 3861.67 1263.73 4160.73 1398.74 4160.73 1398.74 0.57796 0.0666323 
400 0.2725 153600000 1250.14 190.248 -119.518 6.50505 15224.8 1588.66 2.89487e+08 5.99773e+07 0.00724764 0.0144187 0.0235155 0.0165706 0.0107318 0.00249936 0.000299021 0.000129228 0.0870881 0.0105137 11.5078 1.78596 287.556 226.776 3861.67 1263.73 4160.73 1398.74 4160.73 1398.74 0.57796 0.0666323 
400 0.2725 156800000 1288.87 181.463 -117.929 6.26255 14860.8 1523.88 2.78035e+08 5.70617e+07 0.0070728 0.0144187 0.016523 0.0168769 0.0108305 0.00245794 0.000298544 0.000125294 0.0870074 0.0104247 11.3508 1.78596 270.933 220.47 3616.86 1263.73 3899.14 1398.74 3899.14 1398.74 0.572316 0.0645071 
400 0.2725 160000000 1288.87 181.463 -117.929 6.26255 14860.8 1523.88 2.78035e+08 5.70617e+07 0.0070728 0.0144187 0.016523 0.0168769 0.0108305 0.00240264 0.000298544 0.000121621 0.0870074 0.0103611 11.3508 1.78596 270.933 220.47 3616.86 1263.73 3899.14 1398.74 3899.14 1398.74 0.572316 0.0645071 
400 0.2725 163200000 1362.88 184.598 -117.653 5.87722 14749.8 1432.67 2.72005e+08 5.3813e+07 0.00719723 0.0126164 0.0158339 0.0158361 0.0101934 0.00234534 0.000279925 0.000118152 0.0830061 0.0101602 11.5851 1.56438 261.479 202.901 3813.31 1143.37 4086.37 1225.87 4086.37 1225.87 0.572459 0.058527 
400 0.2725 166400000 1362.88 184.598 -117.653 5.87722 14749.8 1432.67 2.72005e+08 5.3813e+07 0.00719723 0.0126164 0.0158339 0.0158361 0.0101934 0.00228405 0.000279925 0.000114855 0.0830061 0.0098856 11.5851 1.56438 261.479 199.21 3813.31 1143.37 4086.37 1225.87 4086.37 1225.87 0.572459 0.058527 
400 0.2725 169600000 1306.47 182.153 -119.163 5.72231 15247.9 1432.37 3.0064e+08 5.88257e+07 0.00925736 0.0126164 0.0156914 0.0155926 0.0100548 0.00221812 0.000268381 0.000111526 0.0830616 0.00963381 11.8582 1.56438 323.378 202.879 4017.65 1106.69 4352.88 1225.87 4352.88 1225.87 0.559394 0.0566777 
400 0.2725 172800000 1306.47 182.153 -119.163 5.72231 15247.9 1432.37 3.0064e+08 5.77655e+07 0.00925736 0.0126164 0.0156914 0.0155926 0.0100548 0.00216536 0.000268381 0.000108591 0.0830616 0.00940611 11.8582 1.56438 323.378 197.238 4017.65 1106.69 4352.88 1225.87 4352.88 1225.87 0.559394 0.0566777 
400 0.2725 176000000 1364.83 181.142 -118.253 5.4764 15029 1369.43 2.92789e+08 5.60411e+07 0.0121034 0.0121311 0.0131861 0.0142862 0.00981691 0.00210531 0.000255935 0.000105688 0.0824716 0.00915203 11.8077 1.4063 307.048 191.937 3806.42 1053.62 4125.28 1112.87 4125.28 1112.87 0.561748 0.0534326 
400 0.2725 179200000 1364.83 181.142 -118.253 5.4764 15029 1369.43 2.92789e+08 5.50872e+07 0.0121034 0.0121311 0.0131861 0.0142862 0.00981691 0.00205704 0.000255935 0.000103044 0.0824716 0.00894042 11.8077 1.4063 307.048 186.886 3806.42 1053.62 4125.28 1104.19 4125.28 1104.19 0.561748 0.0534326 
400 0.2725 182400000 1343.05 172.913 -117.069 5.31445 14732.2 1329.12 2.82443e+08 5.36035e+07 0.0103895 0.0121311 0.0126973 0.0140831 0.00938395 0.00201711 0.00024267 0.000100541 0.0800546 0.00884845 11.6223 1.4063 292.852 182.098 3613.14 1015.74 3917.61 1090.28 3917.61 1090.28 0.553236 0.0513824 
400 0.2725 185600000 1343.05 172.913 -117.069 5.31445 14732.2 1329.12 2.82443e+08 5.31506e+07 0.0103895 0.0121311 0.0126973 0.0140831 0.00938395 0.00196539 0.00024267 9.80388e-05 0.0800546 0.00863279 11.6223 1.4063 292.852 178.101 3613.14 1015.74 3917.61 1090.28 3917.61 1090.28 0.553236 0.0513824 
400 0.2725 188800000 1319.15 165.911 -117.694 5.08537 14835.7 1266.68 2.82475e+08 5.09346e+07 0.0110182 0.0109664 0.0153273 0.0131184 0.0092023 0.0019249 0.000232891 9.57633e-05 0.0796078 0.00846299 11.5479 1.28944 279.554 173.235 3493.88 971.93 3784.98 1033 3784.98 1033 0.561269 0.0493541 
400 0.2725 192000000 1319.15 165.911 -117.694 5.08537 14835.7 1266.68 2.82475e+08 5.04931e+07 0.0110182 0.0109664 0.0153273 0.0131184 0.0092023 0.00190033 0.000232891 9.35774e-05 0.0796078 0.00840941 11.5479 1.28944 279.554 169.102 3493.88 971.93 3784.98 1033 3784.98 1033 0.561269 0.0493541 
400 0.2725 195200000 1319.15 160.341 -117.694 5.12798 14835.7 1254.01 2.82475e+08 4.9747e+07 0.0110182 0.0109664 0.0153273 0.0128365 0.0092023 0.00186471 0.000232891 9.15181e-05 0.0796078 0.00829104 11.5479 1.28944 279.554 165.145 3493.88 976.019 3784.98 1033 3784.98 1033 0.561269 0.0508076 
400 0.2725 198400000 1319.15 160.341 -117.694 5.07022 14835.7 1238.85 2.82475e+08 4.88977e+07 0.0110182 0.0109664 0.0153273 0.0128365 0.0092023 0.00182704 0.000232891 8.93901e-05 0.0796078 0.00829104 11.5479 1.28944 279.554 162.4 3493.88 976.019 3784.98 1033 3784.98 1033 0.561269 0.0508076 
400 0.2725 201600000 1260.73 155.929 -118.65 5.0317 15191.7 1229.71 2.97324e+08 4.83013e+07 0.00395534 0.0120307 0.0163357 0.0119462 0.0092638 0.0017951 0.000227603 8.75131e-05 0.0801788 0.00829104 11.379 1.18323 257.812 157.83 3643.59 945.906 3912.78 986.206 3912.78 986.206 0.578211 0.0485765 
400 0.2725 204800000 1260.73 155.929 -118.65 4.95294 15191.7 1218.77 2.97324e+08 4.7583e+07 0.00395534 0.0120307 0.0163357 0.0119462 0.0092638 0.00176536 0.000227603 8.57138e-05 0.0801788 0.00829104 11.379 1.18323 257.812 154.415 3643.59 945.906 3912.78 986.206 3912.78 986.206 0.578211 0.0485765 
400 0.2725 208000000 1260.73 149.214 -118.65 4.81473 15191.7 1177.26 2.97324e+08 4.63118e+07 0.00395534 0.0120307 0.0163357 0.0117091 0.0092638 0.0017375 0.000227603 8.39869e-05 0.0801788 0.00829104 11.379 1.18323 257.812 151.119 3643.59 917.08 3912.78 956.685 3912.78 956.685 0.578211 0.0480682 
400 0.2725 211200000 1260.73 149.214 -118.65 4.7377 15191.7 1167.03 2.97324e+08 4.57226e+07 0.00395534 0.0120307 0.0163357 0.0117091 0.0092638 0.00170214 0.000227603 8.2296e-05 0.0801788 0.00829104 11.379 1.18323 257.812 149.084 3643.59 917.08 3912.78 956.685 3912.78 956.685 0.578211 0.0480682 
400 0.2725 214400000 1261.83 143.035 -119.383 4.77596 15347.1 1177.76 3.02115e+08 4.65022e+07 0.00624464 0.0112439 0.0121048 0.0114723 0.0089167 0.00167034 0.00021343 8.0582e-05 0.0783302 0.00761178 11.3818 1.08463 238.915 144.962 3351.39 889.36 3601.69 928.231 3601.69 928.231 0.564253 0.0455216 
400 0.2725 217600000 1261.83 143.035 -119.383 4.69426 15347.1 1158.64 3.02115e+08 4.57332e+07 0.00624464 0.0112439 0.0121048 0.0114723 0.0089167 0.00164329 0.00021343 7.90529e-05 0.0783302 0.00750214 11.3818 1.08463 238.915 142.07 3351.39 889.36 3601.69 928.231 3601.69 928.231 0.564253 0.0455216 
400 0.2725 220800000 1261.83 138.406 -119.383 4.6297 15347.1 1141.39 3.02115e+08 4.49134e+07 0.00624464 0.0112439 0.0121048 0.0114723 0.0089167 0.00161526 0.00021343 7.75761e-05 0.0783302 0.00737287 11.3818 1.08463 238.915 139.287 3351.39 863.428 3601.69 917.724 3601.69 917.724 0.564253 0.0453766 
400 0.2725 224000000 1261.83 138.406 -119.383 4.54146 15347.1 1120.4 3.02115e+08 4.4123e+07 0.00624464 0.0112439 0.0121048 0.0114723 0.0089167 0.00158894 0.00021343 7.61554e-05 0.0783302 0.00725674 11.3818 1.08463 238.915 137.853 3351.39 863.428 3601.69 917.724 3601.69 917.724 0.564253 0.0453766 
400 0.2725 227200000 1267.85 135.101 -118.614 4.51604 15129.8 1111.74 2.93181e+08 4.35497e+07 0.00464364 0.0104923 0.0115483 0.0106033 0.00856993 0.00155968 0.00019994 7.46998e-05 0.0769147 0.0071442 11.3431 1.00188 222.849 134.034 3102.49 838.186 3336.68 884.567 3336.68 884.567 0.548478 0.0437515 
400 0.2725 230400000 1267.85 135.101 -118.614 4.4322 15129.8 1091.71 2.93181e+08 4.2799e+07 0.00464364 0.0104923 0.0115483 0.0106033 0.00856993 0.00155075 0.00019994 7.34832e-05 0.0769147 0.00713549 11.3431 1.00188 222.849 131.551 3102.49 838.186 3336.68 884.567 3336.68 884.567 0.548478 0.0437515 
400 0.2725 233600000 1267.85 130.84 -118.614 4.35077 15129.8 1071.49 2.93181e+08 4.20233e+07 0.00464364 0.0104923 0.0115483 0.0106033 0.00856993 0.00152772 0.00019994 7.22182e-05 0.0769147 0.00703754 11.3431 1.00188 222.849 129.156 3102.49 814.037 3336.68 884.567 3336.68 884.567 0.548478 0.0428278 
400 0.2725 236800000 1267.85 130.84 -118.614 4.28295 15129.8 1055.58 2.93181e+08 4.13923e+07 0.00464364 0.0104923 0.0115483 0.0106033 0.00856993 0.00150056 0.00019994 7.09194e-05 0.0769147 0.00700695 11.3431 1.00188 222.849 128.182 3102.49 814.037 3336.68 884.567 3336.68 884.567 0.548478 0.0428278 
400 0.2725 240000000 1279.07 126.201 -118.701 4.22868 15091.3 1041.09 2.88443e+08 4.07169e+07 0.0102929 0.0111606 0.0130408 0.00995041 0.00889948 0.00148289 0.000202342 6.96878e-05 0.0790687 0.00687598 11.2955 0.931448 209.125 124.636 2892.79 791.323 3113.21 849.141 3113.21 849.141 0.543382 0.0407758 
400 0.2725 243200000 1279.07 126.201 -118.701 4.1598 15091.3 1023.42 2.88443e+08 4.00027e+07 0.0102929 0.0111606 0.0130408 0.00995041 0.00889948 0.00145745 0.000202342 6.84778e-05 0.0790687 0.00677168 11.2955 0.931448 209.125 122.513 2892.79 791.323 3113.21 849.141 3113.21 849.141 0.543382 0.0407758 
400 0.2725 246400000 1279.07 121.911 -118.701 4.10292 15091.3 1010.03 2.88443e+08 3.9453e+07 0.0102929 0.0111606 0.0130408 0.0102017 0.00889948 0.00143283 0.000202342 6.735e-05 0.0790687 0.00665505 11.2955 0.931448 209.125 120.38 2892.79 787.679 3113.21 849.141 3113.21 849.141 0.543382 0.0401432 
400 0.2725 249600000 1279.07 121.911 -118.701 4.04693 15091.3 996.838 2.88443e+08 3.8915e+07 0.0102929 0.0111606 0.0130408 0.0102017 0.00889948 0.00141584 0.000202342 6.62922e-05 0.0790687 0.00662095 11.2955 0.931448 209.125 119.758 2892.79 787.679 3113.21 849.141 3113.21 849.141 0.543382 0.0401432 
400 0.2725 252800000 1271.97 118.345 -119.199 4.09438 15214.2 1016.18 2.93429e+08 3.9923e+07 0.00926418 0.0104638 0.00728599 0.010824 0.00886453 0.00139628 0.000195555 6.519e-05 0.0793007 0.00655226 11.398 0.874964 200.023 116.419 2713.08 787.679 2924.5 822.664 2924.5 822.664 0.527106 0.0405704 
400 0.2725 256000000 1271.97 118.345 -119.199 4.08036 15214.2 1010.17 2.93429e+08 3.94864e+07 0.00926418 0.0104638 0.00728599 0.010824 0.00886453 0.00137996 0.000195555 6.41998e-05 0.0793007 0.00650649 11.398 0.874964 200.023 114.54 2713.08 787.679 2924.5 822.664 2924.5 822.664 0.527106 0.0405704 
400 0.2725 259200000 1271.97 118.05 -119.199 4.06309 15214.2 1003.71 2.93429e+08 3.90541e+07 0.00926418 0.0104638 0.00728599 0.010824 0.00886453 0.00135772 0.000195555 6.31958e-05 0.0793007 0.00640455 11.398 0.874964 200.023 112.723 2713.08 787.679 2924.5 822.664 2924.5 822.664 0.527106 0.0405704 
400 0.2725 262400000 1271.97 118.05 -119.199 4.0427 15214.2 996.832 2.93429e+08 3.86259e+07 0.00926418 0.0104638 0.00728599 0.010824 0.00886453 0.00134298 0.000195555 6.22649e-05 0.0793007 0.00638989 11.398 0.874964 200.023 112.12 2713.08 787.679 2924.5 822.664 2924.5 822.664 0.527106 0.0405704 
400 0.2725 265600000 1234.22 114.678 -117.725 4.00119 14883.7 985.627 2.83699e+08 3.80935e+07 0.00691165 0.0100708 0.00845188 0.0102101 0.00847024 0.00132685 0.000184419 6.13596e-05 0.0768838 0.00632347 11.5636 0.835815 189.319 109.267 2562.51 755.298 2763.39 790.718 2763.39 790.718 0.520744 0.0405095 
400 0.2725 268800000 1234.22 114.678 -117.725 3.94143 14883.7 971.404 2.83699e+08 3.75662e+07 0.00691165 0.0100708 0.00845188 0.0102101 0.00847024 0.00131126 0.000184419 6.04803e-05 0.0768838 0.00626156 11.5636 0.835815 189.319 107.616 2562.51 755.298 2763.39 790.718 2763.39 790.718 0.520744 0.0405095 
400 0.2725 272000000 1234.22 111.623 -117.725 3.88172 14883.7 956.841 2.83699e+08 3.70241e+07 0.00691165 0.0100708 0.00845188 0.0102101 0.00847024 0.00129203 0.000184419 5.96063e-05 0.0768838 0.0061667 11.5636 0.835815 189.319 106.012 2562.51 755.298 2763.39 790.718 2763.39 790.718 0.520744 0.0405095 
400 0.2725 275200000 1234.22 111.623 -117.725 3.82436 14883.7 942.56 2.83699e+08 3.64816e+07 0.00691165 0.0100708 0.00845188 0.0102101 0.00847024 0.00127346 0.000184419 5.87586e-05 0.0768838 0.00607478 11.5636 0.835815 189.319 105.622 2562.51 755.298 2763.39 790.718 2763.39 790.718 0.520744 0.0405095 
400 0.2725 278400000 1204 110.187 -117.13 3.80504 14704 936.366 2.75829e+08 3.61088e+07 0.00553533 0.00957202 0.00785029 0.0096272 0.00824228 0.00125511 0.000175055 5.79301e-05 0.0761975 0.00598554 11.5747 0.786723 180.804 102.928 2918.81 756.371 3111.18 806.405 3111.18 806.405 0.527293 0.0405095 
400 0.2725 281600000 1204 110.187 -117.13 3.82931 14704 946.26 2.75829e+08 3.65518e+07 0.00553533 0.00957202 0.00785029 0.0096272 0.00824228 0.00123755 0.000175055 5.70958e-05 0.0761975 0.0059132 11.5747 0.786723 180.804 101.462 2918.81 756.371 3111.18 806.405 3111.18 806.405 0.527293 0.0405095 
400 0.2725 284800000 1204 107.042 -117.13 3.78069 14704 934.778 2.75829e+08 3.61127e+07 0.00553533 0.00957202 0.00785029 0.0096272 0.00824228 0.00122101 0.000175055 5.62818e-05 0.0761975 0.00584743 11.5747 0.786723 180.804 100.032 2918.81 756.371 3111.18 806.405 3111.18 806.405 0.527293 0.0405095 
400 0.2725 288000000 1204 107.042 -117.13 3.72767 14704 921.622 2.75829e+08 3.56175e+07 0.00553533 0.00957202 0.00785029 0.0096272 0.00824228 0.00120473 0.000175055 5.54915e-05 0.0761975 0.00578139 11.5747 0.786723 180.804 99.7516 2918.81 756.371 3111.18 806.405 3111.18 806.405 0.527293 0.0405095 
400 0.2725 291200000 1236.72 108.7 -117.697 3.67611 14825.5 909.112 2.79302e+08 3.51538e+07 0.00210559 0.00963512 0.00616607 0.0092385 0.00834003 0.00118875 0.000171302 5.47574e-05 0.0774568 0.00570145 11.6903 0.751471 178.407 97.3652 3058.36 818.104 3248.45 838.545 3248.45 838.545 0.526454 0.0366696 
400 0.2725 294400000 1236.72 108.7 -117.697 3.64016 14825.5 900.372 2.79302e+08 3.47805e+07 0.00210559 0.00963512 0.00616607 0.0092385 0.00834003 0.00117353 0.000171302 5.40456e-05 0.0774568 0.00562473 11.6903 0.751471 178.407 96.0534 3058.36 818.104 3248.45 838.545 3248.45 838.545 0.526454 0.0366696 
400 0.2725 297600000 1236.72 105.936 -117.697 3.60081 14825.5 889.89 2.79302e+08 3.43263e+07 0.00210559 0.00963512 0.00616607 0.0092385 0.00834003 0.00115767 0.000171302 5.33321e-05 0.0774568 0.00555185 11.6903 0.751471 178.407 94.778 3058.36 818.104 3248.45 838.545 3248.45 838.545 0.526454 0.0364087 
400 0.2725 300800000 1236.72 105.936 -117.697 3.55406 14825.5 878.695 2.79302e+08 3.39114e+07 0.00210559 0.00963512 0.00616607 0.0092385 0.00834003 0.00114728 0.000171302 5.26679e-05 0.0774568 0.00554324 11.6903 0.751471 178.407 94.2387 3058.36 818.104 3248.45 838.545 3248.45 838.545 0.526454 0.0364087 
400 0.2725 304000000 1251.92 103.534 -117.818 3.51786 14821.5 869.026 2.77074e+08 3.34862e+07 0.00361914 0.00924612 0.00599572 0.00875384 0.00811586 0.00113409 0.000163615 5.20148e-05 0.0763948 0.00547686 11.7353 0.713266 170.294 92.3252 2906.79 818.104 3088.82 838.545 3088.82 838.545 0.526355 0.0364087 
400 0.2725 307200000 1251.92 103.534 -117.818 3.50716 14821.5 864.721 2.77074e+08 3.31926e+07 0.00361914 0.00924612 0.00599572 0.00875384 0.00811586 0.00112309 0.000163615 5.13821e-05 0.0763948 0.00543591 11.7353 0.713266 170.294 91.1352 2906.79 818.104 3088.82 838.545 3088.82 838.545 0.526355 0.0364087 
400 0.2725 310400000 1251.92 100.97 -117.818 3.48783 14821.5 859.583 2.77074e+08 3.29075e+07 0.00361914 0.00924612 0.00599572 0.00875384 0.00811586 0.00111101 0.000163615 5.07621e-05 0.0763948 0.00537715 11.7353 0.713266 170.294 89.9803 2906.79 818.104 3088.82 838.545 3088.82 838.545 0.526355 0.0364087 
400 0.2725 313600000 1251.92 100.97 -117.818 3.45612 14821.5 851.932 2.77074e+08 3.25858e+07 0.00361914 0.00924612 0.00599572 0.00875384 0.00811586 0.00110088 0.000163615 5.01287e-05 0.0763948 0.0053439 11.7353 0.713266 170.294 89.6273 2906.79 818.104 3088.82 838.545 3088.82 838.545 0.526355 0.0364087 
400 0.2725 316800000 1260.52 98.5362 -117.678 3.42041 14784 842.514 2.75353e+08 3.21883e+07 0.00293071 0.00880941 0.00487396 0.00838771 0.00795604 0.00109073 0.000158474 4.95418e-05 0.0755126 0.00530788 11.5464 0.702168 164.415 87.7573 2770.89 785.177 2946.85 807.11 2946.85 807.11 0.521641 0.0426702 
400 0.2725 320000000 1260.52 98.5362 -117.678 3.38896 14784 834.977 2.75353e+08 3.18777e+07 0.00293071 0.00880941 0.00487396 0.00838771 0.00795604 0.00108032 0.000158474 4.89679e-05 0.0755126 0.00526401 11.5464 0.702168 164.415 86.6893 2770.89 785.177 2946.85 807.11 2946.85 807.11 0.521641 0.0426702 
400 0.2725 323200000 1260.52 96.2031 -117.678 3.35622 14784 827.187 2.75353e+08 3.15663e+07 0.00293071 0.00880941 0.00487396 0.00838771 0.00795604 0.0010672 0.000158474 4.83803e-05 0.0755126 0.00520476 11.5464 0.702168 164.415 85.6496 2770.89 785.177 2946.85 807.11 2946.85 807.11 0.521641 0.0426702 
400 0.2725 326400000 1260.52 96.2031 -117.678 3.31581 14784 817.348 2.75353e+08 3.12046e+07 0.00293071 0.00880941 0.00487396 0.00838771 0.00795604 0.00105851 0.000158474 4.78337e-05 0.0755126 0.00520666 11.5464 0.702168 164.415 85.3385 2770.89 785.177 2946.85 807.11 2946.85 807.11 0.521641 0.0426702 
400 0.2725 329600000 1260.52 93.9817 -117.678 3.28339 14784 808.788 2.75353e+08 3.08429e+07 0.00293071 0.00840528 0.00487396 0.00798902 0.00795604 0.00104774 0.000158474 4.72963e-05 0.0755126 0.0051524 11.5464 0.684544 164.415 83.6388 2770.89 785.177 2946.85 807.11 2946.85 807.11 0.521641 0.0426702 
400 0.2725 332800000 1260.52 93.9817 -117.678 3.24476 14784 799.355 2.75353e+08 3.04954e+07 0.00293071 0.00840528 0.00487396 0.00798902 0.00795604 0.0010383 0.000158474 4.67731e-05 0.0755126 0.00511407 11.5464 0.684544 164.415 82.6611 2770.89 785.177 2946.85 807.11 2946.85 807.11 0.521641 0.0426702 
400 0.2725 336000000 1260.52 92.8447 -117.678 3.20708 14784 790.195 2.75353e+08 3.01587e+07 0.00293071 0.00840528 0.00487396 0.00798902 0.00795604 0.00102669 0.000158474 4.6252e-05 0.0755126 0.00506135 11.5464 0.684544 164.415 81.708 2770.89 785.177 2946.85 807.11 2946.85 807.11 0.521641 0.0426702 
400 0.2725 339200000 1260.52 92.8447 -117.678 3.17396 14784 781.617 2.75353e+08 2.98133e+07 0.00293071 0.00840528 0.00487396 0.00798902 0.00795604 0.00101838 0.000158474 4.57519e-05 0.0755126 0.00506135 11.5464 0.684544 164.415 81.5215 2770.89 785.177 2946.85 807.11 2946.85 807.11 0.521641 0.0426702 
400 0.2725 342400000 1275.68 90.74 -117.216 3.15049 14613 775.814 2.66507e+08 2.9557e+07 0.000107502 0.00833267 0.00480302 0.00762794 0.0075414 0.00100682 0.000146077 4.52414e-05 0.0731675 0.00500124 11.706 0.653496 152.874 79.8763 2734.24 774.356 2898.82 766.695 2898.82 766.695 0.532456 0.0426702 
400 0.2725 345600000 1275.68 90.74 -117.216 3.11511 14613 767.192 2.66507e+08 2.92397e+07 0.000107502 0.00833267 0.00480302 0.00762794 0.0075414 0.00101904 0.000146077 4.52071e-05 0.0731675 0.00503448 11.706 0.653496 152.874 78.9855 2734.24 774.356 2898.82 766.695 2898.82 766.695 0.532456 0.0426702 
400 0.2725 348800000 1275.68 88.7283 -117.216 3.08237 14613 759.414 2.66507e+08 2.89517e+07 0.000107502 0.00833267 0.00480302 0.00762794 0.0075414 0.00101087 0.000146077 4.47854e-05 0.0731675 0.00501024 11.706 0.653496 152.874 78.1216 2734.24 774.356 2898.82 766.695 2898.82 766.695 0.532456 0.0426702 
400 0.2725 352000000 1275.68 88.7283 -117.216 3.06366 14613 754.366 2.66507e+08 2.86991e+07 0.000107502 0.00833267 0.00480302 0.00762794 0.0075414 0.000999906 0.000146077 4.47854e-05 0.0731675 0.00500124 11.706 0.653496 152.874 77.972 2734.24 774.356 2898.82 766.695 2898.82 766.695 0.532456 0.0426702 
400 0.2725 355200000 1275.68 86.8265 -117.216 3.03779 14613 748.184 2.66507e+08 2.84499e+07 0.000107502 0.00822379 0.00480302 0.00739212 0.0075414 0.000990696 0.000146077 4.47854e-05 0.0731675 0.00500124 11.706 0.627179 152.874 76.4433 2734.24 774.356 2898.82 766.695 2898.82 766.695 0.532456 0.0426702 
400 0.2725 358400000 1275.68 86.8265 -117.216 3.00702 14613 740.875 2.66507e+08 2.81794e+07 0.000107502 0.00822379 0.00480302 0.00739212 0.0075414 0.000983349 0.000146077 4.47854e-05 0.0731675 0.00500124 11.706 0.627179 152.874 75.635 2734.24 774.356 2898.82 766.695 2898.82 766.695 0.532456 0.0426702 
400 0.2725 361600000 1275.68 85.443 -117.216 2.98445 14613 735.371 2.66507e+08 2.79463e+07 0.000107502 0.00822379 0.00480302 0.00739212 0.0075414 0.00098271 0.000146077 4.47854e-05 0.0731675 0.00500124 11.706 0.627179 152.874 74.8405 2734.24 774.356 2898.82 766.695 2898.82 766.695 0.532456 0.0426702 
400 0.2725 364800000 1275.68 85.443 -117.216 2.95631 14613 728.079 2.66507e+08 2.76534e+07 0.000107502 0.00822379 0.00480302 0.00739212 0.0075414 0.00098271 0.000146077 4.47854e-05 0.0731675 0.00500124 11.706 0.627179 152.874 74.7403 2734.24 774.356 2898.82 766.695 2898.82 766.695 0.532456 0.0426702 
400 0.2725 368000000 1278.92 84.5043 -116.681 2.94105 14444.9 723.931 2.58967e+08 2.74449e+07 0.00137407 0.0079204 0.0037537 0.00711991 0.00754234 0.000954406 0.000144332 4.20382e-05 0.0731936 0.00477083 11.9521 0.668303 143.72 73.2909 2646.66 660.442 2802.33 680.203 2802.33 680.203 0.530154 0.0363979 
400 0.2725 371200000 1278.92 83.8698 -116.681 2.93568 14444.9 721.308 2.58967e+08 2.72548e+07 0.00137407 0.0079204 0.0037537 0.00711991 0.00754234 0.000947637 0.000144332 4.16312e-05 0.0731936 0.00476525 11.9521 0.668303 143.72 72.5448 2646.66 660.442 2802.33 680.203 2802.33 680.203 0.530154 0.0363979 
400 0.2725 374400000 1278.92 83.2339 -116.681 2.93827 14444.9 722.631 2.58967e+08 2.72607e+07 0.00137407 0.0079204 0.0037537 0.00708593 0.00754234 0.000945006 0.000144332 4.12619e-05 0.0731936 0.00476199 11.9521 0.668303 143.72 71.8116 2646.66 660.442 2802.33 680.203 2802.33 680.203 0.530154 0.0363979 
400 0.2725 377600000 1278.92 82.9097 -116.681 2.91927 14444.9 717.514 2.58967e+08 2.70224e+07 0.00137407 0.0079204 0.0037537 0.00708593 0.00754234 0.000936453 0.000144332 4.08674e-05 0.0731936 0.00471657 11.9521 0.668303 143.72 71.743 2646.66 660.442 2802.33 680.203 2802.33 680.203 0.530154 0.0363979 
400 0.2725 380800000 1278.92 82.0152 -116.681 2.89033 14444.9 710.339 2.58967e+08 2.67566e+07 0.00137407 0.00793867 0.0037537 0.00689135 0.00754234 0.000928082 0.000144332 4.04587e-05 0.0731936 0.00468299 11.9521 0.641571 143.72 70.3954 2646.66 660.442 2802.33 680.203 2802.33 680.203 0.530154 0.0363979 
400 0.2725 384000000 1278.92 81.9251 -116.681 2.86885 14444.9 705.185 2.58967e+08 2.65477e+07 0.00137407 0.00793867 0.0037537 0.00689135 0.00754234 0.000926149 0.000144332 4.01221e-05 0.0731936 0.00468146 11.9521 0.641571 143.72 69.7069 2646.66 660.442 2802.33 680.203 2802.33 680.203 0.530154 0.0363979 
400 0.2725 387200000 1278.92 80.7892 -116.681 2.87942 14444.9 709.281 2.58967e+08 2.67048e+07 0.00137407 0.00793867 0.0037537 0.00687761 0.00754234 0.000920296 0.000144332 3.974e-05 0.0731936 0.00466199 11.9521 0.641571 143.72 69.0271 2646.66 660.442 2802.33 680.203 2802.33 680.203 0.530154 0.0363979 
400 0.2725 390400000 1278.92 80.6343 -116.681 2.8752 14444.9 708.445 2.58967e+08 2.66251e+07 0.00137407 0.00793867 0.0037537 0.00687761 0.00754234 0.000911823 0.000144332 3.94909e-05 0.0731936 0.00462538 11.9521 0.641571 143.72 69.0198 2646.66 660.442 2802.33 680.203 2802.33 680.203 0.530154 0.0363979 
400 0.2725 393600000 1256.92 80.0964 -117.972 2.86396 14770.4 705.491 2.69929e+08 2.64639e+07 0.00168223 0.00805952 0.0013595 0.00674613 0.00772935 0.000906114 0.000145131 3.94909e-05 0.0741702 0.00462865 11.9174 0.617805 135.381 67.7138 2646.31 655.186 2793.61 652.391 2793.61 652.391 0.526927 0.0363979 
400 0.2725 396800000 1256.92 79.6549 -117.972 2.8437 14770.4 700.63 2.69929e+08 2.64253e+07 0.00168223 0.00805952 0.0013595 0.00674613 0.00772935 0.000898653 0.000145131 3.94909e-05 0.0741702 0.00459863 11.9174 0.617805 135.381 67.0766 2646.31 655.186 2793.61 652.391 2793.61 652.391 0.526927 0.0363979 
400 0.2725 400000000 1256.92 79.8286 -117.972 2.82014 14770.4 694.505 2.69929e+08 2.64253e+07 0.00168223 0.00805952 0.0013595 0.00674613 0.00772935 0.000891165 0.000145131 3.94909e-05 0.0741702 0.00455806 11.9174 0.617805 135.381 66.4671 2646.31 655.186 2793.61 652.391 2793.61 652.391 0.526927 0.0363979 
400 0.2725 403200000 1256.92 79.8286 -117.972 2.79433 14770.4 688.322 2.69929e+08 2.64253e+07 0.00168223 0.00805952 0.0013595 0.00674613 0.00772935 0.000882956 0.000145131 3.94909e-05 0.0741702 0.00451563 11.9174 0.617805 135.381 66.4671 2646.31 655.186 2793.61 652.391 2793.61 652.391 0.526927 0.0363979 
400 0.2725 406400000 1256.92 78.5293 -117.972 2.83168 14770.4 690.689 2.69929e+08 2.64253e+07 0.00168223 0.00778685 0.0013595 0.00650359 0.00772935 0.00087483 0.000145131 3.94909e-05 0.0741702 0.00447434 11.9174 0.59493 135.381 65.2281 2646.31 655.186 2793.61 652.391 2793.61 652.391 0.526927 0.0363979 
400 0.2725 409600000 1256.92 78.5293 -117.972 2.80712 14770.4 684.924 2.69929e+08 2.64253e+07 0.00168223 0.00778685 0.0013595 0.00650359 0.00772935 0.000871363 0.000145131 3.94909e-05 0.0741702 0.00446444 11.9174 0.59493 135.381 64.6322 2646.31 655.186 2793.61 652.391 2793.61 652.391 0.526927 0.0363979 
400 0.2725 412800000 1256.92 78.846 -117.972 2.78162 14770.4 678.77 2.69929e+08 2.64253e+07 0.00168223 0.00778685 0.0013595 0.00650359 0.00772935 0.0008635 0.000145131 3.94909e-05 0.0741702 0.00442428 11.9174 0.59493 135.381 64.0893 2646.31 655.186 2793.61 652.391 2793.61 652.391 0.526927 0.0363979 
400 0.2725 416000000 1256.92 78.846 -117.972 2.75656 14770.4 672.693 2.69929e+08 2.64253e+07 0.00168223 0.00778685 0.0013595 0.00650359 0.00772935 0.000855726 0.000145131 3.94909e-05 0.0741702 0.00438561 11.9174 0.59493 135.381 64.0893 2646.31 655.186 2793.61 652.391 2793.61 652.391 0.526927 0.0363979 
400 0.2725 419200000 1255.36 77.4772 -117.398 2.74241 14624.6 668.956 2.63998e+08 2.48485e+07 0.00265182 0.00751548 0.00240574 0.00655865 0.0079722 0.000868173 0.000147973 3.68066e-05 0.0760123 0.00442631 12.0449 0.586611 128.989 62.917 2762.96 577.146 2903.99 592.706 2903.99 592.706 0.530208 0.0311982 
400 0.2725 422400000 1255.36 77.4772 -117.398 2.71857 14624.6 663.291 2.63998e+08 2.46466e+07 0.00265182 0.00751548 0.00240574 0.00655865 0.0079722 0.000871996 0.000147973 3.66752e-05 0.0760123 0.00444187 12.0449 0.586611 128.989 62.3663 2762.96 577.146 2903.99 592.706 2903.99 592.706 0.530208 0.0311982 
400 0.2725 425600000 1255.36 77.8002 -117.398 2.70374 14624.6 659.647 2.63998e+08 2.44874e+07 0.00265182 0.00751548 0.00240574 0.00649728 0.0079722 0.000865207 0.000147973 3.63735e-05 0.0760123 0.00440509 12.0449 0.598517 128.989 61.8729 2762.96 577.146 2903.99 592.706 2903.99 592.706 0.530208 0.0311982 
400 0.2725 428800000 1255.36 80.3506 -117.398 2.68298 14624.6 654.312 2.63998e+08 2.42763e+07 0.00265182 0.00751548 0.00240574 0.00649728 0.0079722 0.000857775 0.000147973 3.6069e-05 0.0760123 0.00439908 12.0449 31.1836 128.989 92.8605 2762.96 577.146 2903.99 592.706 2903.99 592.706 0.530208 0.0311982 
400 0.2725 432000000 1255.36 81.2189 -117.398 2.66283 14624.6 649.126 2.63998e+08 2.40696e+07 0.00265182 0.00725846 0.00240574 0.00650377 0.0079722 0.000850501 0.000147973 3.57702e-05 0.0760123 0.00439908 12.0449 30.9156 128.989 92.0721 2762.96 577.146 2903.99 592.706 2903.99 592.706 0.530208 0.0311982 
400 0.2725 435200000 1255.36 81.2189 -117.398 2.65289 14624.6 646.385 2.63998e+08 2.39278e+07 0.00265182 0.00725846 0.00240574 0.00650377 0.0079722 0.000843503 0.000147973 3.54787e-05 0.0760123 0.00439908 12.0449 30.8295 128.989 91.2945 2762.96 577.146 2903.99 592.706 2903.99 592.706 0.530208 0.0311982 
400 0.2725 438400000 1255.36 84.3954 -117.398 2.68438 14624.6 648.418 2.63998e+08 2.38201e+07 0.00265182 0.00725846 0.00240574 0.00640633 0.0079722 0.000837636 0.000147973 3.51982e-05 0.0760123 0.00439908 12.0449 30.747 128.989 90.5294 2762.96 577.146 2903.99 592.706 2903.99 592.706 0.530208 0.0311982 
400 0.2725 441600000 1255.36 84.3954 -117.398 2.6619 14624.6 642.973 2.63998e+08 2.36248e+07 0.00265182 0.00725846 0.00240574 0.00640633 0.0079722 0.000830602 0.000147973 3.49084e-05 0.0760123 0.00439908 12.0449 30.747 128.989 89.7781 2762.96 577.146 2903.99 592.706 2903.99 592.706 0.530208 0.0311982 
400 0.2725 444800000 1284.18 83.5976 -116.752 2.64423 14470.2 638.411 2.58294e+08 2.34366e+07 0.00212302 0.00702492 0.00232256 0.00630007 0.00800895 0.000824077 0.000145636 3.4618e-05 0.0767644 0.00419938 42.2815 29.8897 191.439 89.0415 2881.71 571.817 3115.43 589.702 3115.43 589.702 0.528194 0.0311982 
400 0.2725 448000000 1284.18 83.5976 -116.752 2.62258 14470.2 633.299 2.58294e+08 2.32564e+07 0.00212302 0.00702492 0.00232256 0.00630007 0.00800895 0.000817768 0.000145636 3.43321e-05 0.0767644 0.0041722 42.2815 29.8108 191.439 88.3164 2881.71 571.817 3115.43 589.702 3115.43 589.702 0.528194 0.0311982 
400 0.2725 451200000 1284.18 82.3222 -116.752 2.60777 14470.2 629.796 2.58294e+08 2.31243e+07 0.00212302 0.00702492 0.00232256 0.00623385 0.00800895 0.000813137 0.000145636 3.40712e-05 0.0767644 0.0041696 42.2815 29.74 191.439 87.6028 2881.71 571.817 3115.43 589.702 3115.43 589.702 0.528194 0.0311982 
400 0.2725 454400000 1284.18 82.3222 -116.752 2.59522 14470.2 626.532 2.58294e+08 2.31243e+07 0.00212302 0.00702492 0.00232256 0.00623385 0.00800895 0.000807858 0.000145636 3.40168e-05 0.0767644 0.0041696 42.2815 29.74 191.439 86.8977 2881.71 571.817 3115.43 589.702 3115.43 589.702 0.528194 0.0311982 
400 0.2725 457600000 1284.18 82.7731 -116.752 2.6059 14470.2 626.702 2.58294e+08 2.31243e+07 0.00212302 0.00680219 0.00232256 0.0061348 0.00800895 0.000803722 0.000145636 3.40168e-05 0.0767644 0.0041696 42.2815 29.2156 191.439 86.2006 2881.71 571.817 3115.43 589.702 3115.43 589.702 0.528194 0.0311982 
400 0.2725 460800000 1284.18 82.7731 -116.752 2.59333 14470.2 623.656 2.58294e+08 2.31243e+07 0.00212302 0.00680219 0.00232256 0.0061348 0.00800895 0.000799165 0.000145636 3.40168e-05 0.0767644 0.0041696 42.2815 29.2156 191.439 85.5154 2881.71 571.817 3115.43 589.702 3115.43 589.702 0.528194 0.0311982 
400 0.2725 464000000 1284.18 81.4599 -116.752 2.57339 14470.2 619.018 2.58294e+08 2.31243e+07 0.00212302 0.00680219 0.00232256 0.00604437 0.00800895 0.000796159 0.000145636 3.40168e-05 0.0767644 0.0041696 42.2815 29.2156 191.439 84.8469 2881.71 571.817 3115.43 589.702 3115.43 589.702 0.528194 0.0311982 
400 0.2725 467200000 1284.18 81.4599 -116.752 2.56241 14470.2 616.263 2.58294e+08 2.31243e+07 0.00212302 0.00680219 0.00232256 0.00604437 0.00800895 0.000796159 0.000145636 3.40168e-05 0.0767644 0.0041696 42.2815 29.2156 191.439 84.1894 2881.71 571.817 3115.43 589.702 3115.43 589.702 0.528194 0.0311982 
400 0.2725 470400000 1283.48 81.311 -115.819 2.54263 14241.6 611.618 2.50705e+08 2.37489e+07 0.0012719 0.0066176 0.00374192 0.00601521 0.00780056 0.000783717 0.000139468 3.25587e-05 0.0755805 0.0040736 40.2018 28.0307 182.039 83.5405 2825.08 519.234 3047.32 556.766 3047.32 556.766 0.530527 0.0273001 
400 0.2725 473600000 1283.48 81.311 -115.819 2.5236 14241.6 607.191 2.50705e+08 2.37489e+07 0.0012719 0.0066176 0.00374192 0.00601521 0.00780056 0.000777905 0.000139468 3.23072e-05 0.0755805 0.0040736 40.2018 27.9658 182.039 82.9009 2825.08 519.234 3047.32 556.766 3047.32 556.766 0.530527 0.0273001 
400 0.2725 476800000 1283.48 80.0614 -115.819 2.5042 14241.6 602.537 2.50705e+08 2.37489e+07 0.0012719 0.0066176 0.00374192 0.00597943 0.00780056 0.000772851 0.000139468 3.20744e-05 0.0755805 0.0040736 40.2018 27.9176 182.039 82.2695 2825.08 519.234 3047.32 556.766 3047.32 556.766 0.530527 0.0273001 
400 0.2725 480000000 1283.48 80.0614 -115.819 2.48645 14241.6 598.096 2.50705e+08 2.37489e+07 0.0012719 0.0066176 0.00374192 0.00597943 0.00780056 0.000768071 0.000139468 3.18308e-05 0.0755805 0.0040736 40.2018 27.9176 182.039 81.6497 2825.08 519.234 3047.32 556.766 3047.32 556.766 0.530527 0.0273001 
400 0.2725 483200000 1283.48 79.0228 -115.819 2.47381 14241.6 595.092 2.50705e+08 2.37489e+07 0.0012719 0.00665036 0.00374192 0.00588884 0.00780056 0.000764303 0.000139468 3.16069e-05 0.0755805 0.0040736 40.2018 27.4635 182.039 81.0365 2825.08 519.234 3047.32 556.766 3047.32 556.766 0.530527 0.0273001 
400 0.2725 486400000 1283.48 79.0228 -115.819 2.4573 14241.6 591.285 2.50705e+08 2.37489e+07 0.0012719 0.00665036 0.00374192 0.00588884 0.00780056 0.000760122 0.000139468 3.13857e-05 0.0755805 0.0040736 40.2018 27.4635 182.039 80.4354 2825.08 519.234 3047.32 556.766 3047.32 556.766 0.530527 0.0273001 
400 0.2725 489600000 1283.48 78.3205 -115.819 2.44651 14241.6 588.476 2.50705e+08 2.37489e+07 0.0012719 0.00665036 0.00374192 0.00580861 0.00780056 0.000755801 0.000139468 3.11674e-05 0.0755805 0.0040736 40.2018 27.4635 182.039 79.84 2825.08 519.234 3047.32 556.766 3047.32 556.766 0.530527 0.0273001 
400 0.2725 492800000 1283.48 78.3205 -115.819 2.43663 14241.6 585.914 2.50705e+08 2.37489e+07 0.0012719 0.00665036 0.00374192 0.00580861 0.00780056 0.000750263 0.000139468 3.09444e-05 0.0755805 0.0040736 40.2018 27.4635 182.039 79.2529 2825.08 519.234 3047.32 556.766 3047.32 556.766 0.530527 0.0273001 
400 0.2725 496000000 1263.66 77.3525 -116.036 2.41967 14260.7 581.702 2.49387e+08 2.37489e+07 0.00274596 0.00646148 0.00354578 0.00587454 0.00768396 0.000745003 0.000134527 3.08096e-05 0.0751676 0.00386709 38.6476 26.3875 173.766 78.6782 2666.66 512.288 2879.07 548.847 2879.07 548.847 0.517626 0.0273001 
400 0.2725 499200000 1263.66 77.3525 -116.036 2.40211 14260.7 578.375 2.49387e+08 2.37489e+07 0.00274596 0.00646148 0.00354578 0.00587454 0.00768396 0.000739643 0.000134527 3.08096e-05 0.0751676 0.00385485 38.6476 26.3409 173.766 78.112 2666.66 512.288 2879.07 548.847 2879.07 548.847 0.517626 0.0273001 
400 0.2725 502400000 1263.66 76.4331 -116.036 2.38657 14260.7 578.375 2.49387e+08 2.37489e+07 0.00274596 0.00646148 0.00354578 0.00580009 0.00768396 0.000734984 0.000134527 3.08096e-05 0.0751676 0.00385485 38.6476 26.3409 173.766 77.5547 2666.66 512.288 2879.07 548.847 2879.07 548.847 0.517626 0.0273001 
400 0.2725 505600000 1263.66 76.4331 -116.036 2.38469 14260.7 578.375 2.49387e+08 2.37489e+07 0.00274596 0.00646148 0.00354578 0.00580009 0.00768396 0.000731026 0.000134527 3.08096e-05 0.0751676 0.00385485 38.6476 26.3409 173.766 77.0039 2666.66 512.288 2879.07 548.847 2879.07 548.847 0.517626 0.0273001 
