L J MC_steps R2 R2_std E E_std E2 E2_std E4 E4_std Sin1 Sin1_std Cos1 Cos1_std Mag2 Mag2_std Mag4 Mag4_std Mag1 Mag1_std eig1 eig1_std eig2 eig2_std eig3 eig3_std R_g_2_trace R_g_2_trace_std R_g_2_direct R_g_2_direct_std asphericity asphericity_std
400 0.28 64000000 1729 0 -65.0811 0 4235.55 0 1.79399e+07 0 -0.0273612 0 0.0126105 0 0.000907659 0 8.23846e-07 0 0.0301274 0 10.2974 0 31.1683 0 177.229 0 218.695 0 218.695 0 0.518903 0 
400 0.28 67200000 1325 285.671 -95.2738 21.3494 9988.69 4068.08 1.32872e+08 8.12696e+07 -0.0231702 0.00296347 0.0028319 0.00691455 0.000658064 0.000176491 4.95346e-07 2.32284e-07 0.025169 0.00350612 9.01742 0.905083 28.3511 1.99206 125.216 36.7791 162.584 39.6763 162.584 39.6763 0.411053 0.0762611 
400 0.28 70400000 2092.33 654.831 -116.958 22.7165 15227.2 5064.59 3.08818e+08 1.53536e+08 0.0222417 0.0371312 0.0265922 0.0199403 0.00653087 0.00479657 0.000111673 9.07767e-05 0.0618428 0.0300352 7.52131 1.36246 23.1763 4.42896 164.099 40.1139 194.796 37.3014 194.796 37.3014 0.544033 0.119891 
400 0.28 73600000 1778 561.521 -109.821 18.1239 13374.5 4123.42 2.46887e+08 1.2703e+08 0.0157803 0.028405 0.0077381 0.022142 0.00549735 0.0037071 8.51912e-05 7.18415e-05 0.0586214 0.0226985 9.30313 1.85076 22.4924 3.37411 164.012 30.0855 195.808 27.9897 195.808 27.9897 0.543349 0.08992 
400 0.28 76800000 1661.8 461.083 -110.297 14.5053 13217.4 3301.73 2.29207e+08 1.02847e+08 0.014374 0.0227588 0.0322348 0.0281752 0.00780472 0.00361309 0.000126186 6.81734e-05 0.0730001 0.0222517 9.39196 1.48274 24.7977 3.39668 163.446 24.0737 197.636 22.4514 197.636 22.4514 0.529177 0.0730444 
400 0.28 80000000 1499 411.976 -118.954 14.4419 15401.4 3397.84 3.06476e+08 1.10999e+08 0.0187698 0.0193855 0.0355896 0.0236782 0.00723766 0.00305508 0.000108385 5.90895e-05 0.0718918 0.0185707 10.1728 1.42649 23.4964 3.06974 142.483 27.7248 176.152 27.1046 176.152 27.1046 0.458489 0.0887083 
400 0.28 83200000 1703.29 400.582 -121.036 12.5279 15748.3 2930.08 3.08105e+08 9.51542e+07 0.0241436 0.017345 0.0438465 0.0216875 0.00790382 0.00269029 0.000113134 5.08386e-05 0.0772059 0.0166607 10.5748 1.27809 24.683 2.85136 2109.15 1820.93 2144.4 1822.39 2144.4 1822.39 0.534475 0.103588 
400 0.28 86400000 1624.5 358.173 -115.115 12.2813 14458.2 2833.62 2.73275e+08 8.94077e+07 0.0176287 0.0163547 0.0440642 0.0189777 0.00727345 0.00242673 0.000100015 4.61454e-05 0.0742411 0.0148396 13.4025 2.87174 1093.33 999.633 3865.37 2288.54 4972.1 3088.55 4972.1 3088.55 0.507459 0.0940969 
400 0.28 89600000 1909.22 416.441 -114.943 10.918 14284.7 2524.08 2.61391e+08 8.02595e+07 0.0184481 0.014558 0.0343237 0.0192068 0.00674597 0.00221368 8.96115e-05 4.21746e-05 0.0715766 0.0134278 13.0853 2.57011 973.968 895.661 3496.91 2063.71 4483.97 2783.68 4483.97 2783.68 0.545814 0.091124 
400 0.28 92800000 2009.2 401.315 -122.074 11.93 16325.4 2984.71 3.55602e+08 1.14917e+08 0.0210765 0.0133374 0.0182872 0.0274614 0.0078601 0.00225532 0.000112646 4.3798e-05 0.0777933 0.0134473 13.5629 2.35705 891.189 809.911 3890.11 2579.43 4794.86 3326.54 4794.86 3326.54 0.584878 0.0952601 
400 0.28 96000000 1941.55 401.315 -125.365 11.2902 17118.5 2816.78 3.8032e+08 1.07095e+08 0.0206098 0.012133 0.0108877 0.0274614 0.0075307 0.00207421 0.000104037 4.06536e-05 0.0766384 0.0122743 13.8521 2.28371 812.488 762.939 3543.67 2579.43 4370.01 3326.54 4370.01 3326.54 0.552875 0.0952601 
400 0.28 99200000 1868.67 358.191 -124.697 10.369 16839.6 2595.82 3.64433e+08 9.9342e+07 0.0314834 0.0152342 0.0124882 0.0234888 0.00888105 0.00229927 0.000142313 5.22654e-05 0.0830903 0.0128356 13.2903 2.05216 746.979 681.315 3265.04 2223.97 4025.31 2859.74 4025.31 2859.74 0.558581 0.0829336 
400 0.28 102400000 1932.08 358.191 -122.124 9.88562 16184.7 2477.39 3.41731e+08 9.42586e+07 0.0249802 0.0153879 0.0108682 0.0234888 0.0084201 0.00216811 0.000132007 4.92504e-05 0.0808331 0.0120451 12.8396 1.94317 695.815 649.269 3038.29 2223.97 3746.94 2859.74 3746.94 2859.74 0.55214 0.0829336 
400 0.28 105600000 1856.14 307.24 -122.436 9.18444 16171.6 2300.47 3.35611e+08 8.77243e+07 0.0147843 0.0193267 0.00785377 0.0205854 0.00887937 0.00206132 0.00013833 4.61366e-05 0.0837636 0.0115357 15.3566 3.02305 651.788 587.3 3906.34 1996.58 4573.49 2503.2 4573.49 2503.2 0.582358 0.0748993 
400 0.28 108800000 2040.47 333.086 -120.711 8.7326 15715.1 2191.92 3.19033e+08 8.34277e+07 0.0204462 0.0193267 0.00650316 0.0205854 0.00896052 0.00192549 0.000135904 4.31245e-05 0.0848782 0.0108204 14.8047 2.87145 609.468 563.451 3673.47 1996.58 4297.74 2503.2 4297.74 2503.2 0.599675 0.0744161 
400 0.28 112000000 2025.62 312.598 -118.579 8.44311 15201.6 2114.23 3.02608e+08 7.98139e+07 0.0191127 0.0173888 0.00451172 0.0182815 0.00844073 0.001874 0.000127436 4.12523e-05 0.0811593 0.0107643 14.3899 2.72179 572.638 516.547 3449.92 1798.42 4036.95 2247.06 4036.95 2247.06 0.589857 0.0680549 
400 0.28 115200000 1931.71 312.099 -121.349 8.38844 15921.8 2108.95 3.29113e+08 7.9398e+07 0.0149629 0.0173888 0.00771149 0.0182815 0.00830396 0.00176875 0.00012214 3.91642e-05 0.0809853 0.0101325 14.3068 2.56295 542.171 498.548 3251.15 1798.42 3807.63 2247.06 3807.63 2247.06 0.563354 0.0690197 
400 0.28 118400000 1889.11 305.824 -120.756 7.94336 15717.7 2001.63 3.19163e+08 7.56078e+07 0.0112459 0.0171441 0.012234 0.0178067 0.00843373 0.00167524 0.000121643 3.69915e-05 0.0822167 0.00964409 14.1829 2.42356 516.091 460.699 3077.8 1636.64 3608.07 2037.91 3608.07 2037.91 0.544691 0.0721261 
400 0.28 121600000 1813.74 305.824 -120.533 7.5284 15605.1 1899.45 3.1207e+08 7.19604e+07 0.0144274 0.0171441 0.00892582 0.0178067 0.00839525 0.00158751 0.000118364 3.51897e-05 0.0825086 0.00914092 14.3465 2.30151 490.187 446.349 3456.86 1636.64 3961.39 2037.91 3961.39 2037.91 0.568026 0.0721261 
400 0.28 124800000 1746.9 306.528 -120.849 7.15859 15629.3 1804.63 3.0941e+08 6.84115e+07 0.0130461 0.0155239 0.0186207 0.0231224 0.0100411 0.00220176 0.000197778 8.43145e-05 0.0885458 0.0104898 15.2332 2.35108 467.388 415.914 3286.81 1486.27 3769.43 1840.49 3769.43 1840.49 0.541376 0.0696314 
400 0.28 128000000 1746.9 306.528 -120.849 6.82532 15629.3 1719 3.0941e+08 6.51841e+07 0.0130461 0.0155239 0.0186207 0.0231224 0.0100411 0.00278434 0.000197778 0.000131778 0.0885458 0.0117684 15.2332 2.25102 467.388 404.363 3286.81 1486.27 3769.43 1840.49 3769.43 1840.49 0.541376 0.0665099 
400 0.28 131200000 1597.27 313.058 -120.096 6.80929 15381.5 1699.8 2.97484e+08 6.29669e+07 0.0102779 0.0143573 0.0234265 0.0231224 0.0118058 0.00266004 0.000295046 0.000126152 0.0950233 0.0112339 14.814 2.15607 426.58 379.444 2994.98 1379.51 3436.37 1703.04 3436.37 1703.04 0.520853 0.0652267 
400 0.28 134400000 1597.27 313.058 -120.096 6.80929 15381.5 1699.8 2.97484e+08 6.26239e+07 0.0102779 0.0143573 0.0234265 0.0231224 0.0118058 0.0025471 0.000295046 0.000121007 0.0950233 0.0107455 14.814 2.08639 426.58 379.444 2994.98 1379.51 3436.37 1703.04 3436.37 1703.04 0.520853 0.0652584 
400 0.28 137600000 1587.33 289.543 -119.77 6.54193 15372 1630.16 3.00075e+08 6.03637e+07 0.0144409 0.0137512 0.0242738 0.0199478 0.011295 0.00247074 0.000274087 0.000116528 0.0930694 0.0104743 15.3103 2.15433 401.887 347.94 3705.62 1435.97 4122.81 1693.83 4122.81 1693.83 0.553958 0.0652641 
400 0.28 140800000 1587.33 289.543 -119.77 6.32116 15372 1577.56 3.00075e+08 5.84465e+07 0.0144409 0.0137512 0.0242738 0.0199478 0.011295 0.00238125 0.000274087 0.000112259 0.0930694 0.0100752 15.3103 2.07937 401.887 435.483 3705.62 1435.97 4122.81 1693.83 4122.81 1693.83 0.553958 0.0652641 
400 0.28 144000000 1543.46 289.543 -117.664 6.22534 14852.5 1548.26 2.82923e+08 5.69474e+07 0.0102002 0.0133313 0.0178757 0.0199478 0.011029 0.00229021 0.000258011 0.00010813 0.0926683 0.00969064 14.8709 2.01092 662.407 419.432 4952.88 1786.89 5630.16 2131.18 5630.16 2131.18 0.564335 0.0616786 
400 0.28 147200000 1543.46 289.543 -117.664 6.1663 14852.5 1533.92 2.82923e+08 5.61416e+07 0.0102002 0.0133313 0.0178757 0.0199478 0.011029 0.00220736 0.000258011 0.000104345 0.0926683 0.00933176 14.8709 1.98484 662.407 404.508 4952.88 1786.89 5630.16 2131.18 5630.16 2131.18 0.564335 0.0610632 
400 0.28 150400000 1510.21 258.246 -118.458 5.98325 15034.7 1490.3 2.88229e+08 5.4565e+07 0.0119653 0.0124954 0.0184956 0.0179154 0.0105945 0.00215448 0.000242213 0.000100997 0.0906839 0.00920192 15.029 1.93444 618.373 390.627 5024.26 1660.68 5657.66 1979.13 5657.66 1979.13 0.589089 0.0615148 
400 0.28 153600000 1510.21 258.246 -118.458 5.88848 15034.7 1463.25 2.88229e+08 5.32896e+07 0.0119653 0.0124954 0.0184956 0.0179154 0.0105945 0.00210847 0.000242213 9.77231e-05 0.0906839 0.0090668 15.029 1.87123 618.373 377.705 5024.26 1660.68 5657.66 1979.13 5657.66 1979.13 0.589089 0.0615148 
400 0.28 156800000 1454 258.246 -117.564 5.69824 14795.4 1414.81 2.78953e+08 5.1525e+07 0.0148512 0.011991 0.0140592 0.0179154 0.0113218 0.00207163 0.000256933 9.48109e-05 0.0944131 0.00895914 15.0612 1.81475 579.579 365.548 5065.48 1550.48 5660.12 1847.19 5660.12 1847.19 0.605111 0.0594638 
400 0.28 160000000 1454 258.246 -117.564 5.51484 14795.4 1369.97 2.78953e+08 4.99666e+07 0.0148512 0.011991 0.0140592 0.0179154 0.0113218 0.00200513 0.000256933 9.18089e-05 0.0944131 0.00877403 15.0612 2.05101 579.579 407.161 5065.48 1550.48 5660.12 1847.19 5660.12 1847.19 0.605111 0.0594638 
400 0.28 163200000 1422.19 240.5 -117.448 5.3427 14707.5 1327.75 2.72724e+08 4.84927e+07 0.0106357 0.0119596 0.011232 0.0170851 0.0110451 0.00196688 0.000245788 8.92768e-05 0.0931358 0.00860737 15.7945 2.01549 761.273 395.099 5172.67 1457.27 5949.73 1754.3 5949.73 1754.3 0.58575 0.0588148 
400 0.28 166400000 1422.19 240.5 -117.448 5.36997 14707.5 1340.04 2.72724e+08 4.90257e+07 0.0106357 0.0119596 0.011232 0.0170851 0.0110451 0.00192415 0.000245788 8.68657e-05 0.0931358 0.00844414 15.7945 1.98447 761.273 383.773 5172.67 1457.27 5949.73 1754.3 5949.73 1754.3 0.58575 0.0588148 
400 0.28 169600000 1476.82 240.5 -118.176 5.2584 14905.6 1312.54 2.80752e+08 4.79564e+07 0.00893959 0.0113757 0.00932656 0.0170851 0.0108002 0.0018676 0.000235235 8.43735e-05 0.0922532 0.00820609 15.9386 1.98653 732.508 372.535 4920.74 1393.16 5669.19 1673.39 5669.19 1673.39 0.586961 0.0553676 
400 0.28 172800000 1476.82 240.5 -118.176 5.10817 14905.6 1275.26 2.80752e+08 4.66446e+07 0.00893959 0.0113757 0.00932656 0.0170851 0.0108002 0.00181438 0.000235235 8.20508e-05 0.0922532 0.00797468 15.9386 1.93018 732.508 362.422 4920.74 1393.16 5669.19 1673.39 5669.19 1673.39 0.586961 0.0553676 
400 0.28 176000000 1479.72 220.552 -118.979 5.02712 15065.8 1253.05 2.83502e+08 4.56288e+07 0.0043659 0.0116269 0.0107622 0.0151933 0.0110541 0.0017849 0.000236883 7.9956e-05 0.0939068 0.00788035 15.7101 1.88575 693.384 352.864 4654.45 1340.97 5363.55 1608.09 5363.55 1608.09 0.573806 0.0538318 
400 0.28 179200000 1479.72 220.552 -118.979 4.90531 15065.8 1221.15 2.83502e+08 4.44021e+07 0.0043659 0.0116269 0.0107622 0.0151933 0.0110541 0.00173699 0.000236883 7.7886e-05 0.0939068 0.00766853 15.7101 1.84647 693.384 343.733 4654.45 1340.97 5363.55 1608.09 5363.55 1608.09 0.573806 0.0538318 
400 0.28 182400000 1473.89 220.552 -120.227 4.8531 15349.6 1207.55 2.91019e+08 4.37433e+07 0.000974535 0.0114989 0.00723315 0.0151933 0.0109584 0.00169236 0.000228922 7.59467e-05 0.0940203 0.00746676 15.3338 1.80533 659.359 335.113 4973.89 1307.89 5648.59 1548.51 5648.59 1548.51 0.585875 0.0523341 
400 0.28 185600000 1473.89 220.552 -120.227 4.81838 15349.6 1199.58 2.91019e+08 4.33533e+07 0.000974535 0.0114989 0.00723315 0.0151933 0.0109584 0.00165195 0.000228922 7.39996e-05 0.0940203 0.00730968 15.3338 1.77151 659.359 326.918 4973.89 1307.89 5648.59 1548.51 5648.59 1548.51 0.585875 0.0523341 
400 0.28 188800000 1467.95 271.556 -120.605 4.7303 15440.6 1178.4 2.93958e+08 4.25679e+07 4.64973e-06 0.0109648 0.00882265 0.0174691 0.0108468 0.00162423 0.000223178 7.75568e-05 0.0936363 0.00720942 14.9494 1.73554 627.794 323.939 4733.33 1264.42 5376.07 1494.87 5376.07 1494.87 0.58369 0.049763 
400 0.28 192000000 1467.95 271.556 -120.605 4.64076 15440.6 1156.94 2.93958e+08 4.17884e+07 4.64973e-06 0.0109648 0.00882265 0.0174691 0.0108468 0.00158558 0.000223178 7.75568e-05 0.0936363 0.00703364 14.9494 1.69632 627.794 323.939 4733.33 1264.42 5376.07 1494.87 5376.07 1494.87 0.58369 0.049763 
400 0.28 195200000 1467.95 271.556 -120.605 4.93938 15440.6 1286.82 2.93958e+08 5.29525e+07 4.64973e-06 0.0105415 0.00882265 0.0174691 0.0108468 0.00173172 0.000223178 7.97438e-05 0.0936363 0.0073858 14.9494 1.65601 627.794 323.939 4733.33 1220.77 5376.07 1434.09 5376.07 1434.09 0.58369 0.0489286 
400 0.28 198400000 1467.95 271.556 -120.605 4.82463 15440.6 1257.29 2.93958e+08 5.17843e+07 4.64973e-06 0.0105415 0.00882265 0.0174691 0.0108468 0.00169717 0.000223178 7.80677e-05 0.0936363 0.00723186 14.9494 1.62404 627.794 323.939 4733.33 1220.77 5376.07 1434.09 5376.07 1434.09 0.58369 0.0489286 
400 0.28 201600000 1423.64 271.556 -122.022 4.71521 15867.6 1229.18 3.18259e+08 5.06717e+07 -0.00148117 0.0104702 0.010813 0.0174691 0.0112534 0.00166839 0.000249115 7.75568e-05 0.0949967 0.00711762 14.6082 1.59061 573.542 323.939 4719.21 1184.84 5307.36 1391.79 5307.36 1391.79 0.584337 0.0481096 
400 0.28 204800000 1423.64 271.556 -122.022 4.66075 15867.6 1213.33 3.18259e+08 4.98056e+07 -0.00148117 0.0104702 0.010813 0.0174691 0.0112534 0.00164977 0.000249115 7.75568e-05 0.0949967 0.00722077 14.6082 1.55647 573.542 323.939 4719.21 1184.84 5307.36 1391.79 5307.36 1391.79 0.584337 0.0481096 
400 0.28 208000000 1423.64 271.556 -122.022 4.56025 15867.6 1187.7 3.18259e+08 4.87968e+07 -0.00148117 0.0101381 0.010813 0.0174691 0.0112534 0.00162837 0.000249115 7.75568e-05 0.0949967 0.00731872 14.6082 1.53181 573.542 323.939 4719.21 1134.8 5307.36 1391.79 5307.36 1391.79 0.584337 0.0460185 
400 0.28 211200000 1423.64 271.556 -122.022 4.48124 15867.6 1165.6 3.18259e+08 4.77901e+07 -0.00148117 0.0101381 0.010813 0.0174691 0.0112534 0.00160231 0.000249115 7.75568e-05 0.0949967 0.00731872 14.6082 1.50956 573.542 323.939 4719.21 1134.8 5307.36 1391.79 5307.36 1391.79 0.584337 0.0460185 
400 0.28 214400000 1367.83 244.055 -122.485 4.42097 15940.8 1149.65 3.17551e+08 4.70435e+07 0.00115528 0.00979312 0.00988259 0.0145897 0.0109858 0.00156926 0.00023889 7.05372e-05 0.0930476 0.00713833 14.1754 1.48527 530.191 284.273 4470.82 1103.21 5015.18 1292.84 5015.18 1292.84 0.577242 0.0446103 
400 0.28 217600000 1367.83 244.055 -122.485 4.34036 15940.8 1129.43 3.17551e+08 4.62274e+07 0.00115528 0.00979312 0.00988259 0.0145897 0.0109858 0.00154132 0.00023889 6.9227e-05 0.0930476 0.00713833 14.1754 1.45854 530.191 284.273 4470.82 1103.21 5015.18 1292.84 5015.18 1292.84 0.577242 0.0446103 
400 0.28 220800000 1367.83 244.055 -122.485 4.30588 15940.8 1119.51 3.17551e+08 4.56368e+07 0.00115528 0.0099194 0.00988259 0.0145897 0.0109858 0.00151079 0.00023889 6.79049e-05 0.0930476 0.00685966 14.1754 1.43223 530.191 284.273 4470.82 1072.32 5015.18 1255.22 5015.18 1255.22 0.577242 0.0429194 
400 0.28 224000000 1367.83 244.055 -122.485 4.25171 15940.8 1105.13 3.17551e+08 4.49675e+07 0.00115528 0.0099194 0.00988259 0.0145897 0.0109858 0.00148306 0.00023889 6.6668e-05 0.0930476 0.00685966 14.1754 1.41496 530.191 284.273 4470.82 1072.32 5015.18 1255.22 5015.18 1255.22 0.577242 0.0429194 
400 0.28 227200000 1344.58 244.055 -121.729 4.21633 15742.3 1094.18 3.10076e+08 4.43598e+07 -0.000756277 0.00962495 0.007427 0.0145897 0.0106625 0.00145818 0.000224256 6.62031e-05 0.092183 0.00661796 14.0116 1.39522 492.028 284.273 4138.3 1043.11 4644.34 1219.7 4644.34 1219.7 0.563694 0.0425717 
400 0.28 230400000 1344.58 244.055 -121.729 4.14923 15742.3 1077.3 3.10076e+08 4.36684e+07 -0.000756277 0.00962495 0.007427 0.0145897 0.0106625 0.0014345 0.000224256 6.62031e-05 0.092183 0.00661796 14.0116 1.36889 492.028 284.273 4138.3 1043.11 4644.34 1219.7 4644.34 1219.7 0.563694 0.0425717 
400 0.28 233600000 1344.58 244.055 -121.729 4.09887 15742.3 1063.9 3.10076e+08 4.30517e+07 -0.000756277 0.00947954 0.007427 0.0145897 0.0106625 0.00141547 0.000224256 6.62031e-05 0.092183 0.00647239 14.0116 1.34692 492.028 284.273 4138.3 1015.14 4644.34 1205.7 4644.34 1205.7 0.563694 0.0420261 
400 0.28 236800000 1344.58 244.055 -121.729 4.02772 15742.3 1045.99 3.10076e+08 4.2351e+07 -0.000756277 0.00947954 0.007427 0.0145897 0.0106625 0.00139845 0.000224256 6.62031e-05 0.092183 0.00647239 14.0116 1.32267 492.028 284.273 4138.3 1015.14 4644.34 1205.7 4644.34 1205.7 0.563694 0.0420261 
400 0.28 240000000 1293.71 220.157 -120.807 3.95597 15470.6 1027.33 2.98443e+08 4.1614e+07 -0.00180264 0.00919158 0.00604576 0.0130002 0.0102581 0.00137224 0.000210678 6.24683e-05 0.0904363 0.00626847 14.2057 1.33635 459.464 252.307 3999.04 978.937 4472.71 1149.03 4472.71 1149.03 0.554547 0.0405261 
400 0.28 243200000 1293.71 220.157 -120.807 3.89618 15470.6 1010.81 2.98443e+08 4.08928e+07 -0.00180264 0.00919158 0.00604576 0.0130002 0.0102581 0.00135667 0.000210678 6.24683e-05 0.0904363 0.00626847 14.2057 1.31573 459.464 252.307 3999.04 978.937 4472.71 1149.03 4472.71 1149.03 0.554547 0.0405261 
400 0.28 246400000 1293.71 220.157 -120.807 3.87602 15470.6 1004.97 2.98443e+08 4.05081e+07 -0.00180264 0.00898059 0.00604576 0.0130002 0.0102581 0.0013307 0.000210678 6.24683e-05 0.0904363 0.00608366 14.2057 1.29788 459.464 252.307 3999.04 953.915 4472.71 1149.03 4472.71 1149.03 0.554547 0.0391405 
400 0.28 249600000 1293.71 220.157 -120.807 3.81058 15470.6 988.261 2.98443e+08 3.98596e+07 -0.00180264 0.00898059 0.00604576 0.0130002 0.0102581 0.00132798 0.000210678 6.24683e-05 0.0904363 0.00608366 14.2057 1.27994 459.464 252.307 3999.04 953.915 4472.71 1149.03 4472.71 1149.03 0.554547 0.0391405 
400 0.28 252800000 1328.97 220.157 -121.479 3.75066 15601.3 973.202 3.00227e+08 3.92703e+07 0.00118788 0.00882099 0.00319082 0.0130002 0.0103545 0.00130632 0.000209604 6.24683e-05 0.0912409 0.00604713 13.8252 1.26098 430.448 252.307 3744.97 930.013 4189.25 1149.03 4189.25 1149.03 0.557113 0.0379961 
400 0.28 256000000 1328.97 220.157 -121.479 3.69243 15601.3 957.586 3.00227e+08 3.86267e+07 0.00118788 0.00882099 0.00319082 0.0130002 0.0103545 0.00130304 0.000209604 6.24683e-05 0.0912409 0.00604713 13.8252 1.24332 430.448 252.307 3744.97 930.013 4189.25 1149.03 4189.25 1149.03 0.557113 0.0379961 
400 0.28 259200000 1328.97 220.157 -121.479 3.64947 15601.3 946.46 3.00227e+08 3.81388e+07 0.00118788 0.00855977 0.00319082 0.0130002 0.0103545 0.00128324 0.000209604 6.24683e-05 0.0912409 0.00602696 13.8252 1.23151 430.448 252.307 3744.97 924.057 4189.25 1149.03 4189.25 1149.03 0.557113 0.0367861 
400 0.28 262400000 1328.97 220.157 -121.479 3.66326 15601.3 951.633 3.00227e+08 3.82951e+07 0.00118788 0.00855977 0.00319082 0.0130002 0.0103545 0.00128324 0.000209604 6.24683e-05 0.0912409 0.00602696 13.8252 1.21225 430.448 252.307 3744.97 924.057 4189.25 1149.03 4189.25 1149.03 0.557113 0.0367861 
400 0.28 265600000 1332.31 195.992 -122.09 3.60684 15738.6 936.784 3.03867e+08 3.77031e+07 0.00184085 0.00838964 0.00337959 0.0116453 0.0102184 0.00124747 0.000203765 5.50409e-05 0.0905049 0.00588257 13.4905 1.19578 405.302 226.508 3522.87 923.12 3941.66 1121.43 3941.66 1121.43 0.558666 0.0356394 
400 0.28 268800000 1332.31 195.992 -122.09 3.56377 15738.6 924.705 3.03867e+08 3.7153e+07 0.00184085 0.00838964 0.00337959 0.0116453 0.0102184 0.00124747 0.000203765 5.50409e-05 0.0905049 0.00588257 13.4905 1.18637 405.302 226.508 3522.87 923.12 3941.66 1121.43 3941.66 1121.43 0.558666 0.0356394 
400 0.28 272000000 1332.31 195.992 -122.09 3.50983 15738.6 910.861 3.03867e+08 3.66156e+07 0.00184085 0.00814725 0.00337959 0.0116453 0.0102184 0.00123426 0.000203765 5.50409e-05 0.0905049 0.00586692 13.4905 1.1697 405.302 226.508 3522.87 923.12 3941.66 1121.43 3941.66 1121.43 0.558666 0.034784 
400 0.28 275200000 1332.31 195.992 -122.09 3.47229 15738.6 901.151 3.03867e+08 3.61919e+07 0.00184085 0.00814725 0.00337959 0.0116453 0.0102184 0.00123426 0.000203765 5.50409e-05 0.0905049 0.00586692 13.4905 1.15332 405.302 226.508 3522.87 923.12 3941.66 1121.43 3941.66 1121.43 0.558666 0.034784 
400 0.28 278400000 1366.76 195.992 -122.692 3.48085 15877.2 904.593 3.0773e+08 3.62815e+07 0.00198749 0.00791311 0.00301181 0.0116453 0.00971662 0.00122358 0.000191984 5.50409e-05 0.087504 0.00591062 13.4502 1.13922 384.781 226.508 3628.96 923.12 4027.19 1121.43 4027.19 1121.43 0.56122 0.0337912 
400 0.28 281600000 1366.76 195.992 -122.692 3.43522 15877.2 893.127 3.0773e+08 3.58307e+07 0.00198749 0.00791311 0.00301181 0.0116453 0.00971662 0.00122358 0.000191984 5.50409e-05 0.087504 0.00591062 13.4502 1.123 384.781 226.508 3628.96 923.12 4027.19 1121.43 4027.19 1121.43 0.56122 0.0337912 
400 0.28 284800000 1366.76 195.992 -122.692 3.44184 15877.2 890.786 3.0773e+08 3.55203e+07 0.00198749 0.00771743 0.00301181 0.0116453 0.00971662 0.00120125 0.000191984 5.50409e-05 0.087504 0.00579814 13.4502 1.13808 384.781 226.508 3628.96 923.12 4027.19 1121.43 4027.19 1121.43 0.56122 0.0331663 
400 0.28 288000000 1366.76 195.992 -122.692 3.40809 15877.2 881.244 3.0773e+08 3.50706e+07 0.00198749 0.00771743 0.00301181 0.0116453 0.00971662 0.00120125 0.000191984 5.50409e-05 0.087504 0.00579814 13.4502 1.12208 384.781 226.508 3628.96 923.12 4027.19 1121.43 4027.19 1121.43 0.56122 0.0329861 
400 0.28 291200000 1358.92 176.012 -122.222 3.36079 15751.5 869.037 3.02486e+08 3.45977e+07 0.00190121 0.00754243 0.00202034 0.0104304 0.0093985 0.00123952 0.000182303 5.29447e-05 0.086102 0.00571414 13.6016 1.1094 366.699 204.603 3533.93 820.618 3914.23 997.16 3914.23 997.16 0.561472 0.032484 
400 0.28 294400000 1358.92 176.012 -122.222 3.31772 15751.5 858.256 3.02486e+08 3.41813e+07 0.00190121 0.00754243 0.00202034 0.0104304 0.0093985 0.00123952 0.000182303 5.29447e-05 0.086102 0.00571414 13.6016 1.09444 366.699 204.603 3533.93 820.618 3914.23 997.16 3914.23 997.16 0.561472 0.0323111 
400 0.28 297600000 1358.92 176.012 -122.222 3.2775 15751.5 847.337 3.02486e+08 3.37221e+07 0.00190121 0.00735798 0.00202034 0.0104304 0.0093985 0.00123952 0.000182303 5.29447e-05 0.086102 0.00571414 13.6016 1.08703 366.699 204.603 3533.93 820.618 3914.23 997.16 3914.23 997.16 0.561472 0.0319092 
400 0.28 300800000 1358.92 176.012 -122.222 3.24284 15751.5 838.583 3.02486e+08 3.33616e+07 0.00190121 0.00735798 0.00202034 0.0104304 0.0093985 0.00123952 0.000182303 5.29447e-05 0.086102 0.00571414 13.6016 1.07547 366.699 204.603 3533.93 820.618 3914.23 997.16 3914.23 997.16 0.561472 0.031842 
400 0.28 304000000 1328.13 176.012 -122.407 3.22411 15773.6 833.234 3.01571e+08 3.30663e+07 0.00362707 0.00750547 -0.000942771 0.0104304 0.00975074 0.00123952 0.000191772 5.29447e-05 0.0879487 0.00571414 13.3443 1.06382 350.56 204.603 3396.53 820.618 3760.43 997.16 3760.43 997.16 0.559275 0.0319715 
400 0.28 307200000 1328.13 176.012 -122.407 3.22302 15773.6 833.448 3.01571e+08 3.30176e+07 0.00362707 0.00750547 -0.000942771 0.0104304 0.00975074 0.00123952 0.000191772 5.29447e-05 0.0879487 0.00571414 13.3443 1.05066 350.56 204.603 3396.53 820.618 3760.43 997.16 3760.43 997.16 0.559275 0.0319715 
400 0.28 310400000 1328.13 176.012 -122.407 3.19439 15773.6 825.414 3.01571e+08 3.26421e+07 0.00362707 0.00731981 -0.000942771 0.0104304 0.00975074 0.00123952 0.000191772 5.29447e-05 0.0879487 0.00571414 13.3443 1.03724 350.56 204.603 3396.53 820.618 3760.43 997.16 3760.43 997.16 0.559275 0.031203 
400 0.28 313600000 1328.13 176.012 -122.407 3.1549 15773.6 815.464 3.01571e+08 3.22645e+07 0.00362707 0.00731981 -0.000942771 0.0104304 0.00975074 0.00123952 0.000191772 5.29447e-05 0.0879487 0.00571414 13.3443 1.02712 350.56 204.603 3396.53 820.618 3760.43 997.16 3760.43 997.16 0.559275 0.031203 
400 0.28 316800000 1332.95 174.488 -122.999 3.1182 15906.7 806.292 3.0503e+08 3.19127e+07 0.00249173 0.00718216 -0.000424241 0.00966961 0.00938657 0.00117457 0.000182552 4.76508e-05 0.0859661 0.00557322 13.3577 1.01503 334.232 186.701 3235.95 923.494 3583.54 1076.15 3583.54 1076.15 0.557772 0.0305986 
400 0.28 320000000 1332.95 174.488 -122.999 3.10631 15906.7 802.094 3.0503e+08 3.16556e+07 0.00249173 0.00718216 -0.000424241 0.00966961 0.00938657 0.00117457 0.000182552 4.76508e-05 0.0859661 0.00557322 13.3577 1.01306 334.232 186.701 3235.95 923.494 3583.54 1076.15 3583.54 1076.15 0.557772 0.0305986 
400 0.28 323200000 1332.95 174.488 -122.999 3.07224 15906.7 792.881 3.0503e+08 3.1272e+07 0.00249173 0.00714905 -0.000424241 0.00966961 0.00938657 0.00117457 0.000182552 4.76508e-05 0.0859661 0.00557322 13.3577 1.01306 334.232 186.701 3235.95 923.494 3583.54 1076.15 3583.54 1076.15 0.557772 0.0304884 
400 0.28 326400000 1332.95 174.488 -122.999 3.03667 15906.7 783.96 3.0503e+08 3.09331e+07 0.00249173 0.00714905 -0.000424241 0.00966961 0.00938657 0.00117457 0.000182552 4.76508e-05 0.0859661 0.00557322 13.3577 1.01306 334.232 186.701 3235.95 923.494 3583.54 1076.15 3583.54 1076.15 0.557772 0.0304884 
400 0.28 329600000 1332.95 174.488 -122.999 3.0264 15906.7 781.185 3.0503e+08 3.07592e+07 0.00249173 0.00697977 -0.000424241 0.00966961 0.00938657 0.00117457 0.000182552 4.76508e-05 0.0859661 0.00557322 13.3577 1.01306 334.232 186.701 3235.95 923.494 3583.54 1076.15 3583.54 1076.15 0.557772 0.0307673 
400 0.28 332800000 1332.95 174.488 -122.999 2.99226 15906.7 772.137 3.0503e+08 3.03975e+07 0.00249173 0.00697977 -0.000424241 0.00966961 0.00938657 0.00117457 0.000182552 4.76508e-05 0.0859661 0.00557322 13.3577 1.01306 334.232 186.701 3235.95 923.494 3583.54 1076.15 3583.54 1076.15 0.557772 0.0307673 
400 0.28 336000000 1332.95 174.488 -122.999 2.97107 15906.7 766.193 3.0503e+08 3.01096e+07 0.00249173 0.00689169 -0.000424241 0.00966961 0.00938657 0.00117457 0.000182552 4.76508e-05 0.0859661 0.00557322 13.3577 1.01306 334.232 186.701 3235.95 923.494 3583.54 1076.15 3583.54 1076.15 0.557772 0.0301044 
400 0.28 339200000 1332.95 174.488 -122.999 2.93705 15906.7 757.542 3.0503e+08 2.9782e+07 0.00249173 0.00689169 -0.000424241 0.00966961 0.00938657 0.00117457 0.000182552 4.76508e-05 0.0859661 0.00557322 13.3577 1.01306 334.232 186.701 3235.95 923.494 3583.54 1076.15 3583.54 1076.15 0.557772 0.0301044 
400 0.28 342400000 1327.64 174.488 -123.224 2.90897 15928.9 750.538 3.03302e+08 2.9506e+07 -0.00106053 0.00680442 0.00353279 0.009566 0.00923127 0.00117457 0.000174092 4.56533e-05 0.0856951 0.00557322 13.1551 1.01306 307.894 171.576 3172.54 923.494 3493.59 1076.15 3493.59 1076.15 0.553286 0.0297266 
400 0.28 345600000 1327.64 174.488 -123.224 2.87992 15928.9 742.68 3.03302e+08 2.9178e+07 -0.00106053 0.00680442 0.00353279 0.009566 0.00923127 0.00117457 0.000174092 4.56533e-05 0.0856951 0.00557322 13.1551 1.01306 307.894 171.576 3172.54 923.494 3493.59 1076.15 3493.59 1076.15 0.553286 0.0297266 
400 0.28 348800000 1327.64 174.488 -123.224 2.84925 15928.9 734.561 3.03302e+08 2.88539e+07 -0.00106053 0.00675272 0.00353279 0.009566 0.00923127 0.00117457 0.000174092 4.56533e-05 0.0856951 0.00557322 13.1551 1.01306 307.894 171.576 3172.54 923.494 3493.59 1076.15 3493.59 1076.15 0.553286 0.0293607 
400 0.28 352000000 1327.64 174.488 -123.224 2.82941 15928.9 729.029 3.03302e+08 2.85904e+07 -0.00106053 0.00675272 0.00353279 0.009566 0.00923127 0.00117457 0.000174092 4.56533e-05 0.0856951 0.00557322 13.1551 1.01306 307.894 171.576 3172.54 923.494 3493.59 1076.15 3493.59 1076.15 0.553286 0.0293607 
400 0.28 355200000 1327.64 174.488 -123.224 2.84112 15928.9 728.971 3.03302e+08 2.84272e+07 -0.00106053 0.00672218 0.00353279 0.009566 0.00923127 0.00117457 0.000174092 4.56533e-05 0.0856951 0.00557322 13.1551 1.01306 307.894 171.576 3172.54 923.494 3493.59 1076.15 3493.59 1076.15 0.553286 0.0290864 
400 0.28 358400000 1327.64 174.488 -123.224 2.81482 15928.9 722.462 3.03302e+08 2.81752e+07 -0.00106053 0.00672218 0.00353279 0.009566 0.00923127 0.00117457 0.000174092 4.56533e-05 0.0856951 0.00557322 13.1551 1.01306 307.894 171.576 3172.54 923.494 3493.59 1076.15 3493.59 1076.15 0.553286 0.0290864 
400 0.28 361600000 1327.64 174.488 -123.224 2.79866 15928.9 717.983 3.03302e+08 2.79525e+07 -0.00106053 0.00667849 0.00353279 0.009566 0.00923127 0.00117457 0.000174092 4.56533e-05 0.0856951 0.00557322 13.1551 1.01306 307.894 171.576 3172.54 923.494 3493.59 1076.15 3493.59 1076.15 0.553286 0.0296758 
400 0.28 364800000 1327.64 174.488 -123.224 2.8185 15928.9 719.025 3.03302e+08 2.78068e+07 -0.00106053 0.00667849 0.00353279 0.009566 0.00923127 0.00117457 0.000174092 4.56533e-05 0.0856951 0.00557322 13.1551 1.01306 307.894 171.576 3172.54 923.494 3493.59 1076.15 3493.59 1076.15 0.553286 0.0296758 
400 0.28 368000000 1305.75 147.511 -123.201 2.81509 15939.2 718.511 3.03618e+08 2.77539e+07 -0.00314566 0.00677108 0.00321074 0.00877426 0.00888043 0.00108238 0.000163011 4.20188e-05 0.083875 0.00502134 13.2192 0.881849 287.558 158.479 3351 776.713 3651.78 898.95 3651.78 898.95 0.55457 0.0300222 
400 0.28 371200000 1305.75 147.511 -123.201 2.78791 15939.2 711.814 3.03618e+08 2.75047e+07 -0.00314566 0.00677108 0.00321074 0.00877426 0.00888043 0.00108238 0.000163011 4.20188e-05 0.083875 0.00502134 13.2192 0.874434 287.558 158.479 3351 776.713 3651.78 898.95 3651.78 898.95 0.55457 0.0300222 
400 0.28 374400000 1305.75 147.511 -123.201 2.76496 15939.2 706.154 3.03618e+08 2.72827e+07 -0.00314566 0.00677108 0.00321074 0.00877426 0.00888043 0.00108238 0.000163011 4.20188e-05 0.083875 0.00502134 13.2192 0.866243 287.558 158.479 3351 776.713 3651.78 898.95 3651.78 898.95 0.55457 0.0296949 
400 0.28 377600000 1305.75 147.511 -123.201 2.74914 15939.2 701.806 3.03618e+08 2.70724e+07 -0.00314566 0.00677108 0.00321074 0.00877426 0.00888043 0.00108238 0.000163011 4.20188e-05 0.083875 0.00502134 13.2192 0.859889 287.558 158.479 3351 776.713 3651.78 898.95 3651.78 898.95 0.55457 0.0296949 
400 0.28 380800000 1305.75 147.511 -123.201 2.72543 15939.2 695.434 3.03618e+08 2.68075e+07 -0.00314566 0.00677108 0.00321074 0.00877426 0.00888043 0.00108238 0.000163011 4.20188e-05 0.083875 0.00502134 13.2192 0.854389 287.558 158.479 3351 776.713 3651.78 898.95 3651.78 898.95 0.55457 0.0291018 
400 0.28 384000000 1305.75 147.511 -123.201 2.70501 15939.2 689.873 3.03618e+08 2.65637e+07 -0.00314566 0.00677108 0.00321074 0.00877426 0.00888043 0.00108238 0.000163011 4.20188e-05 0.083875 0.00502134 13.2192 0.853632 287.558 158.479 3351 776.713 3651.78 898.95 3651.78 898.95 0.55457 0.0291018 
400 0.28 387200000 1305.75 147.511 -123.201 2.68404 15939.2 684.192 3.03618e+08 2.63191e+07 -0.00314566 0.00677108 0.00321074 0.00877426 0.00888043 0.00108238 0.000163011 4.20188e-05 0.083875 0.00502134 13.2192 0.853632 287.558 158.479 3351 776.713 3651.78 898.95 3651.78 898.95 0.55457 0.028941 
400 0.28 390400000 1305.75 147.511 -123.201 2.66173 15939.2 678.208 3.03618e+08 2.60703e+07 -0.00314566 0.00677108 0.00321074 0.00877426 0.00888043 0.00108238 0.000163011 4.20188e-05 0.083875 0.00502134 13.2192 0.853632 287.558 158.479 3351 776.713 3651.78 898.95 3651.78 898.95 0.55457 0.028941 
400 0.28 393600000 1300.02 147.511 -123.702 2.63928 16026.6 672.712 3.03917e+08 2.58633e+07 -0.00260315 0.00677108 0.00132766 0.00829892 0.00842706 0.00108238 0.000151273 4.20188e-05 0.0815259 0.00502134 12.9414 0.853632 268.484 147.431 3196.64 776.713 3478.07 898.95 3478.07 898.95 0.553305 0.0283937 
400 0.28 396800000 1300.02 147.511 -123.702 2.67173 16026.6 685.658 3.03917e+08 2.6692e+07 -0.00260315 0.00677108 0.00132766 0.00829892 0.00842706 0.00108238 0.000151273 4.20188e-05 0.0815259 0.00502134 12.9414 0.853632 268.484 147.431 3196.64 776.713 3478.07 898.95 3478.07 898.95 0.553305 0.0283937 
400 0.28 400000000 1300.02 147.511 -123.702 2.64704 16026.6 679.474 3.03917e+08 2.64614e+07 -0.00260315 0.00677108 0.00132766 0.00829892 0.00842706 0.00108238 0.000151273 4.20188e-05 0.0815259 0.00502134 12.9414 0.853632 268.484 147.431 3196.64 776.713 3478.07 898.95 3478.07 898.95 0.553305 0.0278663 
400 0.28 403200000 1300.02 147.511 -123.702 2.62233 16026.6 673.2 3.03917e+08 2.62255e+07 -0.00260315 0.00677108 0.00132766 0.00829892 0.00842706 0.00108238 0.000151273 4.20188e-05 0.0815259 0.00502134 12.9414 0.853632 268.484 147.431 3196.64 776.713 3478.07 898.95 3478.07 898.95 0.553305 0.0278663 
400 0.28 406400000 1300.02 147.511 -123.702 2.61225 16026.6 670.508 3.03917e+08 2.60835e+07 -0.00260315 0.00677108 0.00132766 0.00829892 0.00842706 0.00108238 0.000151273 4.20188e-05 0.0815259 0.00502134 12.9414 0.853632 268.484 147.431 3196.64 776.713 3478.07 898.95 3478.07 898.95 0.553305 0.0278199 
400 0.28 409600000 1300.02 147.511 -123.702 2.6131 16026.6 669.401 3.03917e+08 2.59525e+07 -0.00260315 0.00677108 0.00132766 0.00829892 0.00842706 0.00108238 0.000151273 4.20188e-05 0.0815259 0.00502134 12.9414 0.853632 268.484 147.431 3196.64 776.713 3478.07 898.95 3478.07 898.95 0.553305 0.0278199 
400 0.28 412800000 1300.02 147.511 -123.702 2.58981 16026.6 663.341 3.03917e+08 2.57178e+07 -0.00260315 0.00677108 0.00132766 0.00829892 0.00842706 0.00108238 0.000151273 4.20188e-05 0.0815259 0.00502134 12.9414 0.90374 268.484 147.431 3196.64 776.713 3478.07 898.95 3478.07 898.95 0.553305 0.0273459 
400 0.28 416000000 1300.02 147.511 -123.702 2.58869 16026.6 661.96 3.03917e+08 2.55873e+07 -0.00260315 0.00677108 0.00132766 0.00829892 0.00842706 0.00108238 0.000151273 4.20188e-05 0.0815259 0.00502134 12.9414 0.896263 268.484 147.431 3196.64 776.713 3478.07 898.95 3478.07 898.95 0.553305 0.0273459 
400 0.28 419200000 1273.62 129.889 -123.995 2.57195 16115.6 657.385 3.08114e+08 2.53832e+07 -0.00319993 0.005804 0.00121291 0.00770693 0.00830718 0.00106883 0.000146419 3.91553e-05 0.0809381 0.00509097 13.2106 0.888285 252.591 137.755 3159.44 688.971 3425.24 798.562 3425.24 798.562 0.553025 0.0270042 
400 0.28 422400000 1273.62 129.889 -123.995 2.55186 16115.6 652.01 3.08114e+08 2.51619e+07 -0.00319993 0.005804 0.00121291 0.00770693 0.00830718 0.00106883 0.000146419 3.91553e-05 0.0809381 0.00509097 13.2106 0.881889 252.591 137.755 3159.44 688.971 3425.24 798.562 3425.24 798.562 0.553025 0.0270042 
400 0.28 425600000 1273.62 129.889 -123.995 2.5318 16115.6 646.659 3.08114e+08 2.49435e+07 -0.00319993 0.005804 0.00121291 0.00770693 0.00830718 0.00106883 0.000146419 3.91553e-05 0.0809381 0.00509097 13.2106 0.874353 252.591 137.755 3159.44 688.971 3425.24 798.562 3425.24 798.562 0.553025 0.0266848 
400 0.28 428800000 1273.62 129.889 -123.995 2.51318 16115.6 641.651 3.08114e+08 2.47336e+07 -0.00319993 0.005804 0.00121291 0.00770693 0.00830718 0.00106883 0.000146419 3.91553e-05 0.0809381 0.00509097 13.2106 0.867662 252.591 137.755 3159.44 688.971 3425.24 798.562 3425.24 798.562 0.553025 0.0266848 
400 0.28 432000000 1273.62 129.889 -123.995 2.50103 16115.6 638.484 3.08114e+08 2.45888e+07 -0.00319993 0.005804 0.00121291 0.00770693 0.00830718 0.00106883 0.000146419 3.91553e-05 0.0809381 0.00509097 13.2106 0.861015 252.591 137.755 3159.44 688.971 3425.24 798.562 3425.24 798.562 0.553025 0.0264692 
400 0.28 435200000 1273.62 129.889 -123.995 2.47972 16115.6 633.12 3.08114e+08 2.43898e+07 -0.00319993 0.005804 0.00121291 0.00770693 0.00830718 0.00106883 0.000146419 3.91553e-05 0.0809381 0.00509097 13.2106 0.854844 252.591 137.755 3159.44 688.971 3425.24 798.562 3425.24 798.562 0.553025 0.0264692 
400 0.28 438400000 1273.62 129.889 -123.995 2.46519 16115.6 629.162 3.08114e+08 2.42114e+07 -0.00319993 0.005804 0.00121291 0.00770693 0.00830718 0.00106883 0.000146419 3.91553e-05 0.0809381 0.00509097 13.2106 0.848067 252.591 137.755 3159.44 688.971 3425.24 798.562 3425.24 798.562 0.553025 0.0260244 
400 0.28 441600000 1273.62 129.889 -123.995 2.46932 16115.6 628.766 3.08114e+08 2.41076e+07 -0.00319993 0.005804 0.00121291 0.00770693 0.00830718 0.00106883 0.000146419 3.91553e-05 0.0809381 0.00509097 13.2106 0.842093 252.591 137.755 3159.44 688.971 3425.24 798.562 3425.24 798.562 0.553025 0.0260244 
400 0.28 444800000 1262.13 129.889 -124.073 2.45219 16115.8 624.166 3.06468e+08 2.39146e+07 -0.00240251 0.005804 -0.000382487 0.00735642 0.00826659 0.00106883 0.000144009 3.91553e-05 0.0806323 0.00509097 13.1396 0.836071 239.34 129.207 3310.24 688.971 3562.72 798.562 3562.72 798.562 0.554194 0.0256961 
400 0.28 448000000 1262.13 129.889 -124.073 2.44102 16115.8 621.161 3.06468e+08 2.37713e+07 -0.00240251 0.005804 -0.000382487 0.00735642 0.00826659 0.00106883 0.000144009 3.91553e-05 0.0806323 0.00509097 13.1396 0.832186 239.34 129.207 3310.24 688.971 3562.72 798.562 3562.72 798.562 0.554194 0.0256961 
400 0.28 451200000 1262.13 129.889 -124.073 2.43237 16115.8 618.746 3.06468e+08 2.36477e+07 -0.00240251 0.005804 -0.000382487 0.00735642 0.00826659 0.00106883 0.000144009 3.91553e-05 0.0806323 0.00509097 13.1396 0.827306 239.34 129.207 3310.24 688.971 3562.72 798.562 3562.72 798.562 0.554194 0.0255954 
400 0.28 454400000 1262.13 129.889 -124.073 2.41662 16115.8 614.505 3.06468e+08 2.34673e+07 -0.00240251 0.005804 -0.000382487 0.00735642 0.00826659 0.00106883 0.000144009 3.91553e-05 0.0806323 0.00509097 13.1396 0.823132 239.34 129.207 3310.24 688.971 3562.72 798.562 3562.72 798.562 0.554194 0.0255954 
400 0.28 457600000 1262.13 129.889 -124.073 2.40685 16115.8 611.905 3.06468e+08 2.33435e+07 -0.00240251 0.005804 -0.000382487 0.00735642 0.00826659 0.00106883 0.000144009 3.91553e-05 0.0806323 0.00509097 13.1396 0.876953 239.34 129.207 3310.24 688.971 3562.72 798.562 3562.72 798.562 0.554194 0.0253931 
400 0.28 460800000 1262.13 129.889 -124.073 2.40405 16115.8 611.476 3.06468e+08 2.33121e+07 -0.00240251 0.005804 -0.000382487 0.00735642 0.00826659 0.00106883 0.000144009 3.91553e-05 0.0806323 0.00509097 13.1396 0.870253 239.34 129.207 3310.24 688.971 3562.72 798.562 3562.72 798.562 0.554194 0.0253931 
400 0.28 464000000 1262.13 129.889 -124.073 2.41452 16115.8 612.055 3.06468e+08 2.32279e+07 -0.00240251 0.005804 -0.000382487 0.00735642 0.00826659 0.00106883 0.000144009 3.91553e-05 0.0806323 0.00509097 13.1396 0.864161 239.34 129.207 3310.24 688.971 3562.72 798.562 3562.72 798.562 0.554194 0.0249901 
400 0.28 467200000 1262.13 129.889 -124.073 2.41332 16115.8 612.183 3.06468e+08 2.32263e+07 -0.00240251 0.005804 -0.000382487 0.00735642 0.00826659 0.00106883 0.000144009 3.91553e-05 0.0806323 0.00509097 13.1396 0.858853 239.34 129.207 3310.24 688.971 3562.72 798.562 3562.72 798.562 0.554194 0.0249901 
400 0.28 470400000 1264.69 113.96 -124.207 2.39476 16161.5 607.412 3.0842e+08 2.30462e+07 -0.00249607 0.00548965 0.000327775 0.00693084 0.00833975 0.000935722 0.000144615 3.43024e-05 0.0811869 0.00446068 13.5768 0.866258 238.651 121.133 3571.4 715.486 3823.63 791.902 3823.63 791.902 0.565775 0.0249512 
400 0.28 473600000 1264.69 113.96 -124.207 2.38799 16161.5 605.732 3.0842e+08 2.29606e+07 -0.00249607 0.00548965 0.000327775 0.00693084 0.00833975 0.000935722 0.000144615 3.43024e-05 0.0811869 0.00446068 13.5768 0.859686 238.651 121.133 3571.4 715.486 3823.63 791.902 3823.63 791.902 0.565775 0.0249512 
400 0.28 476800000 1264.69 113.96 -124.207 2.38185 16161.5 603.868 3.0842e+08 2.28554e+07 -0.00249607 0.00541185 0.000327775 0.00693084 0.00833975 0.000935722 0.000144615 3.43024e-05 0.0811869 0.00446068 13.5768 0.853094 238.651 121.133 3571.4 715.486 3823.63 791.902 3823.63 791.902 0.565775 0.0246221 
400 0.28 480000000 1264.69 113.96 -124.207 2.36571 16161.5 599.948 3.0842e+08 2.27117e+07 -0.00249607 0.00541366 0.000327775 0.00693084 0.00833975 0.000935722 0.000144615 3.43024e-05 0.0811869 0.00446068 13.5768 0.846582 238.651 121.133 3571.4 715.486 3823.63 791.902 3823.63 791.902 0.565775 0.0246221 
400 0.28 483200000 1264.69 113.96 -124.207 2.34801 16161.5 595.409 3.0842e+08 2.25413e+07 -0.00249607 0.00537303 0.000327775 0.00693084 0.00833975 0.000935722 0.000144615 3.43024e-05 0.0811869 0.00446068 13.5768 0.840304 238.651 121.133 3571.4 715.486 3823.63 791.902 3823.63 791.902 0.565775 0.024263 
