L J MC_steps R2 R2_std E E_std E2 E2_std E4 E4_std Sin1 Sin1_std Cos1 Cos1_std Mag2 Mag2_std Mag4 Mag4_std
500 0.36 25000000 21 0 -1700.11 0 2.89037e+06 0 8.35425e+12 0 0.0817819 0 -0.569157 0 0.330628 0 0.109315 0 
500 0.36 27500000 25 3.64417 -1829.13 32.9464 3.35092e+06 117905 1.12951e+13 7.57811e+11 0.110607 0.00618934 -0.588151 0.00566254 0.358511 0.00768813 0.128816 0.00538128 
500 0.36 30000000 22.6 3.39823 -1848.65 22.6724 3.42088e+06 81546.2 1.17457e+13 5.2891e+11 0.108907 0.00426876 -0.593284 0.00439428 0.364166 0.00552223 0.132817 0.00389453 
500 0.36 32500000 27.2 7.75236 -1847.1 16.611 3.41435e+06 59825.3 1.1691e+13 3.89138e+11 0.10506 0.00385914 -0.594177 0.00320931 0.364363 0.00401834 0.132909 0.0028376 
500 0.36 35000000 29.8 6.60015 -1847.21 11.8344 3.41427e+06 42644.7 1.16841e+13 2.77715e+11 0.10404 0.00339534 -0.594739 0.00241357 0.364797 0.00285899 0.133196 0.00201821 
500 0.36 37500000 27.5 5.88725 -1850.45 10.0962 3.42604e+06 36401.5 1.17623e+13 2.37337e+11 0.10632 0.00351236 -0.595504 0.00212893 0.36618 0.00266233 0.134201 0.00189575 
500 0.36 40000000 27.9667 5.05498 -1853.25 8.43308 3.4362e+06 30462.4 1.18294e+13 1.9939e+11 0.107562 0.00323376 -0.596566 0.0019367 0.367693 0.00249906 0.135302 0.0017866 
500 0.36 42500000 27.3824 4.42746 -1849.15 7.98137 3.42104e+06 28906.1 1.17258e+13 1.90171e+11 0.107739 0.00283013 -0.596232 0.0017396 0.367318 0.00222958 0.135023 0.00159372 
500 0.36 45000000 27.875 3.57303 -1847.49 7.0253 3.41487e+06 25465.8 1.1683e+13 1.67823e+11 0.109201 0.00302127 -0.595859 0.00148439 0.3672 0.00182477 0.134931 0.00130643 
500 0.36 47500000 27.1136 3.32834 -1845.95 6.50725 3.40914e+06 23602 1.16433e+13 1.55723e+11 0.109295 0.00302127 -0.595615 0.00143603 0.366916 0.00168076 0.134717 0.00120499 
500 0.36 50000000 26.0417 3.21898 -1847.71 5.9935 3.41556e+06 21764.2 1.16862e+13 1.43928e+11 0.108821 0.00254154 -0.595961 0.00129807 0.367218 0.00156759 0.134934 0.0011239 
500 0.36 52500000 24.8269 3.19235 -1850.18 5.83387 3.42466e+06 21280.8 1.1748e+13 1.42008e+11 0.107173 0.00254154 -0.596689 0.00138766 0.367756 0.00153646 0.135326 0.00110386 
500 0.36 55000000 27.0167 3.13966 -1855.88 6.37393 3.44585e+06 23427.6 1.18947e+13 1.58715e+11 0.103847 0.00373546 -0.598126 0.00163058 0.368834 0.00151931 0.136118 0.00109762 
500 0.36 57500000 26.9062 2.94537 -1859.22 7.9062 3.45839e+06 29385.4 1.19833e+13 2.03474e+11 0.103526 0.00377443 -0.598653 0.00189069 0.369391 0.00167935 0.136532 0.0012271 
500 0.36 60000000 27.1618 2.78318 -1861.38 7.9062 3.46642e+06 29385.4 1.20391e+13 2.03474e+11 0.102713 0.00377443 -0.599118 0.00189069 0.369779 0.00167935 0.136817 0.0012271 
500 0.36 62500000 26.9583 2.63598 -1862.81 7.80249 3.47172e+06 28988.8 1.20752e+13 2.00536e+11 0.102916 0.003404 -0.599272 0.00177887 0.369994 0.00159748 0.136974 0.0011677 
500 0.36 65000000 26.9375 2.41996 -1865.34 9.91816 3.48107e+06 36843.7 1.21393e+13 2.54654e+11 0.10425 0.00390365 -0.599366 0.00209723 0.370379 0.00200417 0.137254 0.00146632 
500 0.36 67500000 26.9375 2.30553 -1865.34 9.91816 3.48107e+06 36843.7 1.21393e+13 2.54654e+11 0.10425 0.00390365 -0.599366 0.00209723 0.370379 0.00200417 0.137254 0.00146632 
500 0.36 70000000 27.5795 2.27241 -1866.14 9.91816 3.48396e+06 36843.7 1.21579e+13 2.54654e+11 0.105447 0.00390365 -0.599473 0.00209723 0.370758 0.00200417 0.137532 0.00146632 
500 0.36 72500000 27.5795 2.17514 -1866.14 9.91816 3.48396e+06 36843.7 1.21579e+13 2.54654e+11 0.105447 0.00390365 -0.599473 0.00209723 0.370758 0.00200417 0.137532 0.00146632 
500 0.36 75000000 27.4896 2.01469 -1868.95 8.90017 3.49444e+06 33041.5 1.22309e+13 2.28082e+11 0.105536 0.0034583 -0.599628 0.00176401 0.370945 0.00174834 0.137666 0.00127838 
500 0.36 77500000 27.5288 1.94147 -1870.89 8.90017 3.50166e+06 33041.5 1.22809e+13 2.28082e+11 0.105714 0.0034583 -0.59982 0.00176401 0.371199 0.00174834 0.137853 0.00127838 
500 0.36 80000000 27.5288 1.86974 -1870.89 8.90017 3.50166e+06 33041.5 1.22809e+13 2.28082e+11 0.105714 0.0034583 -0.59982 0.00176401 0.371199 0.00174834 0.137853 0.00127838 
500 0.36 82500000 27.4554 1.82862 -1874.14 9.01367 3.51389e+06 33560.9 1.23679e+13 2.3304e+11 0.106839 0.0032004 -0.599869 0.00152834 0.371504 0.00158534 0.138077 0.00115995 
500 0.36 85000000 28.8667 1.99937 -1876.11 9.01367 3.52129e+06 33560.9 1.24202e+13 2.3304e+11 0.107555 0.0032004 -0.60007 0.00152834 0.371896 0.00158534 0.138367 0.00115995 
500 0.36 87500000 28.8667 1.98605 -1876.11 9.01367 3.52129e+06 33560.9 1.24202e+13 2.3304e+11 0.107555 0.0032004 -0.60007 0.00152834 0.371896 0.00158534 0.138367 0.00115995 
500 0.36 90000000 28.1641 1.93931 -1876.78 8.26356 3.52375e+06 30779.9 1.2437e+13 2.13902e+11 0.107938 0.00298301 -0.60008 0.00135179 0.371982 0.00145754 0.138429 0.00106719 
500 0.36 92500000 28.1641 1.93079 -1876.78 8.26356 3.52375e+06 30779.9 1.2437e+13 2.13902e+11 0.107938 0.00298301 -0.60008 0.00135179 0.371982 0.00145754 0.138429 0.00106719 
500 0.36 95000000 27.8456 1.84332 -1877.53 8.26356 3.52657e+06 30779.9 1.24564e+13 2.13902e+11 0.108169 0.00298301 -0.60018 0.00135179 0.372146 0.00145754 0.13855 0.00106719 
500 0.36 97500000 27.2639 1.81878 -1879.54 7.79339 3.5341e+06 29048.1 1.25097e+13 2.02133e+11 0.108291 0.00267241 -0.600369 0.00123223 0.372397 0.00135354 0.138736 0.000991773 
500 0.36 100000000 27.2639 1.77871 -1879.54 7.79339 3.5341e+06 29048.1 1.25097e+13 2.02133e+11 0.108291 0.00267241 -0.600369 0.00123223 0.372397 0.00135354 0.138736 0.000991773 
500 0.36 102500000 27.3421 1.73493 -1881.02 7.79339 3.53967e+06 29048.1 1.25492e+13 2.02133e+11 0.107914 0.00267241 -0.600666 0.00123223 0.372667 0.00135354 0.138935 0.000991773 
500 0.36 105000000 27.6 1.66376 -1881.9 8.80402 3.54293e+06 32862.4 1.25718e+13 2.29339e+11 0.107485 0.0025238 -0.600989 0.00125529 0.37296 0.00144152 0.139154 0.0010598 
500 0.36 107500000 27.6 1.62556 -1881.9 8.80402 3.54293e+06 32862.4 1.25718e+13 2.29339e+11 0.107485 0.0025238 -0.600989 0.00125529 0.37296 0.00144152 0.139154 0.0010598 
500 0.36 110000000 27.6 1.5968 -1881.9 8.80402 3.54293e+06 32862.4 1.25718e+13 2.29339e+11 0.107485 0.0025238 -0.600989 0.00125529 0.37296 0.00144152 0.139154 0.0010598 
500 0.36 112500000 27.6 1.56042 -1881.9 8.80402 3.54293e+06 32862.4 1.25718e+13 2.29339e+11 0.107485 0.0025238 -0.600989 0.00125529 0.37296 0.00144152 0.139154 0.0010598 
500 0.36 115000000 27.8977 1.51945 -1882.5 8.80402 3.54515e+06 32862.4 1.25863e+13 2.29339e+11 0.107148 0.00231673 -0.601197 0.00115829 0.373135 0.00144152 0.139282 0.0010598 
500 0.36 117500000 27.8977 1.49744 -1882.5 8.80402 3.54515e+06 32862.4 1.25863e+13 2.29339e+11 0.107148 0.00231673 -0.601197 0.00115829 0.373135 0.00144152 0.139282 0.0010598 
500 0.36 120000000 27.8977 1.48995 -1882.5 8.80402 3.54515e+06 32862.4 1.25863e+13 2.29339e+11 0.107148 0.00231673 -0.601197 0.00115829 0.373135 0.00144152 0.139282 0.0010598 
500 0.36 122500000 27.526 1.47263 -1882.99 7.40424 3.54691e+06 27624.5 1.2598e+13 1.9261e+11 0.10668 0.00217043 -0.601142 0.00106306 0.372966 0.00120128 0.139153 0.000883166 
500 0.36 125000000 27.526 1.42098 -1882.99 7.40424 3.54691e+06 27624.5 1.2598e+13 1.9261e+11 0.10668 0.00217043 -0.601142 0.00106306 0.372966 0.00120128 0.139153 0.000883166 
500 0.36 127500000 27.526 1.39663 -1882.99 7.40424 3.54691e+06 27624.5 1.2598e+13 1.9261e+11 0.10668 0.00217043 -0.601142 0.00106306 0.372966 0.00120128 0.139153 0.000883166 
500 0.36 130000000 27.8558 1.38422 -1884.14 7.40424 3.5512e+06 27624.5 1.2628e+13 1.9261e+11 0.106214 0.00205304 -0.601351 0.00100162 0.373111 0.00120128 0.139259 0.000883166 
500 0.36 132500000 27.8558 1.35827 -1884.14 7.40424 3.5512e+06 27624.5 1.2628e+13 1.9261e+11 0.106214 0.00205304 -0.601351 0.00100162 0.373111 0.00120128 0.139259 0.000883166 
500 0.36 135000000 27.8558 1.32649 -1884.14 7.40424 3.5512e+06 27624.5 1.2628e+13 1.9261e+11 0.106214 0.00205304 -0.601351 0.00100162 0.373111 0.00120128 0.139259 0.000883166 
500 0.36 137500000 28.0714 1.31565 -1885.41 6.73008 3.55597e+06 25119.3 1.26616e+13 1.75275e+11 0.106271 0.0019072 -0.601256 0.000934613 0.373001 0.00103017 0.139176 0.000757293 
500 0.36 140000000 28.0714 1.30287 -1885.41 6.73008 3.55597e+06 25119.3 1.26616e+13 1.75275e+11 0.106271 0.0019072 -0.601256 0.000934613 0.373001 0.00103017 0.139176 0.000757293 
500 0.36 142500000 28.0714 1.29597 -1885.41 6.73008 3.55597e+06 25119.3 1.26616e+13 1.75275e+11 0.106271 0.0019072 -0.601256 0.000934613 0.373001 0.00103017 0.139176 0.000757293 
500 0.36 145000000 27.6458 1.2573 -1885.45 6.73008 3.55608e+06 25119.3 1.26617e+13 1.75275e+11 0.106422 0.00178598 -0.600984 0.000911047 0.372699 0.00103017 0.13895 0.000757293 
500 0.36 147500000 27.6458 1.2573 -1885.45 6.73008 3.55608e+06 25119.3 1.26617e+13 1.75275e+11 0.106422 0.00178598 -0.600984 0.000911047 0.372699 0.00103017 0.13895 0.000757293 
500 0.36 150000000 27.6458 1.23842 -1885.45 6.73008 3.55608e+06 25119.3 1.26617e+13 1.75275e+11 0.106422 0.00178598 -0.600984 0.000911047 0.372699 0.00103017 0.13895 0.000757293 
500 0.36 152500000 27.6458 1.23842 -1885.45 6.73008 3.55608e+06 25119.3 1.26617e+13 1.75275e+11 0.106422 0.00178598 -0.600984 0.000911047 0.372699 0.00103017 0.13895 0.000757293 
500 0.36 155000000 26.9688 1.27635 -1886.21 5.93656 3.5589e+06 22150.1 1.26812e+13 1.54454e+11 0.106015 0.00172005 -0.601051 0.00085655 0.372689 0.00094744 0.13894 0.000698375 
500 0.36 157500000 26.9688 1.27035 -1886.21 5.93656 3.5589e+06 22150.1 1.26812e+13 1.54454e+11 0.106015 0.00172005 -0.601051 0.00085655 0.372689 0.00094744 0.13894 0.000698375 
500 0.36 160000000 26.9688 1.27035 -1886.21 5.93656 3.5589e+06 22150.1 1.26812e+13 1.54454e+11 0.106015 0.00172005 -0.601051 0.00085655 0.372689 0.00094744 0.13894 0.000698375 
500 0.36 162500000 27.1765 1.32717 -1887.88 5.93656 3.56522e+06 22150.1 1.27262e+13 1.54454e+11 0.106387 0.00165858 -0.600987 0.000808546 0.372689 0.00094744 0.13894 0.000698375 
500 0.36 165000000 27.1765 1.35407 -1887.88 5.93656 3.56522e+06 22150.1 1.27262e+13 1.54454e+11 0.106387 0.00165858 -0.600987 0.000808546 0.372689 0.00094744 0.13894 0.000698375 
500 0.36 167500000 27.1765 1.35407 -1887.88 5.93656 3.56522e+06 22150.1 1.27262e+13 1.54454e+11 0.106387 0.00165858 -0.600987 0.000808546 0.372689 0.00094744 0.13894 0.000698375 
500 0.36 170000000 28.2292 1.61599 -1889.53 6.133 3.57142e+06 22954.4 1.27705e+13 1.61051e+11 0.107415 0.00192749 -0.600752 0.000796866 0.372638 0.000843531 0.1389 0.000621958 
500 0.36 172500000 28.2292 1.61599 -1889.53 6.133 3.57142e+06 22954.4 1.27705e+13 1.61051e+11 0.107415 0.00192749 -0.600752 0.000796866 0.372638 0.000843531 0.1389 0.000621958 
500 0.36 175000000 28.2292 1.61599 -1889.53 6.133 3.57142e+06 22954.4 1.27705e+13 1.61051e+11 0.107415 0.00192749 -0.600752 0.000796866 0.372638 0.000843531 0.1389 0.000621958 
500 0.36 177500000 29.0362 1.61599 -1889.9 6.133 3.57279e+06 22954.4 1.27799e+13 1.61051e+11 0.108163 0.00192749 -0.600491 0.000796563 0.372493 0.000843531 0.138791 0.000621958 
500 0.36 180000000 29.0362 1.61599 -1889.9 6.133 3.57279e+06 22954.4 1.27799e+13 1.61051e+11 0.108163 0.00192749 -0.600491 0.000796563 0.372493 0.000843531 0.138791 0.000621958 
500 0.36 182500000 29.0362 1.61599 -1889.9 6.133 3.57279e+06 22954.4 1.27799e+13 1.61051e+11 0.108163 0.00192749 -0.600491 0.000796563 0.372493 0.000843531 0.138791 0.000621958 
500 0.36 185000000 29.0906 1.9938 -1889.29 6.81844 3.57047e+06 25427.4 1.2763e+13 1.77088e+11 0.108576 0.00271941 -0.600289 0.000949519 0.372343 0.000949778 0.138679 0.00070017 
500 0.36 187500000 29.0906 1.9938 -1889.29 6.81844 3.57047e+06 25427.4 1.2763e+13 1.77088e+11 0.108576 0.00271941 -0.600289 0.000949519 0.372343 0.000949778 0.138679 0.00070017 
500 0.36 190000000 29.0906 1.9938 -1889.29 6.81844 3.57047e+06 25427.4 1.2763e+13 1.77088e+11 0.108576 0.00271941 -0.600289 0.000949519 0.372343 0.000949778 0.138679 0.00070017 
500 0.36 192500000 29.0906 1.9938 -1889.29 6.81844 3.57047e+06 25427.4 1.2763e+13 1.77088e+11 0.108576 0.00271941 -0.600289 0.000949519 0.372343 0.000949778 0.138679 0.00070017 
500 0.36 195000000 29.0906 1.9938 -1889.29 6.81844 3.57047e+06 25427.4 1.2763e+13 1.77088e+11 0.108576 0.00271941 -0.600289 0.000949519 0.372343 0.000949778 0.138679 0.00070017 
500 0.36 197500000 29.0906 1.9938 -1889.29 6.81844 3.57047e+06 25427.4 1.2763e+13 1.77088e+11 0.108576 0.00271941 -0.600289 0.000949519 0.372343 0.000949778 0.138679 0.00070017 
500 0.36 200000000 29.0906 1.9938 -1889.29 6.81844 3.57047e+06 25427.4 1.2763e+13 1.77088e+11 0.108576 0.00271941 -0.600289 0.000949519 0.372343 0.000949778 0.138679 0.00070017 
500 0.36 202500000 28.9403 1.9938 -1891.97 6.81844 3.58063e+06 25427.4 1.2836e+13 1.77088e+11 0.107589 0.00271941 -0.600589 0.000949519 0.372493 0.000949778 0.138788 0.00070017 
500 0.36 205000000 28.9403 1.9938 -1891.97 6.81844 3.58063e+06 25427.4 1.2836e+13 1.77088e+11 0.107589 0.00271941 -0.600589 0.000949519 0.372493 0.000949778 0.138788 0.00070017 
500 0.36 207500000 28.9403 1.9938 -1891.97 6.81844 3.58063e+06 25427.4 1.2836e+13 1.77088e+11 0.107589 0.00271941 -0.600589 0.000949519 0.372493 0.000949778 0.138788 0.00070017 
500 0.36 210000000 28.9403 1.9938 -1891.97 6.81844 3.58063e+06 25427.4 1.2836e+13 1.77088e+11 0.107589 0.00271941 -0.600589 0.000949519 0.372493 0.000949778 0.138788 0.00070017 
500 0.36 212500000 28.9403 1.9938 -1891.97 6.81844 3.58063e+06 25427.4 1.2836e+13 1.77088e+11 0.107589 0.00271941 -0.600589 0.000949519 0.372493 0.000949778 0.138788 0.00070017 
500 0.36 215000000 28.9403 1.9938 -1891.97 6.81844 3.58063e+06 25427.4 1.2836e+13 1.77088e+11 0.107589 0.00271941 -0.600589 0.000949519 0.372493 0.000949778 0.138788 0.00070017 
500 0.36 217500000 28.4531 1.76047 -1894.41 7.35711 3.58989e+06 27627.6 1.29028e+13 1.95143e+11 0.106278 0.00308801 -0.600995 0.00102033 0.372716 0.000861621 0.138955 0.000635664 
500 0.36 220000000 28.4531 1.76047 -1894.41 7.35711 3.58989e+06 27627.6 1.29028e+13 1.95143e+11 0.106278 0.00308801 -0.600995 0.00102033 0.372716 0.000861621 0.138955 0.000635664 
500 0.36 222500000 28.4531 1.76047 -1894.41 7.35711 3.58989e+06 27627.6 1.29028e+13 1.95143e+11 0.106278 0.00308801 -0.600995 0.00102033 0.372716 0.000861621 0.138955 0.000635664 
500 0.36 225000000 28.4531 1.76047 -1894.41 7.35711 3.58989e+06 27627.6 1.29028e+13 1.95143e+11 0.106278 0.00308801 -0.600995 0.00102033 0.372716 0.000861621 0.138955 0.000635664 
500 0.36 227500000 28.4531 1.76047 -1894.41 7.35711 3.58989e+06 27627.6 1.29028e+13 1.95143e+11 0.106278 0.00308801 -0.600995 0.00102033 0.372716 0.000861621 0.138955 0.000635664 
500 0.36 230000000 28.4531 1.76047 -1894.41 7.35711 3.58989e+06 27627.6 1.29028e+13 1.95143e+11 0.106278 0.00308801 -0.600995 0.00102033 0.372716 0.000861621 0.138955 0.000635664 
500 0.36 232500000 28.4531 1.76047 -1894.41 7.35711 3.58989e+06 27627.6 1.29028e+13 1.95143e+11 0.106278 0.00308801 -0.600995 0.00102033 0.372716 0.000861621 0.138955 0.000635664 
500 0.36 235000000 28.0938 1.76047 -1895.07 7.35711 3.5924e+06 27627.6 1.29206e+13 1.95143e+11 0.106019 0.00308801 -0.601078 0.00102033 0.372758 0.000861621 0.138985 0.000635664 
500 0.36 237500000 28.0938 1.76047 -1895.07 7.35711 3.5924e+06 27627.6 1.29206e+13 1.95143e+11 0.106019 0.00308801 -0.601078 0.00102033 0.372758 0.000861621 0.138985 0.000635664 
500 0.36 240000000 28.0938 1.76047 -1895.07 7.35711 3.5924e+06 27627.6 1.29206e+13 1.95143e+11 0.106019 0.00308801 -0.601078 0.00102033 0.372758 0.000861621 0.138985 0.000635664 
500 0.36 242500000 28.0938 1.76047 -1895.07 7.35711 3.5924e+06 27627.6 1.29206e+13 1.95143e+11 0.106019 0.00308801 -0.601078 0.00102033 0.372758 0.000861621 0.138985 0.000635664 
500 0.36 245000000 28.0938 1.76047 -1895.07 7.35711 3.5924e+06 27627.6 1.29206e+13 1.95143e+11 0.106019 0.00308801 -0.601078 0.00102033 0.372758 0.000861621 0.138985 0.000635664 
500 0.36 247500000 28.0938 1.76047 -1895.07 7.35711 3.5924e+06 27627.6 1.29206e+13 1.95143e+11 0.106019 0.00308801 -0.601078 0.00102033 0.372758 0.000861621 0.138985 0.000635664 
500 0.36 250000000 28.5201 1.51024 -1897.34 6.86602 3.601e+06 25820.2 1.29827e+13 1.82892e+11 0.105824 0.00267997 -0.601315 0.000923519 0.37299 0.000780844 0.139157 0.000576036 
