L J MC_steps R2 R2_std E E_std E2 E2_std E4 E4_std Sin1 Sin1_std Cos1 Cos1_std Mag2 Mag2_std Mag4 Mag4_std
500 0.12 25000000 3323 0 -49.9345 0 2493.46 0 6.21733e+06 0 -0.00264043 0 0.0344424 0 0.00119325 0 1.42385e-06 0 
500 0.12 27500000 2085.18 317.718 -33.1242 5.23734 1273.84 297.504 2.27813e+06 689094 0.00345437 0.016089 0.0157669 0.0126001 0.00430611 0.000709742 2.40837e-05 7.7291e-06 
500 0.12 30000000 1885.8 229.664 -38.3859 4.73766 1845.54 383.407 5.81532e+06 2.13629e+06 0.00190345 0.0105485 -0.00499435 0.0162225 0.0047933 0.00105699 3.75552e-05 1.6121e-05 
500 0.12 32500000 1814.47 183.06 -44.9165 4.96901 2447.93 456.273 9.65736e+06 2.89699e+06 0.00754507 0.00782114 -0.0019299 0.0126573 0.00441403 0.000877604 3.32534e-05 1.23927e-05 
500 0.12 35000000 1716.65 166.649 -46.4176 3.90121 2552.48 394.801 9.99935e+06 2.77134e+06 0.00792702 0.00667599 0.00371303 0.00983798 0.00409145 0.000632435 2.84852e-05 8.92396e-06 
500 0.12 37500000 1984.08 266.384 -47.0852 3.6419 2612.37 333.921 1.02097e+07 2.31742e+06 0.00356083 0.00635637 0.0013233 0.00834254 0.00375438 0.000607255 2.50423e-05 7.76205e-06 
500 0.12 40000000 2129.13 255.977 -45.5866 3.33469 2501.15 303.499 9.67658e+06 1.98751e+06 0.00322698 0.00564993 0.000616415 0.00670335 0.00346447 0.000555863 2.16688e-05 6.62198e-06 
500 0.12 42500000 2044.88 225.98 -45.1008 3.08694 2436.88 311.884 9.27622e+06 2.03771e+06 0.00213411 0.0050978 0.000850534 0.00605889 0.0033542 0.000516524 2.03448e-05 6.10368e-06 
500 0.12 45000000 1903.07 218.088 -44.0557 2.95181 2342.53 300.719 8.75554e+06 2.04511e+06 0.000938418 0.00513818 0.00053421 0.00526651 0.00316274 0.000516974 1.81807e-05 6.0233e-06 
500 0.12 47500000 1842.16 218.088 -44.6256 2.95181 2384.83 300.719 8.98643e+06 2.04511e+06 0.000627364 0.00468048 0.000702599 0.00479031 0.00312143 0.000516974 1.75844e-05 6.0233e-06 
500 0.12 50000000 1837.15 191.446 -45.3712 2.73732 2454.82 270.753 9.47491e+06 1.82641e+06 0.000817025 0.00429428 0.0023125 0.00486323 0.00304237 0.000444605 1.66458e-05 5.4826e-06 
500 0.12 52500000 1847.27 191.446 -45.8888 2.73732 2489.92 270.753 9.5565e+06 1.82641e+06 -0.000399281 0.00413262 0.00465717 0.00465077 0.00317808 0.000444605 1.98186e-05 5.21131e-06 
500 0.12 55000000 1877.08 165.021 -44.9674 2.34787 2408.48 232.92 9.02413e+06 1.58582e+06 0.000190705 0.00398612 0.00311221 0.00425318 0.00322035 0.000404911 1.9447e-05 5.34708e-06 
500 0.12 57500000 1873.53 145.323 -44.6478 2.13719 2366.71 213.138 8.71135e+06 1.46138e+06 0.000840269 0.00378954 0.00237932 0.00403378 0.0031792 0.000354445 1.90237e-05 4.73769e-06 
500 0.12 60000000 1844.44 145.323 -44.0439 2.13719 2308.85 213.138 8.38696e+06 1.61613e+06 0.00105529 0.00357273 0.00320021 0.00376354 0.0030826 0.000354445 1.81623e-05 4.73769e-06 
500 0.12 62500000 1840.51 132.874 -44.8568 2.08573 2414.64 212.213 9.81732e+06 1.81407e+06 0.00116956 0.00337607 0.00272736 0.00368039 0.00306417 0.000333207 1.78602e-05 4.35181e-06 
500 0.12 65000000 1890.88 155.127 -44.7167 1.8837 2429.68 191.631 1.00919e+07 1.65481e+06 0.000377937 0.0031293 0.0033065 0.00373574 0.00304752 0.000339006 1.81855e-05 4.10285e-06 
500 0.12 67500000 1890.88 155.127 -44.7167 1.81755 2429.68 186.272 1.00919e+07 1.60562e+06 0.000377937 0.00309607 0.0033065 0.00366133 0.00304752 0.000339006 1.81855e-05 4.10285e-06 
500 0.12 70000000 1863.58 155.127 -44.8434 1.78404 2429.18 181.576 1.00337e+07 1.55296e+06 0.000517156 0.00295993 0.00183083 0.00343127 0.00296396 0.000339006 1.7241e-05 4.10285e-06 
500 0.12 72500000 1863.58 155.127 -44.8434 1.74879 2429.18 177.947 1.00337e+07 1.51301e+06 0.000517156 0.00287918 0.00183083 0.00336645 0.00296396 0.000339006 1.7241e-05 4.10285e-06 
500 0.12 75000000 1829.58 140.861 -44.8985 1.66302 2432.6 168.63 1.00348e+07 1.41981e+06 0.00179528 0.00275693 0.00102586 0.0031988 0.00287886 0.000321738 1.68681e-05 3.62438e-06 
500 0.12 77500000 1813.13 140.861 -45.2495 1.64393 2466.54 165.567 1.0244e+07 1.37551e+06 0.00184543 0.00266545 0.0016653 0.00308967 0.0028195 0.000321738 1.63561e-05 3.62438e-06 
500 0.12 80000000 1813.13 140.861 -45.2495 1.58676 2466.54 160.022 1.0244e+07 1.40174e+06 0.00184543 0.00260297 0.0016653 0.00297814 0.0028195 0.000321738 1.63561e-05 3.62438e-06 
500 0.12 82500000 1817.91 121.221 -45.7944 1.65996 2527.49 170.94 1.09156e+07 1.49911e+06 0.00157571 0.00254938 0.0013245 0.00295915 0.00274327 0.000303001 1.56771e-05 3.29648e-06 
500 0.12 85000000 1833.35 121.221 -46.1912 1.573 2576.55 163.119 1.13551e+07 1.43107e+06 0.000615643 0.0025963 0.00209409 0.00294274 0.00288371 0.000303001 1.71724e-05 3.29648e-06 
500 0.12 87500000 1833.35 121.221 -46.1912 1.52759 2576.55 158.99 1.13551e+07 1.39947e+06 0.000615643 0.00250592 0.00209409 0.00285847 0.00288371 0.000303001 1.71724e-05 3.29648e-06 
500 0.12 90000000 1836.84 107.537 -46.1031 1.48042 2553.53 154.066 1.10287e+07 1.36102e+06 0.000612453 0.00246308 0.00108326 0.00280091 0.00290127 0.000303536 1.70247e-05 3.14784e-06 
500 0.12 92500000 1836.84 107.537 -46.1031 1.45534 2553.53 150.175 1.10287e+07 1.32239e+06 0.000612453 0.00240847 0.00108326 0.00272382 0.00290127 0.000303536 1.70247e-05 3.14784e-06 
500 0.12 95000000 1824.42 107.537 -46.1621 1.4246 2586.49 150.742 1.15443e+07 1.38493e+06 0.000868132 0.00233263 0.000376456 0.00270711 0.00289818 0.000303536 1.68389e-05 3.14784e-06 
500 0.12 97500000 1842.74 95.7495 -45.7971 1.38926 2547.71 147.358 1.12143e+07 1.35388e+06 0.000580733 0.00226052 -0.00044626 0.00266993 0.00285332 0.000273571 1.62807e-05 2.88466e-06 
500 0.12 100000000 1842.74 95.7495 -45.7971 1.35174 2547.71 143.547 1.12143e+07 1.3234e+06 0.000580733 0.00219841 -0.00044626 0.00262714 0.00285332 0.000273571 1.62807e-05 2.88466e-06 
500 0.12 102500000 1821.13 95.7495 -45.6072 1.32838 2540.26 140.508 1.12338e+07 1.29307e+06 0.000523227 0.00213404 0.000865844 0.00259593 0.00284375 0.000273571 1.59988e-05 2.88466e-06 
500 0.12 105000000 1860.62 87.8286 -45.9648 1.28634 2570.08 135.085 1.14028e+07 1.23426e+06 6.35894e-05 0.00209591 0.00207126 0.00306002 0.00282832 0.000247354 1.56772e-05 2.65858e-06 
500 0.12 107500000 1860.62 87.8286 -45.9648 1.31018 2570.08 135.711 1.14028e+07 1.21241e+06 6.35894e-05 0.00207307 0.00207126 0.00306002 0.00282832 0.000247354 1.56772e-05 2.65858e-06 
500 0.12 110000000 1860.62 87.8286 -45.9648 1.27917 2570.08 132.481 1.14028e+07 1.18417e+06 6.35894e-05 0.00203509 0.00207126 0.00306002 0.00282832 0.000247354 1.56772e-05 2.65858e-06 
500 0.12 112500000 1860.62 87.8286 -45.9648 1.2497 2570.08 129.419 1.14028e+07 1.15666e+06 6.35894e-05 0.001997 0.00207126 0.00306002 0.00282832 0.000247354 1.56772e-05 2.65858e-06 
500 0.12 115000000 1853.87 80.1031 -46.145 1.22583 2589.49 125.22 1.14524e+07 1.10619e+06 -0.000171331 0.00194908 0.00111285 0.00292808 0.00274677 0.00023793 1.48138e-05 2.55325e-06 
500 0.12 117500000 1853.87 80.1031 -46.145 1.19944 2589.49 122.5 1.14524e+07 1.08285e+06 -0.000171331 0.00192782 0.00111285 0.00292808 0.00274677 0.00023793 1.48138e-05 2.55325e-06 
500 0.12 120000000 1853.87 80.1031 -46.145 1.18182 2589.49 120.117 1.14524e+07 1.06014e+06 -0.000171331 0.00189244 0.00111285 0.00292808 0.00274677 0.00023793 1.48138e-05 2.55325e-06 
500 0.12 122500000 1814.67 82.4647 -46.4979 1.15798 2610.18 117.615 1.1378e+07 1.03814e+06 -0.000375583 0.00186918 0.00181614 0.00276724 0.00269544 0.000223571 1.4102e-05 2.43767e-06 
500 0.12 125000000 1814.67 82.4647 -46.4979 1.13628 2610.18 116.607 1.1378e+07 1.04084e+06 -0.000375583 0.0018727 0.00181614 0.00276724 0.00269544 0.000223571 1.4102e-05 2.43767e-06 
500 0.12 127500000 1814.67 82.4647 -46.4979 1.11506 2610.18 114.592 1.1378e+07 1.02449e+06 -0.000375583 0.00184614 0.00181614 0.00276724 0.00269544 0.000223571 1.4102e-05 2.43767e-06 
500 0.12 130000000 1792.1 79.1485 -46.6165 1.121 2639.39 112.476 1.17569e+07 1.00553e+06 -9.4243e-05 0.0018234 0.00148456 0.00257417 0.00272459 0.000208266 1.43841e-05 2.26642e-06 
500 0.12 132500000 1792.1 79.1485 -46.6165 1.10153 2639.39 110.81 1.17569e+07 986931 -9.4243e-05 0.0018177 0.00148456 0.00257417 0.00272459 0.000208266 1.43841e-05 2.26642e-06 
500 0.12 135000000 1792.1 79.1485 -46.6165 1.07875 2639.39 107.246 1.17569e+07 965977 -9.4243e-05 0.00178594 0.00148456 0.00257417 0.00272459 0.000208266 1.43841e-05 2.26642e-06 
500 0.12 137500000 1800.81 73.9729 -46.9713 1.05996 2663.3 105.343 1.17758e+07 948373 0.000407046 0.00175577 0.00120062 0.00240591 0.00275992 0.000196363 1.52832e-05 2.2759e-06 
500 0.12 140000000 1800.81 73.9729 -46.9713 1.03688 2663.3 103.746 1.17758e+07 931005 0.000407046 0.00173456 0.00120062 0.00240591 0.00275992 0.000196363 1.52832e-05 2.2759e-06 
500 0.12 142500000 1800.81 73.9729 -46.9713 1.02769 2663.3 101.96 1.17758e+07 912573 0.000407046 0.00169983 0.00120062 0.00240591 0.00275992 0.000196363 1.52832e-05 2.2759e-06 
500 0.12 145000000 1787.64 70.2049 -47.0703 1.0055 2660.87 99.0448 1.16427e+07 915208 -0.00017342 0.00169757 0.00183387 0.00232736 0.00275919 0.000183274 1.50505e-05 2.13604e-06 
500 0.12 147500000 1787.64 70.2049 -47.0703 1.01524 2660.87 101.135 1.16427e+07 904956 -0.00017342 0.00166976 0.00183387 0.00232736 0.00275919 0.000183274 1.50505e-05 2.13604e-06 
500 0.12 150000000 1787.64 70.2049 -47.0703 0.992988 2660.87 99.75 1.16427e+07 888298 -0.00017342 0.00166457 0.00183387 0.00232736 0.00275919 0.000183274 1.50505e-05 2.13604e-06 
