L J MC_steps R2 R2_std E E_std E2 E2_std E4 E4_std Sin1 Sin1_std Cos1 Cos1_std Mag2 Mag2_std Mag4 Mag4_std
400 0.24 16000000 113 0 -106.75 0 11395.5 0 1.29857e+08 0 0.0925374 0 0.0486627 0 0.0109312 0 0.000119492 0 
400 0.24 17600000 1067.91 270.401 -96.9363 8.619 10213.8 1976.05 1.47275e+08 6.37751e+07 0.00888909 0.0156926 0.024929 0.0200816 0.00784527 0.0025568 0.000133458 8.93978e-05 
400 0.24 19200000 1284.9 192.492 -96.2917 5.99921 10064.4 1307.86 1.38858e+08 3.87086e+07 0.0173811 0.0110965 0.0103356 0.0149277 0.00689353 0.00158308 0.000101546 4.99181e-05 
400 0.24 20800000 1180.8 149.125 -92.3648 5.16159 9340.84 1067.86 1.22033e+08 2.903e+07 0.0041471 0.011496 0.00519713 0.011713 0.00625741 0.00120166 8.51783e-05 3.57906e-05 
400 0.24 22400000 1371 173.456 -91.6759 4.82894 9260.77 937.879 1.1866e+08 2.34982e+07 0.0121678 0.00909458 0.000957524 0.00842666 0.00609391 0.000977586 7.71541e-05 2.78231e-05 
400 0.24 24000000 1324.79 146.606 -90.9571 3.99371 9057.85 777.309 1.1205e+08 1.94355e+07 0.0104513 0.00812878 0.00149288 0.00758209 0.00559302 0.000880816 6.7817e-05 2.37288e-05 
400 0.24 25600000 1346.67 131.183 -89.5936 3.58096 8766.98 690.865 1.03995e+08 1.68622e+07 0.00927062 0.00719754 0.00249254 0.00662149 0.00542513 0.000754042 6.46792e-05 2.00075e-05 
400 0.24 27200000 1397.97 137.173 -89.2301 3.22273 8658.24 627.771 1.00206e+08 1.60118e+07 0.0165656 0.00833293 0.00343325 0.00627838 0.00574793 0.000742297 6.85885e-05 1.93283e-05 
400 0.24 28800000 1391.67 124.83 -90.7363 3.28499 8958.69 652.428 1.07896e+08 1.65815e+07 0.016241 0.00690553 -0.00201946 0.00679483 0.00613725 0.000704022 7.78634e-05 1.77476e-05 
400 0.24 30400000 1384.61 118.859 -89.7724 3.07301 8797.72 602.172 1.05107e+08 1.5014e+07 0.0131219 0.00691818 -0.00199239 0.00638011 0.00589793 0.000647754 7.38387e-05 1.6e-05 
400 0.24 32000000 1429.06 109.851 -89.6759 2.82546 8759.18 549.843 1.03114e+08 1.36306e+07 0.0136218 0.0070471 -0.00107409 0.00584138 0.00587353 0.000595773 7.13736e-05 1.45131e-05 
400 0.24 33600000 1422.08 102.127 -90.0607 2.70215 8794.01 526.855 1.02396e+08 1.29436e+07 0.0107731 0.00663873 -0.00211031 0.00570273 0.00590026 0.000571707 6.98319e-05 1.40142e-05 
400 0.24 35200000 1400.53 97.4036 -91.856 2.59298 9107.09 506.353 1.07728e+08 1.23178e+07 0.0102623 0.00600855 -0.00387004 0.00544977 0.00598252 0.00058326 7.72953e-05 1.59018e-05 
400 0.24 36800000 1384.89 92.2801 -91.6754 2.43274 9054.99 473.256 1.05896e+08 1.14472e+07 0.00770867 0.00593774 -0.00245518 0.00515696 0.00603789 0.000578151 7.86415e-05 1.55169e-05 
400 0.24 38400000 1382.66 87.4729 -92.5053 2.31842 9207.44 450.888 1.08727e+08 1.08535e+07 0.0108279 0.00635515 -0.00310649 0.00513734 0.00623064 0.000562048 8.26824e-05 1.48099e-05 
400 0.24 40000000 1385.12 86.286 -92.9807 2.30604 9295.01 430.964 1.10572e+08 1.03763e+07 0.00933481 0.00617499 -0.00325844 0.00499312 0.00621898 0.000530584 8.23463e-05 1.3887e-05 
400 0.24 41600000 1363 81.814 -92.7795 2.20822 9213.47 406.75 1.0742e+08 9.79311e+06 0.00684692 0.00580289 -0.00119038 0.004818 0.00604967 0.000504514 7.78188e-05 1.30964e-05 
400 0.24 43200000 1363 78.0202 -92.7795 2.20822 9213.47 388.189 1.0742e+08 9.31079e+06 0.00684692 0.00626346 -0.00119038 0.00458923 0.00604967 0.000492041 7.78188e-05 1.28558e-05 
400 0.24 44800000 1343.24 75.7012 -92.8684 2.20822 9208.67 376.261 1.06488e+08 8.87588e+06 0.00309921 0.00602084 -0.00129256 0.00440378 0.00609993 0.000469784 7.75705e-05 1.22098e-05 
400 0.24 46400000 1343.24 75.0076 -92.8684 2.20822 9208.67 384.822 1.06488e+08 9.47286e+06 0.00309921 0.00589865 -0.00129256 0.00432703 0.00609993 0.000456086 7.75705e-05 1.16891e-05 
400 0.24 48000000 1327.71 72.2538 -93.9958 2.14924 9454.12 394.984 1.13056e+08 9.94311e+06 0.00124003 0.00647113 -0.000588672 0.00411215 0.00599941 0.00043812 7.55886e-05 1.11537e-05 
400 0.24 49600000 1343.2 70.7472 -93.8829 2.14924 9421.27 382.848 1.11743e+08 9.56135e+06 0.000315944 0.00647113 -0.000889385 0.00396151 0.00594883 0.000424004 7.33358e-05 1.06888e-05 
400 0.24 51200000 1343.2 68.1609 -93.8829 2.14924 9421.27 382.848 1.11743e+08 9.20726e+06 0.000315944 0.00647113 -0.000889385 0.00382657 0.00594883 0.000409368 7.33358e-05 1.02536e-05 
400 0.24 52800000 1322.95 67.9081 -94.2006 1.85193 9483.87 345.136 1.12697e+08 8.9307e+06 0.000312666 0.00561274 -0.00149878 0.00369728 0.00587738 0.000394532 7.11953e-05 9.84439e-06 
400 0.24 54400000 1339.49 67.6237 -94.4813 1.85193 9543.12 336.493 1.14161e+08 8.70987e+06 0.000138753 0.00561274 -0.00139687 0.00359467 0.00570117 0.00038007 6.74351e-05 9.46096e-06 
400 0.24 56000000 1339.49 66.1964 -94.4813 1.85193 9543.12 329.309 1.14161e+08 8.4294e+06 0.000138753 0.00561274 -0.00139687 0.00357898 0.00570117 0.000368281 6.74351e-05 9.11556e-06 
400 0.24 57600000 1352.99 65.0087 -94.6104 1.66516 9566.11 316.081 1.14749e+08 8.18049e+06 0.000694128 0.00492409 0.000304409 0.00350116 0.00567845 0.000361157 6.63441e-05 8.85974e-06 
400 0.24 59200000 1352.99 62.7557 -94.6104 1.66516 9566.11 307.531 1.14749e+08 7.97293e+06 0.000694128 0.00492409 0.000304409 0.00347142 0.00567845 0.000352535 6.63441e-05 8.60487e-06 
400 0.24 60800000 1346.53 61.1415 -93.9975 1.66516 9441.47 313.685 1.11908e+08 7.83131e+06 0.000911731 0.00492409 0.00170673 0.00338963 0.00565468 0.000346604 6.56015e-05 8.42549e-06 
400 0.24 62400000 1329.38 59.3648 -93.9674 1.59947 9439.74 298.807 1.12451e+08 7.62965e+06 0.000749707 0.00437729 0.00137068 0.00329997 0.00573288 0.00034415 6.76135e-05 8.41341e-06 
400 0.24 64000000 1329.38 58.0283 -93.9674 1.59947 9439.74 296.263 1.12451e+08 7.44343e+06 0.000749707 0.00437729 0.00137068 0.00319862 0.00573288 0.000339992 6.76135e-05 8.27228e-06 
400 0.24 65600000 1312.69 57.6775 -93.3625 1.59947 9331.45 299.808 1.10183e+08 7.44241e+06 0.000257253 0.00437729 0.00155544 0.00311297 0.005751 0.00033314 6.76564e-05 8.04339e-06 
400 0.24 67200000 1305.82 56.1765 -93.243 1.86255 9319.57 323.298 1.09992e+08 7.07152e+06 0.000604309 0.00394197 0.00181119 0.00304164 0.00571694 0.000328658 6.73737e-05 7.89128e-06 
400 0.24 68800000 1305.82 55.2099 -93.243 1.86255 9319.57 323.298 1.09992e+08 7.03615e+06 0.000604309 0.00394197 0.00181119 0.00297936 0.00571694 0.000321971 6.73737e-05 7.68282e-06 
400 0.24 70400000 1305.82 54.0721 -93.243 1.86255 9319.57 323.298 1.09992e+08 7.06527e+06 0.000604309 0.00394197 0.00181119 0.00295353 0.00571694 0.000316734 6.73737e-05 7.50517e-06 
400 0.24 72000000 1305.82 53.9669 -93.243 1.86255 9319.57 323.298 1.09992e+08 6.90098e+06 0.000604309 0.00394197 0.00181119 0.00291769 0.00571694 0.000311264 6.73737e-05 7.33705e-06 
400 0.24 73600000 1318.31 53.9669 -93.5412 1.86255 9386.73 323.298 1.11948e+08 6.79382e+06 0.00117769 0.00366113 0.00324531 0.00287897 0.00565678 0.000305398 6.59096e-05 7.20975e-06 
400 0.24 75200000 1318.31 53.9669 -93.5412 1.86255 9386.73 323.298 1.11948e+08 6.72954e+06 0.00117769 0.00366113 0.00324531 0.00284213 0.00565678 0.000300659 6.59096e-05 7.20975e-06 
400 0.24 76800000 1318.31 53.9669 -93.5412 1.86255 9386.73 323.298 1.11948e+08 6.59152e+06 0.00117769 0.00366113 0.00324531 0.00279072 0.00565678 0.000294609 6.59096e-05 7.20975e-06 
400 0.24 78400000 1306.53 50.686 -93.2395 1.55212 9318 269.419 1.09916e+08 6.52723e+06 0.000992849 0.00332769 0.0023056 0.00275301 0.00563576 0.000289738 6.50708e-05 6.7103e-06 
400 0.24 80000000 1306.53 49.7477 -93.2395 1.55212 9318 269.419 1.09916e+08 6.32054e+06 0.000992849 0.00332769 0.0023056 0.00274842 0.00563576 0.000284706 6.50708e-05 6.57488e-06 
400 0.24 81600000 1306.53 48.8802 -93.2395 1.55212 9318 269.419 1.09916e+08 6.21576e+06 0.000992849 0.00332769 0.0023056 0.00269982 0.00563576 0.000279184 6.50708e-05 6.42748e-06 
400 0.24 83200000 1315.25 48.6164 -93.2122 1.55212 9309.09 269.419 1.09816e+08 6.14331e+06 0.00112536 0.00307435 0.00233809 0.00265308 0.00558562 0.000275719 6.3437e-05 6.36529e-06 
400 0.24 84800000 1315.25 47.7997 -93.2122 1.55212 9309.09 269.419 1.09816e+08 6.08985e+06 0.00112536 0.00307435 0.00233809 0.00262661 0.00558562 0.000271876 6.3437e-05 6.36529e-06 
400 0.24 86400000 1315.25 46.9517 -93.2122 1.55212 9309.09 269.419 1.09816e+08 6.18843e+06 0.00112536 0.00307435 0.00233809 0.00259056 0.00558562 0.000271299 6.3437e-05 6.36529e-06 
400 0.24 88000000 1331.55 46.2534 -93.5662 1.36435 9385.91 241.344 1.11903e+08 6.08882e+06 0.000568439 0.00290476 0.00200156 0.00257343 0.00559946 0.000267189 6.34879e-05 6.10467e-06 
400 0.24 89600000 1331.55 45.7196 -93.5662 1.36435 9385.91 239.335 1.11903e+08 6.01433e+06 0.000568439 0.00291909 0.00200156 0.00251697 0.00559946 0.000268652 6.34879e-05 6.41562e-06 
400 0.24 91200000 1331.55 45.1983 -93.5662 1.36435 9385.91 239.335 1.11903e+08 5.93046e+06 0.000568439 0.00290476 0.00200156 0.0024853 0.00559946 0.000264714 6.34879e-05 6.29431e-06 
400 0.24 92800000 1338 44.9768 -93.3309 1.36435 9335.34 239.335 1.10604e+08 5.73417e+06 0.0011809 0.00283694 0.00226307 0.00245697 0.00570072 0.000261892 6.53651e-05 6.20321e-06 
400 0.24 94400000 1338 44.9768 -93.3309 1.36435 9335.34 239.335 1.10604e+08 5.64124e+06 0.0011809 0.00286188 0.00226307 0.00242787 0.00570072 0.000257565 6.53651e-05 6.08377e-06 
400 0.24 96000000 1338 44.9768 -93.3309 1.36435 9335.34 239.335 1.10604e+08 5.55818e+06 0.0011809 0.00288943 0.00226307 0.00238822 0.00570072 0.000253254 6.53651e-05 5.97001e-06 
400 0.24 97600000 1338 44.9768 -93.3309 1.36435 9335.34 239.335 1.10604e+08 5.58415e+06 0.0011809 0.00288943 0.00226307 0.00235916 0.00570072 0.000249437 6.53651e-05 5.86088e-06 
400 0.24 99200000 1339.23 42.6076 -93.1607 1.25263 9298.74 224.734 1.0976e+08 5.49067e+06 0.00195901 0.00280533 0.00226301 0.00233065 0.00563494 0.000245856 6.35179e-05 5.76286e-06 
400 0.24 100800000 1339.23 42.1259 -93.1607 1.25263 9298.74 224.734 1.0976e+08 5.40878e+06 0.00195901 0.00273111 0.00226301 0.00233066 0.00563494 0.000245852 6.35179e-05 5.77315e-06 
400 0.24 102400000 1339.23 41.4795 -93.1607 1.25263 9298.74 224.734 1.0976e+08 5.32861e+06 0.00195901 0.00273111 0.00226301 0.00230708 0.00563494 0.000243046 6.35179e-05 5.68571e-06 
400 0.24 104000000 1339.96 41.1053 -93.0328 1.25263 9263.37 224.734 1.08622e+08 5.2969e+06 0.00224509 0.00266774 0.00243613 0.00228531 0.00573076 0.000240176 6.46895e-05 5.6035e-06 
400 0.24 105600000 1339.96 40.7669 -93.0328 1.25263 9263.37 224.734 1.08622e+08 5.14747e+06 0.00224509 0.00266774 0.00243613 0.00225913 0.00573076 0.000237062 6.46895e-05 5.51324e-06 
400 0.24 107200000 1339.96 40.3938 -93.0328 1.25263 9263.37 224.734 1.08622e+08 5.17488e+06 0.00224509 0.00266774 0.00243613 0.0022383 0.00573076 0.000233852 6.46895e-05 5.42423e-06 
400 0.24 108800000 1343.44 39.8295 -93.3146 1.12286 9314.01 209.342 1.09395e+08 5.11006e+06 0.00265901 0.00256288 0.00322641 0.00223699 0.00572202 0.000232491 6.4111e-05 5.37314e-06 
400 0.24 110400000 1343.44 39.3809 -93.3146 1.12286 9314.01 206.872 1.09395e+08 5.04105e+06 0.00265901 0.00256288 0.00322641 0.00220966 0.00572202 0.00022988 6.4111e-05 5.29276e-06 
400 0.24 112000000 1343.44 38.9364 -93.3146 1.12286 9314.01 204.53 1.09395e+08 4.92846e+06 0.00265901 0.00253333 0.00322641 0.0021857 0.00572202 0.00022798 6.4111e-05 5.24301e-06 
400 0.24 113600000 1335.75 40.4306 -93.1685 1.12286 9277.16 202.776 1.08407e+08 4.94955e+06 0.00194854 0.00248954 0.00354707 0.00215745 0.00571291 0.000225444 6.37794e-05 5.16778e-06 
400 0.24 115200000 1335.75 39.8713 -93.1685 1.12286 9277.16 200.324 1.08407e+08 4.88941e+06 0.00194854 0.00247971 0.00354707 0.00213739 0.00571291 0.000232692 6.37794e-05 6.2524e-06 
400 0.24 116800000 1335.75 39.7213 -93.1685 1.12286 9277.16 200.282 1.08407e+08 4.87726e+06 0.00194854 0.00246145 0.00354707 0.00212528 0.00571291 0.000230222 6.37794e-05 6.16038e-06 
400 0.24 118400000 1349.97 39.1922 -93.0181 1.07676 9242.63 195.884 1.075e+08 4.75533e+06 0.00192092 0.00238293 0.0027753 0.0021438 0.00570504 0.000227261 6.56998e-05 6.06966e-06 
400 0.24 120000000 1349.97 38.7543 -93.0181 1.07676 9242.63 195.884 1.075e+08 4.69859e+06 0.00192092 0.00235722 0.0027753 0.00211848 0.00570504 0.00022495 6.56998e-05 5.98743e-06 
400 0.24 121600000 1349.97 38.9242 -93.0181 1.07676 9242.63 195.884 1.075e+08 4.64667e+06 0.00192092 0.00234284 0.0027753 0.00209575 0.00570504 0.000222461 6.56998e-05 5.90231e-06 
400 0.24 123200000 1349.97 38.7343 -93.0181 1.07676 9242.63 195.884 1.075e+08 4.60632e+06 0.00192092 0.00233163 0.0027753 0.00208376 0.00570504 0.000219942 6.56998e-05 5.82068e-06 
400 0.24 124800000 1349.97 38.2968 -93.0181 1.07676 9242.63 195.884 1.075e+08 4.50518e+06 0.00192092 0.00232639 0.0027753 0.0020865 0.00570504 0.000218306 6.56998e-05 5.75235e-06 
400 0.24 126400000 1349.97 37.8573 -93.0181 1.07676 9242.63 195.884 1.075e+08 4.48142e+06 0.00192092 0.00232333 0.0027753 0.00206791 0.00570504 0.000216188 6.56998e-05 5.68111e-06 
400 0.24 128000000 1349.97 37.7296 -93.0181 1.07676 9242.63 195.884 1.075e+08 4.45808e+06 0.00192092 0.00232333 0.0027753 0.00205933 0.00570504 0.000214201 6.56998e-05 5.61218e-06 
400 0.24 129600000 1348.07 37.4663 -92.9726 1.07676 9213.23 195.884 1.06209e+08 4.40777e+06 0.00192189 0.00223626 0.001882 0.0021034 0.00565395 0.000212834 6.40708e-05 5.55973e-06 
400 0.24 131200000 1348.07 37.2128 -92.9726 1.07676 9213.23 195.884 1.06209e+08 4.33724e+06 0.00192189 0.00219244 0.001882 0.0021034 0.00565395 0.000210433 6.40708e-05 5.48743e-06 
400 0.24 132800000 1348.07 36.9782 -92.9726 1.07676 9213.23 195.884 1.06209e+08 4.30183e+06 0.00192189 0.00218332 0.001882 0.0021034 0.00565395 0.000208052 6.40708e-05 5.41693e-06 
400 0.24 134400000 1348.07 36.7442 -92.9726 1.07676 9213.23 195.884 1.06209e+08 4.26396e+06 0.00192189 0.00215569 0.001882 0.00203769 0.00565395 0.000207329 6.40708e-05 5.38953e-06 
400 0.24 136000000 1348.07 36.4352 -92.9726 1.07676 9213.23 195.884 1.06209e+08 4.21888e+06 0.00192189 0.00214509 0.001882 0.00203769 0.00565395 0.000205895 6.40708e-05 5.33268e-06 
400 0.24 137600000 1348.07 36.4075 -92.9726 1.07676 9213.23 195.884 1.06209e+08 4.16013e+06 0.00192189 0.00211575 0.001882 0.00203769 0.00565395 0.000204803 6.40708e-05 5.28931e-06 
400 0.24 139200000 1354.49 36.1601 -93.3465 0.946068 9275.61 173.134 1.07105e+08 4.11929e+06 0.00207634 0.00209289 0.00164291 0.00198583 0.00570127 0.000202509 6.41988e-05 5.22458e-06 
400 0.24 140800000 1354.49 35.8706 -93.3465 0.946068 9275.61 173.134 1.07105e+08 4.08065e+06 0.00207634 0.00208222 0.00164291 0.00197041 0.00570127 0.000203596 6.41988e-05 5.26558e-06 
400 0.24 142400000 1354.49 35.659 -93.3465 0.946068 9275.61 173.134 1.07105e+08 4.04162e+06 0.00207634 0.00206229 0.00164291 0.0019557 0.00570127 0.00020181 6.41988e-05 5.20234e-06 
400 0.24 144000000 1354.49 35.4084 -93.3465 0.946068 9275.61 173.134 1.07105e+08 3.99239e+06 0.00207634 0.00209679 0.00164291 0.0019374 0.00570127 0.000200555 6.41988e-05 5.14299e-06 
400 0.24 145600000 1354.49 35.3638 -93.3465 0.946068 9275.61 173.134 1.07105e+08 3.96867e+06 0.00207634 0.00209679 0.00164291 0.00192544 0.00570127 0.000198856 6.41988e-05 5.08261e-06 
400 0.24 147200000 1354.49 35.1026 -93.3465 0.946068 9275.61 173.134 1.07105e+08 3.94357e+06 0.00207634 0.00208075 0.00164291 0.00190937 0.00570127 0.000196787 6.41988e-05 5.02502e-06 
400 0.24 148800000 1354.49 34.851 -93.3465 0.946068 9275.61 173.134 1.07105e+08 3.90563e+06 0.00207634 0.00208075 0.00164291 0.0019028 0.00570127 0.00019531 6.41988e-05 4.98396e-06 
400 0.24 150400000 1355.03 35.091 -93.1935 0.946068 9250.14 165.989 1.06599e+08 3.87717e+06 0.0017555 0.00204211 0.00212714 0.00188561 0.00564494 0.000192804 6.32745e-05 4.92819e-06 
400 0.24 152000000 1355.03 34.7374 -93.1935 0.946068 9250.14 165.989 1.06599e+08 3.84153e+06 0.0017555 0.00201617 0.00212714 0.00188307 0.00564494 0.000191253 6.32745e-05 4.87738e-06 
400 0.24 153600000 1355.03 34.3849 -93.1935 0.946068 9250.14 165.989 1.06599e+08 3.80727e+06 0.0017555 0.00201651 0.00212714 0.00189412 0.00564494 0.000190754 6.32745e-05 4.8523e-06 
400 0.24 155200000 1355.03 34.2383 -93.1935 0.946068 9250.14 165.989 1.06599e+08 3.77746e+06 0.0017555 0.0020067 0.00212714 0.00193709 0.00564494 0.000191041 6.32745e-05 4.88159e-06 
400 0.24 156800000 1355.03 33.986 -93.1935 0.946068 9250.14 165.989 1.06599e+08 3.80985e+06 0.0017555 0.00213663 0.00212714 0.00190243 0.00564494 0.00018935 6.32745e-05 4.8302e-06 
400 0.24 158400000 1355.03 33.7716 -93.1935 0.946068 9250.14 165.989 1.06599e+08 3.78373e+06 0.0017555 0.00213663 0.00212714 0.00190243 0.00564494 0.000187791 6.32745e-05 4.78142e-06 
400 0.24 160000000 1355.33 34.1183 -93.4318 0.853248 9295.44 157.985 1.07785e+08 3.76332e+06 0.00245762 0.00210366 0.0020327 0.0018699 0.00569461 0.000187619 6.39296e-05 4.75872e-06 
400 0.24 161600000 1355.33 33.823 -93.4318 0.853248 9295.44 156.894 1.07785e+08 3.73502e+06 0.00245762 0.00210366 0.0020327 0.0018699 0.00569461 0.000187367 6.39296e-05 4.75349e-06 
