L J MC_steps R2 R2_std E E_std E2 E2_std E4 E4_std Sin1 Sin1_std Cos1 Cos1_std Mag2 Mag2_std Mag4 Mag4_std
500 0.06 25000000 2065 0 -34.5406 0 1193.06 0 1.42338e+06 0 -0.0130086 0 0.0286807 0 0.00099181 0 9.83687e-07 0 
500 0.06 27500000 1684.64 373.653 -17.8295 4.62048 552.728 129.267 489317 186052 -0.00899673 0.0113372 0.00493179 0.0121867 0.00255521 0.000741248 1.2573e-05 6.44317e-06 
500 0.06 30000000 2243.3 363.123 -13.8005 4.35599 435.455 101.386 378776 118989 -0.00703725 0.00772862 0.00136931 0.00865235 0.00239214 0.000540552 1.19601e-05 4.64618e-06 
500 0.06 32500000 2196.13 286.051 -17.2051 4.13439 578.484 137.442 800673 301659 0.00644234 0.00802005 0.000815884 0.00629525 0.00258524 0.000505821 1.47654e-05 4.86221e-06 
500 0.06 35000000 2090.2 289.224 -16.9199 3.47943 584.831 125.265 872864 311385 -0.000220309 0.00701617 0.00427867 0.0056226 0.00269996 0.000451466 1.553e-05 5.16795e-06 
500 0.06 37500000 1999.58 254.821 -18.8522 3.39394 673.389 147.409 1.08002e+06 698581 0.00193826 0.00616993 0.00244427 0.0051038 0.00274955 0.000382852 1.53487e-05 4.30835e-06 
500 0.06 40000000 2006.8 218.491 -19.8247 2.968 744.744 128.523 1.57e+06 589671 0.00112892 0.00539009 -6.61567e-05 0.00439411 0.00253672 0.00033414 1.32478e-05 3.64348e-06 
500 0.06 42500000 1996.03 191.821 -19.0021 2.60914 717.01 144.841 1.5336e+06 637424 0.000451904 0.00493331 -0.00215129 0.004218 0.00266711 0.000338536 1.39565e-05 3.46749e-06 
500 0.06 45000000 2015.75 158.754 -22.1366 2.83277 935.768 188.761 3.04957e+06 1.34308e+06 0.000475286 0.00451066 0.000880972 0.00404171 0.00276902 0.000298979 1.49985e-05 3.06573e-06 
500 0.06 47500000 1990.07 146.384 -22.3308 2.76528 936.283 188.761 2.91725e+06 1.34308e+06 -0.000838932 0.00414661 0.00227458 0.0039815 0.00266398 0.00028027 1.40104e-05 2.86842e-06 
500 0.06 50000000 1977 134.768 -22.346 2.36678 935.548 157.301 2.88352e+06 1.12945e+06 -0.00155507 0.00379827 0.00266674 0.00361297 0.00256384 0.000262241 1.31792e-05 2.61664e-06 
500 0.06 52500000 2001.98 126.695 -22.9643 2.35633 991.096 157.301 3.44094e+06 1.1424e+06 -0.00161866 0.00357453 0.00164268 0.00361297 0.0024647 0.000249989 1.24053e-05 2.46807e-06 
500 0.06 55000000 1911.12 126.765 -23.9574 2.5963 1092.4 174.298 3.81574e+06 1.15918e+06 0.000714346 0.00344658 0.0028052 0.0031136 0.00244992 0.0002388 1.21131e-05 2.30185e-06 
500 0.06 57500000 1922.61 119.362 -23.8428 2.29075 1065.73 152.85 3.6286e+06 1.02048e+06 0.0019607 0.00342918 0.00201621 0.00327281 0.00242177 0.000225844 1.16816e-05 2.18002e-06 
500 0.06 60000000 1863.44 126.156 -23.9749 2.29075 1061.29 152.85 3.51459e+06 1.01565e+06 0.00083098 0.00342918 -0.000494053 0.00369965 0.00249407 0.000214404 1.20881e-05 2.03896e-06 
500 0.06 62500000 1881.61 120.449 -24.2962 2.08059 1059.81 135.981 3.42062e+06 923852 0.00113836 0.00322237 -0.000620867 0.0035125 0.0024748 0.000203039 1.18332e-05 1.93069e-06 
500 0.06 65000000 1880.15 108.518 -23.2888 2.1023 990.327 154.595 3.11703e+06 957037 0.00124682 0.00296384 -0.000174937 0.00327675 0.00238693 0.000196248 1.13123e-05 1.82476e-06 
500 0.06 67500000 1880.15 105.062 -23.2888 2.1023 990.327 154.595 3.11703e+06 957037 0.00124682 0.00291853 -0.000174937 0.00327675 0.00238693 0.000187467 1.13123e-05 1.74397e-06 
500 0.06 70000000 1860.22 100.288 -22.9402 1.93987 975.029 154.595 3.07084e+06 957037 0.00129802 0.00291853 -0.000507134 0.00327675 0.00236448 0.000181291 1.10267e-05 1.65439e-06 
500 0.06 72500000 1860.22 100.296 -22.9402 1.93987 975.029 154.595 3.07084e+06 957037 0.00129802 0.00291853 -0.000507134 0.00327675 0.00236448 0.000175591 1.10267e-05 1.58844e-06 
500 0.06 75000000 1840.99 93.5027 -22.423 1.84587 947.974 134.506 2.90787e+06 820068 0.000406998 0.00255008 -0.000566507 0.00275392 0.00235823 0.000168617 1.09451e-05 1.50961e-06 
500 0.06 77500000 1875.21 92.6213 -22.7797 1.75057 964.554 134.506 2.89874e+06 820068 0.000419095 0.00255008 -0.00074836 0.00275392 0.00229027 0.000164366 1.06192e-05 1.47568e-06 
500 0.06 80000000 1875.21 89.2117 -22.7797 1.75057 964.554 134.506 2.89874e+06 820068 0.000419095 0.00255008 -0.00074836 0.00275392 0.00229027 0.000161526 1.06192e-05 1.4299e-06 
500 0.06 82500000 1864.6 86.4441 -22.7613 1.61396 950.307 115.311 2.78261e+06 712418 0.00081227 0.00225667 -0.000316509 0.00237961 0.00226645 0.000156043 1.04573e-05 1.38926e-06 
500 0.06 85000000 1879.93 85.9297 -23.2858 1.58932 962.982 115.311 2.73913e+06 712418 0.00106532 0.00221775 -0.00069449 0.00237182 0.00227188 0.000152174 1.03593e-05 1.32868e-06 
500 0.06 87500000 1879.93 83.1769 -23.2858 1.58932 962.982 115.311 2.73913e+06 712418 0.00106532 0.00221775 -0.00069449 0.00237182 0.00227188 0.000148747 1.03593e-05 1.28794e-06 
500 0.06 90000000 1852.67 84.3811 -22.912 1.53333 937.533 101.602 2.61733e+06 642251 0.00129408 0.00209243 -0.000142569 0.00216431 0.00223628 0.000144691 1.01692e-05 1.24013e-06 
500 0.06 92500000 1852.67 81.8935 -22.912 1.53333 937.533 101.602 2.61733e+06 642251 0.00129408 0.00205653 -0.000142569 0.00216826 0.00223628 0.000139801 1.01692e-05 1.20617e-06 
500 0.06 95000000 1851.3 77.3767 -23.1115 1.45606 936.874 101.602 2.5809e+06 642251 0.00145199 0.00207649 0.000246573 0.00209085 0.00224252 0.000136007 1.00589e-05 1.16308e-06 
500 0.06 97500000 1854.01 75.2524 -23.1131 1.37517 931.899 90.4691 2.53304e+06 576395 0.000865552 0.00201881 0.000461655 0.00204867 0.00220052 0.000132909 9.82076e-06 1.13684e-06 
500 0.06 100000000 1854.01 73.2441 -23.1131 1.37517 931.899 90.4691 2.53304e+06 576395 0.000865552 0.00196558 0.000461655 0.00198291 0.00220052 0.000129467 9.82076e-06 1.1021e-06 
500 0.06 102500000 1844.68 72.1813 -23.3849 1.32938 957.056 90.4691 2.67646e+06 576395 0.0013123 0.00194901 0.00106597 0.00195641 0.00216716 0.000125738 9.54076e-06 1.07867e-06 
500 0.06 105000000 1839.7 72.1809 -23.3118 1.43609 946.403 106.926 2.61696e+06 697213 0.000776361 0.00205083 0.000507081 0.00191905 0.00215719 0.000141009 9.38822e-06 1.24823e-06 
500 0.06 107500000 1839.7 74.0594 -23.3118 1.43609 946.403 106.926 2.61696e+06 697213 0.000776361 0.00204729 0.000507081 0.00191768 0.00215719 0.000141009 9.38822e-06 1.24823e-06 
500 0.06 110000000 1839.7 73.0222 -23.3118 1.43609 946.403 106.926 2.61696e+06 697213 0.000776361 0.00204196 0.000507081 0.00185073 0.00215719 0.000141009 9.38822e-06 1.24823e-06 
500 0.06 112500000 1839.7 71.3785 -23.3118 1.43609 946.403 106.926 2.61696e+06 697213 0.000776361 0.00199911 0.000507081 0.00185073 0.00215719 0.000141009 9.38822e-06 1.24823e-06 
500 0.06 115000000 1863.58 70.9102 -23.3903 1.43609 947.281 106.926 2.51801e+06 697213 0.000637457 0.00193295 0.000978163 0.00179683 0.00218519 0.000141009 9.71746e-06 1.24823e-06 
500 0.06 117500000 1863.58 69.4071 -23.3903 1.43609 947.281 106.926 2.51801e+06 697213 0.000637457 0.00191518 0.000978163 0.00179683 0.00218519 0.000141009 9.71746e-06 1.24823e-06 
