L J MC_steps R2 R2_std E E_std E2 E2_std E4 E4_std Sin1 Sin1_std Cos1 Cos1_std Mag2 Mag2_std Mag4 Mag4_std
400 0.246 32000000 851 0 -136.411 0 18607.9 0 3.46253e+08 0 -0.0506357 0 0.0224177 0 0.00306653 0 9.40362e-06 0 
400 0.246 33600000 1244.82 232.287 -93.0873 8.12726 9391.83 1518.44 1.13569e+08 3.24236e+07 -0.0229553 0.0140383 0.0321496 0.0229555 0.00807221 0.00217075 0.000104877 5.34651e-05 
400 0.246 35200000 1232 175.315 -91.822 4.85982 8889.32 916.064 9.48271e+07 1.97142e+07 -0.024426 0.00811458 0.0220415 0.023227 0.00675716 0.00227567 8.79412e-05 4.85883e-05 
400 0.246 36800000 1415.93 174.627 -93.6435 4.09948 9299.92 801.413 1.06227e+08 1.85266e+07 -0.0144805 0.00789763 0.0178887 0.0167003 0.00567413 0.00177333 6.83306e-05 3.63762e-05 
400 0.246 38400000 1369.85 143.194 -94.8404 3.60441 9521.5 736.915 1.1088e+08 1.74708e+07 -0.0139417 0.00738275 0.0111047 0.0123034 0.00572332 0.0013378 6.67337e-05 2.64549e-05 
400 0.246 40000000 1504 170.986 -95.9078 3.11519 9702.06 627.301 1.14058e+08 1.50926e+07 -0.00966626 0.00673477 0.00984863 0.0102866 0.00534974 0.00114515 5.86801e-05 2.29911e-05 
400 0.246 41600000 1412.53 158.966 -95.8349 3.07081 9692.42 617.492 1.13633e+08 1.43303e+07 -0.00785709 0.00624533 0.00904541 0.00920658 0.00540363 0.000980652 5.50291e-05 1.97668e-05 
400 0.246 43200000 1345.18 147.745 -96.8748 2.71357 9870.17 545.403 1.16459e+08 1.2658e+07 -0.00116969 0.00698344 0.0100139 0.00900208 0.00587342 0.000879409 6.18165e-05 1.72969e-05 
400 0.246 44800000 1383.75 119.211 -96.873 2.58256 9870.15 515.766 1.16565e+08 1.18701e+07 -0.003671 0.00625204 0.0115377 0.00779133 0.00635802 0.000965145 7.17008e-05 1.77823e-05 
400 0.246 46400000 1366.25 119.211 -96.2966 2.64306 9763.14 545.661 1.1431e+08 1.38108e+07 -0.00279513 0.00571438 0.0105466 0.00729481 0.00625474 0.000965145 6.86577e-05 1.77823e-05 
400 0.246 48000000 1356.04 102.512 -97.7214 2.56877 10080.7 534.107 1.23269e+08 1.36551e+07 -0.00188332 0.00531024 0.00726561 0.00708267 0.00616968 0.00082246 6.6584e-05 2.36436e-05 
400 0.246 49600000 1337.83 102.512 -99.2182 2.48488 10411 513.287 1.32147e+08 1.3031e+07 0.000280647 0.00496245 0.00515607 0.00655829 0.00646846 0.00082246 8.33656e-05 2.21847e-05 
400 0.246 51200000 1306.28 90.4277 -98.6976 2.74246 10376.1 532.328 1.32422e+08 1.26982e+07 0.00058086 0.00525566 0.00375491 0.00600524 0.00610106 0.000721049 7.56756e-05 2.02188e-05 
400 0.246 52800000 1298.19 85.5506 -98.3013 2.58648 10298.5 501.886 1.30537e+08 1.19874e+07 0.00156411 0.00472828 0.00248959 0.00593244 0.00608471 0.000685086 7.45262e-05 1.90547e-05 
400 0.246 54400000 1279.38 85.5506 -99.9555 2.61481 10716 567.256 1.48067e+08 1.97898e+07 0.00183137 0.00459878 0.00187349 0.00557227 0.00602817 0.000638883 7.25967e-05 1.75672e-05 
400 0.246 56000000 1268.39 81.0687 -99.2522 2.59271 10586.2 550.406 1.45052e+08 1.89186e+07 0.00128326 0.00426953 0.00103866 0.00536637 0.00605721 0.000609829 7.56544e-05 1.71761e-05 
400 0.246 57600000 1257.14 74.0058 -99.5381 2.41685 10606.7 505.611 1.43783e+08 1.72546e+07 -0.00238332 0.00537547 0.00225681 0.00511896 0.00590942 0.000574499 7.13556e-05 1.6008e-05 
400 0.246 59200000 1257.14 73.7384 -99.5381 2.41451 10606.7 502.267 1.43783e+08 1.68761e+07 -0.00238332 0.00537547 0.00225681 0.0049534 0.00590942 0.000553488 7.13556e-05 1.53256e-05 
400 0.246 60800000 1241.23 68.73 -99.2982 2.2847 10615.7 474.883 1.48192e+08 1.61156e+07 -0.00446481 0.00537547 0.00316674 0.00486989 0.00594141 0.000530654 7.14665e-05 1.44709e-05 
400 0.246 62400000 1241.23 68.73 -99.2982 2.21315 10615.7 459.843 1.48192e+08 1.5635e+07 -0.00446481 0.00537547 0.00316674 0.00471039 0.00594141 0.000525983 7.14665e-05 1.43851e-05 
400 0.246 64000000 1265.66 67.2038 -98.9706 2.09459 10523.9 436.857 1.44709e+08 1.45633e+07 -0.00274287 0.00488558 0.00310913 0.00484765 0.00608763 0.000529363 7.56627e-05 1.41383e-05 
400 0.246 65600000 1288.16 65.6952 -99.1359 2.03232 10534.9 423.494 1.43944e+08 1.40039e+07 -0.00183598 0.00459316 0.00299801 0.0047548 0.00623476 0.000519782 7.78142e-05 1.36777e-05 
400 0.246 67200000 1288.16 65.6952 -99.1359 1.9402 10534.9 404.804 1.43944e+08 1.34545e+07 -0.00183598 0.00459316 0.00299801 0.00457464 0.00623476 0.000498074 7.78142e-05 1.30707e-05 
400 0.246 68800000 1306.46 66.0008 -98.4673 2.01692 10397.6 424.138 1.40308e+08 1.36541e+07 -0.00329122 0.0044897 0.00237427 0.00484327 0.00603702 0.000527957 7.3291e-05 1.39728e-05 
400 0.246 70400000 1309.75 64.208 -99.2681 1.91895 10575 403.411 1.45354e+08 1.32658e+07 -0.00393217 0.00423589 -0.00068478 0.00465792 0.00620278 0.000514181 7.84132e-05 1.34795e-05 
400 0.246 72000000 1309.75 62.6942 -99.2681 1.89779 10575 398.334 1.45354e+08 1.30089e+07 -0.00393217 0.00423589 -0.00068478 0.0045229 0.00620278 0.000511448 7.84132e-05 1.32342e-05 
400 0.246 73600000 1288.66 60.254 -98.9095 1.81217 10491 380.246 1.42851e+08 1.26075e+07 -0.00359497 0.00398454 -0.000209623 0.00434698 0.00599861 0.000502312 7.43099e-05 1.29472e-05 
400 0.246 75200000 1288.66 59.2711 -98.9095 1.78393 10491 373.548 1.42851e+08 1.22319e+07 -0.00359497 0.00398454 -0.000209623 0.00423122 0.00599861 0.000488274 7.43099e-05 1.25958e-05 
400 0.246 76800000 1288.28 56.2796 -98.9387 1.72583 10493 360.109 1.42529e+08 1.15537e+07 -0.00433575 0.0038184 -0.000464747 0.00410622 0.00601992 0.000460903 7.45512e-05 1.19012e-05 
400 0.246 78400000 1270.54 55.6332 -99.1881 1.68335 10526.3 350.645 1.42342e+08 1.12342e+07 -0.00425108 0.0036072 0.000745619 0.00402094 0.00600231 0.000448101 7.38853e-05 1.1581e-05 
400 0.246 80000000 1270.54 55.4348 -99.1881 1.64766 10526.3 343.694 1.42342e+08 1.09813e+07 -0.00425108 0.0036072 0.000745619 0.00395846 0.00600231 0.000437012 7.38853e-05 1.12953e-05 
400 0.246 81600000 1262.41 54.2324 -99.2677 1.625 10538.5 338.761 1.42377e+08 1.07409e+07 -0.00357178 0.00348072 -0.000820433 0.00390121 0.00599484 0.000430118 7.42881e-05 1.10048e-05 
400 0.246 83200000 1275.41 54.8118 -99.2551 1.57707 10542.4 329.471 1.4263e+08 1.0278e+07 -0.0035473 0.00330677 -0.000763378 0.00380969 0.00611267 0.000421678 7.58126e-05 1.06395e-05 
400 0.246 84800000 1275.41 53.5252 -99.2551 1.54407 10542.4 323.229 1.4263e+08 1.0087e+07 -0.0035473 0.00330677 -0.000763378 0.00376954 0.00611267 0.000416057 7.58126e-05 1.0467e-05 
400 0.246 86400000 1275.41 52.0245 -99.2551 1.51292 10542.4 316.683 1.4263e+08 9.84802e+06 -0.0035473 0.0031937 -0.000763378 0.00369596 0.00611267 0.000407538 7.58126e-05 1.02352e-05 
400 0.246 88000000 1275.41 52.1579 -99.2551 1.4861 10542.4 310.876 1.4263e+08 9.62203e+06 -0.0035473 0.0031937 -0.000763378 0.00367904 0.00611267 0.000401358 7.58126e-05 1.00802e-05 
400 0.246 89600000 1268.98 51.458 -99.1434 1.45201 10495.1 303.766 1.40408e+08 9.34127e+06 -0.00327423 0.00305998 -0.00139954 0.00367904 0.00596199 0.000385467 7.20566e-05 9.78411e-06 
400 0.246 91200000 1268.98 50.4299 -99.1434 1.42723 10495.1 298.21 1.40408e+08 9.15514e+06 -0.00327423 0.0030774 -0.00139954 0.00367904 0.00596199 0.000377469 7.20566e-05 9.61386e-06 
400 0.246 92800000 1268.98 50.4064 -99.1434 1.38802 10495.1 289.685 1.40408e+08 8.94304e+06 -0.00327423 0.0030774 -0.00139954 0.00367904 0.00596199 0.000371501 7.20566e-05 9.58438e-06 
400 0.246 94400000 1287.87 50.0838 -99.0171 1.38727 10449.6 288.544 1.38346e+08 8.83283e+06 -0.00305271 0.00303928 -0.000429321 0.00338423 0.00602659 0.000367753 7.57224e-05 9.43694e-06 
400 0.246 96000000 1287.87 49.3099 -99.0171 1.36055 10449.6 282.538 1.38346e+08 8.55687e+06 -0.00305271 0.00304754 -0.000429321 0.00330828 0.00602659 0.00036433 7.57224e-05 9.32427e-06 
400 0.246 97600000 1287.87 48.8724 -99.0171 1.34169 10449.6 278.74 1.38346e+08 8.4006e+06 -0.00305271 0.00304754 -0.000429321 0.00327688 0.00602659 0.000357344 7.57224e-05 9.15444e-06 
400 0.246 99200000 1275.16 47.499 -99.228 1.31437 10479.5 273.368 1.38221e+08 8.31776e+06 -0.00412493 0.00293529 0.000175301 0.00318884 0.00603772 0.000347887 7.54678e-05 8.91994e-06 
400 0.246 100800000 1275.16 47.344 -99.228 1.29396 10479.5 269.429 1.38221e+08 8.16999e+06 -0.00412493 0.00293529 0.000175301 0.00316067 0.00603772 0.000342323 7.54678e-05 8.76815e-06 
400 0.246 102400000 1275.16 46.4766 -99.228 1.26189 10479.5 263.656 1.38221e+08 8.03427e+06 -0.00412493 0.00282883 0.000175301 0.00311583 0.00603772 0.000333679 7.54678e-05 8.55282e-06 
400 0.246 104000000 1297.86 46.8359 -99.0944 1.24868 10467.4 261.046 1.38695e+08 7.9384e+06 -0.00429122 0.00272827 -0.000792293 0.00307206 0.00601641 0.000329086 7.35838e-05 8.41603e-06 
400 0.246 105600000 1297.86 46.8359 -99.0944 1.22471 10467.4 255.842 1.38695e+08 7.76289e+06 -0.00429122 0.00272827 -0.000792293 0.00303944 0.00601641 0.000321109 7.35838e-05 8.22118e-06 
400 0.246 107200000 1297.86 45.2614 -99.0944 1.20397 10467.4 251.772 1.38695e+08 7.66526e+06 -0.00429122 0.00263979 -0.000792293 0.00299009 0.00601641 0.000319698 7.35838e-05 8.12214e-06 
400 0.246 108800000 1296.32 43.8487 -98.7011 1.18511 10390.9 249.257 1.36779e+08 7.53982e+06 -0.00426612 0.00255605 -0.000989817 0.00293852 0.00588672 0.000312823 7.10946e-05 7.94325e-06 
400 0.246 110400000 1296.32 43.7546 -98.7011 1.19994 10390.9 249.953 1.36779e+08 7.46502e+06 -0.00426612 0.00255605 -0.000989817 0.00289736 0.00588672 0.000307769 7.10946e-05 7.81862e-06 
400 0.246 112000000 1296.32 42.6777 -98.7011 1.18084 10390.9 246.064 1.36779e+08 7.34712e+06 -0.00426612 0.00248874 -0.000989817 0.00284026 0.00588672 0.00030223 7.10946e-05 7.66197e-06 
400 0.246 113600000 1296.32 42.6777 -98.7011 1.16955 10390.9 243.412 1.36779e+08 7.24037e+06 -0.00426612 0.00248874 -0.000989817 0.00280922 0.00588672 0.000298459 7.10946e-05 7.55543e-06 
400 0.246 115200000 1286.54 41.567 -98.1679 1.15658 10291.9 240.603 1.34628e+08 7.13816e+06 -0.00414489 0.00241594 -0.00099498 0.00277819 0.00579154 0.000292695 6.90155e-05 7.39572e-06 
400 0.246 116800000 1286.54 40.7987 -98.1679 1.14376 10291.9 237.6 1.34628e+08 7.02792e+06 -0.00414489 0.00235851 -0.00099498 0.00273889 0.00579154 0.000288992 6.90155e-05 7.30161e-06 
400 0.246 118400000 1286.54 40.4469 -98.1679 1.13037 10291.9 234.294 1.34628e+08 6.91815e+06 -0.00414489 0.00235851 -0.00099498 0.00268871 0.00579154 0.000283683 6.90155e-05 7.15446e-06 
400 0.246 120000000 1285.49 40.2161 -97.9192 1.12035 10234.9 231.501 1.32767e+08 6.91815e+06 -0.00407261 0.00229797 -0.000194081 0.00265756 0.00572778 0.00028114 6.74076e-05 7.09156e-06 
400 0.246 121600000 1285.49 39.4994 -97.9192 1.10183 10234.9 228.26 1.32767e+08 6.91815e+06 -0.00407261 0.00229574 -0.000194081 0.00261095 0.00572778 0.000279176 6.74076e-05 6.98271e-06 
400 0.246 123200000 1285.49 39.0763 -97.9192 1.09855 10234.9 227.526 1.32767e+08 6.91815e+06 -0.00407261 0.00229574 -0.000194081 0.00258278 0.00572778 0.000279176 6.74076e-05 6.8844e-06 
400 0.246 124800000 1293.21 39.2168 -97.7543 1.08139 10198.8 224.14 1.31735e+08 6.72703e+06 -0.00376806 0.00224439 -0.000328896 0.00253246 0.00563917 0.000271666 6.54062e-05 6.79966e-06 
400 0.246 126400000 1293.21 38.7663 -97.7543 1.06867 10198.8 221.673 1.31735e+08 6.72703e+06 -0.00376806 0.00224439 -0.000328896 0.00249983 0.00563917 0.000271427 6.54062e-05 6.71138e-06 
400 0.246 128000000 1293.21 38.4744 -97.7543 1.05842 10198.8 220.264 1.31735e+08 6.72703e+06 -0.00376806 0.00229428 -0.000328896 0.0024571 0.00563917 0.000264158 6.54062e-05 6.53871e-06 
400 0.246 129600000 1291.74 38.3269 -97.9478 1.05015 10236.3 218.343 1.32749e+08 6.72703e+06 -0.00406386 0.00227157 -0.000634323 0.00244221 0.00564768 0.000261398 6.51202e-05 6.47208e-06 
400 0.246 131200000 1291.74 37.7962 -97.9478 1.04033 10236.3 216.207 1.32749e+08 6.72703e+06 -0.00406386 0.00227157 -0.000634323 0.00242741 0.00564768 0.000261398 6.51202e-05 6.39472e-06 
400 0.246 132800000 1291.74 37.5867 -97.9478 1.03142 10236.3 213.83 1.32749e+08 6.72703e+06 -0.00406386 0.00224297 -0.000634323 0.00241561 0.00564768 0.000261398 6.51202e-05 6.32198e-06 
400 0.246 134400000 1298.53 37.1373 -97.9196 1.03166 10227.5 214.771 1.32549e+08 6.28709e+06 -0.00481658 0.00221961 -0.000392872 0.00238356 0.00573943 0.000274285 6.73628e-05 6.75702e-06 
400 0.246 136000000 1298.53 36.9235 -97.9196 1.02428 10227.5 213.208 1.32549e+08 6.23241e+06 -0.00481658 0.00221961 -0.000392872 0.00235763 0.00573943 0.000274285 6.73628e-05 6.67376e-06 
400 0.246 137600000 1298.53 36.428 -97.9196 1.02079 10227.5 211.86 1.32549e+08 6.15283e+06 -0.00481658 0.00216749 -0.000392872 0.00235127 0.00573943 0.000269172 6.73628e-05 6.6089e-06 
400 0.246 139200000 1298.53 36.0018 -97.9196 1.01388 10227.5 210.317 1.32549e+08 6.1034e+06 -0.00481658 0.00216749 -0.000392872 0.00232807 0.00573943 0.000269172 6.73628e-05 6.53103e-06 
400 0.246 140800000 1298.53 35.6632 -97.9196 1.00561 10227.5 208.438 1.32549e+08 6.1034e+06 -0.00481658 0.00211752 -0.000392872 0.00228999 0.00573943 0.000264546 6.73628e-05 6.44225e-06 
400 0.246 142400000 1298.53 35.3053 -97.9196 0.995309 10227.5 206.115 1.32549e+08 6.1034e+06 -0.00481658 0.00208361 -0.000392872 0.00227594 0.00573943 0.000259849 6.73628e-05 6.37284e-06 
400 0.246 144000000 1298.53 34.9534 -97.9196 0.983317 10227.5 203.588 1.32549e+08 6.1034e+06 -0.00481658 0.00207118 -0.000392872 0.00224841 0.00573943 0.000259849 6.73628e-05 6.49353e-06 
400 0.246 145600000 1317.84 36.472 -97.882 0.975459 10217.1 201.781 1.3186e+08 5.81969e+06 -0.00448234 0.00209089 -0.000146707 0.00222476 0.00577651 0.000254171 6.92453e-05 6.57002e-06 
400 0.246 147200000 1317.84 35.9707 -97.882 0.964064 10217.1 199.319 1.3186e+08 5.7367e+06 -0.00448234 0.00213179 -0.000146707 0.00219034 0.00577651 0.000249982 6.92453e-05 6.43895e-06 
400 0.246 148800000 1317.84 35.7463 -97.882 0.958777 10217.1 197.905 1.3186e+08 5.68906e+06 -0.00448234 0.00213179 -0.000146707 0.00217059 0.00577651 0.000249982 6.92453e-05 6.36827e-06 
400 0.246 150400000 1317.84 36.2718 -97.882 0.947918 10217.1 195.661 1.3186e+08 5.61977e+06 -0.00448234 0.00209555 -0.000146707 0.00216106 0.00577651 0.000246247 6.92453e-05 6.29933e-06 
400 0.246 152000000 1317.84 36.2718 -97.882 0.939238 10217.1 194.113 1.3186e+08 5.58733e+06 -0.00448234 0.00209555 -0.000146707 0.00213907 0.00577651 0.000246247 6.92453e-05 6.23714e-06 
400 0.246 153600000 1317.84 36.1421 -97.882 0.928659 10217.1 191.823 1.3186e+08 5.58733e+06 -0.00448234 0.00209137 -0.000146707 0.00210564 0.00577651 0.000246271 6.92453e-05 6.15197e-06 
400 0.246 155200000 1293.61 35.3949 -97.687 0.920098 10156.3 189.955 1.29441e+08 5.62095e+06 -0.00441657 0.00205144 -0.000218849 0.00209535 0.00570836 0.000241862 6.72078e-05 6.09209e-06 
400 0.246 156800000 1293.61 35.3949 -97.687 0.915422 10156.3 188.746 1.29441e+08 5.62095e+06 -0.00441657 0.00205144 -0.000218849 0.00207227 0.00570836 0.000241862 6.72078e-05 6.13598e-06 
400 0.246 158400000 1293.61 35.2513 -97.687 0.907749 10156.3 187.192 1.29441e+08 5.62095e+06 -0.00441657 0.00202473 -0.000218849 0.00206285 0.00570836 0.000236979 6.72078e-05 6.09821e-06 
400 0.246 160000000 1293.61 34.4899 -97.687 0.906267 10156.3 186.473 1.29441e+08 5.62095e+06 -0.00441657 0.00198879 -0.000218849 0.00203938 0.00570836 0.000233171 6.72078e-05 6.00026e-06 
400 0.246 161600000 1293.61 34.4899 -97.687 0.900722 10156.3 185.064 1.29441e+08 5.62095e+06 -0.00441657 0.00201003 -0.000218849 0.00202329 0.00570836 0.000233171 6.72078e-05 5.9503e-06 
400 0.246 163200000 1293.61 34.4899 -97.687 0.888488 10156.3 182.644 1.29441e+08 5.62095e+06 -0.00441657 0.00202966 -0.000218849 0.001996 0.00570836 0.000230608 6.72078e-05 5.92333e-06 
400 0.246 164800000 1293.61 34.4899 -97.687 0.887305 10156.3 182.053 1.29441e+08 5.62095e+06 -0.00441657 0.00202966 -0.000218849 0.00198809 0.00570836 0.000229063 6.72078e-05 5.86794e-06 
400 0.246 166400000 1296.04 33.8152 -97.2704 0.882208 10076.7 181.276 1.27521e+08 5.50696e+06 -0.00530538 0.00199172 -0.000461838 0.00196186 0.0057108 0.000227036 6.72602e-05 5.77455e-06 
400 0.246 168000000 1296.04 33.6238 -97.2704 0.875462 10076.7 179.973 1.27521e+08 5.50696e+06 -0.00530538 0.0019565 -0.000461838 0.00198864 0.0057108 0.000228362 6.72602e-05 5.7964e-06 
400 0.246 169600000 1296.04 33.6238 -97.2704 0.865788 10076.7 177.949 1.27521e+08 5.50696e+06 -0.00530538 0.0019565 -0.000461838 0.00197452 0.0057108 0.000226232 6.72602e-05 5.74513e-06 
400 0.246 171200000 1296.04 33.293 -97.2704 0.871957 10076.7 178.29 1.27521e+08 5.50696e+06 -0.00530538 0.00201901 -0.000461838 0.00196436 0.0057108 0.000229298 6.72602e-05 5.81028e-06 
400 0.246 172800000 1296.04 32.8898 -97.2704 0.866722 10076.7 176.997 1.27521e+08 5.50696e+06 -0.00530538 0.00199608 -0.000461838 0.00197851 0.0057108 0.000226228 6.72602e-05 5.70905e-06 
400 0.246 174400000 1296.04 32.6877 -97.2704 0.859809 10076.7 175.503 1.27521e+08 5.50696e+06 -0.00530538 0.00199608 -0.000461838 0.00196543 0.0057108 0.000224279 6.72602e-05 5.66004e-06 
400 0.246 176000000 1300.31 32.549 -97.1934 0.849834 10055.1 173.382 1.26663e+08 5.1799e+06 -0.00483963 0.0019833 0.00051111 0.00195997 0.00582304 0.000223211 6.90742e-05 5.61396e-06 
400 0.246 177600000 1300.31 32.549 -97.1934 0.844682 10055.1 172.263 1.26663e+08 5.1799e+06 -0.00483963 0.0019833 0.00051111 0.00194905 0.00582304 0.000221442 6.90742e-05 5.56462e-06 
400 0.246 179200000 1300.31 32.0329 -97.1934 0.852545 10055.1 174.895 1.26663e+08 5.1799e+06 -0.00483963 0.00196201 0.00051111 0.00194905 0.00582304 0.000220131 6.90742e-05 5.48432e-06 
400 0.246 180800000 1300.31 31.6833 -97.1934 0.84863 10055.1 174.131 1.26663e+08 5.1799e+06 -0.00483963 0.00194005 0.00051111 0.00191763 0.00582304 0.000220131 6.90742e-05 5.45632e-06 
400 0.246 182400000 1300.31 31.4832 -97.1934 0.841241 10055.1 172.591 1.26663e+08 5.1799e+06 -0.00483963 0.00194005 0.00051111 0.00189807 0.00582304 0.000220131 6.90742e-05 5.41008e-06 
400 0.246 184000000 1300.31 31.1601 -97.1934 0.834332 10055.1 171.2 1.26663e+08 5.1799e+06 -0.00483963 0.00191292 0.00051111 0.00189242 0.00582304 0.000220131 6.90742e-05 5.38276e-06 
400 0.246 185600000 1296.44 30.8351 -97.0146 0.833313 10027.3 170.524 1.26442e+08 5.13348e+06 -0.00420975 0.00188131 0.000165989 0.00190717 0.00572961 0.000224409 6.75752e-05 5.31874e-06 
400 0.246 187200000 1296.44 30.71 -97.0146 0.829063 10027.3 169.691 1.26442e+08 5.13348e+06 -0.00420975 0.00188131 0.000165989 0.00190717 0.00572961 0.000224409 6.75752e-05 5.28278e-06 
400 0.246 188800000 1296.44 30.6845 -97.0146 0.819025 10027.3 167.669 1.26442e+08 5.13348e+06 -0.00420975 0.00185125 0.000165989 0.00190717 0.00572961 0.000224409 6.75752e-05 5.25598e-06 
400 0.246 190400000 1296.44 30.6845 -97.0146 0.814093 10027.3 166.755 1.26442e+08 5.13348e+06 -0.00420975 0.00185125 0.000165989 0.00190717 0.00572961 0.000224409 6.75752e-05 5.22143e-06 
400 0.246 192000000 1296.44 30.4099 -97.0146 0.816451 10027.3 166.8 1.26442e+08 5.13348e+06 -0.00420975 0.00182824 0.000165989 0.0019204 0.00572961 0.000224409 6.75752e-05 5.14528e-06 
400 0.246 193600000 1296.44 30.3488 -97.0146 0.816006 10027.3 166.48 1.26442e+08 5.13348e+06 -0.00420975 0.0018256 0.000165989 0.0019204 0.00572961 0.000224409 6.75752e-05 5.11449e-06 
400 0.246 195200000 1296.44 30.3488 -97.0146 0.811284 10027.3 165.406 1.26442e+08 5.13348e+06 -0.00420975 0.0018256 0.000165989 0.0019204 0.00572961 0.000224409 6.75752e-05 5.07625e-06 
400 0.246 196800000 1277.63 32.0871 -96.7749 0.805568 9983.6 164.256 1.25587e+08 4.61174e+06 -0.00418971 0.00179875 0.000746471 0.00186083 0.00569563 0.00021294 6.61362e-05 5.05253e-06 
400 0.246 198400000 1277.63 32.0871 -96.7749 0.799642 9983.6 163.176 1.25587e+08 4.61174e+06 -0.00418971 0.0017882 0.000746471 0.00186083 0.00569563 0.00021294 6.61362e-05 4.98174e-06 
