L J MC_steps R2 R2_std E E_std E2 E2_std E4 E4_std Sin1 Sin1_std Cos1 Cos1_std Mag2 Mag2_std Mag4 Mag4_std
500 0.285 25000000 81 0 -2014.46 0 4.05805e+06 0 1.64678e+13 0 -0.621817 0 0.264306 0 0.456514 0 0.208405 0 
500 0.285 27500000 74.4545 14.8426 -1907.56 19.0381 3.64154e+06 72859.2 1.33009e+13 5.35293e+11 -0.614442 0.00246978 0.257109 0.00419313 0.443835 0.00322655 0.197104 0.00283858 
500 0.285 30000000 67.9 11.6691 -1924.26 12.7288 3.70589e+06 49032.2 1.37796e+13 3.64784e+11 -0.619122 0.0023324 0.253379 0.00313006 0.447732 0.00248684 0.200598 0.00221908 
500 0.285 32500000 58.6667 9.50855 -1930.18 10.3338 3.72815e+06 39746.7 1.39368e+13 2.94793e+11 -0.624668 0.00296807 0.251174 0.00275703 0.45364 0.0031897 0.205969 0.00288656 
500 0.285 35000000 59.2 8.40458 -1924.89 8.56115 3.70753e+06 32960 1.37804e+13 2.44823e+11 -0.627291 0.00412606 0.251009 0.0025893 0.456846 0.00432686 0.2089 0.00394727 
500 0.285 37500000 56.25 7.5037 -1924.67 7.18042 3.70662e+06 27643.3 1.37727e+13 2.05323e+11 -0.627729 0.00346148 0.253667 0.00310893 0.45875 0.00400282 0.210659 0.00366028 
500 0.285 40000000 57.7667 6.50779 -1933.53 9.55767 3.74107e+06 37164.2 1.40335e+13 2.81568e+11 -0.630044 0.00357278 0.255215 0.00270226 0.462454 0.00438285 0.214102 0.00403917 
500 0.285 42500000 54.2647 5.88098 -1932.76 8.38054 3.73801e+06 32574.7 1.40093e+13 2.46637e+11 -0.629332 0.00312649 0.258783 0.0039173 0.463464 0.00415895 0.215028 0.00383346 
500 0.285 45000000 47.725 8.85024 -1932.52 7.76681 3.73679e+06 30061.4 1.39956e+13 2.25697e+11 -0.627875 0.00341862 0.262767 0.005849 0.463754 0.0044391 0.215265 0.00408831 
500 0.285 47500000 46.6136 8.85024 -1933.53 7.76681 3.74055e+06 30061.4 1.40216e+13 2.25697e+11 -0.627418 0.00341862 0.265102 0.005849 0.464432 0.0044391 0.215885 0.00408831 
500 0.285 50000000 45.7083 7.60149 -1934.76 6.78705 3.74522e+06 26206.9 1.40554e+13 1.95834e+11 -0.627832 0.00284913 0.266123 0.0057572 0.465482 0.00402157 0.216865 0.00370689 
500 0.285 52500000 46.2308 7.60149 -1938.47 6.78705 3.75973e+06 26206.9 1.41664e+13 1.95834e+11 -0.628701 0.00284913 0.265621 0.0057572 0.466302 0.00402157 0.217631 0.00370689 
500 0.285 55000000 49.0667 6.96179 -1944.56 9.4937 3.78361e+06 36981.1 1.43503e+13 2.81151e+11 -0.629888 0.00310113 0.26629 0.00497253 0.46814 0.00401647 0.219361 0.00372268 
500 0.285 57500000 49.5312 6.18978 -1949.55 10.3955 3.80336e+06 40706.3 1.45055e+13 3.12776e+11 -0.630428 0.00275878 0.267634 0.00480177 0.469547 0.00391253 0.2207 0.00364129 
500 0.285 60000000 49.7353 6.18978 -1951.64 10.3955 3.81154e+06 40706.3 1.45681e+13 3.12776e+11 -0.630618 0.00275878 0.2685 0.00480177 0.470246 0.00391253 0.22136 0.00364129 
500 0.285 62500000 50.7222 5.61543 -1956.02 11.0758 3.82901e+06 43522.8 1.47072e+13 3.36834e+11 -0.631155 0.00254617 0.269451 0.00459933 0.471439 0.00390843 0.222506 0.00365706 
500 0.285 65000000 52.75 6.37407 -1957.54 12.5359 3.83486e+06 49311.6 1.47504e+13 3.82199e+11 -0.631629 0.0025534 0.270356 0.00540786 0.47251 0.00468013 0.223513 0.00439161 
500 0.285 67500000 52.75 6.37407 -1957.54 12.5359 3.83486e+06 49311.6 1.47504e+13 3.82199e+11 -0.631629 0.0025534 0.270356 0.00540786 0.47251 0.00468013 0.223513 0.00439161 
500 0.285 70000000 50.5341 6.37407 -1961.63 12.5359 3.85127e+06 49311.6 1.48829e+13 3.82199e+11 -0.632996 0.0025534 0.27015 0.00540786 0.474143 0.00468013 0.225094 0.00439161 
500 0.285 72500000 50.5341 6.37407 -1961.63 12.5359 3.85127e+06 49311.6 1.48829e+13 3.82199e+11 -0.632996 0.0025534 0.27015 0.00540786 0.474143 0.00468013 0.225094 0.00439161 
500 0.285 75000000 48.4792 6.58896 -1965.54 12.7436 3.86677e+06 50369.4 1.50053e+13 3.94438e+11 -0.634279 0.00322178 0.270097 0.00451276 0.475741 0.00488943 0.226629 0.00463516 
500 0.285 77500000 48.9135 6.58896 -1965.63 12.7436 3.86698e+06 50369.4 1.50046e+13 3.94438e+11 -0.633954 0.00322178 0.270931 0.00451276 0.475768 0.00488943 0.226634 0.00463516 
500 0.285 80000000 48.9135 6.58896 -1965.63 12.7436 3.86698e+06 50369.4 1.50046e+13 3.94438e+11 -0.633954 0.00322178 0.270931 0.00451276 0.475768 0.00488943 0.226634 0.00463516 
500 0.285 82500000 48.3661 5.64865 -1964.58 10.9589 3.86274e+06 43334.1 1.497e+13 3.39662e+11 -0.634208 0.0027623 0.270801 0.00392253 0.475999 0.00419778 0.226844 0.003978 
500 0.285 85000000 47.9167 5.64865 -1959.99 10.9589 3.84504e+06 43334.1 1.48379e+13 3.39662e+11 -0.634821 0.0027623 0.269344 0.00392253 0.476023 0.00419778 0.22686 0.003978 
500 0.285 87500000 47.9167 5.64865 -1959.99 10.9589 3.84504e+06 43334.1 1.48379e+13 3.39662e+11 -0.634821 0.0027623 0.269344 0.00392253 0.476023 0.00419778 0.22686 0.003978 
500 0.285 90000000 47.4297 5.01958 -1959.03 10.9026 3.84113e+06 42970.4 1.48054e+13 3.3475e+11 -0.635815 0.00284611 0.267759 0.00445783 0.476474 0.00369976 0.22728 0.00350453 
500 0.285 92500000 47.4297 5.01958 -1959.03 10.9026 3.84113e+06 42970.4 1.48054e+13 3.3475e+11 -0.635815 0.00284611 0.267759 0.00445783 0.476474 0.00369976 0.22728 0.00350453 
500 0.285 95000000 46.6471 5.01958 -1958.74 10.9026 3.83987e+06 42970.4 1.47941e+13 3.3475e+11 -0.637274 0.00284611 0.265167 0.00445783 0.477066 0.00369976 0.227839 0.00350453 
500 0.285 97500000 45.5972 4.78466 -1959.07 9.69123 3.84101e+06 38196.1 1.48004e+13 2.97593e+11 -0.638803 0.00378684 0.262794 0.00613312 0.477871 0.00354287 0.228605 0.0033565 
500 0.285 100000000 45.5972 4.78466 -1959.07 9.69123 3.84101e+06 38196.1 1.48004e+13 2.97593e+11 -0.638803 0.00378684 0.262794 0.00613312 0.477871 0.00354287 0.228605 0.0033565 
500 0.285 102500000 44.9737 4.78466 -1960.18 9.69123 3.84523e+06 38196.1 1.48311e+13 2.97593e+11 -0.639969 0.00378684 0.260966 0.00613312 0.478454 0.00354287 0.229158 0.0033565 
500 0.285 105000000 44.9625 4.34809 -1959.02 10.0342 3.84064e+06 39613.8 1.47946e+13 3.09711e+11 -0.640914 0.00505206 0.259252 0.00837942 0.478812 0.00410435 0.229494 0.00389433 
500 0.285 107500000 44.9625 4.34809 -1959.02 10.0342 3.84064e+06 39613.8 1.47946e+13 3.09711e+11 -0.640914 0.00505206 0.259252 0.00837942 0.478812 0.00410435 0.229494 0.00389433 
500 0.285 110000000 44.9625 4.34809 -1959.02 10.0342 3.84064e+06 39613.8 1.47946e+13 3.09711e+11 -0.640914 0.00505206 0.259252 0.00837942 0.478812 0.00410435 0.229494 0.00389433 
500 0.285 112500000 44.9625 4.34809 -1959.02 10.0342 3.84064e+06 39613.8 1.47946e+13 3.09711e+11 -0.640914 0.00505206 0.259252 0.00837942 0.478812 0.00410435 0.229494 0.00389433 
500 0.285 115000000 43.1591 4.3106 -1966.97 10.9663 3.87234e+06 43479.4 1.50475e+13 3.42715e+11 -0.642559 0.00505206 0.259204 0.00837942 0.480866 0.00410435 0.23149 0.00389433 
500 0.285 117500000 43.1591 4.3106 -1966.97 10.9663 3.87234e+06 43479.4 1.50475e+13 3.42715e+11 -0.642559 0.00505206 0.259204 0.00837942 0.480866 0.00410435 0.23149 0.00389433 
500 0.285 120000000 43.1591 4.3106 -1966.97 10.9663 3.87234e+06 43479.4 1.50475e+13 3.42715e+11 -0.642559 0.00505206 0.259204 0.00837942 0.480866 0.00410435 0.23149 0.00389433 
500 0.285 122500000 42.401 4.01749 -1975.62 17.3036 3.90711e+06 69079.9 1.5329e+13 5.519e+11 -0.643935 0.00503266 0.259875 0.00700602 0.482949 0.00509508 0.233527 0.00490804 
500 0.285 125000000 42.401 4.01749 -1975.62 17.3036 3.90711e+06 69079.9 1.5329e+13 5.519e+11 -0.643935 0.00503266 0.259875 0.00700602 0.482949 0.00509508 0.233527 0.00490804 
500 0.285 127500000 42.401 4.01749 -1975.62 17.3036 3.90711e+06 69079.9 1.5329e+13 5.519e+11 -0.643935 0.00503266 0.259875 0.00700602 0.482949 0.00509508 0.233527 0.00490804 
500 0.285 130000000 42.3894 3.70847 -1988.81 17.4678 3.96278e+06 71819.3 1.58293e+13 6.1398e+11 -0.646265 0.00503266 0.261094 0.00700602 0.486669 0.00509508 0.237371 0.00502896 
500 0.285 132500000 42.3894 3.70847 -1988.81 17.4678 3.96278e+06 71819.3 1.58293e+13 6.1398e+11 -0.646265 0.00503266 0.261094 0.00700602 0.486669 0.00509508 0.237371 0.00502896 
500 0.285 135000000 42.3894 3.70847 -1988.81 18.1085 3.96278e+06 76033.5 1.58293e+13 6.77929e+11 -0.646265 0.00503266 0.261094 0.00700602 0.486669 0.00509508 0.237371 0.00523655 
500 0.285 137500000 42.4464 3.44402 -2011.15 36.0816 4.05823e+06 151919 1.67073e+13 1.36091e+12 -0.650877 0.00774089 0.260739 0.00605817 0.492743 0.0100647 0.243773 0.0103765 
