L J MC_steps R2 R2_std E E_std E2 E2_std E4 E4_std Sin1 Sin1_std Cos1 Cos1_std Mag2 Mag2_std Mag4 Mag4_std
500 0.258 50000000 2809 0 -123.47 0 15244.8 0 2.32404e+08 0 -0.0148628 0 -0.0807285 0 0.00673799 0 4.54005e-05 0 
500 0.258 52500000 1429.36 308.837 -138.367 8.74628 19986.8 2566.04 4.71903e+08 1.28898e+08 0.00600044 0.00703131 -0.018292 0.016486 0.00356124 0.00115686 2.7404e-05 1.41278e-05 
500 0.258 55000000 1768.1 252.8 -138.137 6.58376 19969.1 1895.5 4.73295e+08 8.97102e+07 -0.000243392 0.00726254 0.000308868 0.0128237 0.00459866 0.00133377 4.70772e-05 2.34268e-05 
500 0.258 57500000 1660.87 199.687 -134.456 5.04569 18862.7 1433.65 4.19487e+08 6.59234e+07 -0.00130849 0.00642274 -0.000549068 0.00940251 0.00409735 0.000931397 3.68275e-05 1.61421e-05 
500 0.258 60000000 1519.5 196.189 -131.118 4.44921 17982.2 1216.24 3.83124e+08 5.29878e+07 -0.00311696 0.00561905 0.00553875 0.00768248 0.00370679 0.000723086 2.97749e-05 1.36628e-05 
500 0.258 62500000 1504.12 169.519 -133.498 3.87105 18627.1 1057.44 4.07094e+08 4.54842e+07 -0.00255504 0.00541069 0.000536668 0.00757454 0.0039512 0.000684014 3.19808e-05 1.15623e-05 
500 0.258 65000000 1604.7 155.193 -132.973 3.51804 18449.1 962.469 3.9782e+08 4.12947e+07 -0.00318582 0.00510011 -0.00404956 0.00706589 0.00437261 0.000632688 3.8213e-05 1.10797e-05 
500 0.258 67500000 1591.29 140.013 -133.015 3.10574 18398.3 847.134 3.91041e+08 3.6084e+07 -0.00192903 0.00512859 -0.005268 0.00651833 0.00421525 0.000590654 3.56073e-05 9.73453e-06 
500 0.258 70000000 1534.92 126.056 -132.527 3.01576 18303.3 797.195 3.86739e+08 3.30786e+07 0.00185775 0.0052701 -0.00158848 0.00633692 0.00439751 0.000560671 3.86818e-05 8.84959e-06 
500 0.258 72500000 1489.59 119.938 -131.527 2.86508 18046.5 752.843 3.7728e+08 3.07353e+07 0.00235641 0.00481453 -0.000531171 0.00595726 0.00435706 0.000516529 3.78711e-05 8.05553e-06 
500 0.258 75000000 1490.06 121.317 -129.401 3.0618 17498.3 794.217 3.5773e+08 3.02393e+07 0.00252228 0.00513313 0.000449796 0.00543374 0.00439036 0.000472112 3.73117e-05 7.31382e-06 
500 0.258 77500000 1541.33 115.854 -128.443 3.02178 17240.1 794.217 3.47223e+08 3.02393e+07 0.000523932 0.00480369 -0.000399384 0.00503478 0.00432325 0.000439057 3.63786e-05 6.72941e-06 
500 0.258 80000000 1499.27 106.669 -126.992 3.04315 16917.6 803.903 3.3794e+08 3.08566e+07 -9.68372e-05 0.00433154 0.00184756 0.00473914 0.0042687 0.000407781 3.43171e-05 6.2285e-06 
500 0.258 82500000 1549.73 108.117 -127.326 2.68273 17014.2 703.722 3.42192e+08 2.71044e+07 -8.28752e-05 0.00421652 0.00237238 0.00451746 0.00443307 0.000408476 3.64396e-05 6.34936e-06 
500 0.258 85000000 1613.09 118.878 -127.547 2.68273 17047.3 703.722 3.42044e+08 2.71044e+07 -0.00127557 0.00425055 0.00231007 0.00446915 0.00460907 0.000435112 3.90609e-05 7.53101e-06 
500 0.258 87500000 1568.82 120.234 -128.316 2.56073 17262.2 667.781 3.51567e+08 2.5663e+07 -0.00100709 0.00439078 0.0037183 0.00438445 0.00494266 0.00052729 4.62057e-05 1.00878e-05 
500 0.258 90000000 1599.46 117.012 -128.299 2.30471 17232.9 601.644 3.48923e+08 2.32325e+07 0.000303216 0.00428192 0.00277587 0.00448174 0.00523625 0.000726557 5.15947e-05 1.35833e-05 
500 0.258 92500000 1599.46 112.115 -128.299 2.30471 17232.9 601.644 3.48923e+08 2.32325e+07 0.000303216 0.00411414 0.00277587 0.00429303 0.00523625 0.000726557 5.15947e-05 1.35833e-05 
500 0.258 95000000 1607.67 107.104 -128.024 2.23031 17144.1 553.458 3.44398e+08 2.15566e+07 -7.15277e-05 0.00386036 0.000740375 0.00420757 0.0050794 0.000726557 4.92092e-05 1.35833e-05 
500 0.258 97500000 1607.67 102.602 -128.024 2.23031 17144.1 553.458 3.44398e+08 2.15566e+07 -7.15277e-05 0.00380014 0.000740375 0.00411026 0.0050794 0.000726557 4.92092e-05 1.35833e-05 
500 0.258 100000000 1631.92 98.0158 -128.86 2.09453 17369 551.134 3.53761e+08 2.16986e+07 0.000308089 0.00373328 -0.000701568 0.00391878 0.00507409 0.000623298 4.81725e-05 1.17426e-05 
500 0.258 102500000 1652.05 94.8681 -129.309 1.98087 17470.3 517.97 3.56512e+08 2.10364e+07 0.00203751 0.00365613 -0.0017361 0.00387382 0.00502753 0.000623298 4.7097e-05 1.17426e-05 
500 0.258 105000000 1652.05 90.4185 -129.309 1.98087 17470.3 520.248 3.56512e+08 2.18362e+07 0.00203751 0.00361084 -0.0017361 0.00387382 0.00502753 0.000623298 4.7097e-05 1.17426e-05 
500 0.258 107500000 1647.77 87.7949 -130.102 2.01326 17703.8 530.995 3.67589e+08 2.1584e+07 0.00230031 0.00353522 -0.00131061 0.00353387 0.0050542 0.000534573 4.71823e-05 1.01068e-05 
500 0.258 110000000 1663.1 84.1622 -130.874 2.01326 17893.6 528.436 3.73867e+08 2.29716e+07 0.0017761 0.00341195 -0.000696524 0.00347171 0.00507339 0.000534573 4.76272e-05 1.01068e-05 
500 0.258 112500000 1663.1 82.3057 -130.874 2.01326 17893.6 528.436 3.73867e+08 2.27045e+07 0.0017761 0.00347216 -0.000696524 0.0033826 0.00507339 0.000534573 4.76272e-05 1.01068e-05 
500 0.258 115000000 1639.04 79.6637 -131.527 2.20899 18127.9 595.796 3.90899e+08 2.77891e+07 0.000786581 0.00341622 7.0831e-06 0.00332404 0.00513396 0.000473664 4.88712e-05 8.98342e-06 
500 0.258 117500000 1639.04 80.4856 -131.527 2.20899 18127.9 595.796 3.90899e+08 2.77891e+07 0.000786581 0.00339109 7.0831e-06 0.00325557 0.00513396 0.000473664 4.88712e-05 8.98342e-06 
500 0.258 120000000 1670.85 77.881 -130.926 2.20899 17965.1 595.796 3.8416e+08 2.77891e+07 0.00126755 0.00339285 3.7129e-05 0.00319435 0.00508088 0.000473664 4.75047e-05 8.98342e-06 
500 0.258 122500000 1674.22 76.7888 -130.104 2.37847 17745.7 640.542 3.74981e+08 2.8903e+07 0.0004101 0.00330441 0.000632532 0.00313864 0.00505664 0.000427299 4.6947e-05 8.18875e-06 
500 0.258 125000000 1674.22 74.6112 -130.104 2.37847 17745.7 640.542 3.74981e+08 2.8903e+07 0.0004101 0.00327015 0.000632532 0.00307018 0.00505664 0.000427299 4.6947e-05 8.18875e-06 
500 0.258 127500000 1691.98 72.6788 -130.303 2.37847 17789 640.542 3.76011e+08 2.8903e+07 0.000665247 0.00318704 -0.000251289 0.00314379 0.00510865 0.000427299 4.8214e-05 8.18875e-06 
500 0.258 130000000 1706.81 75.4795 -130.302 2.66603 17795.7 715.569 3.76323e+08 3.2052e+07 0.000375129 0.00308462 0.000725106 0.00305389 0.00508572 0.000385557 4.7959e-05 7.43214e-06 
500 0.258 132500000 1706.81 75.4795 -130.302 2.66603 17795.7 715.569 3.76323e+08 3.2052e+07 0.000375129 0.00301498 0.000725106 0.0029753 0.00508572 0.000385557 4.7959e-05 7.43214e-06 
500 0.258 135000000 1706.81 75.4795 -130.302 2.66603 17795.7 715.569 3.76323e+08 3.2052e+07 0.000375129 0.00292963 0.000725106 0.00289528 0.00508572 0.000385557 4.7959e-05 7.43214e-06 
500 0.258 137500000 1706.81 75.4795 -130.302 2.66603 17795.7 715.569 3.76323e+08 3.2052e+07 0.000375129 0.00288559 0.000725106 0.00285072 0.00508572 0.000385557 4.7959e-05 7.43214e-06 
500 0.258 140000000 1711.53 75.4795 -130.985 2.66603 17999.5 715.569 3.86183e+08 3.2052e+07 0.000869481 0.00280829 0.000889717 0.00279749 0.0049748 0.000366116 4.56959e-05 7.0927e-06 
500 0.258 142500000 1711.53 75.4795 -130.985 2.66603 17999.5 715.569 3.86183e+08 3.2052e+07 0.000869481 0.002832 0.000889717 0.00282606 0.0049748 0.000366116 4.56959e-05 7.0927e-06 
500 0.258 145000000 1711.53 75.4795 -130.985 2.66603 17999.5 715.569 3.86183e+08 3.2052e+07 0.000869481 0.00280989 0.000889717 0.00279001 0.0049748 0.000366116 4.56959e-05 7.0927e-06 
500 0.258 147500000 1689.46 64.8626 -131.467 2.46307 18167.4 686.106 3.97214e+08 3.28195e+07 0.000347563 0.00275323 0.00161343 0.0027727 0.0052732 0.000440748 5.26251e-05 9.28897e-06 
500 0.258 150000000 1689.46 64.8626 -131.467 2.46307 18167.4 686.106 3.97214e+08 3.28195e+07 0.000347563 0.00273111 0.00161343 0.00273307 0.0052732 0.000440748 5.26251e-05 9.28897e-06 
500 0.258 152500000 1689.46 64.8626 -131.467 2.46307 18167.4 686.106 3.97214e+08 3.28195e+07 0.000347563 0.00268233 0.00161343 0.00271026 0.0052732 0.000440748 5.26251e-05 9.28897e-06 
500 0.258 155000000 1692.03 64.8626 -131.451 2.46307 18134.6 686.106 3.93742e+08 3.28195e+07 0.00112498 0.0026569 0.00242329 0.00267511 0.00530057 0.000407693 5.24145e-05 8.57682e-06 
500 0.258 157500000 1692.03 64.8626 -131.451 2.46307 18134.6 686.106 3.93742e+08 3.28195e+07 0.00112498 0.00263067 0.00242329 0.0026467 0.00530057 0.000407693 5.24145e-05 8.57682e-06 
500 0.258 160000000 1692.03 64.8626 -131.451 2.46307 18134.6 686.106 3.93742e+08 3.28195e+07 0.00112498 0.00258778 0.00242329 0.00260774 0.00530057 0.000407693 5.24145e-05 8.57682e-06 
500 0.258 162500000 1669.62 60.9398 -131.611 2.1154 18165.1 588.095 3.94638e+08 2.82319e+07 0.00116763 0.00255014 0.00197886 0.00257965 0.00518496 0.000394623 5.03534e-05 8.20812e-06 
500 0.258 165000000 1669.62 60.5905 -131.611 2.1154 18165.1 588.095 3.94638e+08 2.82319e+07 0.00116763 0.00260186 0.00197886 0.00254087 0.00518496 0.000394623 5.03534e-05 8.20812e-06 
500 0.258 167500000 1669.62 60.2786 -131.611 2.1154 18165.1 588.095 3.94638e+08 2.82319e+07 0.00116763 0.002557 0.00197886 0.00252371 0.00518496 0.000394623 5.03534e-05 8.20812e-06 
500 0.258 170000000 1672.21 58.8439 -131.758 2.1154 18192.9 588.095 3.95021e+08 2.82319e+07 0.00117875 0.00252435 0.00127739 0.00248083 0.00531063 0.000387807 5.51001e-05 8.92854e-06 
500 0.258 172500000 1672.21 58.5503 -131.758 2.1154 18192.9 588.095 3.95021e+08 2.82319e+07 0.00117875 0.0025083 0.00127739 0.0024377 0.00531063 0.000387807 5.51001e-05 8.92854e-06 
500 0.258 175000000 1672.21 58.5503 -131.758 2.1154 18192.9 588.095 3.95021e+08 2.82319e+07 0.00117875 0.0024567 0.00127739 0.00240168 0.00531063 0.000387807 5.51001e-05 8.92854e-06 
500 0.258 177500000 1672.21 58.5503 -131.758 2.1154 18192.9 588.095 3.95021e+08 2.82319e+07 0.00117875 0.00241808 0.00127739 0.00238608 0.00531063 0.000387807 5.51001e-05 8.92854e-06 
500 0.258 180000000 1666.11 55.3977 -131.387 1.86283 18107.2 517.419 3.92391e+08 2.47922e+07 0.00106091 0.00237388 0.00143793 0.00235879 0.00523136 0.000371582 5.39346e-05 8.44624e-06 
500 0.258 182500000 1666.11 55.2214 -131.387 1.86283 18107.2 517.419 3.92391e+08 2.47922e+07 0.00106091 0.00234206 0.00143793 0.00233313 0.00523136 0.000371582 5.39346e-05 8.44624e-06 
500 0.258 185000000 1666.11 54.8922 -131.387 1.86283 18107.2 517.419 3.92391e+08 2.47922e+07 0.00106091 0.0022997 0.00143793 0.00230802 0.00523136 0.000371582 5.39346e-05 8.44624e-06 
500 0.258 187500000 1662.96 54.5702 -130.836 1.86283 17953.6 517.419 3.8573e+08 2.47922e+07 0.000525401 0.00227804 0.000865158 0.00229221 0.00517735 0.000353627 5.26832e-05 8.04156e-06 
500 0.258 190000000 1662.96 53.6232 -130.836 1.86283 17953.6 517.419 3.8573e+08 2.47922e+07 0.000525401 0.00224681 0.000865158 0.00226572 0.00517735 0.000353627 5.26832e-05 8.04156e-06 
500 0.258 192500000 1662.96 52.8804 -130.836 1.86283 17953.6 517.419 3.8573e+08 2.47922e+07 0.000525401 0.00221517 0.000865158 0.0022329 0.00517735 0.000353627 5.26832e-05 8.04156e-06 
500 0.258 195000000 1653.66 52.1693 -130.962 1.70351 17982.1 474.827 3.86517e+08 2.27225e+07 0.000174872 0.00218393 0.00114308 0.00220239 0.00516188 0.000334319 5.18563e-05 7.63721e-06 
500 0.258 197500000 1653.66 51.9208 -130.962 1.70351 17982.1 474.827 3.86517e+08 2.27225e+07 0.000174872 0.00215642 0.00114308 0.00217553 0.00516188 0.000334319 5.18563e-05 7.63721e-06 
500 0.258 200000000 1653.66 50.9912 -130.962 1.70351 17982.1 474.827 3.86517e+08 2.27225e+07 0.000174872 0.002106 0.00114308 0.00215005 0.00516188 0.000334319 5.18563e-05 7.63721e-06 
500 0.258 202500000 1654.51 50.5635 -130.507 1.70351 17859.7 474.827 3.81311e+08 2.27225e+07 0.000408748 0.00210016 0.00165575 0.00214906 0.00508459 0.000325536 5.03885e-05 7.37495e-06 
500 0.258 205000000 1654.51 51.3071 -130.507 1.70351 17859.7 474.827 3.81311e+08 2.27225e+07 0.000408748 0.00207528 0.00165575 0.0021306 0.00508459 0.000325536 5.03885e-05 7.37495e-06 
500 0.258 207500000 1654.51 50.6803 -130.507 1.70351 17859.7 474.827 3.81311e+08 2.27225e+07 0.000408748 0.00204901 0.00165575 0.00210227 0.00508459 0.000325536 5.03885e-05 7.37495e-06 
500 0.258 210000000 1656.15 50.3328 -130.824 1.53877 17947.6 428.594 3.8505e+08 2.04976e+07 0.000834703 0.00207154 0.00176346 0.00207622 0.00502487 0.00031469 4.93863e-05 7.07397e-06 
500 0.258 212500000 1656.15 50.7117 -130.824 1.53877 17947.6 428.594 3.8505e+08 2.04976e+07 0.000834703 0.00206587 0.00176346 0.00206055 0.00502487 0.00031469 4.93863e-05 7.07397e-06 
500 0.258 215000000 1656.15 50.2304 -130.824 1.53877 17947.6 428.594 3.8505e+08 2.04976e+07 0.000834703 0.00205782 0.00176346 0.00203754 0.00502487 0.00031469 4.93863e-05 7.07397e-06 
500 0.258 217500000 1656.15 50.1018 -130.824 1.53877 17947.6 428.594 3.8505e+08 2.04976e+07 0.000834703 0.00204857 0.00176346 0.00202042 0.00502487 0.00031469 4.93863e-05 7.07397e-06 
500 0.258 220000000 1656.15 49.3479 -130.824 1.53877 17947.6 428.594 3.8505e+08 2.04976e+07 0.000834703 0.0020217 0.00176346 0.00200232 0.00502487 0.000299716 4.93863e-05 6.75725e-06 
500 0.258 222500000 1656.15 48.9479 -130.824 1.53877 17947.6 428.594 3.8505e+08 2.04976e+07 0.000834703 0.0019982 0.00176346 0.00198162 0.00502487 0.000299716 4.93863e-05 6.75725e-06 
500 0.258 225000000 1656.15 48.3125 -130.824 1.53877 17947.6 428.594 3.8505e+08 2.04976e+07 0.000834703 0.00199404 0.00176346 0.00195872 0.00502487 0.000299716 4.93863e-05 6.75725e-06 
500 0.258 227500000 1660.68 47.974 -131.178 1.43898 18049.2 401.494 3.89881e+08 1.91952e+07 0.000675193 0.00201481 0.00157268 0.00195384 0.00503272 0.00028628 4.87457e-05 6.45094e-06 
500 0.258 230000000 1660.68 47.2368 -131.178 1.43898 18049.2 401.494 3.89881e+08 1.91952e+07 0.000675193 0.00197004 0.00157268 0.00193288 0.00503272 0.00028628 4.87457e-05 6.45094e-06 
500 0.258 232500000 1660.68 46.7201 -131.178 1.43898 18049.2 401.494 3.89881e+08 1.91952e+07 0.000675193 0.00197004 0.00157268 0.00192042 0.00503272 0.00028628 4.87457e-05 6.45094e-06 
500 0.258 235000000 1660.68 46.0501 -131.178 1.43898 18049.2 401.494 3.89881e+08 1.91952e+07 0.000675193 0.00193265 0.00157268 0.00190364 0.00503272 0.000280898 4.87457e-05 6.1705e-06 
500 0.258 237500000 1660.68 46.2613 -131.178 1.43898 18049.2 401.494 3.89881e+08 1.91952e+07 0.000675193 0.00193265 0.00157268 0.00188394 0.00503272 0.000280898 4.87457e-05 6.1705e-06 
500 0.258 240000000 1660.68 45.6808 -131.178 1.43898 18049.2 401.494 3.89881e+08 1.91952e+07 0.000675193 0.00193982 0.00157268 0.00187658 0.00503272 0.000280898 4.87457e-05 6.1705e-06 
500 0.258 242500000 1657.54 45.3886 -130.801 1.36757 17955.7 378.763 3.86948e+08 1.78183e+07 8.61603e-05 0.00189943 0.00163508 0.00185663 0.00504612 0.000263186 4.90447e-05 5.92176e-06 
500 0.258 245000000 1657.54 44.9568 -130.801 1.36757 17955.7 378.763 3.86948e+08 1.78183e+07 8.61603e-05 0.00189943 0.00163508 0.00184241 0.00504612 0.000263186 4.90447e-05 5.92176e-06 
500 0.258 247500000 1657.54 44.6288 -130.801 1.36757 17955.7 378.763 3.86948e+08 1.78183e+07 8.61603e-05 0.00187161 0.00163508 0.00182476 0.00504612 0.000263186 4.90447e-05 5.92176e-06 
500 0.258 250000000 1657.54 44.007 -130.801 1.36757 17955.7 378.763 3.86948e+08 1.78183e+07 8.61603e-05 0.00185806 0.00163508 0.00181285 0.00504612 0.000252674 4.90447e-05 5.68704e-06 
500 0.258 252500000 1657.54 43.7337 -130.801 1.36757 17955.7 378.763 3.86948e+08 1.78183e+07 8.61603e-05 0.00186441 0.00163508 0.00179666 0.00504612 0.000252674 4.90447e-05 5.68704e-06 
500 0.258 255000000 1657.54 43.222 -130.801 1.36757 17955.7 378.763 3.86948e+08 1.78183e+07 8.61603e-05 0.00185446 0.00163508 0.00178185 0.00504612 0.000252674 4.90447e-05 5.68704e-06 
500 0.258 257500000 1657.54 42.8552 -130.801 1.36757 17955.7 378.763 3.86948e+08 1.78183e+07 8.61603e-05 0.00187318 0.00163508 0.00176901 0.00504612 0.000252674 4.90447e-05 5.68704e-06 
500 0.258 260000000 1672.79 42.5096 -131.024 1.28048 17997.6 351.932 3.87113e+08 1.64484e+07 0.000633316 0.00184688 0.00076817 0.00175566 0.00508705 0.000246719 4.99203e-05 5.51322e-06 
500 0.258 262500000 1672.79 42.2745 -131.024 1.28048 17997.6 351.932 3.87113e+08 1.64484e+07 0.000633316 0.00183525 0.00076817 0.00174874 0.00508705 0.000246719 4.99203e-05 5.51322e-06 
500 0.258 265000000 1672.79 41.8765 -131.024 1.28048 17997.6 351.932 3.87113e+08 1.64484e+07 0.000633316 0.00182508 0.00076817 0.00173764 0.00508705 0.000246719 4.99203e-05 5.51322e-06 
500 0.258 267500000 1672.79 41.528 -131.024 1.28048 17997.6 351.932 3.87113e+08 1.64484e+07 0.000633316 0.00181111 0.00076817 0.00172293 0.00508705 0.000238555 4.99203e-05 5.31844e-06 
500 0.258 270000000 1672.79 41.1207 -131.024 1.28048 17997.6 351.932 3.87113e+08 1.64484e+07 0.000633316 0.0018207 0.00076817 0.00171808 0.00508705 0.000238555 4.99203e-05 5.31844e-06 
500 0.258 272500000 1672.79 41.2972 -131.024 1.28048 17997.6 351.932 3.87113e+08 1.64484e+07 0.000633316 0.0018207 0.00076817 0.00170499 0.00508705 0.000238555 4.99203e-05 5.31844e-06 
500 0.258 275000000 1687.53 40.9359 -130.935 1.19211 17975.2 327.502 3.85861e+08 1.53211e+07 0.00126041 0.00178978 0.00123884 0.00170106 0.005105 0.000233348 5.03414e-05 5.18019e-06 
500 0.258 277500000 1687.53 41.0355 -130.935 1.19211 17975.2 327.502 3.85861e+08 1.53211e+07 0.00126041 0.00178819 0.00123884 0.0016868 0.005105 0.000233348 5.03414e-05 5.18019e-06 
500 0.258 280000000 1687.53 41.1123 -130.935 1.19211 17975.2 327.502 3.85861e+08 1.53211e+07 0.00126041 0.0017606 0.00123884 0.0016696 0.005105 0.000233348 5.03414e-05 5.18019e-06 
500 0.258 282500000 1687.53 40.8696 -130.935 1.19211 17975.2 327.502 3.85861e+08 1.53211e+07 0.00126041 0.0017541 0.00123884 0.00166271 0.005105 0.000225903 5.03414e-05 5.02465e-06 
500 0.258 285000000 1687.53 40.3893 -130.935 1.19211 17975.2 327.502 3.85861e+08 1.53211e+07 0.00126041 0.00174034 0.00123884 0.0016559 0.005105 0.000225903 5.03414e-05 5.02465e-06 
500 0.258 287500000 1687.53 40.1712 -130.935 1.19211 17975.2 327.502 3.85861e+08 1.53211e+07 0.00126041 0.00174323 0.00123884 0.00165402 0.005105 0.000225903 5.03414e-05 5.02465e-06 
500 0.258 290000000 1696.16 40.046 -131.134 1.12911 18028.2 309.929 3.88805e+08 1.45798e+07 0.0010786 0.00172133 0.000831576 0.00164595 0.00508464 0.000218401 4.98782e-05 4.85723e-06 
500 0.258 292500000 1696.16 39.781 -131.134 1.12911 18028.2 309.929 3.88805e+08 1.45798e+07 0.0010786 0.00171074 0.000831576 0.00163591 0.00508464 0.000218401 4.98782e-05 4.85723e-06 
500 0.258 295000000 1696.16 39.781 -131.134 1.12911 18028.2 309.929 3.88805e+08 1.45798e+07 0.0010786 0.00169877 0.000831576 0.00163729 0.00508464 0.000218401 4.98782e-05 4.85723e-06 
500 0.258 297500000 1696.16 39.781 -131.134 1.12911 18028.2 309.929 3.88805e+08 1.45798e+07 0.0010786 0.00168592 0.000831576 0.00162713 0.00508464 0.000218401 4.98782e-05 4.85723e-06 
500 0.258 300000000 1696.16 39.781 -131.134 1.12911 18028.2 309.929 3.88805e+08 1.45798e+07 0.0010786 0.00166503 0.000831576 0.00162079 0.00508464 0.000211359 4.98782e-05 4.70142e-06 
500 0.258 302500000 1696.16 39.781 -131.134 1.12911 18028.2 309.929 3.88805e+08 1.45798e+07 0.0010786 0.00166384 0.000831576 0.00160746 0.00508464 0.000211359 4.98782e-05 4.70142e-06 
500 0.258 305000000 1696.16 39.781 -131.134 1.12911 18028.2 309.929 3.88805e+08 1.45798e+07 0.0010786 0.00165097 0.000831576 0.00160009 0.00508464 0.000211359 4.98782e-05 4.70142e-06 
500 0.258 307500000 1690.26 38.8074 -130.55 1.20019 17872 327.592 3.822e+08 1.50909e+07 0.00131553 0.00164612 -0.00010188 0.00159041 0.00506821 0.000205478 4.95438e-05 4.57379e-06 
500 0.258 310000000 1690.26 38.4845 -130.55 1.20019 17872 327.592 3.822e+08 1.50909e+07 0.00131553 0.00162851 -0.00010188 0.00159041 0.00506821 0.000205478 4.95438e-05 4.57379e-06 
500 0.258 312500000 1690.26 38.7808 -130.55 1.20019 17872 327.592 3.822e+08 1.50909e+07 0.00131553 0.00162054 -0.00010188 0.00159041 0.00506821 0.000205478 4.95438e-05 4.57379e-06 
500 0.258 315000000 1690.26 38.5974 -130.55 1.20019 17872 327.592 3.822e+08 1.50909e+07 0.00131553 0.0016052 -0.00010188 0.00156275 0.00506821 0.000199362 4.95438e-05 4.43523e-06 
500 0.258 317500000 1690.26 38.3605 -130.55 1.20019 17872 327.592 3.822e+08 1.50909e+07 0.00131553 0.00160124 -0.00010188 0.00156275 0.00506821 0.000199362 4.95438e-05 4.43523e-06 
500 0.258 320000000 1690.26 38.2668 -130.55 1.20019 17872 327.592 3.822e+08 1.50909e+07 0.00131553 0.00158682 -0.00010188 0.00156275 0.00506821 0.000199362 4.95438e-05 4.43523e-06 
500 0.258 322500000 1698.53 38.0913 -130.662 1.13481 17904.5 309.935 3.83795e+08 1.42873e+07 0.00182079 0.00158247 1.19805e-05 0.0015264 0.00503133 0.000198215 4.86999e-05 4.38783e-06 
500 0.258 325000000 1698.53 37.7384 -130.662 1.13481 17904.5 309.935 3.83795e+08 1.42873e+07 0.00182079 0.00157217 1.19805e-05 0.00152082 0.00503133 0.000198215 4.86999e-05 4.38783e-06 
500 0.258 327500000 1698.53 37.6064 -130.662 1.13481 17904.5 309.935 3.83795e+08 1.42873e+07 0.00182079 0.00156284 1.19805e-05 0.00151104 0.00503133 0.000198215 4.86999e-05 4.38783e-06 
500 0.258 330000000 1698.53 37.3993 -130.662 1.13481 17904.5 309.935 3.83795e+08 1.42873e+07 0.00182079 0.00155747 1.19805e-05 0.00150418 0.00503133 0.000192553 4.86999e-05 4.26312e-06 
500 0.258 332500000 1698.53 37.2289 -130.662 1.13481 17904.5 309.935 3.83795e+08 1.42873e+07 0.00182079 0.00155413 1.19805e-05 0.00150364 0.00503133 0.000192553 4.86999e-05 4.26312e-06 
500 0.258 335000000 1698.53 36.9879 -130.662 1.13481 17904.5 309.935 3.83795e+08 1.42873e+07 0.00182079 0.00154141 1.19805e-05 0.0015147 0.00503133 0.000192553 4.86999e-05 4.26312e-06 
500 0.258 337500000 1698.53 36.7766 -130.662 1.13481 17904.5 309.935 3.83795e+08 1.42873e+07 0.00182079 0.0015358 1.19805e-05 0.00150491 0.00503133 0.000192553 4.86999e-05 4.26312e-06 
500 0.258 340000000 1695.04 36.61 -130.575 1.07506 17875.3 294.089 3.82031e+08 1.3602e+07 0.00196195 0.00154059 -3.38463e-05 0.00149891 0.0050845 0.000194218 4.97006e-05 4.24381e-06 
500 0.258 342500000 1695.04 36.4063 -130.575 1.07506 17875.3 294.089 3.82031e+08 1.3602e+07 0.00196195 0.00152531 -3.38463e-05 0.00149344 0.0050845 0.000194218 4.97006e-05 4.24381e-06 
500 0.258 345000000 1695.04 36.1401 -130.575 1.07506 17875.3 294.089 3.82031e+08 1.3602e+07 0.00196195 0.0015316 -3.38463e-05 0.0014787 0.0050845 0.000194218 4.97006e-05 4.24381e-06 
500 0.258 347500000 1695.04 35.9564 -130.575 1.07506 17875.3 294.089 3.82031e+08 1.3602e+07 0.00196195 0.00152496 -3.38463e-05 0.00147265 0.0050845 0.000189018 4.97006e-05 4.1302e-06 
500 0.258 350000000 1695.04 35.7581 -130.575 1.07506 17875.3 294.089 3.82031e+08 1.3602e+07 0.00196195 0.00152951 -3.38463e-05 0.00145951 0.0050845 0.000189018 4.97006e-05 4.1302e-06 
500 0.258 352500000 1695.04 35.5993 -130.575 1.07506 17875.3 294.089 3.82031e+08 1.3602e+07 0.00196195 0.0015385 -3.38463e-05 0.00146482 0.0050845 0.000189018 4.97006e-05 4.1302e-06 
500 0.258 355000000 1693.11 35.5519 -130.915 1.07093 17977.5 295.844 3.8709e+08 1.37946e+07 0.00229913 0.00152364 0.000111633 0.00145282 0.00513576 0.000189774 5.0697e-05 4.11848e-06 
500 0.258 357500000 1693.11 35.4048 -130.915 1.07093 17977.5 295.844 3.8709e+08 1.37946e+07 0.00229913 0.00151553 0.000111633 0.00145389 0.00513576 0.000189774 5.0697e-05 4.11848e-06 
500 0.258 360000000 1693.11 35.2844 -130.915 1.07093 17977.5 295.844 3.8709e+08 1.37946e+07 0.00229913 0.00151128 0.000111633 0.00146567 0.00513576 0.000189774 5.0697e-05 4.11848e-06 
500 0.258 362500000 1693.11 35.2496 -130.915 1.07093 17977.5 295.844 3.8709e+08 1.37946e+07 0.00229913 0.00150295 0.000111633 0.00146092 0.00513576 0.000185681 5.0697e-05 4.02838e-06 
500 0.258 365000000 1693.11 35.1049 -130.915 1.07093 17977.5 295.844 3.8709e+08 1.37946e+07 0.00229913 0.00149534 0.000111633 0.00145345 0.00513576 0.000185681 5.0697e-05 4.02838e-06 
500 0.258 367500000 1693.11 34.9484 -130.915 1.07093 17977.5 295.844 3.8709e+08 1.37946e+07 0.00229913 0.00148506 0.000111633 0.00144788 0.00513576 0.000185681 5.0697e-05 4.02838e-06 
500 0.258 370000000 1681.17 34.6653 -131.006 1.02119 17994.5 281.54 3.8717e+08 1.31051e+07 0.00253701 0.00147367 -5.10011e-06 0.00144274 0.00512881 0.000182596 5.06549e-05 3.94747e-06 
500 0.258 372500000 1681.17 34.6239 -131.006 1.02119 17994.5 281.54 3.8717e+08 1.31051e+07 0.00253701 0.00146735 -5.10011e-06 0.00144676 0.00512881 0.000182596 5.06549e-05 3.94747e-06 
500 0.258 375000000 1681.17 34.3506 -131.006 1.02119 17994.5 281.54 3.8717e+08 1.31051e+07 0.00253701 0.00146735 -5.10011e-06 0.00144097 0.00512881 0.000182596 5.06549e-05 3.94747e-06 
500 0.258 377500000 1681.17 34.3077 -131.006 1.02119 17994.5 281.54 3.8717e+08 1.31051e+07 0.00253701 0.00146735 -5.10011e-06 0.00143362 0.00512881 0.000182596 5.06549e-05 3.94747e-06 
500 0.258 380000000 1681.17 34.1824 -131.006 1.02119 17994.5 281.54 3.8717e+08 1.31051e+07 0.00253701 0.00146735 -5.10011e-06 0.00143418 0.00512881 0.000178582 5.06549e-05 3.87502e-06 
500 0.258 382500000 1681.17 34.1137 -131.006 1.02119 17994.5 281.54 3.8717e+08 1.31051e+07 0.00253701 0.00146735 -5.10011e-06 0.00142743 0.00512881 0.000178582 5.06549e-05 3.87502e-06 
500 0.258 385000000 1681.17 33.8498 -131.006 1.02119 17994.5 281.54 3.8717e+08 1.31051e+07 0.00253701 0.00146735 -5.10011e-06 0.00141789 0.00512881 0.000178582 5.06549e-05 3.87502e-06 
500 0.258 387500000 1681.17 33.6541 -131.006 1.0075 17994.5 276.47 3.8717e+08 1.27847e+07 0.00253701 0.00146735 -5.10011e-06 0.00141231 0.00512881 0.000175898 5.06549e-05 3.79036e-06 
500 0.258 390000000 1681.17 33.579 -131.006 1.0075 17994.5 276.47 3.8717e+08 1.27847e+07 0.00253701 0.00146735 -5.10011e-06 0.00140616 0.00512881 0.000175898 5.06549e-05 3.79036e-06 
500 0.258 392500000 1681.17 33.4051 -131.006 1.0075 17994.5 276.47 3.8717e+08 1.27847e+07 0.00253701 0.00146735 -5.10011e-06 0.00140262 0.00512881 0.000175898 5.06549e-05 3.79036e-06 
500 0.258 395000000 1681.17 33.1776 -131.006 1.0075 17994.5 276.47 3.8717e+08 1.27847e+07 0.00253701 0.00146735 -5.10011e-06 0.00139574 0.00512881 0.000173423 5.06549e-05 3.71907e-06 
500 0.258 397500000 1681.17 32.9983 -131.006 1.0075 17994.5 276.47 3.8717e+08 1.27847e+07 0.00253701 0.00146735 -5.10011e-06 0.00138917 0.00512881 0.000173423 5.06549e-05 3.71907e-06 
500 0.258 400000000 1681.17 32.8228 -131.006 1.0075 17994.5 276.47 3.8717e+08 1.27847e+07 0.00253701 0.00146735 -5.10011e-06 0.00137951 0.00512881 0.000173423 5.06549e-05 3.71907e-06 
500 0.258 402500000 1691.04 32.6467 -130.646 0.965693 17894.8 265.595 3.82489e+08 1.23357e+07 0.00214961 0.00146735 0.000452537 0.00137241 0.00518503 0.000174819 5.2391e-05 3.81918e-06 
500 0.258 405000000 1691.04 32.4452 -130.646 0.965693 17894.8 265.595 3.82489e+08 1.23357e+07 0.00214961 0.00146735 0.000452537 0.00136185 0.00518503 0.000174819 5.2391e-05 3.81918e-06 
500 0.258 407500000 1691.04 32.2984 -130.646 0.965693 17894.8 265.595 3.82489e+08 1.23357e+07 0.00214961 0.00146735 0.000452537 0.00135445 0.00518503 0.000174819 5.2391e-05 3.81918e-06 
500 0.258 410000000 1691.04 32.3924 -130.646 0.965693 17894.8 265.595 3.82489e+08 1.23357e+07 0.00214961 0.00146735 0.000452537 0.0013473 0.00518503 0.000173574 5.2391e-05 3.7687e-06 
500 0.258 412500000 1691.04 32.2532 -130.646 0.965693 17894.8 265.595 3.82489e+08 1.23357e+07 0.00214961 0.00146735 0.000452537 0.00134169 0.00518503 0.000173574 5.2391e-05 3.7687e-06 
500 0.258 415000000 1691.04 32.2152 -130.646 0.965693 17894.8 265.595 3.82489e+08 1.23357e+07 0.00214961 0.00146735 0.000452537 0.00133206 0.00518503 0.000173574 5.2391e-05 3.7687e-06 
500 0.258 417500000 1691.04 32.0575 -130.646 0.965693 17894.8 265.595 3.82489e+08 1.23357e+07 0.00214961 0.00146735 0.000452537 0.0013331 0.00518503 0.000173574 5.2391e-05 3.7687e-06 
500 0.258 420000000 1691.04 31.8824 -130.646 0.961829 17894.8 262.125 3.82489e+08 1.20025e+07 0.00214961 0.00146735 0.000452537 0.00132766 0.00518503 0.000170102 5.2391e-05 3.68687e-06 
500 0.258 422500000 1691.04 31.9145 -130.646 0.961829 17894.8 262.125 3.82489e+08 1.20025e+07 0.00214961 0.00146735 0.000452537 0.00132095 0.00518503 0.000170102 5.2391e-05 3.68687e-06 
500 0.258 425000000 1691.04 31.8601 -130.646 0.961829 17894.8 262.125 3.82489e+08 1.20025e+07 0.00214961 0.00146735 0.000452537 0.00131345 0.00518503 0.000170102 5.2391e-05 3.68687e-06 
500 0.258 427500000 1691.04 31.7296 -130.646 0.961829 17894.8 262.125 3.82489e+08 1.20025e+07 0.00214961 0.00146735 0.000452537 0.00130819 0.00518503 0.000166505 5.2391e-05 3.60945e-06 
500 0.258 430000000 1691.04 31.505 -130.646 0.961829 17894.8 262.125 3.82489e+08 1.20025e+07 0.00214961 0.00146735 0.000452537 0.00130119 0.00518503 0.000166505 5.2391e-05 3.60945e-06 
500 0.258 432500000 1691.04 31.3681 -130.646 0.961829 17894.8 262.125 3.82489e+08 1.20025e+07 0.00214961 0.00146735 0.000452537 0.00129935 0.00518503 0.000166505 5.2391e-05 3.60945e-06 
500 0.258 435000000 1705.76 31.1552 -130.337 0.922395 17831.6 251.218 3.8091e+08 1.1521e+07 0.00191432 0.00140133 0.000180266 0.00129099 0.00515382 0.000163239 5.13833e-05 3.5542e-06 
500 0.258 437500000 1705.76 31.0711 -130.337 0.922395 17831.6 251.218 3.8091e+08 1.1521e+07 0.00191432 0.00140133 0.000180266 0.00129138 0.00515382 0.000163239 5.13833e-05 3.5542e-06 
500 0.258 440000000 1705.76 30.9703 -130.337 0.922395 17831.6 251.218 3.8091e+08 1.1521e+07 0.00191432 0.0013869 0.000180266 0.00128441 0.00515382 0.000163239 5.13833e-05 3.5542e-06 
500 0.258 442500000 1705.76 30.9703 -130.337 0.922395 17831.6 251.218 3.8091e+08 1.1521e+07 0.00191432 0.00138406 0.000180266 0.00128128 0.00515382 0.000160953 5.13833e-05 3.49118e-06 
500 0.258 445000000 1705.76 30.9703 -130.337 0.922395 17831.6 251.218 3.8091e+08 1.1521e+07 0.00191432 0.00138406 0.000180266 0.00127975 0.00515382 0.000160953 5.13833e-05 3.49118e-06 
500 0.258 447500000 1705.76 30.9703 -130.337 0.922395 17831.6 251.218 3.8091e+08 1.1521e+07 0.00191432 0.00137926 0.000180266 0.00128101 0.00515382 0.000160953 5.13833e-05 3.49118e-06 
500 0.258 450000000 1705.76 30.9703 -130.337 0.887162 17831.6 241.174 3.8091e+08 1.11036e+07 0.00191432 0.00136596 0.000180266 0.0012724 0.00515382 0.000159268 5.13833e-05 3.5058e-06 
500 0.258 452500000 1705.76 30.9703 -130.337 0.887162 17831.6 241.174 3.8091e+08 1.11036e+07 0.00191432 0.00136596 0.000180266 0.00126744 0.00515382 0.000159268 5.13833e-05 3.5058e-06 
500 0.258 455000000 1705.76 30.9703 -130.337 0.887162 17831.6 241.174 3.8091e+08 1.11036e+07 0.00191432 0.00135634 0.000180266 0.00126103 0.00515382 0.000159268 5.13833e-05 3.5058e-06 
500 0.258 457500000 1705.76 30.9703 -130.337 0.887162 17831.6 241.174 3.8091e+08 1.11036e+07 0.00191432 0.00135634 0.000180266 0.00125668 0.00515382 0.000159268 5.13833e-05 3.5058e-06 
500 0.258 460000000 1705.76 30.9703 -130.337 0.887162 17831.6 241.174 3.8091e+08 1.11036e+07 0.00191432 0.00134845 0.000180266 0.00125274 0.00515382 0.000156226 5.13833e-05 3.43888e-06 
500 0.258 462500000 1705.76 30.9703 -130.337 0.887162 17831.6 241.174 3.8091e+08 1.11036e+07 0.00191432 0.00135807 0.000180266 0.00124641 0.00515382 0.000156226 5.13833e-05 3.43888e-06 
500 0.258 465000000 1705.76 30.9703 -130.337 0.887162 17831.6 241.174 3.8091e+08 1.11036e+07 0.00191432 0.00135807 0.000180266 0.00124338 0.00515382 0.000156226 5.13833e-05 3.43888e-06 
500 0.258 467500000 1693.73 30.9703 -130.175 0.859481 17805.7 233.119 3.81296e+08 1.06935e+07 0.00122657 0.00136148 -0.000153437 0.00123747 0.00517131 0.000153461 5.20542e-05 3.37305e-06 
500 0.258 470000000 1693.73 30.9703 -130.175 0.859481 17805.7 233.119 3.81296e+08 1.06935e+07 0.00122657 0.00135888 -0.000153437 0.00123188 0.00517131 0.000153461 5.20542e-05 3.37305e-06 
500 0.258 472500000 1693.73 30.9703 -130.175 0.859481 17805.7 233.119 3.81296e+08 1.06935e+07 0.00122657 0.00135888 -0.000153437 0.00122698 0.00517131 0.000153461 5.20542e-05 3.37305e-06 
500 0.258 475000000 1693.73 30.9703 -130.175 0.859481 17805.7 233.119 3.81296e+08 1.06935e+07 0.00122657 0.00134931 -0.000153437 0.00122221 0.00517131 0.000150921 5.20542e-05 3.32696e-06 
500 0.258 477500000 1693.73 30.9703 -130.175 0.859481 17805.7 233.119 3.81296e+08 1.06935e+07 0.00122657 0.00134931 -0.000153437 0.00121998 0.00517131 0.000150921 5.20542e-05 3.32696e-06 
500 0.258 480000000 1693.73 30.9703 -130.175 0.859481 17805.7 233.119 3.81296e+08 1.06935e+07 0.00122657 0.00135116 -0.000153437 0.00121826 0.00517131 0.000150921 5.20542e-05 3.32696e-06 
500 0.258 482500000 1693.73 30.9703 -130.175 0.862582 17805.7 233.621 3.81296e+08 1.06352e+07 0.00122657 0.00134845 -0.000153437 0.00121325 0.00517131 0.00014813 5.20542e-05 3.26707e-06 
500 0.258 485000000 1693.73 30.9703 -130.175 0.862582 17805.7 233.621 3.81296e+08 1.06352e+07 0.00122657 0.00134845 -0.000153437 0.00120845 0.00517131 0.00014813 5.20542e-05 3.26707e-06 
500 0.258 487500000 1693.73 30.9703 -130.175 0.862582 17805.7 233.621 3.81296e+08 1.06352e+07 0.00122657 0.00134845 -0.000153437 0.00120263 0.00517131 0.00014813 5.20542e-05 3.26707e-06 
500 0.258 490000000 1693.73 30.9703 -130.175 0.862582 17805.7 233.621 3.81296e+08 1.06352e+07 0.00122657 0.00134845 -0.000153437 0.00119778 0.00517131 0.000146007 5.20542e-05 3.21543e-06 
500 0.258 492500000 1693.73 30.9703 -130.175 0.862582 17805.7 233.621 3.81296e+08 1.06352e+07 0.00122657 0.00134845 -0.000153437 0.00119457 0.00517131 0.000146007 5.20542e-05 3.21543e-06 
500 0.258 495000000 1693.73 30.9703 -130.175 0.862582 17805.7 233.621 3.81296e+08 1.06352e+07 0.00122657 0.00134845 -0.000153437 0.00118953 0.00517131 0.000146007 5.20542e-05 3.21543e-06 
500 0.258 497500000 1693.73 30.9703 -130.175 0.862582 17805.7 233.621 3.81296e+08 1.06352e+07 0.00122657 0.00134845 -0.000153437 0.00118614 0.00517131 0.000146007 5.20542e-05 3.21543e-06 
500 0.258 500000000 1701.52 29.4362 -129.79 0.842515 17696.8 229.207 3.76226e+08 1.05139e+07 0.00139539 0.00131444 -0.000268362 0.00118109 0.00518089 0.000143823 5.21218e-05 3.15849e-06 
500 0.258 502500000 1701.52 29.4362 -129.79 0.842515 17696.8 229.207 3.76226e+08 1.05139e+07 0.00139539 0.00130503 -0.000268362 0.00117578 0.00518089 0.000143823 5.21218e-05 3.15849e-06 
500 0.258 505000000 1701.52 29.4362 -129.79 0.842515 17696.8 229.207 3.76226e+08 1.05139e+07 0.00139539 0.00130503 -0.000268362 0.00117229 0.00518089 0.000143823 5.21218e-05 3.15849e-06 
500 0.258 507500000 1701.52 29.4362 -129.79 0.842515 17696.8 229.207 3.76226e+08 1.05139e+07 0.00139539 0.00130964 -0.000268362 0.0011684 0.00518089 0.000141371 5.21218e-05 3.10346e-06 
500 0.258 510000000 1701.52 29.4362 -129.79 0.842515 17696.8 229.207 3.76226e+08 1.05139e+07 0.00139539 0.00129831 -0.000268362 0.00116316 0.00518089 0.000141371 5.21218e-05 3.10346e-06 
500 0.258 512500000 1701.52 29.4362 -129.79 0.842515 17696.8 229.207 3.76226e+08 1.05139e+07 0.00139539 0.00129831 -0.000268362 0.00115882 0.00518089 0.000141371 5.21218e-05 3.10346e-06 
500 0.258 515000000 1701.52 29.4362 -129.79 0.820375 17696.8 221.36 3.76226e+08 1.01598e+07 0.00139539 0.00129397 -0.000268362 0.00115907 0.00518089 0.000139472 5.21218e-05 3.06363e-06 
500 0.258 517500000 1701.52 29.4362 -129.79 0.820375 17696.8 221.36 3.76226e+08 1.01598e+07 0.00139539 0.00129397 -0.000268362 0.0011544 0.00518089 0.000139472 5.21218e-05 3.06363e-06 
500 0.258 520000000 1701.52 29.4362 -129.79 0.820375 17696.8 221.36 3.76226e+08 1.01598e+07 0.00139539 0.00128296 -0.000268362 0.00114939 0.00518089 0.000139472 5.21218e-05 3.06363e-06 
500 0.258 522500000 1701.52 29.4362 -129.79 0.820375 17696.8 221.36 3.76226e+08 1.01598e+07 0.00139539 0.00127297 -0.000268362 0.00114867 0.00518089 0.000139764 5.21218e-05 3.10323e-06 
500 0.258 525000000 1701.52 29.4362 -129.79 0.820375 17696.8 221.36 3.76226e+08 1.01598e+07 0.00139539 0.00127297 -0.000268362 0.00114844 0.00518089 0.000139764 5.21218e-05 3.10323e-06 
500 0.258 527500000 1701.52 29.4362 -129.79 0.820375 17696.8 221.36 3.76226e+08 1.01598e+07 0.00139539 0.00126338 -0.000268362 0.0011439 0.00518089 0.000139764 5.21218e-05 3.10323e-06 
500 0.258 530000000 1700.81 28.2396 -129.9 0.820375 17715.1 214.373 3.75975e+08 9.8226e+06 0.00163885 0.00126461 -0.000419648 0.00114265 0.00519309 0.000137446 5.27189e-05 3.05269e-06 
500 0.258 532500000 1700.81 28.1579 -129.9 0.820375 17715.1 214.373 3.75975e+08 9.8226e+06 0.00163885 0.00126461 -0.000419648 0.00113947 0.00519309 0.000137446 5.27189e-05 3.05269e-06 
500 0.258 535000000 1700.81 28.0517 -129.9 0.820375 17715.1 214.373 3.75975e+08 9.8226e+06 0.00163885 0.00126818 -0.000419648 0.00113592 0.00519309 0.000137446 5.27189e-05 3.05269e-06 
500 0.258 537500000 1700.81 27.9665 -129.9 0.820375 17715.1 214.373 3.75975e+08 9.8226e+06 0.00163885 0.00126818 -0.000419648 0.00113297 0.00519309 0.000137446 5.27189e-05 3.05269e-06 
500 0.258 540000000 1700.81 27.8064 -129.9 0.820375 17715.1 214.373 3.75975e+08 9.8226e+06 0.00163885 0.00125794 -0.000419648 0.00113247 0.00519309 0.000135957 5.27189e-05 3.02641e-06 
500 0.258 542500000 1700.81 27.775 -129.9 0.820375 17715.1 214.373 3.75975e+08 9.8226e+06 0.00163885 0.00125169 -0.000419648 0.0011501 0.00519309 0.000135957 5.27189e-05 3.02641e-06 
500 0.258 545000000 1700.81 27.6742 -129.9 0.820375 17715.1 214.373 3.75975e+08 9.8226e+06 0.00163885 0.00125169 -0.000419648 0.00114717 0.00519309 0.000135957 5.27189e-05 3.02641e-06 
500 0.258 547500000 1700.81 27.6443 -129.9 0.820375 17715.1 207.959 3.75975e+08 9.52397e+06 0.00163885 0.00125643 -0.000419648 0.00114307 0.00519309 0.000134721 5.27189e-05 2.98386e-06 
500 0.258 550000000 1700.81 27.5095 -129.9 0.820375 17715.1 207.959 3.75975e+08 9.52397e+06 0.00163885 0.00126213 -0.000419648 0.00113841 0.00519309 0.000134721 5.27189e-05 2.98386e-06 
500 0.258 552500000 1700.81 27.4824 -129.9 0.820375 17715.1 207.959 3.75975e+08 9.52397e+06 0.00163885 0.00126213 -0.000419648 0.00114172 0.00519309 0.000134721 5.27189e-05 2.98386e-06 
500 0.258 555000000 1700.81 27.4824 -129.9 0.820375 17715.1 207.959 3.75975e+08 9.52397e+06 0.00163885 0.00125698 -0.000419648 0.00114015 0.00519309 0.000132674 5.27189e-05 2.9365e-06 
500 0.258 557500000 1700.81 27.4824 -129.9 0.820375 17715.1 207.959 3.75975e+08 9.52397e+06 0.00163885 0.00125698 -0.000419648 0.00113902 0.00519309 0.000132674 5.27189e-05 2.9365e-06 
500 0.258 560000000 1700.81 27.4824 -129.9 0.820375 17715.1 207.959 3.75975e+08 9.52397e+06 0.00163885 0.00125197 -0.000419648 0.00113337 0.00519309 0.000132674 5.27189e-05 2.9365e-06 
500 0.258 562500000 1686.18 29.402 -129.774 0.745716 17680.4 202.423 3.74419e+08 9.27438e+06 0.00123602 0.00124233 -0.000227786 0.00113067 0.00518336 0.000130756 5.25444e-05 2.89067e-06 
500 0.258 565000000 1686.18 29.402 -129.774 0.745716 17680.4 202.423 3.74419e+08 9.27438e+06 0.00123602 0.00124233 -0.000227786 0.00112576 0.00518336 0.000130756 5.25444e-05 2.89067e-06 
500 0.258 567500000 1686.18 29.402 -129.774 0.745716 17680.4 202.423 3.74419e+08 9.27438e+06 0.00123602 0.00123441 -0.000227786 0.00112246 0.00518336 0.000130756 5.25444e-05 2.89067e-06 
500 0.258 570000000 1686.18 29.402 -129.774 0.745716 17680.4 202.423 3.74419e+08 9.27438e+06 0.00123602 0.0012298 -0.000227786 0.00111895 0.00518336 0.000128765 5.25444e-05 2.84968e-06 
500 0.258 572500000 1686.18 29.402 -129.774 0.745716 17680.4 202.423 3.74419e+08 9.27438e+06 0.00123602 0.0012298 -0.000227786 0.0011187 0.00518336 0.000128765 5.25444e-05 2.84968e-06 
500 0.258 575000000 1686.18 29.402 -129.774 0.745716 17680.4 202.423 3.74419e+08 9.27438e+06 0.00123602 0.00122206 -0.000227786 0.00111409 0.00518336 0.000128765 5.25444e-05 2.84968e-06 
500 0.258 577500000 1686.18 29.402 -129.774 0.745716 17680.4 202.423 3.74419e+08 9.27438e+06 0.00123602 0.00122206 -0.000227786 0.00111283 0.00518336 0.000128765 5.25444e-05 2.84968e-06 
500 0.258 580000000 1686.18 29.402 -129.774 0.725214 17680.4 197.028 3.74419e+08 9.05595e+06 0.00123602 0.00121473 -0.000227786 0.00110752 0.00518336 0.000126958 5.25444e-05 2.82059e-06 
500 0.258 582500000 1686.18 29.402 -129.774 0.725214 17680.4 197.028 3.74419e+08 9.05595e+06 0.00123602 0.00120768 -0.000227786 0.00110387 0.00518336 0.000126958 5.25444e-05 2.82059e-06 
500 0.258 585000000 1686.18 29.402 -129.774 0.725214 17680.4 197.028 3.74419e+08 9.05595e+06 0.00123602 0.00120768 -0.000227786 0.00109825 0.00518336 0.000126958 5.25444e-05 2.82059e-06 
500 0.258 587500000 1686.18 29.402 -129.774 0.725214 17680.4 197.028 3.74419e+08 9.05595e+06 0.00123602 0.00120604 -0.000227786 0.00109458 0.00518336 0.000127976 5.25444e-05 2.83716e-06 
500 0.258 590000000 1686.18 29.402 -129.774 0.725214 17680.4 197.028 3.74419e+08 9.05595e+06 0.00123602 0.00120196 -0.000227786 0.00108925 0.00518336 0.000127976 5.25444e-05 2.83716e-06 
500 0.258 592500000 1686.18 29.402 -129.774 0.725214 17680.4 197.028 3.74419e+08 9.05595e+06 0.00123602 0.00120196 -0.000227786 0.00109086 0.00518336 0.000127976 5.25444e-05 2.83716e-06 
500 0.258 595000000 1683.85 27.7647 -129.758 0.717999 17669.5 191.338 3.73148e+08 8.79163e+06 0.00107597 0.00119524 -0.00040097 0.00108592 0.00519208 0.000128038 5.28246e-05 2.82934e-06 
500 0.258 597500000 1683.85 27.7647 -129.758 0.717999 17669.5 191.338 3.73148e+08 8.79163e+06 0.00107597 0.00119524 -0.00040097 0.00108668 0.00519208 0.000128038 5.28246e-05 2.82934e-06 
500 0.258 600000000 1683.85 27.7647 -129.758 0.717999 17669.5 191.338 3.73148e+08 8.79163e+06 0.00107597 0.00118652 -0.00040097 0.00108273 0.00519208 0.000128038 5.28246e-05 2.82934e-06 
500 0.258 602500000 1683.85 27.7647 -129.758 0.717999 17669.5 191.338 3.73148e+08 8.79163e+06 0.00107597 0.00117946 -0.00040097 0.00108208 0.00519208 0.000126438 5.28246e-05 2.80281e-06 
500 0.258 605000000 1683.85 27.7647 -129.758 0.717999 17669.5 191.338 3.73148e+08 8.79163e+06 0.00107597 0.00117946 -0.00040097 0.00107761 0.00519208 0.000126438 5.28246e-05 2.80281e-06 
500 0.258 607500000 1683.85 27.7647 -129.758 0.717999 17669.5 191.338 3.73148e+08 8.79163e+06 0.00107597 0.00117227 -0.00040097 0.00107467 0.00519208 0.000126438 5.28246e-05 2.80281e-06 
500 0.258 610000000 1683.85 27.7647 -129.758 0.717999 17669.5 190.209 3.73148e+08 8.63063e+06 0.00107597 0.00116405 -0.00040097 0.00106916 0.00519208 0.000126522 5.28246e-05 2.7976e-06 
500 0.258 612500000 1683.85 27.7647 -129.758 0.717999 17669.5 190.209 3.73148e+08 8.63063e+06 0.00107597 0.00116405 -0.00040097 0.00106745 0.00519208 0.000126522 5.28246e-05 2.7976e-06 
500 0.258 615000000 1683.85 27.7647 -129.758 0.717999 17669.5 190.209 3.73148e+08 8.63063e+06 0.00107597 0.00115639 -0.00040097 0.00106456 0.00519208 0.000126522 5.28246e-05 2.7976e-06 
500 0.258 617500000 1683.85 27.7647 -129.758 0.717999 17669.5 190.209 3.73148e+08 8.63063e+06 0.00107597 0.00115639 -0.00040097 0.00106173 0.00519208 0.000126522 5.28246e-05 2.7976e-06 
500 0.258 620000000 1683.85 27.7647 -129.758 0.717999 17669.5 190.209 3.73148e+08 8.63063e+06 0.00107597 0.00116223 -0.00040097 0.00106321 0.00519208 0.000124922 5.28246e-05 2.77299e-06 
500 0.258 622500000 1683.85 27.7647 -129.758 0.717999 17669.5 190.209 3.73148e+08 8.63063e+06 0.00107597 0.00115442 -0.00040097 0.00106028 0.00519208 0.000124922 5.28246e-05 2.77299e-06 
500 0.258 625000000 1683.85 27.7647 -129.758 0.717999 17669.5 190.209 3.73148e+08 8.63063e+06 0.00107597 0.00115442 -0.00040097 0.00105981 0.00519208 0.000124922 5.28246e-05 2.77299e-06 
500 0.258 627500000 1675.87 27.3461 -129.798 0.698285 17674.7 188.261 3.73006e+08 8.50437e+06 0.00145468 0.00114691 -0.000274865 0.0010599 0.00518321 0.000123742 5.27146e-05 2.75461e-06 
500 0.258 630000000 1675.87 27.3461 -129.798 0.698285 17674.7 188.261 3.73006e+08 8.50437e+06 0.00145468 0.00114704 -0.000274865 0.00105866 0.00518321 0.000123742 5.27146e-05 2.75461e-06 
500 0.258 632500000 1675.87 27.3461 -129.798 0.698285 17674.7 188.261 3.73006e+08 8.50437e+06 0.00145468 0.00114704 -0.000274865 0.00105518 0.00518321 0.000123742 5.27146e-05 2.75461e-06 
500 0.258 635000000 1675.87 27.3461 -129.798 0.698285 17674.7 188.261 3.73006e+08 8.50437e+06 0.00145468 0.00115264 -0.000274865 0.00105267 0.00518321 0.000122339 5.27146e-05 2.71775e-06 
500 0.258 637500000 1675.87 27.3461 -129.798 0.698285 17674.7 188.261 3.73006e+08 8.50437e+06 0.00145468 0.00115264 -0.000274865 0.00105054 0.00518321 0.000122339 5.27146e-05 2.71775e-06 
500 0.258 640000000 1675.87 27.3461 -129.798 0.698285 17674.7 188.261 3.73006e+08 8.50437e+06 0.00145468 0.00116596 -0.000274865 0.00105777 0.00518321 0.000122339 5.27146e-05 2.71775e-06 
