L J MC_steps R2 R2_std E E_std E2 E2_std E4 E4_std Sin1 Sin1_std Cos1 Cos1_std Mag2 Mag2_std Mag4 Mag4_std
500 0.3 25000000 11 0 -2148.61 0 4.61651e+06 0 2.13121e+13 0 -0.476763 0 -0.540979 0 0.519961 0 0.270359 0 
500 0.3 27500000 32.2727 4.54665 -2160.93 14.9734 4.67208e+06 64348.3 2.18739e+13 5.94811e+11 -0.485882 0.0066156 -0.533209 0.00303597 0.520976 0.00596422 0.271808 0.00621918 
500 0.3 30000000 47.1 8.51901 -2194.53 16.5503 4.81969e+06 72465.6 2.33006e+13 6.96218e+11 -0.484731 0.00418398 -0.538772 0.00307367 0.525771 0.00446053 0.276867 0.00463641 
500 0.3 32500000 45.3333 6.46849 -2179.78 16.3847 4.7552e+06 71327.8 2.26829e+13 6.77475e+11 -0.486519 0.00314941 -0.535876 0.00326396 0.524338 0.00332878 0.275279 0.00346307 
500 0.3 35000000 51.05 5.74865 -2169.77 15.3912 4.71114e+06 67249.2 2.22565e+13 6.42981e+11 -0.486744 0.00247513 -0.532958 0.00389033 0.521366 0.00309324 0.27212 0.00327985 
500 0.3 37500000 49.9167 5.1864 -2166.92 13.087 4.69842e+06 57231.5 2.21299e+13 5.4815e+11 -0.486101 0.00212824 -0.531791 0.00341238 0.519472 0.0031037 0.270133 0.00328013 
500 0.3 40000000 48.2333 5.40101 -2170.72 12.2098 4.71471e+06 53282.7 2.22794e+13 5.08154e+11 -0.481423 0.00283299 -0.536494 0.0041155 0.520111 0.0027689 0.270752 0.00291505 
500 0.3 42500000 49.9118 5.32572 -2175.25 10.7301 4.73456e+06 46823.1 2.24699e+13 4.46504e+11 -0.47888 0.00379302 -0.538876 0.00437591 0.520278 0.00242687 0.270918 0.00255589 
500 0.3 45000000 52.15 4.73738 -2178.53 9.9081 4.74896e+06 43298.5 2.2609e+13 4.14067e+11 -0.473105 0.00757257 -0.544289 0.00739811 0.520989 0.00214254 0.271647 0.00225137 
500 0.3 47500000 51.9318 4.31173 -2183.98 10.4006 4.77295e+06 45530 2.28417e+13 4.36965e+11 -0.471717 0.00757257 -0.546712 0.00739811 0.522348 0.00233942 0.273076 0.00245879 
500 0.3 50000000 50.7917 4.10039 -2188.51 11.4566 4.79295e+06 50382.6 2.3037e+13 4.88012e+11 -0.470288 0.00681443 -0.54876 0.00739372 0.523248 0.00267046 0.274016 0.00280199 
500 0.3 52500000 49.4231 4.00687 -2193.02 11.4566 4.81289e+06 50382.6 2.32321e+13 4.88012e+11 -0.468155 0.00681443 -0.551434 0.00739372 0.524269 0.00267046 0.275091 0.00280199 
500 0.3 55000000 46.45 4.00508 -2201.93 12.3303 4.85223e+06 54261.7 2.36168e+13 5.26228e+11 -0.467022 0.00641516 -0.554558 0.00741709 0.526617 0.00291688 0.277577 0.00306334 
500 0.3 57500000 45.6875 4.09834 -2204.67 13.187 4.86434e+06 58155.2 2.37346e+13 5.66449e+11 -0.466573 0.00566924 -0.555734 0.00700249 0.527476 0.00332361 0.278486 0.00350635 
500 0.3 60000000 43.9706 4.09834 -2206.03 13.187 4.87014e+06 58155.2 2.37877e+13 5.66449e+11 -0.465684 0.00566924 -0.557189 0.00700249 0.528269 0.00332361 0.27932 0.00350635 
500 0.3 62500000 42.4167 4.77293 -2210.13 12.8002 4.88834e+06 56430 2.39673e+13 5.49218e+11 -0.46342 0.00585066 -0.559313 0.00708051 0.528648 0.0031541 0.27971 0.00332348 
500 0.3 65000000 39.2375 6.90798 -2217.83 17.9059 4.92263e+06 79157.2 2.43073e+13 7.74635e+11 -0.459912 0.00830375 -0.562885 0.00973965 0.529539 0.00387414 0.280636 0.00407831 
500 0.3 67500000 39.2375 6.90798 -2217.83 17.9059 4.92263e+06 79157.2 2.43073e+13 7.74635e+11 -0.459912 0.00830375 -0.562885 0.00973965 0.529539 0.00387414 0.280636 0.00407831 
500 0.3 70000000 36.6705 6.90798 -2224.88 17.9059 4.9541e+06 79157.2 2.46213e+13 7.74635e+11 -0.457345 0.00830375 -0.565736 0.00973965 0.530442 0.00387414 0.281581 0.00407831 
500 0.3 72500000 36.6705 6.90798 -2224.88 17.9059 4.9541e+06 79157.2 2.46213e+13 7.74635e+11 -0.457345 0.00830375 -0.565736 0.00973965 0.530442 0.00387414 0.281581 0.00407831 
500 0.3 75000000 34.9583 6.95689 -2230.08 18.6441 4.97722e+06 82671.9 2.48505e+13 8.13998e+11 -0.455511 0.00800178 -0.567917 0.00932627 0.531229 0.00357814 0.282405 0.00376304 
500 0.3 77500000 33.0769 6.95689 -2234.84 18.6441 4.99847e+06 82671.9 2.50621e+13 8.13998e+11 -0.453904 0.00800178 -0.569812 0.00932627 0.531905 0.00357814 0.283114 0.00376304 
500 0.3 80000000 33.0769 6.95689 -2234.84 18.6441 4.99847e+06 82671.9 2.50621e+13 8.13998e+11 -0.453904 0.00800178 -0.569812 0.00932627 0.531905 0.00357814 0.283114 0.00376304 
500 0.3 82500000 31.9464 6.58283 -2237.65 17.4502 5.01088e+06 77412.4 2.51837e+13 7.62868e+11 -0.452435 0.00742632 -0.571354 0.00860392 0.532309 0.00322591 0.283536 0.00339119 
500 0.3 85000000 33.3417 6.58283 -2237.95 17.4502 5.01208e+06 77412.4 2.51925e+13 7.62868e+11 -0.453527 0.00742632 -0.571256 0.00860392 0.533152 0.00322591 0.284439 0.00339119 
500 0.3 87500000 33.3417 6.58283 -2237.95 17.4502 5.01208e+06 77412.4 2.51925e+13 7.62868e+11 -0.453527 0.00742632 -0.571256 0.00860392 0.533152 0.00322591 0.284439 0.00339119 
500 0.3 90000000 34.2891 6.16273 -2239.95 15.4208 5.02096e+06 68389.4 2.52801e+13 6.73569e+11 -0.454802 0.00686495 -0.570877 0.00754164 0.53384 0.00316531 0.285175 0.00333995 
500 0.3 92500000 34.2891 6.16273 -2239.95 15.4208 5.02096e+06 68389.4 2.52801e+13 6.73569e+11 -0.454802 0.00686495 -0.570877 0.00754164 0.53384 0.00316531 0.285175 0.00333995 
500 0.3 95000000 34.2426 6.16273 -2243.27 15.4208 5.03596e+06 68389.4 2.54343e+13 6.73569e+11 -0.455531 0.00686495 -0.572366 0.00754164 0.536216 0.00319371 0.287812 0.0034615 
500 0.3 97500000 34.1597 5.47934 -2248.51 15.9034 5.0598e+06 70966.2 2.56813e+13 7.08225e+11 -0.455869 0.00618452 -0.574645 0.00758693 0.539168 0.00575739 0.29112 0.00634245 
500 0.3 100000000 34.1597 5.47934 -2248.51 15.9034 5.0598e+06 70966.2 2.56813e+13 7.08225e+11 -0.455869 0.00618452 -0.574645 0.00758693 0.539168 0.00575739 0.29112 0.00634245 
500 0.3 102500000 34.0855 5.47934 -2252.08 15.9034 5.07591e+06 70966.2 2.58452e+13 7.08225e+11 -0.455722 0.00618452 -0.576895 0.00758693 0.541657 0.00575739 0.293901 0.00634245 
500 0.3 105000000 34.1375 5.35479 -2257.92 23.2182 5.10287e+06 104332 2.6134e+13 1.05687e+12 -0.456415 0.00682871 -0.578688 0.0107245 0.544397 0.0100053 0.297001 0.0111346 
500 0.3 107500000 34.1375 5.35479 -2257.92 23.2182 5.10287e+06 104332 2.6134e+13 1.05687e+12 -0.456415 0.00682871 -0.578688 0.0107245 0.544397 0.0100053 0.297001 0.0111346 
500 0.3 110000000 34.1375 5.35479 -2257.92 23.2182 5.10287e+06 104332 2.6134e+13 1.05687e+12 -0.456415 0.00682871 -0.578688 0.0107245 0.544397 0.0100053 0.297001 0.0111346 
500 0.3 112500000 34.1375 5.35479 -2257.92 23.2182 5.10287e+06 104332 2.6134e+13 1.05687e+12 -0.456415 0.00682871 -0.578688 0.0107245 0.544397 0.0100053 0.297001 0.0111346 
500 0.3 115000000 34.608 5.35479 -2276.66 23.5466 5.191e+06 108682 2.71117e+13 1.16503e+12 -0.459544 0.00682871 -0.581656 0.0107245 0.550796 0.0100053 0.304365 0.0111346 
500 0.3 117500000 34.608 5.35479 -2276.66 23.5466 5.191e+06 108682 2.71117e+13 1.16503e+12 -0.459544 0.00682871 -0.581656 0.0107245 0.550796 0.0100053 0.304365 0.0111346 
500 0.3 120000000 34.608 5.35479 -2276.66 23.5466 5.191e+06 108682 2.71117e+13 1.16503e+12 -0.459544 0.00682871 -0.581656 0.0107245 0.550796 0.0100053 0.304365 0.0111346 
500 0.3 122500000 33.7344 4.47748 -2293.74 37.9987 5.27171e+06 176957 2.80156e+13 1.93034e+12 -0.463039 0.00830387 -0.583665 0.0100257 0.556441 0.0137988 0.310887 0.0157096 
500 0.3 125000000 33.7344 4.47748 -2293.74 37.9987 5.27171e+06 176957 2.80156e+13 1.93034e+12 -0.463039 0.00830387 -0.583665 0.0100257 0.556441 0.0137988 0.310887 0.0157096 
500 0.3 127500000 33.7344 4.47748 -2293.74 37.9987 5.27171e+06 176957 2.80156e+13 1.93034e+12 -0.463039 0.00830387 -0.583665 0.0100257 0.556441 0.0137988 0.310887 0.0157096 
500 0.3 130000000 33.3894 4.47748 -2310.2 37.9987 5.35009e+06 176957 2.89087e+13 1.93034e+12 -0.466282 0.00830387 -0.585499 0.0100257 0.56167 0.0137988 0.316971 0.0157096 
500 0.3 132500000 33.3894 4.47748 -2310.2 37.9987 5.35009e+06 176957 2.89087e+13 1.93034e+12 -0.466282 0.00830387 -0.585499 0.0100257 0.56167 0.0137988 0.316971 0.0157096 
500 0.3 135000000 33.3894 4.47748 -2310.2 37.9987 5.35009e+06 176957 2.89087e+13 1.93034e+12 -0.466282 0.00830387 -0.585499 0.0100257 0.56167 0.0137988 0.316971 0.0157096 
500 0.3 137500000 33.5625 3.84113 -2330.46 47.0807 5.4486e+06 223222 3.00805e+13 2.52831e+12 -0.470257 0.00976284 -0.587298 0.00922826 0.567657 0.0157388 0.324095 0.0181888 
500 0.3 140000000 33.5625 3.84113 -2330.46 47.0807 5.4486e+06 223222 3.00805e+13 2.52831e+12 -0.470257 0.00976284 -0.587298 0.00922826 0.567657 0.0157388 0.324095 0.0181888 
500 0.3 142500000 33.5625 3.84113 -2330.46 47.0807 5.4486e+06 223222 3.00805e+13 2.52831e+12 -0.470257 0.00976284 -0.587298 0.00922826 0.567657 0.0157388 0.324095 0.0181888 
500 0.3 145000000 33.3375 3.84113 -2347.67 47.0807 5.53214e+06 223222 3.10704e+13 2.52831e+12 -0.473382 0.00976284 -0.588949 0.00922826 0.572621 0.0157388 0.329979 0.0181888 
500 0.3 147500000 33.3375 3.84113 -2347.67 47.0807 5.53214e+06 223222 3.10704e+13 2.52831e+12 -0.473382 0.00976284 -0.588949 0.00922826 0.572621 0.0157388 0.329979 0.0181888 
500 0.3 150000000 33.3375 3.84113 -2347.67 47.0807 5.53214e+06 223222 3.10704e+13 2.52831e+12 -0.473382 0.00976284 -0.588949 0.00922826 0.572621 0.0157388 0.329979 0.0181888 
500 0.3 152500000 33.3375 3.84113 -2347.67 47.0807 5.53214e+06 223222 3.10704e+13 2.52831e+12 -0.473382 0.00976284 -0.588949 0.00922826 0.572621 0.0157388 0.329979 0.0181888 
500 0.3 155000000 32.793 3.43721 -2363.84 51.6881 5.61099e+06 247435 3.20152e+13 2.8582e+12 -0.475985 0.0100836 -0.590734 0.00869077 0.57725 0.0164371 0.335496 0.0191584 
500 0.3 157500000 32.793 3.43721 -2363.84 51.6881 5.61099e+06 247435 3.20152e+13 2.8582e+12 -0.475985 0.0100836 -0.590734 0.00869077 0.57725 0.0164371 0.335496 0.0191584 
500 0.3 160000000 32.793 3.43721 -2363.84 51.6881 5.61099e+06 247435 3.20152e+13 2.8582e+12 -0.475985 0.0100836 -0.590734 0.00869077 0.57725 0.0164371 0.335496 0.0191584 
500 0.3 162500000 31.511 3.43721 -2377.79 51.6881 5.67891e+06 247435 3.28254e+13 2.8582e+12 -0.477268 0.0100836 -0.59317 0.00869077 0.581378 0.0164371 0.340419 0.0191584 
500 0.3 165000000 31.511 3.43721 -2377.79 51.6881 5.67891e+06 247435 3.28254e+13 2.8582e+12 -0.477268 0.0100836 -0.59317 0.00869077 0.581378 0.0164371 0.340419 0.0191584 
500 0.3 167500000 31.511 3.43721 -2377.79 51.6881 5.67891e+06 247435 3.28254e+13 2.8582e+12 -0.477268 0.0100836 -0.59317 0.00869077 0.581378 0.0164371 0.340419 0.0191584 
500 0.3 170000000 30.3576 3.82187 -2390.97 52.585 5.74334e+06 252871 3.36002e+13 2.9475e+12 -0.478457 0.00926129 -0.595392 0.00888652 0.585172 0.0164089 0.344955 0.0192233 
500 0.3 172500000 30.3576 3.82187 -2390.97 52.585 5.74334e+06 252871 3.36002e+13 2.9475e+12 -0.478457 0.00926129 -0.595392 0.00888652 0.585172 0.0164089 0.344955 0.0192233 
500 0.3 175000000 30.3576 3.82187 -2390.97 52.585 5.74334e+06 252871 3.36002e+13 2.9475e+12 -0.478457 0.00926129 -0.595392 0.00888652 0.585172 0.0164089 0.344955 0.0192233 
500 0.3 177500000 29.9046 3.82187 -2407.46 52.585 5.82618e+06 252871 3.46561e+13 2.9475e+12 -0.48115 0.00926129 -0.596057 0.00888652 0.588602 0.0164089 0.349066 0.0192233 
500 0.3 180000000 29.9046 3.82187 -2407.46 52.585 5.82618e+06 252871 3.46561e+13 2.9475e+12 -0.48115 0.00926129 -0.596057 0.00888652 0.588602 0.0164089 0.349066 0.0192233 
500 0.3 182500000 29.9046 3.82187 -2407.46 52.585 5.82618e+06 252871 3.46561e+13 2.9475e+12 -0.48115 0.00926129 -0.596057 0.00888652 0.588602 0.0164089 0.349066 0.0192233 
500 0.3 185000000 29.4062 4.47985 -2425.96 78.9926 5.92063e+06 386013 3.59001e+13 4.66255e+12 -0.484252 0.012747 -0.597208 0.0107288 0.59309 0.0231172 0.354623 0.0273054 
500 0.3 187500000 29.4062 4.47985 -2425.96 78.9926 5.92063e+06 386013 3.59001e+13 4.66255e+12 -0.484252 0.012747 -0.597208 0.0107288 0.59309 0.0231172 0.354623 0.0273054 
500 0.3 190000000 29.4062 4.47985 -2425.96 78.9926 5.92063e+06 386013 3.59001e+13 4.66255e+12 -0.484252 0.012747 -0.597208 0.0107288 0.59309 0.0231172 0.354623 0.0273054 
500 0.3 192500000 29.4062 4.47985 -2425.96 78.9926 5.92063e+06 386013 3.59001e+13 4.66255e+12 -0.484252 0.012747 -0.597208 0.0107288 0.59309 0.0231172 0.354623 0.0273054 
500 0.3 195000000 29.4062 4.47985 -2425.96 78.9926 5.92063e+06 386013 3.59001e+13 4.66255e+12 -0.484252 0.012747 -0.597208 0.0107288 0.59309 0.0231172 0.354623 0.0273054 
500 0.3 197500000 29.4062 4.47985 -2425.96 78.9926 5.92063e+06 386013 3.59001e+13 4.66255e+12 -0.484252 0.012747 -0.597208 0.0107288 0.59309 0.0231172 0.354623 0.0273054 
500 0.3 200000000 29.4062 4.47985 -2425.96 78.9926 5.92063e+06 386013 3.59001e+13 4.66255e+12 -0.484252 0.012747 -0.597208 0.0107288 0.59309 0.0231172 0.354623 0.0273054 
500 0.3 202500000 28.9119 4.47985 -2457.36 78.9926 6.08061e+06 386013 3.79995e+13 4.66255e+12 -0.490366 0.012747 -0.598469 0.0107288 0.600773 0.0231172 0.364125 0.0273054 
500 0.3 205000000 28.9119 4.47985 -2457.36 78.9926 6.08061e+06 386013 3.79995e+13 4.66255e+12 -0.490366 0.012747 -0.598469 0.0107288 0.600773 0.0231172 0.364125 0.0273054 
500 0.3 207500000 28.9119 4.47985 -2457.36 78.9926 6.08061e+06 386013 3.79995e+13 4.66255e+12 -0.490366 0.012747 -0.598469 0.0107288 0.600773 0.0231172 0.364125 0.0273054 
500 0.3 210000000 28.9119 4.47985 -2457.36 78.9926 6.08061e+06 386013 3.79995e+13 4.66255e+12 -0.490366 0.012747 -0.598469 0.0107288 0.600773 0.0231172 0.364125 0.0273054 
500 0.3 212500000 28.9119 4.47985 -2457.36 78.9926 6.08061e+06 386013 3.79995e+13 4.66255e+12 -0.490366 0.012747 -0.598469 0.0107288 0.600773 0.0231172 0.364125 0.0273054 
500 0.3 215000000 28.9119 4.47985 -2457.36 78.9926 6.08061e+06 386013 3.79995e+13 4.66255e+12 -0.490366 0.012747 -0.598469 0.0107288 0.600773 0.0231172 0.364125 0.0273054 
500 0.3 217500000 28.5599 3.81232 -2481.05 82.84 6.20039e+06 410728 3.95455e+13 5.11576e+12 -0.495195 0.014582 -0.599403 0.00916255 0.606742 0.0229441 0.371463 0.0274609 
500 0.3 220000000 28.5599 3.81232 -2481.05 82.84 6.20039e+06 410728 3.95455e+13 5.11576e+12 -0.495195 0.014582 -0.599403 0.00916255 0.606742 0.0229441 0.371463 0.0274609 
500 0.3 222500000 28.5599 3.81232 -2481.05 82.84 6.20039e+06 410728 3.95455e+13 5.11576e+12 -0.495195 0.014582 -0.599403 0.00916255 0.606742 0.0229441 0.371463 0.0274609 
500 0.3 225000000 28.5599 3.81232 -2481.05 82.84 6.20039e+06 410728 3.95455e+13 5.11576e+12 -0.495195 0.014582 -0.599403 0.00916255 0.606742 0.0229441 0.371463 0.0274609 
500 0.3 227500000 28.5599 3.81232 -2481.05 82.84 6.20039e+06 410728 3.95455e+13 5.11576e+12 -0.495195 0.014582 -0.599403 0.00916255 0.606742 0.0229441 0.371463 0.0274609 
500 0.3 230000000 28.5599 3.81232 -2481.05 82.84 6.20039e+06 410728 3.95455e+13 5.11576e+12 -0.495195 0.014582 -0.599403 0.00916255 0.606742 0.0229441 0.371463 0.0274609 
500 0.3 232500000 28.5599 3.81232 -2481.05 82.84 6.20039e+06 410728 3.95455e+13 5.11576e+12 -0.495195 0.014582 -0.599403 0.00916255 0.606742 0.0229441 0.371463 0.0274609 
500 0.3 235000000 28.9423 3.81232 -2497.95 82.84 6.28454e+06 410728 4.0598e+13 5.11576e+12 -0.4989 0.014582 -0.599666 0.00916255 0.610742 0.0229441 0.37627 0.0274609 
500 0.3 237500000 28.9423 3.81232 -2497.95 82.84 6.28454e+06 410728 4.0598e+13 5.11576e+12 -0.4989 0.014582 -0.599666 0.00916255 0.610742 0.0229441 0.37627 0.0274609 
500 0.3 240000000 28.9423 3.81232 -2497.95 82.84 6.28454e+06 410728 4.0598e+13 5.11576e+12 -0.4989 0.014582 -0.599666 0.00916255 0.610742 0.0229441 0.37627 0.0274609 
500 0.3 242500000 28.9423 3.81232 -2497.95 82.84 6.28454e+06 410728 4.0598e+13 5.11576e+12 -0.4989 0.014582 -0.599666 0.00916255 0.610742 0.0229441 0.37627 0.0274609 
500 0.3 245000000 28.9423 3.81232 -2497.95 82.84 6.28454e+06 410728 4.0598e+13 5.11576e+12 -0.4989 0.014582 -0.599666 0.00916255 0.610742 0.0229441 0.37627 0.0274609 
500 0.3 247500000 28.9423 3.81232 -2497.95 82.84 6.28454e+06 410728 4.0598e+13 5.11576e+12 -0.4989 0.014582 -0.599666 0.00916255 0.610742 0.0229441 0.37627 0.0274609 
500 0.3 250000000 29.1004 3.3058 -2513.22 76.9993 6.36097e+06 382157 4.15631e+13 4.7662e+12 -0.500808 0.0135358 -0.60118 0.00802399 0.614388 0.0209016 0.38068 0.0250371 
500 0.3 252500000 29.1004 3.3058 -2513.22 76.9993 6.36097e+06 382157 4.15631e+13 4.7662e+12 -0.500808 0.0135358 -0.60118 0.00802399 0.614388 0.0209016 0.38068 0.0250371 
500 0.3 255000000 29.1004 3.3058 -2513.22 76.9993 6.36097e+06 382157 4.15631e+13 4.7662e+12 -0.500808 0.0135358 -0.60118 0.00802399 0.614388 0.0209016 0.38068 0.0250371 
500 0.3 257500000 29.1004 3.3058 -2513.22 76.9993 6.36097e+06 382157 4.15631e+13 4.7662e+12 -0.500808 0.0135358 -0.60118 0.00802399 0.614388 0.0209016 0.38068 0.0250371 
500 0.3 260000000 29.1004 3.3058 -2513.22 76.9993 6.36097e+06 382157 4.15631e+13 4.7662e+12 -0.500808 0.0135358 -0.60118 0.00802399 0.614388 0.0209016 0.38068 0.0250371 
