L J MC_steps R2 R2_std E E_std E2 E2_std E4 E4_std Sin1 Sin1_std Cos1 Cos1_std Mag2 Mag2_std Mag4 Mag4_std
600 0.24 36000000 3533 0 -86.1913 0 7428.94 0 5.51892e+07 0 0.0651362 0 -0.0280666 0 0.00503046 0 2.53055e-05 0 
600 0.24 39600000 1885 544.419 -126.28 8.28707 16702.1 2154.15 3.30005e+08 8.54458e+07 0.00218078 0.0175567 -0.0198852 0.0106762 0.00346702 0.000754838 1.82878e-05 6.03238e-06 
600 0.24 43200000 1948.7 333.135 -130.837 6.23716 17919.1 1668.16 3.78879e+08 6.89515e+07 -0.00221787 0.0120553 -0.0155952 0.00930413 0.00397748 0.00084034 3.1283e-05 1.21472e-05 
600 0.24 46800000 2308.4 368.483 -133.461 5.57973 18796.7 1670.93 4.34204e+08 8.88412e+07 -0.00327763 0.010002 -0.0114307 0.00695049 0.00373406 0.000644259 2.67973e-05 8.83023e-06 
600 0.24 50400000 2174.6 304.522 -132.439 5.18854 18633.5 1544.65 4.33523e+08 7.97498e+07 -0.00315156 0.00781176 -0.00554056 0.00739136 0.00322944 0.000557889 2.21484e-05 7.11459e-06 
600 0.24 54000000 2303.37 274.287 -136.028 4.62932 19621.9 1332.71 4.74387e+08 6.6832e+07 -0.000572124 0.00661095 -0.00379194 0.00663293 0.00347623 0.000500053 2.38736e-05 5.91328e-06 
600 0.24 57600000 2213.23 245.86 -136.887 4.39145 19848 1228.68 4.81878e+08 5.92599e+07 -0.000670923 0.00586075 -0.00104886 0.00615191 0.00332743 0.00043596 2.12708e-05 5.01064e-06 
600 0.24 61200000 2200.59 214.164 -135.471 4.85036 19424.9 1333.89 4.60955e+08 5.77201e+07 -0.0017347 0.00549092 -0.00216682 0.00567849 0.00319143 0.000404725 1.95609e-05 4.54374e-06 
600 0.24 64800000 2188.3 191.141 -133.192 4.52665 18840.3 1208.59 4.35583e+08 5.15441e+07 -0.00158114 0.00497245 -0.00303724 0.0053078 0.00323386 0.000366266 1.97165e-05 4.04863e-06 
600 0.24 68400000 2153.27 177.728 -133.771 4.152 18958.8 1104.51 4.37735e+08 4.69032e+07 -0.00135981 0.00494859 -0.00311699 0.00528071 0.00320605 0.000342211 1.89823e-05 3.97462e-06 
600 0.24 72000000 2114.81 165.115 -134.38 3.85039 19075.2 1018.59 4.38885e+08 4.30087e+07 0.000423599 0.00456339 -0.00399268 0.00450246 0.00329403 0.000313026 2.01722e-05 3.64734e-06 
600 0.24 75600000 2053.63 153.086 -135.957 3.86388 19483.3 1018.72 4.53716e+08 4.21799e+07 0.00133434 0.00430924 -0.00189359 0.00461959 0.00326198 0.000294346 1.96328e-05 3.41869e-06 
600 0.24 79200000 2097.63 146.267 -135.467 3.44818 19304 916.349 4.43817e+08 3.8445e+07 -5.18132e-05 0.00408097 -0.000684902 0.00491431 0.00324746 0.000282592 1.97197e-05 3.18601e-06 
600 0.24 82800000 2044.38 139.037 -135.56 3.23393 19346.4 860.06 4.45694e+08 3.6088e+07 8.74838e-05 0.00377795 -0.000984748 0.00430901 0.00313676 0.000267368 1.87716e-05 2.96874e-06 
600 0.24 86400000 2042.87 140.022 -136.779 3.26519 19675.9 870.303 4.58924e+08 3.63094e+07 -0.00100427 0.00368188 -0.00131915 0.00430901 0.00320195 0.000260032 1.98855e-05 3.14032e-06 
600 0.24 90000000 2144.85 143.795 -136.017 3.17146 19454.7 849.599 4.49427e+08 3.55126e+07 -0.00166618 0.00351345 -0.00286332 0.0042199 0.00313067 0.00024562 1.91306e-05 2.95561e-06 
600 0.24 93600000 2086.43 135.262 -136.035 3.10739 19498.4 854.611 4.558e+08 3.78714e+07 -0.000248694 0.00343041 -0.00284539 0.00385561 0.00318736 0.000239083 1.93245e-05 2.83199e-06 
600 0.24 97200000 2086.43 129.504 -136.035 2.96315 19498.4 818.081 4.558e+08 3.67978e+07 -0.000248694 0.00329196 -0.00284539 0.00385561 0.00318736 0.000229187 1.93245e-05 2.69321e-06 
600 0.24 100800000 2076.17 124.602 -136.252 2.82918 19593.4 780.963 4.63379e+08 3.51254e+07 0.00177268 0.00329714 -0.00451796 0.00385561 0.0032149 0.00022079 1.93522e-05 2.60355e-06 
600 0.24 104400000 2076.17 129.158 -136.252 2.84484 19593.4 781.81 4.63379e+08 3.48842e+07 0.00177268 0.00329714 -0.00451796 0.00385561 0.0032149 0.000218511 1.93522e-05 2.59194e-06 
600 0.24 108000000 2127.34 119.72 -135.646 2.67564 19420.6 736.893 4.55224e+08 3.34447e+07 0.00185965 0.00308592 -0.00396356 0.00352642 0.00319991 0.000215084 1.937e-05 2.4975e-06 
600 0.24 111600000 2104.16 115.408 -136.635 2.61817 19709 721.088 4.70292e+08 3.26178e+07 0.00141245 0.00299243 -0.00389743 0.00337125 0.00322744 0.00020678 1.94958e-05 2.40898e-06 
600 0.24 115200000 2104.16 112.134 -136.635 2.54168 19709 700.593 4.70292e+08 3.17487e+07 0.00141245 0.00303057 -0.00389743 0.00337125 0.00322744 0.000238054 1.94958e-05 4.64794e-06 
600 0.24 118800000 2077.73 108.687 -137.006 2.45126 19785.9 675.803 4.71937e+08 3.10133e+07 0.0019593 0.0030124 -0.00246718 0.00332255 0.00341281 0.000229791 2.38588e-05 4.45439e-06 
600 0.24 122400000 2043.78 105.428 -137.81 2.35496 20022 651.283 4.85619e+08 3.11418e+07 0.00309408 0.00292446 -0.00193861 0.00320458 0.00341206 0.000224427 2.37007e-05 4.32883e-06 
600 0.24 126000000 2043.78 104.73 -137.81 2.29755 20022 638.975 4.85619e+08 3.01135e+07 0.00309408 0.00281698 -0.00193861 0.00320458 0.00341206 0.000219482 2.37007e-05 4.32883e-06 
600 0.24 129600000 2028.83 100.638 -137.983 2.27322 20047.3 632.517 4.8527e+08 2.97492e+07 0.0033259 0.00273138 -0.00258104 0.00301133 0.00339811 0.000212552 2.34765e-05 4.02485e-06 
600 0.24 133200000 2028.83 100.327 -137.983 2.24325 20047.3 620.857 4.8527e+08 2.87134e+07 0.0033259 0.00266585 -0.00258104 0.00301133 0.00339811 0.000206072 2.34765e-05 3.88364e-06 
600 0.24 136800000 2006.86 95.809 -138.346 2.12679 20105.6 590.729 4.84044e+08 2.88281e+07 0.00305268 0.00264585 -0.00171352 0.00295651 0.00333439 0.000203741 2.26223e-05 3.80458e-06 
600 0.24 140400000 1987.11 92.9751 -138.451 2.07075 20146.7 575.066 4.87126e+08 2.81514e+07 0.0027732 0.00260302 -0.00126563 0.00282599 0.00337434 0.000204431 2.3555e-05 3.82106e-06 
600 0.24 144000000 1987.11 92.4993 -138.451 2.01713 20146.7 560.035 4.87126e+08 2.72796e+07 0.0027732 0.00259471 -0.00126563 0.00282599 0.00337434 0.000203041 2.3555e-05 3.77219e-06 
600 0.24 147600000 2005.99 89.5374 -138.66 1.96709 20185.4 545.485 4.86802e+08 2.64801e+07 0.00197391 0.00255731 -0.00205437 0.00278555 0.00348132 0.000200679 2.47286e-05 3.68779e-06 
600 0.24 151200000 2015.69 91.378 -138.962 1.88222 20263.5 521.077 4.89363e+08 2.58072e+07 0.00132012 0.00251018 -0.00242309 0.00273693 0.00346353 0.000198589 2.46739e-05 3.60439e-06 
600 0.24 154800000 2015.69 91.378 -138.962 1.84281 20263.5 508.389 4.89363e+08 2.51096e+07 0.00132012 0.00247511 -0.00242309 0.00273693 0.00346353 0.000194482 2.46739e-05 3.5029e-06 
600 0.24 158400000 2015.69 91.378 -138.962 1.84281 20263.5 498.6 4.89363e+08 2.44446e+07 0.00132012 0.00244765 -0.00242309 0.00273693 0.00346353 0.000199103 2.46739e-05 3.60653e-06 
600 0.24 162000000 2015.69 91.378 -138.962 1.84281 20263.5 490.794 4.89363e+08 2.38797e+07 0.00132012 0.00238693 -0.00242309 0.00273693 0.00346353 0.000196339 2.46739e-05 3.53337e-06 
600 0.24 165600000 2019.11 91.378 -138.577 1.84281 20161.5 480.248 4.84206e+08 2.35278e+07 0.00178611 0.0023813 -0.0028813 0.00252618 0.00352295 0.000195984 2.59133e-05 3.50335e-06 
600 0.24 169200000 2019.11 91.378 -138.577 1.84281 20161.5 480.248 4.84206e+08 2.30313e+07 0.00178611 0.00234133 -0.0028813 0.00264186 0.00352295 0.000196388 2.59133e-05 3.44561e-06 
600 0.24 172800000 2019.11 91.378 -138.577 1.84281 20161.5 480.248 4.84206e+08 2.26075e+07 0.00178611 0.00233818 -0.0028813 0.00264186 0.00352295 0.000194704 2.59133e-05 3.36062e-06 
600 0.24 176400000 2036.82 79.5568 -138.293 1.65263 20041.9 453.115 4.75953e+08 2.24674e+07 0.00136799 0.0022813 -0.00183361 0.00253524 0.00359484 0.000188243 2.66182e-05 3.30095e-06 
600 0.24 180000000 2036.82 78.5893 -138.293 1.65263 20041.9 448.434 4.75953e+08 2.24674e+07 0.00136799 0.00225302 -0.00183361 0.00252359 0.00359484 0.000184743 2.66182e-05 3.22492e-06 
600 0.24 183600000 2036.82 78.5893 -138.293 1.65263 20041.9 448.434 4.75953e+08 2.24674e+07 0.00136799 0.00221803 -0.00183361 0.00252359 0.00359484 0.000181505 2.66182e-05 3.15042e-06 
600 0.24 187200000 2015.77 78.5546 -138.039 1.65263 19975 448.434 4.72797e+08 2.24674e+07 0.00175887 0.0022406 -0.00095625 0.00247729 0.00360312 0.000183353 2.63085e-05 3.17715e-06 
