L J MC_steps R2 R2_std E E_std E2 E2_std E4 E4_std Sin1 Sin1_std Cos1 Cos1_std Mag2 Mag2_std Mag4 Mag4_std
400 0.285 16000000 1577 0 -164.168 0 26951.1 0 7.2636e+08 0 0.12143 0 0.0422517 0 0.0165305 0 0.000273258 0 
400 0.285 17600000 1424.09 268.24 -136.887 13.0355 20168.4 4468.84 5.78392e+08 3.05419e+08 0.0394586 0.0164986 0.000794128 0.0194752 0.00840716 0.00162628 9.97732e-05 2.96836e-05 
400 0.285 19200000 1242.4 178.066 -126.432 8.60517 17281.3 2700.14 4.27424e+08 1.68489e+08 0.0150652 0.0158089 0.010115 0.0141524 0.00665685 0.00103783 6.71976e-05 1.79604e-05 
400 0.285 20800000 1087.73 143.673 -122.959 5.92906 16122.8 1858.36 3.54704e+08 1.15574e+08 0.00344148 0.0128214 0.000289062 0.0113386 0.00603992 0.000882245 5.58366e-05 1.61473e-05 
400 0.285 22400000 1031 120.847 -122.497 4.83928 15933.2 1480.43 3.36295e+08 8.87461e+07 0.00666994 0.0127408 0.0123132 0.00948397 0.00626726 0.000756059 5.98874e-05 1.4127e-05 
400 0.285 24000000 1158.13 153.3 -121.778 4.17912 15680 1220.18 3.18832e+08 7.18603e+07 0.00388484 0.0109175 0.0173744 0.0100697 0.00715707 0.00112361 8.67515e-05 2.90519e-05 
400 0.285 25600000 1195.83 137.332 -121.316 3.7523 15588.6 1071.63 3.11373e+08 6.09682e+07 0.00358233 0.00944287 0.0188922 0.00864792 0.0066405 0.00094389 7.8399e-05 2.40584e-05 
400 0.285 27200000 1200.09 120.919 -121.792 3.68307 15649.2 1073.52 3.0806e+08 6.26219e+07 -0.00101765 0.00876165 0.0186543 0.00770534 0.00665471 0.00122241 8.41935e-05 7.79607e-05 
400 0.285 28800000 1195.03 105.982 -124.313 3.55213 16487.8 1021.96 3.57491e+08 5.93138e+07 -0.00401895 0.00764183 0.0183821 0.00703198 0.00735683 0.00110019 0.000149924 6.86455e-05 
400 0.285 30400000 1194.11 99.452 -125.107 3.37497 16707.2 1007.25 3.66838e+08 5.93138e+07 7.0166e-05 0.00796638 0.016503 0.00674786 0.00781207 0.00104713 0.000153868 6.11844e-05 
400 0.285 32000000 1189.87 94.152 -124.812 3.18697 16616.9 908.719 3.6087e+08 4.95243e+07 0.00215185 0.00799665 0.0178934 0.00624506 0.00760619 0.000936881 0.000144872 5.52805e-05 
400 0.285 33600000 1198.88 87.6388 -124.202 2.98404 16433.1 847.6 3.51854e+08 4.95243e+07 -0.000530837 0.00799665 0.0176836 0.00614862 0.00762657 0.000872069 0.000142297 5.04192e-05 
400 0.285 35200000 1151.98 81.3738 -123.768 2.89621 16320.5 813.735 3.46145e+08 4.47357e+07 0.0034954 0.00776277 0.0112694 0.00617403 0.00769563 0.000819631 0.000136986 4.63932e-05 
400 0.285 36800000 1127.78 77.6383 -123.932 2.72386 16350 762.475 3.45106e+08 3.96423e+07 0.00392157 0.00794154 0.00956389 0.00688644 0.0080601 0.000811055 0.000142864 4.32695e-05 
400 0.285 38400000 1123.87 74.5676 -123.904 2.5856 16308.9 721.049 3.40511e+08 3.91467e+07 0.00408573 0.00794154 0.00759082 0.00688644 0.00789315 0.000753938 0.00013685 4.03066e-05 
400 0.285 40000000 1130.92 70.6204 -124.062 2.49205 16326.4 698.969 3.39165e+08 3.6024e+07 0.0046743 0.00709473 0.00803759 0.00628815 0.0078962 0.000717564 0.000135661 3.79683e-05 
400 0.285 41600000 1066.5 85.4415 -160.095 34.2271 50975.9 33001.3 3.14416e+10 3.02028e+10 -0.022159 0.0262449 0.00812266 0.00724495 0.0204282 0.0118992 0.00340109 0.00312196 
400 0.285 43200000 1066.5 89.2845 -160.095 66.4118 50975.9 95932.4 3.14416e+10 1.88229e+11 -0.022159 0.0384566 0.00812266 0.00724495 0.0204282 0.0230736 0.00340109 0.0100054 
400 0.285 44800000 973.398 117.955 -271.773 110.934 221915 165702 3.69948e+11 3.23866e+11 -0.0811179 0.0610687 0.00500181 0.00724495 0.0596755 0.038953 0.0217268 0.0176984 
400 0.285 46400000 973.398 117.955 -271.773 110.934 221915 165702 3.69948e+11 3.23866e+11 -0.0811179 0.0610687 0.00500181 0.00724495 0.0596755 0.038953 0.0217268 0.0176984 
400 0.285 48000000 897.385 168.523 -366.712 190.536 369568 291976 6.72127e+11 5.85322e+11 -0.130165 0.100506 0.00157932 0.00849295 0.092237 0.0661984 0.0368429 0.0306245 
400 0.285 49600000 832.308 168.523 -445.058 190.536 488890 291976 9.05357e+11 5.85322e+11 -0.171678 0.100506 0.00494288 0.00849295 0.119907 0.0661984 0.0497363 0.0306245 
400 0.285 51200000 832.308 168.523 -445.058 190.536 488890 291976 9.05357e+11 5.85322e+11 -0.171678 0.100506 0.00494288 0.00849295 0.119907 0.0661984 0.0497363 0.0306245 
400 0.285 52800000 777.054 182.419 -512.603 211.934 592215 324227 1.10905e+12 6.4447e+11 -0.20796 0.11229 0.00759638 0.0091666 0.144504 0.0745735 0.0615925 0.0348436 
400 0.285 54400000 728.983 182.419 -572.785 211.934 686443 324227 1.30464e+12 6.4447e+11 -0.239751 0.11229 0.00940186 0.0091666 0.166239 0.0745735 0.072265 0.0348436 
400 0.285 56000000 728.983 182.419 -572.785 211.934 686443 324227 1.30464e+12 6.4447e+11 -0.239751 0.11229 0.00940186 0.0091666 0.166239 0.0745735 0.072265 0.0348436 
400 0.285 57600000 687.891 180.093 -628.487 214.801 777698 332548 1.51273e+12 6.78661e+11 -0.268133 0.113234 0.00989283 0.00830345 0.185979 0.0759139 0.0822818 0.0361119 
400 0.285 59200000 687.891 180.093 -628.487 214.801 777698 332548 1.51273e+12 6.78661e+11 -0.268133 0.113234 0.00989283 0.00830345 0.185979 0.0759139 0.0822818 0.0361119 
400 0.285 60800000 649.801 180.093 -678.554 214.801 860802 332548 1.70661e+12 6.78661e+11 -0.293205 0.113234 0.0100502 0.00830345 0.203426 0.0759139 0.0911514 0.0361119 
400 0.285 62400000 616.222 173.759 -723.593 210.941 936275 331256 1.88612e+12 6.98458e+11 -0.315111 0.109967 0.0101241 0.00738406 0.218408 0.0740826 0.0985305 0.0355677 
400 0.285 64000000 616.222 173.759 -723.593 210.941 936275 331256 1.88612e+12 6.98458e+11 -0.315111 0.109967 0.0101241 0.00738406 0.218408 0.0740826 0.0985305 0.0355677 
400 0.285 65600000 585.283 173.759 -763.694 210.941 1.00324e+06 331256 2.04446e+12 6.98458e+11 -0.334759 0.109967 0.00887198 0.00738406 0.231879 0.0740826 0.105198 0.0355677 
400 0.285 67200000 558.925 217.694 -799.249 265.267 1.06194e+06 417767 2.18016e+12 8.96579e+11 -0.352236 0.138247 0.00820301 0.00766529 0.24373 0.0926656 0.110949 0.0444045 
400 0.285 68800000 558.925 217.694 -799.249 265.267 1.06194e+06 417767 2.18016e+12 8.96579e+11 -0.352236 0.138247 0.00820301 0.00766529 0.24373 0.0926656 0.110949 0.0444045 
400 0.285 70400000 558.925 217.694 -799.249 265.267 1.06194e+06 417767 2.18016e+12 8.96579e+11 -0.352236 0.138247 0.00820301 0.00766529 0.24373 0.0926656 0.110949 0.0444045 
400 0.285 72000000 558.925 217.694 -799.249 265.267 1.06194e+06 417767 2.18016e+12 8.96579e+11 -0.352236 0.138247 0.00820301 0.00766529 0.24373 0.0926656 0.110949 0.0444045 
400 0.285 73600000 512.057 217.694 -857.975 265.267 1.15541e+06 417767 2.38021e+12 8.96579e+11 -0.382636 0.138247 0.00871834 0.00766529 0.264481 0.0926656 0.121128 0.0444045 
400 0.285 75200000 512.057 217.694 -857.975 265.267 1.15541e+06 417767 2.38021e+12 8.96579e+11 -0.382636 0.138247 0.00871834 0.00766529 0.264481 0.0926656 0.121128 0.0444045 
400 0.285 76800000 512.057 217.694 -857.975 265.267 1.15541e+06 417767 2.38021e+12 8.96579e+11 -0.382636 0.138247 0.00871834 0.00766529 0.264481 0.0926656 0.121128 0.0444045 
400 0.285 78400000 473.589 197.431 -907.622 242.184 1.23544e+06 382475 2.5566e+12 8.22387e+11 -0.407946 0.125931 0.00997955 0.0065904 0.28177 0.0846698 0.129609 0.0407362 
400 0.285 80000000 473.589 197.431 -907.622 242.184 1.23544e+06 382475 2.5566e+12 8.22387e+11 -0.407946 0.125931 0.00997955 0.0065904 0.28177 0.0846698 0.129609 0.0407362 
400 0.285 81600000 473.589 197.431 -907.622 242.184 1.23544e+06 382475 2.5566e+12 8.22387e+11 -0.407946 0.125931 0.00997955 0.0065904 0.28177 0.0846698 0.129609 0.0407362 
400 0.285 83200000 443.394 197.431 -951.638 242.184 1.30902e+06 382475 2.73091e+12 8.22387e+11 -0.429531 0.125931 0.0102451 0.0065904 0.296607 0.0846698 0.136987 0.0407362 
400 0.285 84800000 443.394 197.431 -951.638 242.184 1.30902e+06 382475 2.73091e+12 8.22387e+11 -0.429531 0.125931 0.0102451 0.0065904 0.296607 0.0846698 0.136987 0.0407362 
400 0.285 86400000 443.394 197.431 -951.638 242.184 1.30902e+06 382475 2.73091e+12 8.22387e+11 -0.429531 0.125931 0.0102451 0.0065904 0.296607 0.0846698 0.136987 0.0407362 
400 0.285 88000000 415.594 177.54 -990.229 221.227 1.37463e+06 352253 2.89138e+12 7.70035e+11 -0.448261 0.114212 0.0102798 0.00565575 0.309632 0.0770222 0.143602 0.0372425 
400 0.285 89600000 415.594 177.54 -990.229 221.227 1.37463e+06 352253 2.89138e+12 7.70035e+11 -0.448261 0.114212 0.0102798 0.00565575 0.309632 0.0770222 0.143602 0.0372425 
400 0.285 91200000 415.594 177.54 -990.229 221.227 1.37463e+06 352253 2.89138e+12 7.70035e+11 -0.448261 0.114212 0.0102798 0.00565575 0.309632 0.0770222 0.143602 0.0372425 
400 0.285 92800000 390.675 177.54 -1024.52 221.227 1.43427e+06 352253 3.04523e+12 7.70035e+11 -0.465248 0.114212 0.0106845 0.00565575 0.322008 0.0770222 0.150424 0.0372425 
400 0.285 94400000 390.675 177.54 -1024.52 221.227 1.43427e+06 352253 3.04523e+12 7.70035e+11 -0.465248 0.114212 0.0106845 0.00565575 0.322008 0.0770222 0.150424 0.0372425 
400 0.285 96000000 390.675 177.54 -1024.52 221.227 1.43427e+06 352253 3.04523e+12 7.70035e+11 -0.465248 0.114212 0.0106845 0.00565575 0.322008 0.0770222 0.150424 0.0372425 
400 0.285 97600000 390.675 177.54 -1024.52 221.227 1.43427e+06 352253 3.04523e+12 7.70035e+11 -0.465248 0.114212 0.0106845 0.00565575 0.322008 0.0770222 0.150424 0.0372425 
400 0.285 99200000 368.922 161.365 -1053.47 202.411 1.48309e+06 324489 3.16273e+12 7.20007e+11 -0.479505 0.104121 0.0132311 0.00566671 0.332119 0.0706005 0.155659 0.0344839 
400 0.285 100800000 368.922 161.365 -1053.47 202.411 1.48309e+06 324489 3.16273e+12 7.20007e+11 -0.479505 0.104121 0.0132311 0.00566671 0.332119 0.0706005 0.155659 0.0344839 
400 0.285 102400000 368.922 161.365 -1053.47 202.411 1.48309e+06 324489 3.16273e+12 7.20007e+11 -0.479505 0.104121 0.0132311 0.00566671 0.332119 0.0706005 0.155659 0.0344839 
400 0.285 104000000 350.324 161.365 -1078.42 202.411 1.52443e+06 324489 3.25912e+12 7.20007e+11 -0.491548 0.104121 0.0180973 0.0067149 0.340699 0.0706005 0.159959 0.0344839 
400 0.285 105600000 350.324 161.365 -1078.42 202.411 1.52443e+06 324489 3.25912e+12 7.20007e+11 -0.491548 0.104121 0.0180973 0.0067149 0.340699 0.0706005 0.159959 0.0344839 
400 0.285 107200000 350.324 161.365 -1078.42 202.411 1.52443e+06 324489 3.25912e+12 7.20007e+11 -0.491548 0.104121 0.0180973 0.0067149 0.340699 0.0706005 0.159959 0.0344839 
400 0.285 108800000 332.979 147.385 -1103.6 186.026 1.57028e+06 299922 3.38661e+12 6.73914e+11 -0.503052 0.0951778 0.0223833 0.00999143 0.349415 0.0648401 0.164846 0.0318524 
400 0.285 110400000 332.979 147.385 -1103.6 186.026 1.57028e+06 299922 3.38661e+12 6.73914e+11 -0.503052 0.0951778 0.0223833 0.00999143 0.349415 0.0648401 0.164846 0.0318524 
400 0.285 112000000 332.979 147.385 -1103.6 186.026 1.57028e+06 299922 3.38661e+12 6.73914e+11 -0.503052 0.0951778 0.0223833 0.00999143 0.349415 0.0648401 0.164846 0.0318524 
400 0.285 113600000 318.342 147.385 -1124.12 186.026 1.60513e+06 299922 3.47183e+12 6.73914e+11 -0.513306 0.0951778 0.0255427 0.00999143 0.357035 0.0648401 0.169036 0.0318524 
400 0.285 115200000 318.342 147.385 -1124.12 186.026 1.60513e+06 299922 3.47183e+12 6.73914e+11 -0.513306 0.0951778 0.0255427 0.00999143 0.357035 0.0648401 0.169036 0.0318524 
400 0.285 116800000 318.342 147.385 -1124.12 186.026 1.60513e+06 299922 3.47183e+12 6.73914e+11 -0.513306 0.0951778 0.0255427 0.00999143 0.357035 0.0648401 0.169036 0.0318524 
400 0.285 118400000 305.247 187.095 -1142.42 235.808 1.63603e+06 380538 3.54643e+12 8.59438e+11 -0.522524 0.120627 0.0279007 0.0133133 0.363815 0.0821898 0.172732 0.0404502 
400 0.285 120000000 305.247 187.095 -1142.42 235.808 1.63603e+06 380538 3.54643e+12 8.59438e+11 -0.522524 0.120627 0.0279007 0.0133133 0.363815 0.0821898 0.172732 0.0404502 
400 0.285 121600000 305.247 187.095 -1142.42 235.808 1.63603e+06 380538 3.54643e+12 8.59438e+11 -0.522524 0.120627 0.0279007 0.0133133 0.363815 0.0821898 0.172732 0.0404502 
400 0.285 123200000 305.247 187.095 -1142.42 235.808 1.63603e+06 380538 3.54643e+12 8.59438e+11 -0.522524 0.120627 0.0279007 0.0133133 0.363815 0.0821898 0.172732 0.0404502 
400 0.285 124800000 305.247 187.095 -1142.42 235.808 1.63603e+06 380538 3.54643e+12 8.59438e+11 -0.522524 0.120627 0.0279007 0.0133133 0.363815 0.0821898 0.172732 0.0404502 
400 0.285 126400000 305.247 187.095 -1142.42 235.808 1.63603e+06 380538 3.54643e+12 8.59438e+11 -0.522524 0.120627 0.0279007 0.0133133 0.363815 0.0821898 0.172732 0.0404502 
400 0.285 128000000 305.247 187.095 -1142.42 235.808 1.63603e+06 380538 3.54643e+12 8.59438e+11 -0.522524 0.120627 0.0279007 0.0133133 0.363815 0.0821898 0.172732 0.0404502 
400 0.285 129600000 282.722 187.095 -1178.49 235.808 1.70296e+06 380538 3.73826e+12 8.59438e+11 -0.53916 0.120627 0.0281009 0.0133133 0.376176 0.0821898 0.179756 0.0404502 
400 0.285 131200000 282.722 187.095 -1178.49 235.808 1.70296e+06 380538 3.73826e+12 8.59438e+11 -0.53916 0.120627 0.0281009 0.0133133 0.376176 0.0821898 0.179756 0.0404502 
400 0.285 132800000 282.722 187.095 -1178.49 235.808 1.70296e+06 380538 3.73826e+12 8.59438e+11 -0.53916 0.120627 0.0281009 0.0133133 0.376176 0.0821898 0.179756 0.0404502 
400 0.285 134400000 282.722 187.095 -1178.49 235.808 1.70296e+06 380538 3.73826e+12 8.59438e+11 -0.53916 0.120627 0.0281009 0.0133133 0.376176 0.0821898 0.179756 0.0404502 
400 0.285 136000000 282.722 187.095 -1178.49 235.808 1.70296e+06 380538 3.73826e+12 8.59438e+11 -0.53916 0.120627 0.0281009 0.0133133 0.376176 0.0821898 0.179756 0.0404502 
400 0.285 137600000 282.722 187.095 -1178.49 235.808 1.70296e+06 380538 3.73826e+12 8.59438e+11 -0.53916 0.120627 0.0281009 0.0133133 0.376176 0.0821898 0.179756 0.0404502 
400 0.285 139200000 262.732 160.67 -1228.45 211.62 1.8253e+06 361132 4.27448e+12 9.77065e+11 -0.556959 0.105323 0.0239139 0.0116762 0.392192 0.0732266 0.191778 0.0379286 
400 0.285 140800000 262.732 160.67 -1228.45 211.62 1.8253e+06 361132 4.27448e+12 9.77065e+11 -0.556959 0.105323 0.0239139 0.0116762 0.392192 0.0732266 0.191778 0.0379286 
400 0.285 142400000 262.732 160.67 -1228.45 211.62 1.8253e+06 361132 4.27448e+12 9.77065e+11 -0.556959 0.105323 0.0239139 0.0116762 0.392192 0.0732266 0.191778 0.0379286 
400 0.285 144000000 262.732 160.67 -1228.45 211.62 1.8253e+06 361132 4.27448e+12 9.77065e+11 -0.556959 0.105323 0.0239139 0.0116762 0.392192 0.0732266 0.191778 0.0379286 
400 0.285 145600000 262.732 160.67 -1228.45 211.62 1.8253e+06 361132 4.27448e+12 9.77065e+11 -0.556959 0.105323 0.0239139 0.0116762 0.392192 0.0732266 0.191778 0.0379286 
400 0.285 147200000 262.732 160.67 -1228.45 211.62 1.8253e+06 361132 4.27448e+12 9.77065e+11 -0.556959 0.105323 0.0239139 0.0116762 0.392192 0.0732266 0.191778 0.0379286 
400 0.285 148800000 262.732 160.67 -1228.45 211.62 1.8253e+06 361132 4.27448e+12 9.77065e+11 -0.556959 0.105323 0.0239139 0.0116762 0.392192 0.0732266 0.191778 0.0379286 
400 0.285 150400000 245.738 160.67 -1271.94 211.62 1.93267e+06 361132 4.74685e+12 9.77065e+11 -0.572482 0.105323 0.0195656 0.0116762 0.406463 0.0732266 0.202732 0.0379286 
400 0.285 152000000 245.738 160.67 -1271.94 211.62 1.93267e+06 361132 4.74685e+12 9.77065e+11 -0.572482 0.105323 0.0195656 0.0116762 0.406463 0.0732266 0.202732 0.0379286 
400 0.285 153600000 245.738 160.67 -1271.94 211.62 1.93267e+06 361132 4.74685e+12 9.77065e+11 -0.572482 0.105323 0.0195656 0.0116762 0.406463 0.0732266 0.202732 0.0379286 
400 0.285 155200000 245.738 160.67 -1271.94 211.62 1.93267e+06 361132 4.74685e+12 9.77065e+11 -0.572482 0.105323 0.0195656 0.0116762 0.406463 0.0732266 0.202732 0.0379286 
400 0.285 156800000 245.738 160.67 -1271.94 211.62 1.93267e+06 361132 4.74685e+12 9.77065e+11 -0.572482 0.105323 0.0195656 0.0116762 0.406463 0.0732266 0.202732 0.0379286 
400 0.285 158400000 245.738 160.67 -1271.94 211.62 1.93267e+06 361132 4.74685e+12 9.77065e+11 -0.572482 0.105323 0.0195656 0.0116762 0.406463 0.0732266 0.202732 0.0379286 
400 0.285 160000000 232.06 140.614 -1312.16 197.25 2.03522e+06 365497 5.21966e+12 1.21124e+12 -0.586448 0.094315 0.0168494 0.0119557 0.419622 0.0677083 0.213191 0.0380775 
400 0.285 161600000 232.06 140.614 -1312.16 197.25 2.03522e+06 365497 5.21966e+12 1.21124e+12 -0.586448 0.094315 0.0168494 0.0119557 0.419622 0.0677083 0.213191 0.0380775 
400 0.285 163200000 232.06 140.614 -1312.16 197.25 2.03522e+06 365497 5.21966e+12 1.21124e+12 -0.586448 0.094315 0.0168494 0.0119557 0.419622 0.0677083 0.213191 0.0380775 
400 0.285 164800000 232.06 140.614 -1312.16 197.25 2.03522e+06 365497 5.21966e+12 1.21124e+12 -0.586448 0.094315 0.0168494 0.0119557 0.419622 0.0677083 0.213191 0.0380775 
400 0.285 166400000 232.06 140.614 -1312.16 197.25 2.03522e+06 365497 5.21966e+12 1.21124e+12 -0.586448 0.094315 0.0168494 0.0119557 0.419622 0.0677083 0.213191 0.0380775 
400 0.285 168000000 232.06 140.614 -1312.16 197.25 2.03522e+06 365497 5.21966e+12 1.21124e+12 -0.586448 0.094315 0.0168494 0.0119557 0.419622 0.0677083 0.213191 0.0380775 
400 0.285 169600000 220.592 140.614 -1346.34 197.25 2.12167e+06 365497 5.61312e+12 1.21124e+12 -0.598587 0.094315 0.0148959 0.0119557 0.431052 0.0677083 0.222281 0.0380775 
400 0.285 171200000 220.592 140.614 -1346.34 197.25 2.12167e+06 365497 5.61312e+12 1.21124e+12 -0.598587 0.094315 0.0148959 0.0119557 0.431052 0.0677083 0.222281 0.0380775 
400 0.285 172800000 220.592 140.614 -1346.34 197.25 2.12167e+06 365497 5.61312e+12 1.21124e+12 -0.598587 0.094315 0.0148959 0.0119557 0.431052 0.0677083 0.222281 0.0380775 
400 0.285 174400000 220.592 140.614 -1346.34 197.25 2.12167e+06 365497 5.61312e+12 1.21124e+12 -0.598587 0.094315 0.0148959 0.0119557 0.431052 0.0677083 0.222281 0.0380775 
400 0.285 176000000 220.592 140.614 -1346.34 197.25 2.12167e+06 365497 5.61312e+12 1.21124e+12 -0.598587 0.094315 0.0148959 0.0119557 0.431052 0.0677083 0.222281 0.0380775 
400 0.285 177600000 220.592 140.614 -1346.34 197.25 2.12167e+06 365497 5.61312e+12 1.21124e+12 -0.598587 0.094315 0.0148959 0.0119557 0.431052 0.0677083 0.222281 0.0380775 
400 0.285 179200000 220.592 140.614 -1346.34 197.25 2.12167e+06 365497 5.61312e+12 1.21124e+12 -0.598587 0.094315 0.0148959 0.0119557 0.431052 0.0677083 0.222281 0.0380775 
400 0.285 180800000 209.895 124.772 -1377.15 182.99 2.20069e+06 355295 5.98121e+12 1.277e+12 -0.609404 0.0852735 0.0138468 0.0108318 0.441362 0.0626378 0.230615 0.0370911 
400 0.285 182400000 209.895 124.772 -1377.15 182.99 2.20069e+06 355295 5.98121e+12 1.277e+12 -0.609404 0.0852735 0.0138468 0.0108318 0.441362 0.0626378 0.230615 0.0370911 
400 0.285 184000000 209.895 124.772 -1377.15 182.99 2.20069e+06 355295 5.98121e+12 1.277e+12 -0.609404 0.0852735 0.0138468 0.0108318 0.441362 0.0626378 0.230615 0.0370911 
400 0.285 185600000 209.895 124.772 -1377.15 182.99 2.20069e+06 355295 5.98121e+12 1.277e+12 -0.609404 0.0852735 0.0138468 0.0108318 0.441362 0.0626378 0.230615 0.0370911 
400 0.285 187200000 209.895 124.772 -1377.15 182.99 2.20069e+06 355295 5.98121e+12 1.277e+12 -0.609404 0.0852735 0.0138468 0.0108318 0.441362 0.0626378 0.230615 0.0370911 
400 0.285 188800000 209.895 124.772 -1377.15 182.99 2.20069e+06 355295 5.98121e+12 1.277e+12 -0.609404 0.0852735 0.0138468 0.0108318 0.441362 0.0626378 0.230615 0.0370911 
400 0.285 190400000 200.537 124.772 -1403.33 182.99 2.26665e+06 355295 6.28014e+12 1.277e+12 -0.618652 0.0852735 0.0142742 0.0108318 0.450024 0.0626378 0.237451 0.0370911 
400 0.285 192000000 200.537 124.772 -1403.33 182.99 2.26665e+06 355295 6.28014e+12 1.277e+12 -0.618652 0.0852735 0.0142742 0.0108318 0.450024 0.0626378 0.237451 0.0370911 
400 0.285 193600000 200.537 124.772 -1403.33 182.99 2.26665e+06 355295 6.28014e+12 1.277e+12 -0.618652 0.0852735 0.0142742 0.0108318 0.450024 0.0626378 0.237451 0.0370911 
400 0.285 195200000 200.537 124.772 -1403.33 182.99 2.26665e+06 355295 6.28014e+12 1.277e+12 -0.618652 0.0852735 0.0142742 0.0108318 0.450024 0.0626378 0.237451 0.0370911 
400 0.285 196800000 200.537 124.772 -1403.33 182.99 2.26665e+06 355295 6.28014e+12 1.277e+12 -0.618652 0.0852735 0.0142742 0.0108318 0.450024 0.0626378 0.237451 0.0370911 
400 0.285 198400000 200.537 124.772 -1403.33 182.99 2.26665e+06 355295 6.28014e+12 1.277e+12 -0.618652 0.0852735 0.0142742 0.0108318 0.450024 0.0626378 0.237451 0.0370911 
400 0.285 200000000 200.537 124.772 -1403.33 182.99 2.26665e+06 355295 6.28014e+12 1.277e+12 -0.618652 0.0852735 0.0142742 0.0108318 0.450024 0.0626378 0.237451 0.0370911 
400 0.285 201600000 192.469 112.119 -1430.4 170.229 2.33962e+06 341903 6.64738e+12 1.29728e+12 -0.627474 0.0776896 0.0161199 0.00986384 0.458782 0.05805 0.244814 0.035584 
400 0.285 203200000 192.469 112.119 -1430.4 170.229 2.33962e+06 341903 6.64738e+12 1.29728e+12 -0.627474 0.0776896 0.0161199 0.00986384 0.458782 0.05805 0.244814 0.035584 
400 0.285 204800000 192.469 112.119 -1430.4 170.229 2.33962e+06 341903 6.64738e+12 1.29728e+12 -0.627474 0.0776896 0.0161199 0.00986384 0.458782 0.05805 0.244814 0.035584 
400 0.285 206400000 192.469 112.119 -1430.4 170.229 2.33962e+06 341903 6.64738e+12 1.29728e+12 -0.627474 0.0776896 0.0161199 0.00986384 0.458782 0.05805 0.244814 0.035584 
400 0.285 208000000 192.469 112.119 -1430.4 170.229 2.33962e+06 341903 6.64738e+12 1.29728e+12 -0.627474 0.0776896 0.0161199 0.00986384 0.458782 0.05805 0.244814 0.035584 
400 0.285 209600000 192.469 112.119 -1430.4 170.229 2.33962e+06 341903 6.64738e+12 1.29728e+12 -0.627474 0.0776896 0.0161199 0.00986384 0.458782 0.05805 0.244814 0.035584 
400 0.285 211200000 184.755 112.119 -1458.12 170.229 2.41811e+06 341903 7.07102e+12 1.29728e+12 -0.636211 0.0776896 0.018662 0.00986384 0.468008 0.05805 0.253097 0.035584 
400 0.285 212800000 184.755 112.119 -1458.12 170.229 2.41811e+06 341903 7.07102e+12 1.29728e+12 -0.636211 0.0776896 0.018662 0.00986384 0.468008 0.05805 0.253097 0.035584 
400 0.285 214400000 184.755 112.119 -1458.12 170.229 2.41811e+06 341903 7.07102e+12 1.29728e+12 -0.636211 0.0776896 0.018662 0.00986384 0.468008 0.05805 0.253097 0.035584 
400 0.285 216000000 184.755 112.119 -1458.12 170.229 2.41811e+06 341903 7.07102e+12 1.29728e+12 -0.636211 0.0776896 0.018662 0.00986384 0.468008 0.05805 0.253097 0.035584 
400 0.285 217600000 184.755 112.119 -1458.12 170.229 2.41811e+06 341903 7.07102e+12 1.29728e+12 -0.636211 0.0776896 0.018662 0.00986384 0.468008 0.05805 0.253097 0.035584 
400 0.285 219200000 184.755 112.119 -1458.12 170.229 2.41811e+06 341903 7.07102e+12 1.29728e+12 -0.636211 0.0776896 0.018662 0.00986384 0.468008 0.05805 0.253097 0.035584 
400 0.285 220800000 177.609 114.103 -1479.95 202.149 2.47683e+06 443347 7.36471e+12 1.85577e+12 -0.643499 0.0852305 0.0187348 0.00980006 0.475262 0.0682242 0.259254 0.0460866 
400 0.285 222400000 177.609 114.103 -1479.95 202.149 2.47683e+06 443347 7.36471e+12 1.85577e+12 -0.643499 0.0852305 0.0187348 0.00980006 0.475262 0.0682242 0.259254 0.0460866 
400 0.285 224000000 177.609 114.103 -1479.95 202.149 2.47683e+06 443347 7.36471e+12 1.85577e+12 -0.643499 0.0852305 0.0187348 0.00980006 0.475262 0.0682242 0.259254 0.0460866 
400 0.285 225600000 177.609 114.103 -1479.95 202.149 2.47683e+06 443347 7.36471e+12 1.85577e+12 -0.643499 0.0852305 0.0187348 0.00980006 0.475262 0.0682242 0.259254 0.0460866 
400 0.285 227200000 177.609 114.103 -1479.95 202.149 2.47683e+06 443347 7.36471e+12 1.85577e+12 -0.643499 0.0852305 0.0187348 0.00980006 0.475262 0.0682242 0.259254 0.0460866 
400 0.285 228800000 177.609 114.103 -1479.95 202.149 2.47683e+06 443347 7.36471e+12 1.85577e+12 -0.643499 0.0852305 0.0187348 0.00980006 0.475262 0.0682242 0.259254 0.0460866 
400 0.285 230400000 177.609 114.103 -1479.95 202.149 2.47683e+06 443347 7.36471e+12 1.85577e+12 -0.643499 0.0852305 0.0187348 0.00980006 0.475262 0.0682242 0.259254 0.0460866 
400 0.285 232000000 177.609 114.103 -1479.95 202.149 2.47683e+06 443347 7.36471e+12 1.85577e+12 -0.643499 0.0852305 0.0187348 0.00980006 0.475262 0.0682242 0.259254 0.0460866 
400 0.285 233600000 177.609 114.103 -1479.95 202.149 2.47683e+06 443347 7.36471e+12 1.85577e+12 -0.643499 0.0852305 0.0187348 0.00980006 0.475262 0.0682242 0.259254 0.0460866 
400 0.285 235200000 177.609 114.103 -1479.95 202.149 2.47683e+06 443347 7.36471e+12 1.85577e+12 -0.643499 0.0852305 0.0187348 0.00980006 0.475262 0.0682242 0.259254 0.0460866 
400 0.285 236800000 177.609 114.103 -1479.95 202.149 2.47683e+06 443347 7.36471e+12 1.85577e+12 -0.643499 0.0852305 0.0187348 0.00980006 0.475262 0.0682242 0.259254 0.0460866 
400 0.285 238400000 177.609 114.103 -1479.95 202.149 2.47683e+06 443347 7.36471e+12 1.85577e+12 -0.643499 0.0852305 0.0187348 0.00980006 0.475262 0.0682242 0.259254 0.0460866 
400 0.285 240000000 177.609 114.103 -1479.95 202.149 2.47683e+06 443347 7.36471e+12 1.85577e+12 -0.643499 0.0852305 0.0187348 0.00980006 0.475262 0.0682242 0.259254 0.0460866 
400 0.285 241600000 165.676 114.103 -1520.22 202.149 2.58814e+06 443347 7.94504e+12 1.85577e+12 -0.656404 0.0852305 0.0218281 0.00980006 0.488464 0.0682242 0.270722 0.0460866 
400 0.285 243200000 165.676 114.103 -1520.22 202.149 2.58814e+06 443347 7.94504e+12 1.85577e+12 -0.656404 0.0852305 0.0218281 0.00980006 0.488464 0.0682242 0.270722 0.0460866 
400 0.285 244800000 165.676 114.103 -1520.22 202.149 2.58814e+06 443347 7.94504e+12 1.85577e+12 -0.656404 0.0852305 0.0218281 0.00980006 0.488464 0.0682242 0.270722 0.0460866 
400 0.285 246400000 165.676 114.103 -1520.22 202.149 2.58814e+06 443347 7.94504e+12 1.85577e+12 -0.656404 0.0852305 0.0218281 0.00980006 0.488464 0.0682242 0.270722 0.0460866 
400 0.285 248000000 165.676 114.103 -1520.22 202.149 2.58814e+06 443347 7.94504e+12 1.85577e+12 -0.656404 0.0852305 0.0218281 0.00980006 0.488464 0.0682242 0.270722 0.0460866 
400 0.285 249600000 165.676 114.103 -1520.22 202.149 2.58814e+06 443347 7.94504e+12 1.85577e+12 -0.656404 0.0852305 0.0218281 0.00980006 0.488464 0.0682242 0.270722 0.0460866 
400 0.285 251200000 165.676 114.103 -1520.22 202.149 2.58814e+06 443347 7.94504e+12 1.85577e+12 -0.656404 0.0852305 0.0218281 0.00980006 0.488464 0.0682242 0.270722 0.0460866 
400 0.285 252800000 165.676 114.103 -1520.22 202.149 2.58814e+06 443347 7.94504e+12 1.85577e+12 -0.656404 0.0852305 0.0218281 0.00980006 0.488464 0.0682242 0.270722 0.0460866 
400 0.285 254400000 165.676 114.103 -1520.22 202.149 2.58814e+06 443347 7.94504e+12 1.85577e+12 -0.656404 0.0852305 0.0218281 0.00980006 0.488464 0.0682242 0.270722 0.0460866 
400 0.285 256000000 165.676 114.103 -1520.22 202.149 2.58814e+06 443347 7.94504e+12 1.85577e+12 -0.656404 0.0852305 0.0218281 0.00980006 0.488464 0.0682242 0.270722 0.0460866 
400 0.285 257600000 165.676 114.103 -1520.22 202.149 2.58814e+06 443347 7.94504e+12 1.85577e+12 -0.656404 0.0852305 0.0218281 0.00980006 0.488464 0.0682242 0.270722 0.0460866 
400 0.285 259200000 165.676 114.103 -1520.22 202.149 2.58814e+06 443347 7.94504e+12 1.85577e+12 -0.656404 0.0852305 0.0218281 0.00980006 0.488464 0.0682242 0.270722 0.0460866 
400 0.285 260800000 165.676 114.103 -1520.22 202.149 2.58814e+06 443347 7.94504e+12 1.85577e+12 -0.656404 0.0852305 0.0218281 0.00980006 0.488464 0.0682242 0.270722 0.0460866 
400 0.285 262400000 155.902 97.1288 -1550.03 180.198 2.66652e+06 408022 8.32295e+12 1.77673e+12 -0.666678 0.0741103 0.0245494 0.00974011 0.49869 0.060743 0.279308 0.0425453 
400 0.285 264000000 155.902 97.1288 -1550.03 180.198 2.66652e+06 408022 8.32295e+12 1.77673e+12 -0.666678 0.0741103 0.0245494 0.00974011 0.49869 0.060743 0.279308 0.0425453 
400 0.285 265600000 155.902 97.1288 -1550.03 180.198 2.66652e+06 408022 8.32295e+12 1.77673e+12 -0.666678 0.0741103 0.0245494 0.00974011 0.49869 0.060743 0.279308 0.0425453 
400 0.285 267200000 155.902 97.1288 -1550.03 180.198 2.66652e+06 408022 8.32295e+12 1.77673e+12 -0.666678 0.0741103 0.0245494 0.00974011 0.49869 0.060743 0.279308 0.0425453 
400 0.285 268800000 155.902 97.1288 -1550.03 180.198 2.66652e+06 408022 8.32295e+12 1.77673e+12 -0.666678 0.0741103 0.0245494 0.00974011 0.49869 0.060743 0.279308 0.0425453 
400 0.285 270400000 155.902 97.1288 -1550.03 180.198 2.66652e+06 408022 8.32295e+12 1.77673e+12 -0.666678 0.0741103 0.0245494 0.00974011 0.49869 0.060743 0.279308 0.0425453 
400 0.285 272000000 155.902 97.1288 -1550.03 180.198 2.66652e+06 408022 8.32295e+12 1.77673e+12 -0.666678 0.0741103 0.0245494 0.00974011 0.49869 0.060743 0.279308 0.0425453 
400 0.285 273600000 155.902 97.1288 -1550.03 180.198 2.66652e+06 408022 8.32295e+12 1.77673e+12 -0.666678 0.0741103 0.0245494 0.00974011 0.49869 0.060743 0.279308 0.0425453 
400 0.285 275200000 155.902 97.1288 -1550.03 180.198 2.66652e+06 408022 8.32295e+12 1.77673e+12 -0.666678 0.0741103 0.0245494 0.00974011 0.49869 0.060743 0.279308 0.0425453 
400 0.285 276800000 155.902 97.1288 -1550.03 180.198 2.66652e+06 408022 8.32295e+12 1.77673e+12 -0.666678 0.0741103 0.0245494 0.00974011 0.49869 0.060743 0.279308 0.0425453 
400 0.285 278400000 155.902 97.1288 -1550.03 180.198 2.66652e+06 408022 8.32295e+12 1.77673e+12 -0.666678 0.0741103 0.0245494 0.00974011 0.49869 0.060743 0.279308 0.0425453 
400 0.285 280000000 155.902 97.1288 -1550.03 180.198 2.66652e+06 408022 8.32295e+12 1.77673e+12 -0.666678 0.0741103 0.0245494 0.00974011 0.49869 0.060743 0.279308 0.0425453 
400 0.285 281600000 155.902 97.1288 -1550.03 180.198 2.66652e+06 408022 8.32295e+12 1.77673e+12 -0.666678 0.0741103 0.0245494 0.00974011 0.49869 0.060743 0.279308 0.0425453 
400 0.285 283200000 147.12 97.1288 -1578.23 180.198 2.74411e+06 408022 8.72363e+12 1.77673e+12 -0.675593 0.0741103 0.0257086 0.00974011 0.507591 0.060743 0.286882 0.0425453 
400 0.285 284800000 147.12 97.1288 -1578.23 180.198 2.74411e+06 408022 8.72363e+12 1.77673e+12 -0.675593 0.0741103 0.0257086 0.00974011 0.507591 0.060743 0.286882 0.0425453 
400 0.285 286400000 147.12 97.1288 -1578.23 180.198 2.74411e+06 408022 8.72363e+12 1.77673e+12 -0.675593 0.0741103 0.0257086 0.00974011 0.507591 0.060743 0.286882 0.0425453 
400 0.285 288000000 147.12 97.1288 -1578.23 180.198 2.74411e+06 408022 8.72363e+12 1.77673e+12 -0.675593 0.0741103 0.0257086 0.00974011 0.507591 0.060743 0.286882 0.0425453 
400 0.285 289600000 147.12 97.1288 -1578.23 180.198 2.74411e+06 408022 8.72363e+12 1.77673e+12 -0.675593 0.0741103 0.0257086 0.00974011 0.507591 0.060743 0.286882 0.0425453 
400 0.285 291200000 147.12 97.1288 -1578.23 180.198 2.74411e+06 408022 8.72363e+12 1.77673e+12 -0.675593 0.0741103 0.0257086 0.00974011 0.507591 0.060743 0.286882 0.0425453 
400 0.285 292800000 147.12 97.1288 -1578.23 180.198 2.74411e+06 408022 8.72363e+12 1.77673e+12 -0.675593 0.0741103 0.0257086 0.00974011 0.507591 0.060743 0.286882 0.0425453 
400 0.285 294400000 147.12 97.1288 -1578.23 180.198 2.74411e+06 408022 8.72363e+12 1.77673e+12 -0.675593 0.0741103 0.0257086 0.00974011 0.507591 0.060743 0.286882 0.0425453 
400 0.285 296000000 147.12 97.1288 -1578.23 180.198 2.74411e+06 408022 8.72363e+12 1.77673e+12 -0.675593 0.0741103 0.0257086 0.00974011 0.507591 0.060743 0.286882 0.0425453 
400 0.285 297600000 147.12 97.1288 -1578.23 180.198 2.74411e+06 408022 8.72363e+12 1.77673e+12 -0.675593 0.0741103 0.0257086 0.00974011 0.507591 0.060743 0.286882 0.0425453 
400 0.285 299200000 147.12 97.1288 -1578.23 180.198 2.74411e+06 408022 8.72363e+12 1.77673e+12 -0.675593 0.0741103 0.0257086 0.00974011 0.507591 0.060743 0.286882 0.0425453 
400 0.285 300800000 147.12 97.1288 -1578.23 180.198 2.74411e+06 408022 8.72363e+12 1.77673e+12 -0.675593 0.0741103 0.0257086 0.00974011 0.507591 0.060743 0.286882 0.0425453 
400 0.285 302400000 147.12 97.1288 -1578.23 180.198 2.74411e+06 408022 8.72363e+12 1.77673e+12 -0.675593 0.0741103 0.0257086 0.00974011 0.507591 0.060743 0.286882 0.0425453 
400 0.285 304000000 140.119 84.5258 -1603.45 162.179 2.81466e+06 375664 9.09759e+12 1.68333e+12 -0.68352 0.0654087 0.0269149 0.00863113 0.51569 0.0543921 0.293953 0.0389064 
400 0.285 305600000 140.119 84.5258 -1603.45 162.179 2.81466e+06 375664 9.09759e+12 1.68333e+12 -0.68352 0.0654087 0.0269149 0.00863113 0.51569 0.0543921 0.293953 0.0389064 
400 0.285 307200000 140.119 84.5258 -1603.45 162.179 2.81466e+06 375664 9.09759e+12 1.68333e+12 -0.68352 0.0654087 0.0269149 0.00863113 0.51569 0.0543921 0.293953 0.0389064 
400 0.285 308800000 140.119 84.5258 -1603.45 162.179 2.81466e+06 375664 9.09759e+12 1.68333e+12 -0.68352 0.0654087 0.0269149 0.00863113 0.51569 0.0543921 0.293953 0.0389064 
400 0.285 310400000 140.119 84.5258 -1603.45 162.179 2.81466e+06 375664 9.09759e+12 1.68333e+12 -0.68352 0.0654087 0.0269149 0.00863113 0.51569 0.0543921 0.293953 0.0389064 
400 0.285 312000000 140.119 84.5258 -1603.45 162.179 2.81466e+06 375664 9.09759e+12 1.68333e+12 -0.68352 0.0654087 0.0269149 0.00863113 0.51569 0.0543921 0.293953 0.0389064 
400 0.285 313600000 140.119 84.5258 -1603.45 162.179 2.81466e+06 375664 9.09759e+12 1.68333e+12 -0.68352 0.0654087 0.0269149 0.00863113 0.51569 0.0543921 0.293953 0.0389064 
400 0.285 315200000 140.119 84.5258 -1603.45 162.179 2.81466e+06 375664 9.09759e+12 1.68333e+12 -0.68352 0.0654087 0.0269149 0.00863113 0.51569 0.0543921 0.293953 0.0389064 
400 0.285 316800000 140.119 84.5258 -1603.45 162.179 2.81466e+06 375664 9.09759e+12 1.68333e+12 -0.68352 0.0654087 0.0269149 0.00863113 0.51569 0.0543921 0.293953 0.0389064 
400 0.285 318400000 140.119 84.5258 -1603.45 162.179 2.81466e+06 375664 9.09759e+12 1.68333e+12 -0.68352 0.0654087 0.0269149 0.00863113 0.51569 0.0543921 0.293953 0.0389064 
400 0.285 320000000 140.119 84.5258 -1603.45 162.179 2.81466e+06 375664 9.09759e+12 1.68333e+12 -0.68352 0.0654087 0.0269149 0.00863113 0.51569 0.0543921 0.293953 0.0389064 
400 0.285 321600000 140.119 84.5258 -1603.45 162.179 2.81466e+06 375664 9.09759e+12 1.68333e+12 -0.68352 0.0654087 0.0269149 0.00863113 0.51569 0.0543921 0.293953 0.0389064 
400 0.285 323200000 134.043 84.5258 -1624.43 162.179 2.87247e+06 375664 9.39677e+12 1.68333e+12 -0.690825 0.0654087 0.0249421 0.00863113 0.523359 0.0543921 0.300902 0.0389064 
400 0.285 324800000 134.043 84.5258 -1624.43 162.179 2.87247e+06 375664 9.39677e+12 1.68333e+12 -0.690825 0.0654087 0.0249421 0.00863113 0.523359 0.0543921 0.300902 0.0389064 
400 0.285 326400000 134.043 84.5258 -1624.43 162.179 2.87247e+06 375664 9.39677e+12 1.68333e+12 -0.690825 0.0654087 0.0249421 0.00863113 0.523359 0.0543921 0.300902 0.0389064 
400 0.285 328000000 134.043 84.5258 -1624.43 162.179 2.87247e+06 375664 9.39677e+12 1.68333e+12 -0.690825 0.0654087 0.0249421 0.00863113 0.523359 0.0543921 0.300902 0.0389064 
400 0.285 329600000 134.043 84.5258 -1624.43 162.179 2.87247e+06 375664 9.39677e+12 1.68333e+12 -0.690825 0.0654087 0.0249421 0.00863113 0.523359 0.0543921 0.300902 0.0389064 
400 0.285 331200000 134.043 84.5258 -1624.43 162.179 2.87247e+06 375664 9.39677e+12 1.68333e+12 -0.690825 0.0654087 0.0249421 0.00863113 0.523359 0.0543921 0.300902 0.0389064 
400 0.285 332800000 134.043 84.5258 -1624.43 162.179 2.87247e+06 375664 9.39677e+12 1.68333e+12 -0.690825 0.0654087 0.0249421 0.00863113 0.523359 0.0543921 0.300902 0.0389064 
400 0.285 334400000 134.043 84.5258 -1624.43 162.179 2.87247e+06 375664 9.39677e+12 1.68333e+12 -0.690825 0.0654087 0.0249421 0.00863113 0.523359 0.0543921 0.300902 0.0389064 
400 0.285 336000000 134.043 84.5258 -1624.43 162.179 2.87247e+06 375664 9.39677e+12 1.68333e+12 -0.690825 0.0654087 0.0249421 0.00863113 0.523359 0.0543921 0.300902 0.0389064 
400 0.285 337600000 134.043 84.5258 -1624.43 162.179 2.87247e+06 375664 9.39677e+12 1.68333e+12 -0.690825 0.0654087 0.0249421 0.00863113 0.523359 0.0543921 0.300902 0.0389064 
400 0.285 339200000 134.043 84.5258 -1624.43 162.179 2.87247e+06 375664 9.39677e+12 1.68333e+12 -0.690825 0.0654087 0.0249421 0.00863113 0.523359 0.0543921 0.300902 0.0389064 
400 0.285 340800000 134.043 84.5258 -1624.43 162.179 2.87247e+06 375664 9.39677e+12 1.68333e+12 -0.690825 0.0654087 0.0249421 0.00863113 0.523359 0.0543921 0.300902 0.0389064 
400 0.285 342400000 134.043 84.5258 -1624.43 162.179 2.87247e+06 375664 9.39677e+12 1.68333e+12 -0.690825 0.0654087 0.0249421 0.00863113 0.523359 0.0543921 0.300902 0.0389064 
400 0.285 344000000 128.669 74.7317 -1643.75 146.829 2.92666e+06 344998 9.68458e+12 1.57193e+12 -0.697683 0.0587461 0.0205166 0.00963626 0.530861 0.0496639 0.307977 0.0364833 
400 0.285 345600000 128.669 74.7317 -1643.75 146.829 2.92666e+06 344998 9.68458e+12 1.57193e+12 -0.697683 0.0587461 0.0205166 0.00963626 0.530861 0.0496639 0.307977 0.0364833 
400 0.285 347200000 128.669 74.7317 -1643.75 146.829 2.92666e+06 344998 9.68458e+12 1.57193e+12 -0.697683 0.0587461 0.0205166 0.00963626 0.530861 0.0496639 0.307977 0.0364833 
400 0.285 348800000 128.669 74.7317 -1643.75 146.829 2.92666e+06 344998 9.68458e+12 1.57193e+12 -0.697683 0.0587461 0.0205166 0.00963626 0.530861 0.0496639 0.307977 0.0364833 
400 0.285 350400000 128.669 74.7317 -1643.75 146.829 2.92666e+06 344998 9.68458e+12 1.57193e+12 -0.697683 0.0587461 0.0205166 0.00963626 0.530861 0.0496639 0.307977 0.0364833 
400 0.285 352000000 128.669 74.7317 -1643.75 146.829 2.92666e+06 344998 9.68458e+12 1.57193e+12 -0.697683 0.0587461 0.0205166 0.00963626 0.530861 0.0496639 0.307977 0.0364833 
400 0.285 353600000 128.669 74.7317 -1643.75 146.829 2.92666e+06 344998 9.68458e+12 1.57193e+12 -0.697683 0.0587461 0.0205166 0.00963626 0.530861 0.0496639 0.307977 0.0364833 
400 0.285 355200000 128.669 74.7317 -1643.75 146.829 2.92666e+06 344998 9.68458e+12 1.57193e+12 -0.697683 0.0587461 0.0205166 0.00963626 0.530861 0.0496639 0.307977 0.0364833 
400 0.285 356800000 128.669 74.7317 -1643.75 146.829 2.92666e+06 344998 9.68458e+12 1.57193e+12 -0.697683 0.0587461 0.0205166 0.00963626 0.530861 0.0496639 0.307977 0.0364833 
400 0.285 358400000 128.669 74.7317 -1643.75 146.829 2.92666e+06 344998 9.68458e+12 1.57193e+12 -0.697683 0.0587461 0.0205166 0.00963626 0.530861 0.0496639 0.307977 0.0364833 
400 0.285 360000000 128.669 74.7317 -1643.75 146.829 2.92666e+06 344998 9.68458e+12 1.57193e+12 -0.697683 0.0587461 0.0205166 0.00963626 0.530861 0.0496639 0.307977 0.0364833 
400 0.285 361600000 128.669 74.7317 -1643.75 146.829 2.92666e+06 344998 9.68458e+12 1.57193e+12 -0.697683 0.0587461 0.0205166 0.00963626 0.530861 0.0496639 0.307977 0.0364833 
400 0.285 363200000 128.669 74.7317 -1643.75 146.829 2.92666e+06 344998 9.68458e+12 1.57193e+12 -0.697683 0.0587461 0.0205166 0.00963626 0.530861 0.0496639 0.307977 0.0364833 
400 0.285 364800000 124.423 74.7317 -1661.47 146.829 2.9771e+06 344998 9.95793e+12 1.57193e+12 -0.703763 0.0587461 0.0159795 0.00963626 0.537577 0.0496639 0.31434 0.0364833 
400 0.285 366400000 124.423 74.7317 -1661.47 146.829 2.9771e+06 344998 9.95793e+12 1.57193e+12 -0.703763 0.0587461 0.0159795 0.00963626 0.537577 0.0496639 0.31434 0.0364833 
400 0.285 368000000 124.423 74.7317 -1661.47 146.829 2.9771e+06 344998 9.95793e+12 1.57193e+12 -0.703763 0.0587461 0.0159795 0.00963626 0.537577 0.0496639 0.31434 0.0364833 
400 0.285 369600000 124.423 74.7317 -1661.47 146.829 2.9771e+06 344998 9.95793e+12 1.57193e+12 -0.703763 0.0587461 0.0159795 0.00963626 0.537577 0.0496639 0.31434 0.0364833 
400 0.285 371200000 124.423 74.7317 -1661.47 146.829 2.9771e+06 344998 9.95793e+12 1.57193e+12 -0.703763 0.0587461 0.0159795 0.00963626 0.537577 0.0496639 0.31434 0.0364833 
400 0.285 372800000 124.423 74.7317 -1661.47 146.829 2.9771e+06 344998 9.95793e+12 1.57193e+12 -0.703763 0.0587461 0.0159795 0.00963626 0.537577 0.0496639 0.31434 0.0364833 
400 0.285 374400000 124.423 74.7317 -1661.47 146.829 2.9771e+06 344998 9.95793e+12 1.57193e+12 -0.703763 0.0587461 0.0159795 0.00963626 0.537577 0.0496639 0.31434 0.0364833 
400 0.285 376000000 124.423 74.7317 -1661.47 146.829 2.9771e+06 344998 9.95793e+12 1.57193e+12 -0.703763 0.0587461 0.0159795 0.00963626 0.537577 0.0496639 0.31434 0.0364833 
400 0.285 377600000 124.423 74.7317 -1661.47 146.829 2.9771e+06 344998 9.95793e+12 1.57193e+12 -0.703763 0.0587461 0.0159795 0.00963626 0.537577 0.0496639 0.31434 0.0364833 
400 0.285 379200000 124.423 74.7317 -1661.47 146.829 2.9771e+06 344998 9.95793e+12 1.57193e+12 -0.703763 0.0587461 0.0159795 0.00963626 0.537577 0.0496639 0.31434 0.0364833 
400 0.285 380800000 124.423 74.7317 -1661.47 146.829 2.9771e+06 344998 9.95793e+12 1.57193e+12 -0.703763 0.0587461 0.0159795 0.00963626 0.537577 0.0496639 0.31434 0.0364833 
400 0.285 382400000 124.423 74.7317 -1661.47 146.829 2.9771e+06 344998 9.95793e+12 1.57193e+12 -0.703763 0.0587461 0.0159795 0.00963626 0.537577 0.0496639 0.31434 0.0364833 
400 0.285 384000000 124.423 74.7317 -1661.47 146.829 2.9771e+06 344998 9.95793e+12 1.57193e+12 -0.703763 0.0587461 0.0159795 0.00963626 0.537577 0.0496639 0.31434 0.0364833 
400 0.285 385600000 120.417 66.8822 -1676.58 134.134 3.01941e+06 318888 1.0182e+13 1.47388e+12 -0.709173 0.0533306 0.0120432 0.0117128 0.543544 0.0457365 0.319993 0.0343513 
400 0.285 387200000 120.417 66.8822 -1676.58 134.134 3.01941e+06 318888 1.0182e+13 1.47388e+12 -0.709173 0.0533306 0.0120432 0.0117128 0.543544 0.0457365 0.319993 0.0343513 
400 0.285 388800000 120.417 66.8822 -1676.58 134.134 3.01941e+06 318888 1.0182e+13 1.47388e+12 -0.709173 0.0533306 0.0120432 0.0117128 0.543544 0.0457365 0.319993 0.0343513 
400 0.285 390400000 120.417 66.8822 -1676.58 134.134 3.01941e+06 318888 1.0182e+13 1.47388e+12 -0.709173 0.0533306 0.0120432 0.0117128 0.543544 0.0457365 0.319993 0.0343513 
400 0.285 392000000 120.417 66.8822 -1676.58 134.134 3.01941e+06 318888 1.0182e+13 1.47388e+12 -0.709173 0.0533306 0.0120432 0.0117128 0.543544 0.0457365 0.319993 0.0343513 
400 0.285 393600000 120.417 66.8822 -1676.58 134.134 3.01941e+06 318888 1.0182e+13 1.47388e+12 -0.709173 0.0533306 0.0120432 0.0117128 0.543544 0.0457365 0.319993 0.0343513 
400 0.285 395200000 120.417 66.8822 -1676.58 134.134 3.01941e+06 318888 1.0182e+13 1.47388e+12 -0.709173 0.0533306 0.0120432 0.0117128 0.543544 0.0457365 0.319993 0.0343513 
400 0.285 396800000 120.417 66.8822 -1676.58 134.134 3.01941e+06 318888 1.0182e+13 1.47388e+12 -0.709173 0.0533306 0.0120432 0.0117128 0.543544 0.0457365 0.319993 0.0343513 
400 0.285 398400000 120.417 66.8822 -1676.58 134.134 3.01941e+06 318888 1.0182e+13 1.47388e+12 -0.709173 0.0533306 0.0120432 0.0117128 0.543544 0.0457365 0.319993 0.0343513 
400 0.285 400000000 120.417 66.8822 -1676.58 134.134 3.01941e+06 318888 1.0182e+13 1.47388e+12 -0.709173 0.0533306 0.0120432 0.0117128 0.543544 0.0457365 0.319993 0.0343513 
400 0.285 401600000 120.417 66.8822 -1676.58 134.134 3.01941e+06 318888 1.0182e+13 1.47388e+12 -0.709173 0.0533306 0.0120432 0.0117128 0.543544 0.0457365 0.319993 0.0343513 
400 0.285 403200000 120.417 66.8822 -1676.58 134.134 3.01941e+06 318888 1.0182e+13 1.47388e+12 -0.709173 0.0533306 0.0120432 0.0117128 0.543544 0.0457365 0.319993 0.0343513 
400 0.285 404800000 120.417 66.8822 -1676.58 134.134 3.01941e+06 318888 1.0182e+13 1.47388e+12 -0.709173 0.0533306 0.0120432 0.0117128 0.543544 0.0457365 0.319993 0.0343513 
400 0.285 406400000 116.89 66.8822 -1690.53 134.134 3.05898e+06 318888 1.03952e+13 1.47388e+12 -0.713937 0.0533306 0.00877704 0.0117128 0.548732 0.0457365 0.324856 0.0343513 
400 0.285 408000000 116.89 66.8822 -1690.53 134.134 3.05898e+06 318888 1.03952e+13 1.47388e+12 -0.713937 0.0533306 0.00877704 0.0117128 0.548732 0.0457365 0.324856 0.0343513 
400 0.285 409600000 116.89 66.8822 -1690.53 134.134 3.05898e+06 318888 1.03952e+13 1.47388e+12 -0.713937 0.0533306 0.00877704 0.0117128 0.548732 0.0457365 0.324856 0.0343513 
400 0.285 411200000 116.89 66.8822 -1690.53 134.134 3.05898e+06 318888 1.03952e+13 1.47388e+12 -0.713937 0.0533306 0.00877704 0.0117128 0.548732 0.0457365 0.324856 0.0343513 
400 0.285 412800000 116.89 66.8822 -1690.53 134.134 3.05898e+06 318888 1.03952e+13 1.47388e+12 -0.713937 0.0533306 0.00877704 0.0117128 0.548732 0.0457365 0.324856 0.0343513 
