L J MC_steps R2 R2_std E E_std E2 E2_std E4 E4_std Sin1 Sin1_std Cos1 Cos1_std Mag2 Mag2_std Mag4 Mag4_std
400 0.36 16000000 51 0 -1194.74 0 1.4274e+06 0 2.03748e+12 0 0.141061 0 -0.520385 0 0.290699 0 0.0845057 0 
400 0.36 17600000 33.3636 9.09241 -1190.09 11.718 1.41719e+06 27706.5 2.01332e+12 7.75787e+10 0.143574 0.00323766 -0.519114 0.00267489 0.290264 0.00287497 0.0843071 0.00163824 
400 0.36 19200000 33.4 5.94205 -1179.7 8.93238 1.39269e+06 21191.4 1.94516e+12 5.96989e+10 0.13301 0.00558653 -0.517055 0.00177986 0.285397 0.00261466 0.0815322 0.00148662 
400 0.36 20800000 38.0667 4.88305 -1164.29 11.2546 1.35699e+06 26226.6 1.84912e+12 7.14057e+10 0.12724 0.00486002 -0.514578 0.00206673 0.281349 0.003028 0.0792644 0.00169834 
400 0.36 22400000 35.8 4.09243 -1192.34 25.813 1.42764e+06 64711.9 2.07556e+12 2.05782e+11 0.112105 0.0138353 -0.526718 0.0109547 0.292369 0.0103777 0.0863488 0.00661064 
400 0.36 24000000 36.375 4.8881 -1229.25 39.9749 1.52297e+06 102374 2.39707e+12 3.39922e+11 0.0973402 0.0177365 -0.540368 0.0154473 0.305483 0.0147683 0.0949198 0.00956901 
400 0.36 25600000 43.7333 5.66085 -1273.14 44.3293 1.63827e+06 114535 2.80044e+12 3.87457e+11 0.082411 0.0182997 -0.55601 0.0167118 0.321046 0.0161922 0.105334 0.0106146 
400 0.36 27200000 46.6765 6.04071 -1297.31 46.1855 1.70277e+06 120420 3.03373e+12 4.15643e+11 0.0748389 0.0177699 -0.564138 0.0168617 0.329295 0.0165106 0.110945 0.0109178 
400 0.36 28800000 49.275 7.23148 -1320.59 59.3564 1.76391e+06 155115 3.24749e+12 5.37718e+11 0.0653116 0.0228791 -0.572423 0.0216498 0.337485 0.0212728 0.116419 0.0141199 
400 0.36 30400000 49.5455 7.23148 -1332.71 59.3564 1.79576e+06 155115 3.35893e+12 5.37718e+11 0.0612039 0.0228791 -0.576865 0.0216498 0.341944 0.0212728 0.119422 0.0141199 
400 0.36 32000000 50.5833 6.14344 -1342.87 53.4825 1.82248e+06 139883 3.45257e+12 4.85634e+11 0.0575199 0.0203495 -0.58089 0.0196274 0.346054 0.0193765 0.122228 0.0129066 
400 0.36 33600000 51.1923 6.14344 -1351.37 53.4825 1.84478e+06 139883 3.53045e+12 4.85634e+11 0.0553798 0.0203495 -0.583804 0.0196274 0.348964 0.0193765 0.124165 0.0129066 
400 0.36 35200000 52.6667 5.45582 -1366.48 48.5577 1.88494e+06 127194 3.67446e+12 4.42956e+11 0.0530875 0.0177506 -0.588409 0.0175806 0.35362 0.0173855 0.127264 0.011583 
400 0.36 36800000 52.3281 4.77762 -1373.5 44.2818 1.90383e+06 116144 3.74396e+12 4.05603e+11 0.0517315 0.0156714 -0.590645 0.0158868 0.355938 0.0157429 0.128852 0.0104959 
400 0.36 38400000 50.8529 4.77762 -1378.3 44.2818 1.91642e+06 116144 3.78766e+12 4.05603e+11 0.051058 0.0156714 -0.592459 0.0158868 0.357824 0.0157429 0.130129 0.0104959 
400 0.36 40000000 50.2222 4.68798 -1384.06 40.6025 1.93201e+06 106601 3.84571e+12 3.73078e+11 0.05002 0.0140233 -0.594175 0.0145083 0.359594 0.0144121 0.131341 0.00962016 
400 0.36 41600000 47.4375 5.69816 -1393.44 52.0491 1.95728e+06 136730 3.93917e+12 4.78933e+11 0.0490526 0.017641 -0.59695 0.0186069 0.362502 0.0184413 0.133318 0.0123065 
400 0.36 43200000 47.4375 5.69816 -1393.44 52.0491 1.95728e+06 136730 3.93917e+12 4.78933e+11 0.0490526 0.017641 -0.59695 0.0186069 0.362502 0.0184413 0.133318 0.0123065 
400 0.36 44800000 44.3636 5.69816 -1400.18 52.0491 1.9752e+06 136730 4.00336e+12 4.78933e+11 0.0491972 0.017641 -0.598688 0.0186069 0.364295 0.0184413 0.134485 0.0123065 
400 0.36 46400000 44.3636 5.69816 -1400.18 52.0491 1.9752e+06 136730 4.00336e+12 4.78933e+11 0.0491972 0.017641 -0.598688 0.0186069 0.364295 0.0184413 0.134485 0.0123065 
400 0.36 48000000 43.0312 6.22311 -1404.28 44.4877 1.98568e+06 116853 4.03792e+12 4.09163e+11 0.0501965 0.0147379 -0.599365 0.0156617 0.364944 0.0155286 0.134816 0.0103461 
400 0.36 49600000 43.3654 6.22311 -1406.81 44.4877 1.99186e+06 116853 4.05593e+12 4.09163e+11 0.0514187 0.0147379 -0.599754 0.0156617 0.365314 0.0155286 0.134964 0.0103461 
400 0.36 51200000 43.3654 6.22311 -1406.81 44.4877 1.99186e+06 116853 4.05593e+12 4.09163e+11 0.0514187 0.0147379 -0.599754 0.0156617 0.365314 0.0155286 0.134964 0.0103461 
400 0.36 52800000 43.5446 5.35523 -1409.67 38.4578 1.99912e+06 100929 4.07935e+12 3.52803e+11 0.0520965 0.0127544 -0.600329 0.013454 0.365878 0.0133383 0.135273 0.00887819 
400 0.36 54400000 41.35 5.35523 -1414.38 38.4578 2.01198e+06 100929 4.12795e+12 3.52803e+11 0.0521879 0.0127544 -0.601306 0.013454 0.366908 0.0133383 0.135953 0.00887819 
400 0.36 56000000 41.35 5.35523 -1414.38 38.4578 2.01198e+06 100929 4.12795e+12 3.52803e+11 0.0521879 0.0127544 -0.601306 0.013454 0.366908 0.0133383 0.135953 0.00887819 
400 0.36 57600000 40.0938 5.69009 -1416.35 34.2253 2.01688e+06 89862.7 4.14319e+12 3.14425e+11 0.0508834 0.0112176 -0.602252 0.0119089 0.367791 0.0118075 0.136532 0.00785716 
400 0.36 59200000 40.0938 5.69009 -1416.35 34.2253 2.01688e+06 89862.7 4.14319e+12 3.14425e+11 0.0508834 0.0112176 -0.602252 0.0119089 0.367791 0.0118075 0.136532 0.00785716 
400 0.36 60800000 39.6471 5.69009 -1428 34.2253 2.05235e+06 89862.7 4.31092e+12 3.14425e+11 0.0520604 0.0112176 -0.606447 0.0119089 0.373264 0.0118075 0.141163 0.00785716 
400 0.36 62400000 39.6875 5.07234 -1442.22 38.9921 2.09588e+06 109217 4.51861e+12 4.50993e+11 0.05367 0.0103115 -0.611476 0.0136996 0.379894 0.015503 0.146805 0.0119407 
400 0.36 64000000 39.6875 5.07234 -1442.22 38.9921 2.09588e+06 109217 4.51861e+12 4.50993e+11 0.05367 0.0103115 -0.611476 0.0136996 0.379894 0.015503 0.146805 0.0119407 
400 0.36 65600000 38.7105 5.07234 -1454.82 38.9921 2.13449e+06 109217 4.70266e+12 4.50993e+11 0.0540353 0.0103115 -0.616151 0.0136996 0.385908 0.015503 0.151933 0.0119407 
400 0.36 67200000 38.1063 5.64919 -1466.4 53.9288 2.16998e+06 158296 4.87229e+12 7.10162e+11 0.0545321 0.00931633 -0.620419 0.0189649 0.391432 0.0233415 0.156659 0.0191753 
400 0.36 68800000 38.1063 5.64919 -1466.4 53.9288 2.16998e+06 158296 4.87229e+12 7.10162e+11 0.0545321 0.00931633 -0.620419 0.0189649 0.391432 0.0233415 0.156659 0.0191753 
400 0.36 70400000 38.1063 5.64919 -1466.4 53.9288 2.16998e+06 158296 4.87229e+12 7.10162e+11 0.0545321 0.00931633 -0.620419 0.0189649 0.391432 0.0233415 0.156659 0.0191753 
400 0.36 72000000 38.1063 5.64919 -1466.4 53.9288 2.16998e+06 158296 4.87229e+12 7.10162e+11 0.0545321 0.00931633 -0.620419 0.0189649 0.391432 0.0233415 0.156659 0.0191753 
400 0.36 73600000 37.7955 5.64919 -1487.71 53.9288 2.23573e+06 158296 5.1908e+12 7.10162e+11 0.0558958 0.00856862 -0.628018 0.0189649 0.401365 0.0233415 0.165214 0.0191753 
400 0.36 75200000 37.7955 5.64919 -1487.71 53.9288 2.23573e+06 158296 5.1908e+12 7.10162e+11 0.0558958 0.00856862 -0.628018 0.0189649 0.401365 0.0233415 0.165214 0.0191753 
400 0.36 76800000 37.7955 5.64919 -1487.71 53.9288 2.23573e+06 158296 5.1908e+12 7.10162e+11 0.0558958 0.00856862 -0.628018 0.0189649 0.401365 0.0233415 0.165214 0.0191753 
400 0.36 78400000 38.2135 4.70868 -1505.63 57.4635 2.2911e+06 172121 5.45997e+12 7.98768e+11 0.0574963 0.00800265 -0.634434 0.0203332 0.409825 0.0256953 0.172528 0.0215685 
400 0.36 80000000 38.2135 4.70868 -1505.63 57.4635 2.2911e+06 172121 5.45997e+12 7.98768e+11 0.0574963 0.00800265 -0.634434 0.0203332 0.409825 0.0256953 0.172528 0.0215685 
400 0.36 81600000 38.2135 4.70868 -1505.63 57.4635 2.2911e+06 172121 5.45997e+12 7.98768e+11 0.0574963 0.00800265 -0.634434 0.0203332 0.409825 0.0256953 0.172528 0.0215685 
400 0.36 83200000 37.6346 4.70868 -1519.62 57.4635 2.33396e+06 172121 5.66452e+12 7.98768e+11 0.0592308 0.0075727 -0.639584 0.0203332 0.416645 0.0256953 0.178376 0.0215685 
400 0.36 84800000 37.6346 4.70868 -1519.62 57.4635 2.33396e+06 172121 5.66452e+12 7.98768e+11 0.0592308 0.0075727 -0.639584 0.0203332 0.416645 0.0256953 0.178376 0.0215685 
400 0.36 86400000 37.6346 4.70868 -1519.62 57.4635 2.33396e+06 172121 5.66452e+12 7.98768e+11 0.0592308 0.0075727 -0.639584 0.0203332 0.416645 0.0256953 0.178376 0.0215685 
400 0.36 88000000 37.2143 4.14068 -1533.81 55.7362 2.37817e+06 168122 5.88334e+12 7.88922e+11 0.0601967 0.00709312 -0.644402 0.019721 0.422985 0.02517 0.183884 0.021268 
400 0.36 89600000 37.2143 4.14068 -1533.81 55.7362 2.37817e+06 168122 5.88334e+12 7.88922e+11 0.0601967 0.00709312 -0.644402 0.019721 0.422985 0.02517 0.183884 0.021268 
400 0.36 91200000 37.2143 4.14068 -1533.81 55.7362 2.37817e+06 168122 5.88334e+12 7.88922e+11 0.0601967 0.00709312 -0.644402 0.019721 0.422985 0.02517 0.183884 0.021268 
400 0.36 92800000 36.5333 4.14068 -1545.32 55.7362 2.41383e+06 168122 6.05742e+12 7.88922e+11 0.0619156 0.00682535 -0.648254 0.019721 0.428156 0.02517 0.188331 0.021268 
400 0.36 94400000 36.5333 4.14068 -1545.32 55.7362 2.41383e+06 168122 6.05742e+12 7.88922e+11 0.0619156 0.00682535 -0.648254 0.019721 0.428156 0.02517 0.188331 0.021268 
400 0.36 96000000 36.5333 4.14068 -1545.32 55.7362 2.41383e+06 168122 6.05742e+12 7.88922e+11 0.0619156 0.00682535 -0.648254 0.019721 0.428156 0.02517 0.188331 0.021268 
400 0.36 97600000 36.5333 4.14068 -1545.32 55.7362 2.41383e+06 168122 6.05742e+12 7.88922e+11 0.0619156 0.00682535 -0.648254 0.019721 0.428156 0.02517 0.188331 0.021268 
400 0.36 99200000 36.9609 3.63084 -1556.13 53.0517 2.44753e+06 160779 6.22437e+12 7.60452e+11 0.063363 0.00662377 -0.651705 0.018559 0.432788 0.0238565 0.192332 0.0202176 
400 0.36 100800000 36.9609 3.63084 -1556.13 53.0517 2.44753e+06 160779 6.22437e+12 7.60452e+11 0.063363 0.00662377 -0.651705 0.018559 0.432788 0.0238565 0.192332 0.0202176 
400 0.36 102400000 36.9609 3.63084 -1556.13 53.0517 2.44753e+06 160779 6.22437e+12 7.60452e+11 0.063363 0.00662377 -0.651705 0.018559 0.432788 0.0238565 0.192332 0.0202176 
400 0.36 104000000 36.5331 3.63084 -1566.98 53.0517 2.48179e+06 160779 6.39855e+12 7.60452e+11 0.0643469 0.00662377 -0.655082 0.018559 0.437296 0.0238565 0.196286 0.0202176 
400 0.36 105600000 36.5331 3.63084 -1566.98 53.0517 2.48179e+06 160779 6.39855e+12 7.60452e+11 0.0643469 0.00662377 -0.655082 0.018559 0.437296 0.0238565 0.196286 0.0202176 
400 0.36 107200000 36.5331 3.63084 -1566.98 53.0517 2.48179e+06 160779 6.39855e+12 7.60452e+11 0.0643469 0.00662377 -0.655082 0.018559 0.437296 0.0238565 0.196286 0.0202176 
400 0.36 108800000 35.625 3.46448 -1576.77 51.0138 2.51276e+06 155584 6.55654e+12 7.44981e+11 0.0648353 0.00604922 -0.658091 0.0175612 0.441251 0.0226573 0.199749 0.0192839 
400 0.36 110400000 35.625 3.46448 -1576.77 51.0138 2.51276e+06 155584 6.55654e+12 7.44981e+11 0.0648353 0.00604922 -0.658091 0.0175612 0.441251 0.0226573 0.199749 0.0192839 
400 0.36 112000000 35.625 3.46448 -1576.77 51.0138 2.51276e+06 155584 6.55654e+12 7.44981e+11 0.0648353 0.00604922 -0.658091 0.0175612 0.441251 0.0226573 0.199749 0.0192839 
400 0.36 113600000 35.0296 3.46448 -1592.08 51.0138 2.56616e+06 155584 6.89673e+12 7.44981e+11 0.0657826 0.00604922 -0.662676 0.0175612 0.447792 0.0226573 0.206405 0.0192839 
400 0.36 115200000 35.0296 3.46448 -1592.08 51.0138 2.56616e+06 155584 6.89673e+12 7.44981e+11 0.0657826 0.00604922 -0.662676 0.0175612 0.447792 0.0226573 0.206405 0.0192839 
400 0.36 116800000 35.0296 3.46448 -1592.08 51.0138 2.56616e+06 155584 6.89673e+12 7.44981e+11 0.0657826 0.00604922 -0.662676 0.0175612 0.447792 0.0226573 0.206405 0.0192839 
400 0.36 118400000 34.8125 4.15555 -1619.6 80.6665 2.66741e+06 263612 7.60644e+12 1.49581e+12 0.0681778 0.00675422 -0.67009 0.0259406 0.458942 0.0351511 0.218585 0.0324857 
400 0.36 120000000 34.8125 4.15555 -1619.6 80.6665 2.66741e+06 263612 7.60644e+12 1.49581e+12 0.0681778 0.00675422 -0.67009 0.0259406 0.458942 0.0351511 0.218585 0.0324857 
400 0.36 121600000 34.8125 4.15555 -1619.6 80.6665 2.66741e+06 263612 7.60644e+12 1.49581e+12 0.0681778 0.00675422 -0.67009 0.0259406 0.458942 0.0351511 0.218585 0.0324857 
400 0.36 123200000 34.8125 4.15555 -1619.6 80.6665 2.66741e+06 263612 7.60644e+12 1.49581e+12 0.0681778 0.00675422 -0.67009 0.0259406 0.458942 0.0351511 0.218585 0.0324857 
400 0.36 124800000 34.8125 4.15555 -1619.6 80.6665 2.66741e+06 263612 7.60644e+12 1.49581e+12 0.0681778 0.00675422 -0.67009 0.0259406 0.458942 0.0351511 0.218585 0.0324857 
400 0.36 126400000 34.8125 4.15555 -1619.6 80.6665 2.66741e+06 263612 7.60644e+12 1.49581e+12 0.0681778 0.00675422 -0.67009 0.0259406 0.458942 0.0351511 0.218585 0.0324857 
400 0.36 128000000 34.8125 4.15555 -1619.6 80.6665 2.66741e+06 263612 7.60644e+12 1.49581e+12 0.0681778 0.00675422 -0.67009 0.0259406 0.458942 0.0351511 0.218585 0.0324857 
400 0.36 129600000 35.0483 4.15555 -1668.79 80.6665 2.84941e+06 263612 8.89883e+12 1.64616e+12 0.0741789 0.00809603 -0.682908 0.0259406 0.478692 0.0351511 0.24029 0.0324857 
400 0.36 131200000 35.0483 4.15555 -1668.79 80.6665 2.84941e+06 263612 8.89883e+12 1.64616e+12 0.0741789 0.00809603 -0.682908 0.0259406 0.478692 0.0351511 0.24029 0.0324857 
400 0.36 132800000 35.0483 4.15555 -1668.79 80.6665 2.84941e+06 263612 8.89883e+12 1.64616e+12 0.0741789 0.00809603 -0.682908 0.0259406 0.478692 0.0351511 0.24029 0.0324857 
400 0.36 134400000 35.0483 4.15555 -1668.79 80.6665 2.84941e+06 263612 8.89883e+12 1.64616e+12 0.0741789 0.00809603 -0.682908 0.0259406 0.478692 0.0351511 0.24029 0.0324857 
400 0.36 136000000 35.0483 4.15555 -1668.79 80.6665 2.84941e+06 263612 8.89883e+12 1.64616e+12 0.0741789 0.00809603 -0.682908 0.0259406 0.478692 0.0351511 0.24029 0.0324857 
400 0.36 137600000 35.0483 4.15555 -1668.79 80.6665 2.84941e+06 263612 8.89883e+12 1.64616e+12 0.0741789 0.00809603 -0.682908 0.0259406 0.478692 0.0351511 0.24029 0.0324857 
400 0.36 139200000 35.151 3.47672 -1711.66 107.613 3.00924e+06 381620 1.00528e+13 2.55756e+12 0.077734 0.0103817 -0.69409 0.0307786 0.495598 0.0444724 0.258987 0.0457507 
400 0.36 140800000 35.151 3.47672 -1711.66 107.613 3.00924e+06 381620 1.00528e+13 2.55756e+12 0.077734 0.0103817 -0.69409 0.0307786 0.495598 0.0444724 0.258987 0.0457507 
400 0.36 142400000 35.151 3.47672 -1711.66 107.613 3.00924e+06 381620 1.00528e+13 2.55756e+12 0.077734 0.0103817 -0.69409 0.0307786 0.495598 0.0444724 0.258987 0.0457507 
400 0.36 144000000 35.151 3.47672 -1711.66 107.613 3.00924e+06 381620 1.00528e+13 2.55756e+12 0.077734 0.0103817 -0.69409 0.0307786 0.495598 0.0444724 0.258987 0.0457507 
400 0.36 145600000 35.151 3.47672 -1711.66 107.613 3.00924e+06 381620 1.00528e+13 2.55756e+12 0.077734 0.0103817 -0.69409 0.0307786 0.495598 0.0444724 0.258987 0.0457507 
400 0.36 147200000 35.151 3.47672 -1711.66 107.613 3.00924e+06 381620 1.00528e+13 2.55756e+12 0.077734 0.0103817 -0.69409 0.0307786 0.495598 0.0444724 0.258987 0.0457507 
400 0.36 148800000 35.151 3.47672 -1711.66 107.613 3.00924e+06 381620 1.00528e+13 2.55756e+12 0.077734 0.0103817 -0.69409 0.0307786 0.495598 0.0444724 0.258987 0.0457507 
400 0.36 150400000 34.8317 3.47672 -1746.97 107.613 3.14028e+06 381620 1.09887e+13 2.55756e+12 0.0813682 0.0103817 -0.703513 0.0307786 0.509983 0.0444724 0.274909 0.0457507 
400 0.36 152000000 34.8317 3.47672 -1746.97 107.613 3.14028e+06 381620 1.09887e+13 2.55756e+12 0.0813682 0.0103817 -0.703513 0.0307786 0.509983 0.0444724 0.274909 0.0457507 
400 0.36 153600000 34.8317 3.47672 -1746.97 107.613 3.14028e+06 381620 1.09887e+13 2.55756e+12 0.0813682 0.0103817 -0.703513 0.0307786 0.509983 0.0444724 0.274909 0.0457507 
400 0.36 155200000 34.8317 3.47672 -1746.97 107.613 3.14028e+06 381620 1.09887e+13 2.55756e+12 0.0813682 0.0103817 -0.703513 0.0307786 0.509983 0.0444724 0.274909 0.0457507 
400 0.36 156800000 34.8317 3.47672 -1746.97 107.613 3.14028e+06 381620 1.09887e+13 2.55756e+12 0.0813682 0.0103817 -0.703513 0.0307786 0.509983 0.0444724 0.274909 0.0457507 
400 0.36 158400000 34.8317 3.47672 -1746.97 107.613 3.14028e+06 381620 1.09887e+13 2.55756e+12 0.0813682 0.0103817 -0.703513 0.0307786 0.509983 0.0444724 0.274909 0.0457507 
400 0.36 160000000 34.1406 3.12342 -1779.73 111.712 3.26347e+06 402980 1.18952e+13 2.7776e+12 0.0850949 0.0112084 -0.711975 0.0311474 0.523123 0.0458525 0.289674 0.0484253 
400 0.36 161600000 34.1406 3.12342 -1779.73 111.712 3.26347e+06 402980 1.18952e+13 2.7776e+12 0.0850949 0.0112084 -0.711975 0.0311474 0.523123 0.0458525 0.289674 0.0484253 
400 0.36 163200000 34.1406 3.12342 -1779.73 111.712 3.26347e+06 402980 1.18952e+13 2.7776e+12 0.0850949 0.0112084 -0.711975 0.0311474 0.523123 0.0458525 0.289674 0.0484253 
400 0.36 164800000 34.1406 3.12342 -1779.73 111.712 3.26347e+06 402980 1.18952e+13 2.7776e+12 0.0850949 0.0112084 -0.711975 0.0311474 0.523123 0.0458525 0.289674 0.0484253 
400 0.36 166400000 34.1406 3.12342 -1779.73 111.712 3.26347e+06 402980 1.18952e+13 2.7776e+12 0.0850949 0.0112084 -0.711975 0.0311474 0.523123 0.0458525 0.289674 0.0484253 
400 0.36 168000000 34.1406 3.12342 -1779.73 111.712 3.26347e+06 402980 1.18952e+13 2.7776e+12 0.0850949 0.0112084 -0.711975 0.0311474 0.523123 0.0458525 0.289674 0.0484253 
400 0.36 169600000 33.2146 3.12342 -1807.58 111.712 3.36789e+06 402980 1.26585e+13 2.7776e+12 0.0887486 0.0112084 -0.719172 0.0311474 0.534385 0.0458525 0.302297 0.0484253 
400 0.36 171200000 33.2146 3.12342 -1807.58 111.712 3.36789e+06 402980 1.26585e+13 2.7776e+12 0.0887486 0.0112084 -0.719172 0.0311474 0.534385 0.0458525 0.302297 0.0484253 
400 0.36 172800000 33.2146 3.12342 -1807.58 111.712 3.36789e+06 402980 1.26585e+13 2.7776e+12 0.0887486 0.0112084 -0.719172 0.0311474 0.534385 0.0458525 0.302297 0.0484253 
400 0.36 174400000 33.2146 3.12342 -1807.58 111.712 3.36789e+06 402980 1.26585e+13 2.7776e+12 0.0887486 0.0112084 -0.719172 0.0311474 0.534385 0.0458525 0.302297 0.0484253 
400 0.36 176000000 33.2146 3.12342 -1807.58 111.712 3.36789e+06 402980 1.26585e+13 2.7776e+12 0.0887486 0.0112084 -0.719172 0.0311474 0.534385 0.0458525 0.302297 0.0484253 
400 0.36 177600000 33.2146 3.12342 -1807.58 111.712 3.36789e+06 402980 1.26585e+13 2.7776e+12 0.0887486 0.0112084 -0.719172 0.0311474 0.534385 0.0458525 0.302297 0.0484253 
400 0.36 179200000 33.2146 3.12342 -1807.58 111.712 3.36789e+06 402980 1.26585e+13 2.7776e+12 0.0887486 0.0112084 -0.719172 0.0311474 0.534385 0.0458525 0.302297 0.0484253 
400 0.36 180800000 34.0859 2.73347 -1829.11 108.113 3.44697e+06 392169 1.32109e+13 2.72427e+12 0.0914048 0.0114465 -0.724869 0.0298035 0.543115 0.0442654 0.311817 0.0471635 
400 0.36 182400000 34.0859 2.73347 -1829.11 108.113 3.44697e+06 392169 1.32109e+13 2.72427e+12 0.0914048 0.0114465 -0.724869 0.0298035 0.543115 0.0442654 0.311817 0.0471635 
400 0.36 184000000 34.0859 2.73347 -1829.11 108.113 3.44697e+06 392169 1.32109e+13 2.72427e+12 0.0914048 0.0114465 -0.724869 0.0298035 0.543115 0.0442654 0.311817 0.0471635 
400 0.36 185600000 34.0859 2.73347 -1829.11 108.113 3.44697e+06 392169 1.32109e+13 2.72427e+12 0.0914048 0.0114465 -0.724869 0.0298035 0.543115 0.0442654 0.311817 0.0471635 
400 0.36 187200000 34.0859 2.73347 -1829.11 108.113 3.44697e+06 392169 1.32109e+13 2.72427e+12 0.0914048 0.0114465 -0.724869 0.0298035 0.543115 0.0442654 0.311817 0.0471635 
400 0.36 188800000 34.0859 2.73347 -1829.11 108.113 3.44697e+06 392169 1.32109e+13 2.72427e+12 0.0914048 0.0114465 -0.724869 0.0298035 0.543115 0.0442654 0.311817 0.0471635 
400 0.36 190400000 34.2812 2.73347 -1846.64 108.113 3.51038e+06 392169 1.36385e+13 2.72427e+12 0.0944174 0.0114465 -0.729284 0.0298035 0.550014 0.0442654 0.319131 0.0471635 
400 0.36 192000000 34.2812 2.73347 -1846.64 108.113 3.51038e+06 392169 1.36385e+13 2.72427e+12 0.0944174 0.0114465 -0.729284 0.0298035 0.550014 0.0442654 0.319131 0.0471635 
400 0.36 193600000 34.2812 2.73347 -1846.64 108.113 3.51038e+06 392169 1.36385e+13 2.72427e+12 0.0944174 0.0114465 -0.729284 0.0298035 0.550014 0.0442654 0.319131 0.0471635 
400 0.36 195200000 34.2812 2.73347 -1846.64 108.113 3.51038e+06 392169 1.36385e+13 2.72427e+12 0.0944174 0.0114465 -0.729284 0.0298035 0.550014 0.0442654 0.319131 0.0471635 
400 0.36 196800000 34.2812 2.73347 -1846.64 108.113 3.51038e+06 392169 1.36385e+13 2.72427e+12 0.0944174 0.0114465 -0.729284 0.0298035 0.550014 0.0442654 0.319131 0.0471635 
400 0.36 198400000 34.2812 2.73347 -1846.64 108.113 3.51038e+06 392169 1.36385e+13 2.72427e+12 0.0944174 0.0114465 -0.729284 0.0298035 0.550014 0.0442654 0.319131 0.0471635 
400 0.36 200000000 34.2812 2.73347 -1846.64 108.113 3.51038e+06 392169 1.36385e+13 2.72427e+12 0.0944174 0.0114465 -0.729284 0.0298035 0.550014 0.0442654 0.319131 0.0471635 
400 0.36 201600000 33.776 2.44726 -1863.85 101.53 3.57375e+06 368519 1.40832e+13 2.55742e+12 0.0978349 0.0118438 -0.733367 0.027677 0.556638 0.041361 0.326287 0.0440871 
400 0.36 203200000 33.776 2.44726 -1863.85 101.53 3.57375e+06 368519 1.40832e+13 2.55742e+12 0.0978349 0.0118438 -0.733367 0.027677 0.556638 0.041361 0.326287 0.0440871 
400 0.36 204800000 33.776 2.44726 -1863.85 101.53 3.57375e+06 368519 1.40832e+13 2.55742e+12 0.0978349 0.0118438 -0.733367 0.027677 0.556638 0.041361 0.326287 0.0440871 
400 0.36 206400000 33.776 2.44726 -1863.85 101.53 3.57375e+06 368519 1.40832e+13 2.55742e+12 0.0978349 0.0118438 -0.733367 0.027677 0.556638 0.041361 0.326287 0.0440871 
400 0.36 208000000 33.776 2.44726 -1863.85 101.53 3.57375e+06 368519 1.40832e+13 2.55742e+12 0.0978349 0.0118438 -0.733367 0.027677 0.556638 0.041361 0.326287 0.0440871 
400 0.36 209600000 33.776 2.44726 -1863.85 101.53 3.57375e+06 368519 1.40832e+13 2.55742e+12 0.0978349 0.0118438 -0.733367 0.027677 0.556638 0.041361 0.326287 0.0440871 
400 0.36 211200000 33.2829 2.44726 -1880.84 101.53 3.63734e+06 368519 1.45458e+13 2.55742e+12 0.102545 0.0118438 -0.736945 0.027677 0.562989 0.041361 0.33326 0.0440871 
400 0.36 212800000 33.2829 2.44726 -1880.84 101.53 3.63734e+06 368519 1.45458e+13 2.55742e+12 0.102545 0.0118438 -0.736945 0.027677 0.562989 0.041361 0.33326 0.0440871 
400 0.36 214400000 33.2829 2.44726 -1880.84 101.53 3.63734e+06 368519 1.45458e+13 2.55742e+12 0.102545 0.0118438 -0.736945 0.027677 0.562989 0.041361 0.33326 0.0440871 
400 0.36 216000000 33.2829 2.44726 -1880.84 101.53 3.63734e+06 368519 1.45458e+13 2.55742e+12 0.102545 0.0118438 -0.736945 0.027677 0.562989 0.041361 0.33326 0.0440871 
400 0.36 217600000 33.2829 2.44726 -1880.84 101.53 3.63734e+06 368519 1.45458e+13 2.55742e+12 0.102545 0.0118438 -0.736945 0.027677 0.562989 0.041361 0.33326 0.0440871 
400 0.36 219200000 33.2829 2.44726 -1880.84 101.53 3.63734e+06 368519 1.45458e+13 2.55742e+12 0.102545 0.0118438 -0.736945 0.027677 0.562989 0.041361 0.33326 0.0440871 
400 0.36 220800000 32.8563 2.36908 -1896.28 132.662 3.69519e+06 481478 1.49681e+13 3.3349e+12 0.106537 0.0183008 -0.740267 0.0356538 0.568777 0.0538089 0.339633 0.0572196 
400 0.36 222400000 32.8563 2.36908 -1896.28 132.662 3.69519e+06 481478 1.49681e+13 3.3349e+12 0.106537 0.0183008 -0.740267 0.0356538 0.568777 0.0538089 0.339633 0.0572196 
400 0.36 224000000 32.8563 2.36908 -1896.28 132.662 3.69519e+06 481478 1.49681e+13 3.3349e+12 0.106537 0.0183008 -0.740267 0.0356538 0.568777 0.0538089 0.339633 0.0572196 
400 0.36 225600000 32.8563 2.36908 -1896.28 132.662 3.69519e+06 481478 1.49681e+13 3.3349e+12 0.106537 0.0183008 -0.740267 0.0356538 0.568777 0.0538089 0.339633 0.0572196 
400 0.36 227200000 32.8563 2.36908 -1896.28 132.662 3.69519e+06 481478 1.49681e+13 3.3349e+12 0.106537 0.0183008 -0.740267 0.0356538 0.568777 0.0538089 0.339633 0.0572196 
400 0.36 228800000 32.8563 2.36908 -1896.28 132.662 3.69519e+06 481478 1.49681e+13 3.3349e+12 0.106537 0.0183008 -0.740267 0.0356538 0.568777 0.0538089 0.339633 0.0572196 
400 0.36 230400000 32.8563 2.36908 -1896.28 132.662 3.69519e+06 481478 1.49681e+13 3.3349e+12 0.106537 0.0183008 -0.740267 0.0356538 0.568777 0.0538089 0.339633 0.0572196 
400 0.36 232000000 32.8563 2.36908 -1896.28 132.662 3.69519e+06 481478 1.49681e+13 3.3349e+12 0.106537 0.0183008 -0.740267 0.0356538 0.568777 0.0538089 0.339633 0.0572196 
400 0.36 233600000 32.8563 2.36908 -1896.28 132.662 3.69519e+06 481478 1.49681e+13 3.3349e+12 0.106537 0.0183008 -0.740267 0.0356538 0.568777 0.0538089 0.339633 0.0572196 
400 0.36 235200000 32.8563 2.36908 -1896.28 132.662 3.69519e+06 481478 1.49681e+13 3.3349e+12 0.106537 0.0183008 -0.740267 0.0356538 0.568777 0.0538089 0.339633 0.0572196 
400 0.36 236800000 32.8563 2.36908 -1896.28 132.662 3.69519e+06 481478 1.49681e+13 3.3349e+12 0.106537 0.0183008 -0.740267 0.0356538 0.568777 0.0538089 0.339633 0.0572196 
400 0.36 238400000 32.8563 2.36908 -1896.28 132.662 3.69519e+06 481478 1.49681e+13 3.3349e+12 0.106537 0.0183008 -0.740267 0.0356538 0.568777 0.0538089 0.339633 0.0572196 
400 0.36 240000000 32.8563 2.36908 -1896.28 132.662 3.69519e+06 481478 1.49681e+13 3.3349e+12 0.106537 0.0183008 -0.740267 0.0356538 0.568777 0.0538089 0.339633 0.0572196 
400 0.36 241600000 31.9986 2.30374 -1919.4 132.662 3.77978e+06 481478 1.55535e+13 3.3349e+12 0.114449 0.0183008 -0.745231 0.0356538 0.577925 0.0538089 0.349499 0.0572196 
400 0.36 243200000 31.9986 2.30374 -1919.4 132.662 3.77978e+06 481478 1.55535e+13 3.3349e+12 0.114449 0.0183008 -0.745231 0.0356538 0.577925 0.0538089 0.349499 0.0572196 
400 0.36 244800000 31.9986 2.30374 -1919.4 132.662 3.77978e+06 481478 1.55535e+13 3.3349e+12 0.114449 0.0183008 -0.745231 0.0356538 0.577925 0.0538089 0.349499 0.0572196 
400 0.36 246400000 31.9986 2.30374 -1919.4 132.662 3.77978e+06 481478 1.55535e+13 3.3349e+12 0.114449 0.0183008 -0.745231 0.0356538 0.577925 0.0538089 0.349499 0.0572196 
400 0.36 248000000 31.9986 2.30374 -1919.4 132.662 3.77978e+06 481478 1.55535e+13 3.3349e+12 0.114449 0.0183008 -0.745231 0.0356538 0.577925 0.0538089 0.349499 0.0572196 
400 0.36 249600000 31.9986 2.30374 -1919.4 132.662 3.77978e+06 481478 1.55535e+13 3.3349e+12 0.114449 0.0183008 -0.745231 0.0356538 0.577925 0.0538089 0.349499 0.0572196 
400 0.36 251200000 31.9986 2.30374 -1919.4 132.662 3.77978e+06 481478 1.55535e+13 3.3349e+12 0.114449 0.0183008 -0.745231 0.0356538 0.577925 0.0538089 0.349499 0.0572196 
400 0.36 252800000 31.9986 2.30374 -1919.4 132.662 3.77978e+06 481478 1.55535e+13 3.3349e+12 0.114449 0.0183008 -0.745231 0.0356538 0.577925 0.0538089 0.349499 0.0572196 
400 0.36 254400000 31.9986 2.30374 -1919.4 132.662 3.77978e+06 481478 1.55535e+13 3.3349e+12 0.114449 0.0183008 -0.745231 0.0356538 0.577925 0.0538089 0.349499 0.0572196 
400 0.36 256000000 31.9986 2.30374 -1919.4 132.662 3.77978e+06 481478 1.55535e+13 3.3349e+12 0.114449 0.0183008 -0.745231 0.0356538 0.577925 0.0538089 0.349499 0.0572196 
400 0.36 257600000 31.9986 2.30374 -1919.4 132.662 3.77978e+06 481478 1.55535e+13 3.3349e+12 0.114449 0.0183008 -0.745231 0.0356538 0.577925 0.0538089 0.349499 0.0572196 
400 0.36 259200000 31.9986 2.30374 -1919.4 132.662 3.77978e+06 481478 1.55535e+13 3.3349e+12 0.114449 0.0183008 -0.745231 0.0356538 0.577925 0.0538089 0.349499 0.0572196 
400 0.36 260800000 31.9986 2.30374 -1919.4 132.662 3.77978e+06 481478 1.55535e+13 3.3349e+12 0.114449 0.0183008 -0.745231 0.0356538 0.577925 0.0538089 0.349499 0.0572196 
400 0.36 262400000 31.2122 2.24195 -1938.22 116.995 3.84836e+06 424898 1.60236e+13 2.94138e+12 0.120608 0.0199391 -0.749408 0.0308611 0.585445 0.0473519 0.357581 0.0504192 
400 0.36 264000000 31.2122 2.24195 -1938.22 116.995 3.84836e+06 424898 1.60236e+13 2.94138e+12 0.120608 0.0199391 -0.749408 0.0308611 0.585445 0.0473519 0.357581 0.0504192 
400 0.36 265600000 31.2122 2.24195 -1938.22 116.995 3.84836e+06 424898 1.60236e+13 2.94138e+12 0.120608 0.0199391 -0.749408 0.0308611 0.585445 0.0473519 0.357581 0.0504192 
400 0.36 267200000 31.2122 2.24195 -1938.22 116.995 3.84836e+06 424898 1.60236e+13 2.94138e+12 0.120608 0.0199391 -0.749408 0.0308611 0.585445 0.0473519 0.357581 0.0504192 
400 0.36 268800000 31.2122 2.24195 -1938.22 116.995 3.84836e+06 424898 1.60236e+13 2.94138e+12 0.120608 0.0199391 -0.749408 0.0308611 0.585445 0.0473519 0.357581 0.0504192 
400 0.36 270400000 31.2122 2.24195 -1938.22 116.995 3.84836e+06 424898 1.60236e+13 2.94138e+12 0.120608 0.0199391 -0.749408 0.0308611 0.585445 0.0473519 0.357581 0.0504192 
400 0.36 272000000 31.2122 2.24195 -1938.22 116.995 3.84836e+06 424898 1.60236e+13 2.94138e+12 0.120608 0.0199391 -0.749408 0.0308611 0.585445 0.0473519 0.357581 0.0504192 
400 0.36 273600000 31.2122 2.24195 -1938.22 116.995 3.84836e+06 424898 1.60236e+13 2.94138e+12 0.120608 0.0199391 -0.749408 0.0308611 0.585445 0.0473519 0.357581 0.0504192 
400 0.36 275200000 31.2122 2.24195 -1938.22 116.995 3.84836e+06 424898 1.60236e+13 2.94138e+12 0.120608 0.0199391 -0.749408 0.0308611 0.585445 0.0473519 0.357581 0.0504192 
400 0.36 276800000 31.2122 2.24195 -1938.22 116.995 3.84836e+06 424898 1.60236e+13 2.94138e+12 0.120608 0.0199391 -0.749408 0.0308611 0.585445 0.0473519 0.357581 0.0504192 
400 0.36 278400000 31.2122 2.24195 -1938.22 116.995 3.84836e+06 424898 1.60236e+13 2.94138e+12 0.120608 0.0199391 -0.749408 0.0308611 0.585445 0.0473519 0.357581 0.0504192 
400 0.36 280000000 31.2122 2.24195 -1938.22 116.995 3.84836e+06 424898 1.60236e+13 2.94138e+12 0.120608 0.0199391 -0.749408 0.0308611 0.585445 0.0473519 0.357581 0.0504192 
400 0.36 281600000 31.2122 2.24195 -1938.22 116.995 3.84836e+06 424898 1.60236e+13 2.94138e+12 0.120608 0.0199391 -0.749408 0.0308611 0.585445 0.0473519 0.357581 0.0504192 
400 0.36 283200000 30.3137 2.24233 -1956.61 116.995 3.91704e+06 424898 1.65212e+13 2.94138e+12 0.125591 0.0199391 -0.753549 0.0308611 0.592693 0.0473519 0.365616 0.0504192 
400 0.36 284800000 30.3137 2.24233 -1956.61 116.995 3.91704e+06 424898 1.65212e+13 2.94138e+12 0.125591 0.0199391 -0.753549 0.0308611 0.592693 0.0473519 0.365616 0.0504192 
400 0.36 286400000 30.3137 2.24233 -1956.61 116.995 3.91704e+06 424898 1.65212e+13 2.94138e+12 0.125591 0.0199391 -0.753549 0.0308611 0.592693 0.0473519 0.365616 0.0504192 
400 0.36 288000000 30.3137 2.24233 -1956.61 116.995 3.91704e+06 424898 1.65212e+13 2.94138e+12 0.125591 0.0199391 -0.753549 0.0308611 0.592693 0.0473519 0.365616 0.0504192 
400 0.36 289600000 30.3137 2.24233 -1956.61 116.995 3.91704e+06 424898 1.65212e+13 2.94138e+12 0.125591 0.0199391 -0.753549 0.0308611 0.592693 0.0473519 0.365616 0.0504192 
400 0.36 291200000 30.3137 2.24233 -1956.61 116.995 3.91704e+06 424898 1.65212e+13 2.94138e+12 0.125591 0.0199391 -0.753549 0.0308611 0.592693 0.0473519 0.365616 0.0504192 
400 0.36 292800000 30.3137 2.24233 -1956.61 116.995 3.91704e+06 424898 1.65212e+13 2.94138e+12 0.125591 0.0199391 -0.753549 0.0308611 0.592693 0.0473519 0.365616 0.0504192 
400 0.36 294400000 30.3137 2.24233 -1956.61 116.995 3.91704e+06 424898 1.65212e+13 2.94138e+12 0.125591 0.0199391 -0.753549 0.0308611 0.592693 0.0473519 0.365616 0.0504192 
400 0.36 296000000 30.3137 2.24233 -1956.61 116.995 3.91704e+06 424898 1.65212e+13 2.94138e+12 0.125591 0.0199391 -0.753549 0.0308611 0.592693 0.0473519 0.365616 0.0504192 
400 0.36 297600000 30.3137 2.24233 -1956.61 116.995 3.91704e+06 424898 1.65212e+13 2.94138e+12 0.125591 0.0199391 -0.753549 0.0308611 0.592693 0.0473519 0.365616 0.0504192 
400 0.36 299200000 30.3137 2.24233 -1956.61 116.995 3.91704e+06 424898 1.65212e+13 2.94138e+12 0.125591 0.0199391 -0.753549 0.0308611 0.592693 0.0473519 0.365616 0.0504192 
400 0.36 300800000 30.3137 2.24233 -1956.61 116.995 3.91704e+06 424898 1.65212e+13 2.94138e+12 0.125591 0.0199391 -0.753549 0.0308611 0.592693 0.0473519 0.365616 0.0504192 
400 0.36 302400000 30.3137 2.24233 -1956.61 116.995 3.91704e+06 424898 1.65212e+13 2.94138e+12 0.125591 0.0199391 -0.753549 0.0308611 0.592693 0.0473519 0.365616 0.0504192 
400 0.36 304000000 29.596 2.36444 -1972.77 105.26 3.97765e+06 383363 1.69639e+13 2.66726e+12 0.129614 0.0190164 -0.757095 0.0273932 0.598813 0.0424325 0.372376 0.0453352 
400 0.36 305600000 29.596 2.36444 -1972.77 105.26 3.97765e+06 383363 1.69639e+13 2.66726e+12 0.129614 0.0190164 -0.757095 0.0273932 0.598813 0.0424325 0.372376 0.0453352 
400 0.36 307200000 29.596 2.36444 -1972.77 105.26 3.97765e+06 383363 1.69639e+13 2.66726e+12 0.129614 0.0190164 -0.757095 0.0273932 0.598813 0.0424325 0.372376 0.0453352 
400 0.36 308800000 29.596 2.36444 -1972.77 105.26 3.97765e+06 383363 1.69639e+13 2.66726e+12 0.129614 0.0190164 -0.757095 0.0273932 0.598813 0.0424325 0.372376 0.0453352 
400 0.36 310400000 29.596 2.36444 -1972.77 105.26 3.97765e+06 383363 1.69639e+13 2.66726e+12 0.129614 0.0190164 -0.757095 0.0273932 0.598813 0.0424325 0.372376 0.0453352 
400 0.36 312000000 29.596 2.36444 -1972.77 105.26 3.97765e+06 383363 1.69639e+13 2.66726e+12 0.129614 0.0190164 -0.757095 0.0273932 0.598813 0.0424325 0.372376 0.0453352 
400 0.36 313600000 29.596 2.36444 -1972.77 105.26 3.97765e+06 383363 1.69639e+13 2.66726e+12 0.129614 0.0190164 -0.757095 0.0273932 0.598813 0.0424325 0.372376 0.0453352 
400 0.36 315200000 29.596 2.36444 -1972.77 105.26 3.97765e+06 383363 1.69639e+13 2.66726e+12 0.129614 0.0190164 -0.757095 0.0273932 0.598813 0.0424325 0.372376 0.0453352 
400 0.36 316800000 29.596 2.36444 -1972.77 105.26 3.97765e+06 383363 1.69639e+13 2.66726e+12 0.129614 0.0190164 -0.757095 0.0273932 0.598813 0.0424325 0.372376 0.0453352 
400 0.36 318400000 29.596 2.36444 -1972.77 105.26 3.97765e+06 383363 1.69639e+13 2.66726e+12 0.129614 0.0190164 -0.757095 0.0273932 0.598813 0.0424325 0.372376 0.0453352 
400 0.36 320000000 29.596 2.36444 -1972.77 105.26 3.97765e+06 383363 1.69639e+13 2.66726e+12 0.129614 0.0190164 -0.757095 0.0273932 0.598813 0.0424325 0.372376 0.0453352 
400 0.36 321600000 29.596 2.36444 -1972.77 105.26 3.97765e+06 383363 1.69639e+13 2.66726e+12 0.129614 0.0190164 -0.757095 0.0273932 0.598813 0.0424325 0.372376 0.0453352 
400 0.36 323200000 29.1615 2.36444 -1986.41 105.26 4.02855e+06 383363 1.7332e+13 2.66726e+12 0.132273 0.0190164 -0.760393 0.0273932 0.604183 0.0424325 0.37832 0.0453352 
400 0.36 324800000 29.1615 2.36444 -1986.41 105.26 4.02855e+06 383363 1.7332e+13 2.66726e+12 0.132273 0.0190164 -0.760393 0.0273932 0.604183 0.0424325 0.37832 0.0453352 
400 0.36 326400000 29.1615 2.36444 -1986.41 105.26 4.02855e+06 383363 1.7332e+13 2.66726e+12 0.132273 0.0190164 -0.760393 0.0273932 0.604183 0.0424325 0.37832 0.0453352 
400 0.36 328000000 29.1615 2.36444 -1986.41 105.26 4.02855e+06 383363 1.7332e+13 2.66726e+12 0.132273 0.0190164 -0.760393 0.0273932 0.604183 0.0424325 0.37832 0.0453352 
400 0.36 329600000 29.1615 2.36444 -1986.41 105.26 4.02855e+06 383363 1.7332e+13 2.66726e+12 0.132273 0.0190164 -0.760393 0.0273932 0.604183 0.0424325 0.37832 0.0453352 
400 0.36 331200000 29.1615 2.36444 -1986.41 105.26 4.02855e+06 383363 1.7332e+13 2.66726e+12 0.132273 0.0190164 -0.760393 0.0273932 0.604183 0.0424325 0.37832 0.0453352 
400 0.36 332800000 29.1615 2.36444 -1986.41 105.26 4.02855e+06 383363 1.7332e+13 2.66726e+12 0.132273 0.0190164 -0.760393 0.0273932 0.604183 0.0424325 0.37832 0.0453352 
400 0.36 334400000 29.1615 2.36444 -1986.41 105.26 4.02855e+06 383363 1.7332e+13 2.66726e+12 0.132273 0.0190164 -0.760393 0.0273932 0.604183 0.0424325 0.37832 0.0453352 
400 0.36 336000000 29.1615 2.36444 -1986.41 105.26 4.02855e+06 383363 1.7332e+13 2.66726e+12 0.132273 0.0190164 -0.760393 0.0273932 0.604183 0.0424325 0.37832 0.0453352 
400 0.36 337600000 29.1615 2.36444 -1986.41 105.26 4.02855e+06 383363 1.7332e+13 2.66726e+12 0.132273 0.0190164 -0.760393 0.0273932 0.604183 0.0424325 0.37832 0.0453352 
400 0.36 339200000 29.1615 2.36444 -1986.41 105.26 4.02855e+06 383363 1.7332e+13 2.66726e+12 0.132273 0.0190164 -0.760393 0.0273932 0.604183 0.0424325 0.37832 0.0453352 
400 0.36 340800000 29.1615 2.36444 -1986.41 105.26 4.02855e+06 383363 1.7332e+13 2.66726e+12 0.132273 0.0190164 -0.760393 0.0273932 0.604183 0.0424325 0.37832 0.0453352 
400 0.36 342400000 29.1615 2.36444 -1986.41 105.26 4.02855e+06 383363 1.7332e+13 2.66726e+12 0.132273 0.0190164 -0.760393 0.0273932 0.604183 0.0424325 0.37832 0.0453352 
400 0.36 344000000 28.875 2.17604 -1997.61 94.9873 4.0699e+06 346364 1.7624e+13 2.41414e+12 0.135052 0.0173994 -0.76304 0.0246055 0.60865 0.0382517 0.38321 0.0409423 
400 0.36 345600000 28.875 2.17604 -1997.61 94.9873 4.0699e+06 346364 1.7624e+13 2.41414e+12 0.135052 0.0173994 -0.76304 0.0246055 0.60865 0.0382517 0.38321 0.0409423 
400 0.36 347200000 28.875 2.17604 -1997.61 94.9873 4.0699e+06 346364 1.7624e+13 2.41414e+12 0.135052 0.0173994 -0.76304 0.0246055 0.60865 0.0382517 0.38321 0.0409423 
400 0.36 348800000 28.875 2.17604 -1997.61 94.9873 4.0699e+06 346364 1.7624e+13 2.41414e+12 0.135052 0.0173994 -0.76304 0.0246055 0.60865 0.0382517 0.38321 0.0409423 
400 0.36 350400000 28.875 2.17604 -1997.61 94.9873 4.0699e+06 346364 1.7624e+13 2.41414e+12 0.135052 0.0173994 -0.76304 0.0246055 0.60865 0.0382517 0.38321 0.0409423 
400 0.36 352000000 28.875 2.17604 -1997.61 94.9873 4.0699e+06 346364 1.7624e+13 2.41414e+12 0.135052 0.0173994 -0.76304 0.0246055 0.60865 0.0382517 0.38321 0.0409423 
400 0.36 353600000 28.875 2.17604 -1997.61 94.9873 4.0699e+06 346364 1.7624e+13 2.41414e+12 0.135052 0.0173994 -0.76304 0.0246055 0.60865 0.0382517 0.38321 0.0409423 
400 0.36 355200000 28.875 2.17604 -1997.61 94.9873 4.0699e+06 346364 1.7624e+13 2.41414e+12 0.135052 0.0173994 -0.76304 0.0246055 0.60865 0.0382517 0.38321 0.0409423 
400 0.36 356800000 28.875 2.17604 -1997.61 94.9873 4.0699e+06 346364 1.7624e+13 2.41414e+12 0.135052 0.0173994 -0.76304 0.0246055 0.60865 0.0382517 0.38321 0.0409423 
400 0.36 358400000 28.875 2.17604 -1997.61 94.9873 4.0699e+06 346364 1.7624e+13 2.41414e+12 0.135052 0.0173994 -0.76304 0.0246055 0.60865 0.0382517 0.38321 0.0409423 
400 0.36 360000000 28.875 2.17604 -1997.61 94.9873 4.0699e+06 346364 1.7624e+13 2.41414e+12 0.135052 0.0173994 -0.76304 0.0246055 0.60865 0.0382517 0.38321 0.0409423 
400 0.36 361600000 28.875 2.17604 -1997.61 94.9873 4.0699e+06 346364 1.7624e+13 2.41414e+12 0.135052 0.0173994 -0.76304 0.0246055 0.60865 0.0382517 0.38321 0.0409423 
400 0.36 363200000 28.875 2.17604 -1997.61 94.9873 4.0699e+06 346364 1.7624e+13 2.41414e+12 0.135052 0.0173994 -0.76304 0.0246055 0.60865 0.0382517 0.38321 0.0409423 
400 0.36 364800000 28.7371 2.17604 -2008.73 94.9873 4.11177e+06 346364 1.79326e+13 2.41414e+12 0.137296 0.0173994 -0.765651 0.0246055 0.612966 0.0382517 0.388031 0.0409423 
400 0.36 366400000 28.7371 2.17604 -2008.73 94.9873 4.11177e+06 346364 1.79326e+13 2.41414e+12 0.137296 0.0173994 -0.765651 0.0246055 0.612966 0.0382517 0.388031 0.0409423 
400 0.36 368000000 28.7371 2.17604 -2008.73 94.9873 4.11177e+06 346364 1.79326e+13 2.41414e+12 0.137296 0.0173994 -0.765651 0.0246055 0.612966 0.0382517 0.388031 0.0409423 
400 0.36 369600000 28.7371 2.17604 -2008.73 94.9873 4.11177e+06 346364 1.79326e+13 2.41414e+12 0.137296 0.0173994 -0.765651 0.0246055 0.612966 0.0382517 0.388031 0.0409423 
400 0.36 371200000 28.7371 2.17604 -2008.73 94.9873 4.11177e+06 346364 1.79326e+13 2.41414e+12 0.137296 0.0173994 -0.765651 0.0246055 0.612966 0.0382517 0.388031 0.0409423 
400 0.36 372800000 28.7371 2.17604 -2008.73 94.9873 4.11177e+06 346364 1.79326e+13 2.41414e+12 0.137296 0.0173994 -0.765651 0.0246055 0.612966 0.0382517 0.388031 0.0409423 
400 0.36 374400000 28.7371 2.17604 -2008.73 94.9873 4.11177e+06 346364 1.79326e+13 2.41414e+12 0.137296 0.0173994 -0.765651 0.0246055 0.612966 0.0382517 0.388031 0.0409423 
400 0.36 376000000 28.7371 2.17604 -2008.73 94.9873 4.11177e+06 346364 1.79326e+13 2.41414e+12 0.137296 0.0173994 -0.765651 0.0246055 0.612966 0.0382517 0.388031 0.0409423 
400 0.36 377600000 28.7371 2.17604 -2008.73 94.9873 4.11177e+06 346364 1.79326e+13 2.41414e+12 0.137296 0.0173994 -0.765651 0.0246055 0.612966 0.0382517 0.388031 0.0409423 
400 0.36 379200000 28.7371 2.17604 -2008.73 94.9873 4.11177e+06 346364 1.79326e+13 2.41414e+12 0.137296 0.0173994 -0.765651 0.0246055 0.612966 0.0382517 0.388031 0.0409423 
400 0.36 380800000 28.7371 2.17604 -2008.73 94.9873 4.11177e+06 346364 1.79326e+13 2.41414e+12 0.137296 0.0173994 -0.765651 0.0246055 0.612966 0.0382517 0.388031 0.0409423 
400 0.36 382400000 28.7371 2.17604 -2008.73 94.9873 4.11177e+06 346364 1.79326e+13 2.41414e+12 0.137296 0.0173994 -0.765651 0.0246055 0.612966 0.0382517 0.388031 0.0409423 
400 0.36 384000000 28.7371 2.17604 -2008.73 94.9873 4.11177e+06 346364 1.79326e+13 2.41414e+12 0.137296 0.0173994 -0.765651 0.0246055 0.612966 0.0382517 0.388031 0.0409423 
400 0.36 385600000 28.3872 1.98819 -2018.49 86.6984 4.14846e+06 316663 1.82018e+13 2.21397e+12 0.139053 0.0159196 -0.768034 0.0223726 0.616818 0.0348627 0.392339 0.0373971 
400 0.36 387200000 28.3872 1.98819 -2018.49 86.6984 4.14846e+06 316663 1.82018e+13 2.21397e+12 0.139053 0.0159196 -0.768034 0.0223726 0.616818 0.0348627 0.392339 0.0373971 
400 0.36 388800000 28.3872 1.98819 -2018.49 86.6984 4.14846e+06 316663 1.82018e+13 2.21397e+12 0.139053 0.0159196 -0.768034 0.0223726 0.616818 0.0348627 0.392339 0.0373971 
400 0.36 390400000 28.3872 1.98819 -2018.49 86.6984 4.14846e+06 316663 1.82018e+13 2.21397e+12 0.139053 0.0159196 -0.768034 0.0223726 0.616818 0.0348627 0.392339 0.0373971 
400 0.36 392000000 28.3872 1.98819 -2018.49 86.6984 4.14846e+06 316663 1.82018e+13 2.21397e+12 0.139053 0.0159196 -0.768034 0.0223726 0.616818 0.0348627 0.392339 0.0373971 
400 0.36 393600000 28.3872 1.98819 -2018.49 86.6984 4.14846e+06 316663 1.82018e+13 2.21397e+12 0.139053 0.0159196 -0.768034 0.0223726 0.616818 0.0348627 0.392339 0.0373971 
400 0.36 395200000 28.3872 1.98819 -2018.49 86.6984 4.14846e+06 316663 1.82018e+13 2.21397e+12 0.139053 0.0159196 -0.768034 0.0223726 0.616818 0.0348627 0.392339 0.0373971 
400 0.36 396800000 28.3872 1.98819 -2018.49 86.6984 4.14846e+06 316663 1.82018e+13 2.21397e+12 0.139053 0.0159196 -0.768034 0.0223726 0.616818 0.0348627 0.392339 0.0373971 
400 0.36 398400000 28.3872 1.98819 -2018.49 86.6984 4.14846e+06 316663 1.82018e+13 2.21397e+12 0.139053 0.0159196 -0.768034 0.0223726 0.616818 0.0348627 0.392339 0.0373971 
400 0.36 400000000 28.3872 1.98819 -2018.49 86.6984 4.14846e+06 316663 1.82018e+13 2.21397e+12 0.139053 0.0159196 -0.768034 0.0223726 0.616818 0.0348627 0.392339 0.0373971 
400 0.36 401600000 28.3872 1.98819 -2018.49 86.6984 4.14846e+06 316663 1.82018e+13 2.21397e+12 0.139053 0.0159196 -0.768034 0.0223726 0.616818 0.0348627 0.392339 0.0373971 
400 0.36 403200000 28.3872 1.98819 -2018.49 86.6984 4.14846e+06 316663 1.82018e+13 2.21397e+12 0.139053 0.0159196 -0.768034 0.0223726 0.616818 0.0348627 0.392339 0.0373971 
400 0.36 404800000 28.3872 1.98819 -2018.49 86.6984 4.14846e+06 316663 1.82018e+13 2.21397e+12 0.139053 0.0159196 -0.768034 0.0223726 0.616818 0.0348627 0.392339 0.0373971 
400 0.36 406400000 27.7969 1.98819 -2027.67 86.6984 4.1832e+06 316663 1.84609e+13 2.21397e+12 0.140968 0.0159196 -0.770132 0.0223726 0.620329 0.0348627 0.39628 0.0373971 
400 0.36 408000000 27.7969 1.98819 -2027.67 86.6984 4.1832e+06 316663 1.84609e+13 2.21397e+12 0.140968 0.0159196 -0.770132 0.0223726 0.620329 0.0348627 0.39628 0.0373971 
400 0.36 409600000 27.7969 1.98819 -2027.67 86.6984 4.1832e+06 316663 1.84609e+13 2.21397e+12 0.140968 0.0159196 -0.770132 0.0223726 0.620329 0.0348627 0.39628 0.0373971 
400 0.36 411200000 27.7969 1.98819 -2027.67 86.6984 4.1832e+06 316663 1.84609e+13 2.21397e+12 0.140968 0.0159196 -0.770132 0.0223726 0.620329 0.0348627 0.39628 0.0373971 
400 0.36 412800000 27.7969 1.98819 -2027.67 86.6984 4.1832e+06 316663 1.84609e+13 2.21397e+12 0.140968 0.0159196 -0.770132 0.0223726 0.620329 0.0348627 0.39628 0.0373971 
400 0.36 414400000 27.7969 1.98819 -2027.67 86.6984 4.1832e+06 316663 1.84609e+13 2.21397e+12 0.140968 0.0159196 -0.770132 0.0223726 0.620329 0.0348627 0.39628 0.0373971 
400 0.36 416000000 27.7969 1.98819 -2027.67 86.6984 4.1832e+06 316663 1.84609e+13 2.21397e+12 0.140968 0.0159196 -0.770132 0.0223726 0.620329 0.0348627 0.39628 0.0373971 
400 0.36 417600000 27.7969 1.98819 -2027.67 86.6984 4.1832e+06 316663 1.84609e+13 2.21397e+12 0.140968 0.0159196 -0.770132 0.0223726 0.620329 0.0348627 0.39628 0.0373971 
400 0.36 419200000 27.7969 1.98819 -2027.67 86.6984 4.1832e+06 316663 1.84609e+13 2.21397e+12 0.140968 0.0159196 -0.770132 0.0223726 0.620329 0.0348627 0.39628 0.0373971 
400 0.36 420800000 27.7969 1.98819 -2027.67 86.6984 4.1832e+06 316663 1.84609e+13 2.21397e+12 0.140968 0.0159196 -0.770132 0.0223726 0.620329 0.0348627 0.39628 0.0373971 
400 0.36 422400000 27.7969 1.98819 -2027.67 86.6984 4.1832e+06 316663 1.84609e+13 2.21397e+12 0.140968 0.0159196 -0.770132 0.0223726 0.620329 0.0348627 0.39628 0.0373971 
400 0.36 424000000 27.7969 1.98819 -2027.67 86.6984 4.1832e+06 316663 1.84609e+13 2.21397e+12 0.140968 0.0159196 -0.770132 0.0223726 0.620329 0.0348627 0.39628 0.0373971 
400 0.36 425600000 27.2578 2.71248 -2035.46 107.971 4.21243e+06 397979 1.86746e+13 2.81355e+12 0.142652 0.0203454 -0.771985 0.0269437 0.623417 0.042857 0.399729 0.0466729 
400 0.36 427200000 27.2578 2.71248 -2035.46 107.971 4.21243e+06 397979 1.86746e+13 2.81355e+12 0.142652 0.0203454 -0.771985 0.0269437 0.623417 0.042857 0.399729 0.0466729 
400 0.36 428800000 27.2578 2.71248 -2035.46 107.971 4.21243e+06 397979 1.86746e+13 2.81355e+12 0.142652 0.0203454 -0.771985 0.0269437 0.623417 0.042857 0.399729 0.0466729 
400 0.36 430400000 27.2578 2.71248 -2035.46 107.971 4.21243e+06 397979 1.86746e+13 2.81355e+12 0.142652 0.0203454 -0.771985 0.0269437 0.623417 0.042857 0.399729 0.0466729 
400 0.36 432000000 27.2578 2.71248 -2035.46 107.971 4.21243e+06 397979 1.86746e+13 2.81355e+12 0.142652 0.0203454 -0.771985 0.0269437 0.623417 0.042857 0.399729 0.0466729 
400 0.36 433600000 27.2578 2.71248 -2035.46 107.971 4.21243e+06 397979 1.86746e+13 2.81355e+12 0.142652 0.0203454 -0.771985 0.0269437 0.623417 0.042857 0.399729 0.0466729 
400 0.36 435200000 27.2578 2.71248 -2035.46 107.971 4.21243e+06 397979 1.86746e+13 2.81355e+12 0.142652 0.0203454 -0.771985 0.0269437 0.623417 0.042857 0.399729 0.0466729 
400 0.36 436800000 27.2578 2.71248 -2035.46 107.971 4.21243e+06 397979 1.86746e+13 2.81355e+12 0.142652 0.0203454 -0.771985 0.0269437 0.623417 0.042857 0.399729 0.0466729 
400 0.36 438400000 27.2578 2.71248 -2035.46 107.971 4.21243e+06 397979 1.86746e+13 2.81355e+12 0.142652 0.0203454 -0.771985 0.0269437 0.623417 0.042857 0.399729 0.0466729 
400 0.36 440000000 27.2578 2.71248 -2035.46 107.971 4.21243e+06 397979 1.86746e+13 2.81355e+12 0.142652 0.0203454 -0.771985 0.0269437 0.623417 0.042857 0.399729 0.0466729 
400 0.36 441600000 27.2578 2.71248 -2035.46 107.971 4.21243e+06 397979 1.86746e+13 2.81355e+12 0.142652 0.0203454 -0.771985 0.0269437 0.623417 0.042857 0.399729 0.0466729 
400 0.36 443200000 27.2578 2.71248 -2035.46 107.971 4.21243e+06 397979 1.86746e+13 2.81355e+12 0.142652 0.0203454 -0.771985 0.0269437 0.623417 0.042857 0.399729 0.0466729 
400 0.36 444800000 27.2578 2.71248 -2035.46 107.971 4.21243e+06 397979 1.86746e+13 2.81355e+12 0.142652 0.0203454 -0.771985 0.0269437 0.623417 0.042857 0.399729 0.0466729 
400 0.36 446400000 27.2578 2.71248 -2035.46 107.971 4.21243e+06 397979 1.86746e+13 2.81355e+12 0.142652 0.0203454 -0.771985 0.0269437 0.623417 0.042857 0.399729 0.0466729 
400 0.36 448000000 27.2578 2.71248 -2035.46 107.971 4.21243e+06 397979 1.86746e+13 2.81355e+12 0.142652 0.0203454 -0.771985 0.0269437 0.623417 0.042857 0.399729 0.0466729 
400 0.36 449600000 27.2578 2.71248 -2035.46 107.971 4.21243e+06 397979 1.86746e+13 2.81355e+12 0.142652 0.0203454 -0.771985 0.0269437 0.623417 0.042857 0.399729 0.0466729 
400 0.36 451200000 27.2578 2.71248 -2035.46 107.971 4.21243e+06 397979 1.86746e+13 2.81355e+12 0.142652 0.0203454 -0.771985 0.0269437 0.623417 0.042857 0.399729 0.0466729 
400 0.36 452800000 27.2578 2.71248 -2035.46 107.971 4.21243e+06 397979 1.86746e+13 2.81355e+12 0.142652 0.0203454 -0.771985 0.0269437 0.623417 0.042857 0.399729 0.0466729 
400 0.36 454400000 27.2578 2.71248 -2035.46 107.971 4.21243e+06 397979 1.86746e+13 2.81355e+12 0.142652 0.0203454 -0.771985 0.0269437 0.623417 0.042857 0.399729 0.0466729 
400 0.36 456000000 27.2578 2.71248 -2035.46 107.971 4.21243e+06 397979 1.86746e+13 2.81355e+12 0.142652 0.0203454 -0.771985 0.0269437 0.623417 0.042857 0.399729 0.0466729 
400 0.36 457600000 27.2578 2.71248 -2035.46 107.971 4.21243e+06 397979 1.86746e+13 2.81355e+12 0.142652 0.0203454 -0.771985 0.0269437 0.623417 0.042857 0.399729 0.0466729 
400 0.36 459200000 27.2578 2.71248 -2035.46 107.971 4.21243e+06 397979 1.86746e+13 2.81355e+12 0.142652 0.0203454 -0.771985 0.0269437 0.623417 0.042857 0.399729 0.0466729 
400 0.36 460800000 27.2578 2.71248 -2035.46 107.971 4.21243e+06 397979 1.86746e+13 2.81355e+12 0.142652 0.0203454 -0.771985 0.0269437 0.623417 0.042857 0.399729 0.0466729 
400 0.36 462400000 27.2578 2.71248 -2035.46 107.971 4.21243e+06 397979 1.86746e+13 2.81355e+12 0.142652 0.0203454 -0.771985 0.0269437 0.623417 0.042857 0.399729 0.0466729 
400 0.36 464000000 27.2578 2.71248 -2035.46 107.971 4.21243e+06 397979 1.86746e+13 2.81355e+12 0.142652 0.0203454 -0.771985 0.0269437 0.623417 0.042857 0.399729 0.0466729 
400 0.36 465600000 27.2578 2.71248 -2035.46 107.971 4.21243e+06 397979 1.86746e+13 2.81355e+12 0.142652 0.0203454 -0.771985 0.0269437 0.623417 0.042857 0.399729 0.0466729 
400 0.36 467200000 26.6648 2.71248 -2047.42 107.971 4.25645e+06 397979 1.89831e+13 2.81355e+12 0.145211 0.0203454 -0.774895 0.0269437 0.628165 0.042857 0.404894 0.0466729 
400 0.36 468800000 26.6648 2.71248 -2047.42 107.971 4.25645e+06 397979 1.89831e+13 2.81355e+12 0.145211 0.0203454 -0.774895 0.0269437 0.628165 0.042857 0.404894 0.0466729 
400 0.36 470400000 26.6648 2.71248 -2047.42 107.971 4.25645e+06 397979 1.89831e+13 2.81355e+12 0.145211 0.0203454 -0.774895 0.0269437 0.628165 0.042857 0.404894 0.0466729 
400 0.36 472000000 26.6648 2.71248 -2047.42 107.971 4.25645e+06 397979 1.89831e+13 2.81355e+12 0.145211 0.0203454 -0.774895 0.0269437 0.628165 0.042857 0.404894 0.0466729 
400 0.36 473600000 26.6648 2.71248 -2047.42 107.971 4.25645e+06 397979 1.89831e+13 2.81355e+12 0.145211 0.0203454 -0.774895 0.0269437 0.628165 0.042857 0.404894 0.0466729 
400 0.36 475200000 26.6648 2.71248 -2047.42 107.971 4.25645e+06 397979 1.89831e+13 2.81355e+12 0.145211 0.0203454 -0.774895 0.0269437 0.628165 0.042857 0.404894 0.0466729 
400 0.36 476800000 26.6648 2.71248 -2047.42 107.971 4.25645e+06 397979 1.89831e+13 2.81355e+12 0.145211 0.0203454 -0.774895 0.0269437 0.628165 0.042857 0.404894 0.0466729 
400 0.36 478400000 26.6648 2.71248 -2047.42 107.971 4.25645e+06 397979 1.89831e+13 2.81355e+12 0.145211 0.0203454 -0.774895 0.0269437 0.628165 0.042857 0.404894 0.0466729 
400 0.36 480000000 26.6648 2.71248 -2047.42 107.971 4.25645e+06 397979 1.89831e+13 2.81355e+12 0.145211 0.0203454 -0.774895 0.0269437 0.628165 0.042857 0.404894 0.0466729 
400 0.36 481600000 26.6648 2.71248 -2047.42 107.971 4.25645e+06 397979 1.89831e+13 2.81355e+12 0.145211 0.0203454 -0.774895 0.0269437 0.628165 0.042857 0.404894 0.0466729 
400 0.36 483200000 26.6648 2.71248 -2047.42 107.971 4.25645e+06 397979 1.89831e+13 2.81355e+12 0.145211 0.0203454 -0.774895 0.0269437 0.628165 0.042857 0.404894 0.0466729 
