L J MC_steps R2 R2_std E E_std E2 E2_std E4 E4_std Sin1 Sin1_std Cos1 Cos1_std Mag2 Mag2_std Mag4 Mag4_std
500 0.09 25000000 1029 0 -26.5883 0 706.94 0 499764 0 -0.0756572 0 0.0292732 0 0.00658093 0 4.33087e-05 0 
500 0.09 27500000 1659.36 252.255 -31.7654 4.8098 1263.52 388.536 3.25704e+06 1.75866e+06 -0.023769 0.0112301 0.00945449 0.0103046 0.00320365 0.000627743 1.36905e-05 4.17881e-06 
500 0.09 30000000 1376.2 199.658 -33.9066 3.32826 1375.91 263.064 3.37937e+06 1.21436e+06 -0.0155575 0.00745547 0.0106062 0.00688148 0.00253187 0.000467408 9.73759e-06 2.86774e-06 
500 0.09 32500000 1840.67 451.873 -35.0546 3.75318 1677 284.061 5.12609e+06 1.54729e+06 -0.00454229 0.00696472 0.00678124 0.00582513 0.00256272 0.000506862 1.47603e-05 6.9638e-06 
500 0.09 35000000 1927.45 366.599 -33.531 3.3335 1591.3 230.46 4.75745e+06 1.21306e+06 -0.00404382 0.00583962 0.00178138 0.00529595 0.00245932 0.000489548 1.31491e-05 5.36169e-06 
500 0.09 37500000 1963.67 307.283 -33.9931 3.00087 1596.41 208.274 4.64619e+06 1.04432e+06 -0.00385677 0.00486935 0.00135931 0.00484239 0.00223698 0.000455656 1.12102e-05 4.51189e-06 
500 0.09 40000000 1913.73 265.522 -31.9385 2.66351 1458.4 184.647 4.13202e+06 901764 -0.000305791 0.00451357 0.00113339 0.00428796 0.00226161 0.000405752 1.11559e-05 3.90696e-06 
500 0.09 42500000 1878.85 232.812 -31.029 2.43882 1367.52 173.277 3.72599e+06 802693 -0.00094866 0.00414478 1.86445e-05 0.00384774 0.00217634 0.000381436 1.02107e-05 3.65216e-06 
500 0.09 45000000 1865.78 191.554 -33.0776 2.55704 1537.22 211.56 4.72422e+06 1.07759e+06 -0.00146713 0.00419819 -0.00228411 0.00405149 0.00244189 0.000348901 1.31309e-05 4.04862e-06 
500 0.09 47500000 1823.82 178.676 -32.5553 2.55704 1490.33 211.56 4.4396e+06 1.07759e+06 -0.000977936 0.00419819 -0.00379874 0.00405149 0.00239871 0.000319843 1.26684e-05 3.64684e-06 
500 0.09 50000000 1783.46 168.283 -32.6802 2.16153 1488.51 181.821 4.40293e+06 944674 -0.00144936 0.00349853 -0.00408556 0.00375544 0.00236745 0.000294713 1.23204e-05 3.30788e-06 
500 0.09 52500000 1800.5 156.199 -32.997 2.16153 1501.47 181.821 4.37871e+06 944674 -0.00200677 0.00349853 -0.00287703 0.00375544 0.00232841 0.000274617 1.17595e-05 3.01823e-06 
500 0.09 55000000 1787.77 136.02 -33.8096 2.06612 1533.67 161.291 4.36622e+06 809790 -0.00186888 0.0032341 -0.00260388 0.0032918 0.00243807 0.000260013 1.22183e-05 2.90065e-06 
500 0.09 57500000 1754.75 131.465 -33.5715 1.81011 1516.84 141.976 4.32175e+06 711563 -0.00227389 0.00312848 -0.00151267 0.00335014 0.0024445 0.000247357 1.2241e-05 2.71413e-06 
500 0.09 60000000 1760.38 123.853 -34.3045 1.81011 1574.62 141.976 4.55725e+06 711563 -0.00246055 0.00298991 -0.000877216 0.00335014 0.00240005 0.000233723 1.19252e-05 2.62069e-06 
500 0.09 62500000 1732.01 120.177 -34.0044 1.65994 1558.89 132.282 4.51268e+06 657616 -0.00210948 0.00283026 0.000656531 0.00361255 0.00244305 0.000224467 1.25812e-05 2.47543e-06 
500 0.09 65000000 1723.27 108.377 -34.0236 1.59477 1557.87 119.057 4.49363e+06 592130 -0.0011232 0.00275001 1.05884e-05 0.00347198 0.00238259 0.000211201 1.18167e-05 2.33133e-06 
500 0.09 67500000 1723.27 103.806 -34.0236 1.65935 1557.87 133.49 4.49363e+06 788842 -0.0011232 0.0028061 1.05884e-05 0.00347198 0.00238259 0.000209851 1.18167e-05 2.2893e-06 
500 0.09 70000000 1728.43 99.2701 -34.7839 1.58653 1627.66 127.986 5.02404e+06 757104 -0.00270817 0.00271172 0.000441225 0.00347198 0.00248416 0.000202195 1.23832e-05 2.17821e-06 
500 0.09 72500000 1728.43 98.056 -34.7839 1.61208 1627.66 134.581 5.02404e+06 824148 -0.00270817 0.00271172 0.000441225 0.00347198 0.00248416 0.000193672 1.23832e-05 2.07567e-06 
500 0.09 75000000 1692.09 91.1505 -35.0669 1.55165 1671.88 127.439 5.39006e+06 884929 -0.00325505 0.00254029 0.000905566 0.00300646 0.00243978 0.000184493 1.19757e-05 1.97607e-06 
500 0.09 77500000 1697.68 90.36 -35.6248 1.50856 1703.57 127.439 5.405e+06 884929 -0.003958 0.0024402 0.00289668 0.00322891 0.00247658 0.000184009 1.1954e-05 1.88848e-06 
500 0.09 80000000 1697.68 92.1116 -35.6248 1.50856 1703.57 127.439 5.405e+06 884929 -0.003958 0.0024402 0.00289668 0.00322891 0.00247658 0.000182147 1.1954e-05 1.81405e-06 
500 0.09 82500000 1729.87 88.8761 -35.8609 1.48741 1710.67 114.988 5.36661e+06 758821 -0.0038572 0.00226799 0.00320988 0.00334545 0.00241921 0.000176208 1.1436e-05 1.73848e-06 
500 0.09 85000000 1727.57 84.6755 -36.1059 1.48741 1725.17 114.988 5.53345e+06 758821 -0.00365778 0.00220702 0.0036683 0.00334545 0.00239669 0.000165185 1.1246e-05 1.67841e-06 
500 0.09 87500000 1727.57 81.7416 -36.1059 1.48741 1725.17 114.988 5.53345e+06 758821 -0.00365778 0.00218052 0.0036683 0.00334545 0.00239669 0.00016083 1.1246e-05 1.63174e-06 
500 0.09 90000000 1712.13 79.4383 -36.1132 1.32271 1736.36 105.249 5.80536e+06 780571 -0.0032515 0.00214535 0.0036795 0.00296005 0.00244966 0.000159568 1.1527e-05 1.58204e-06 
500 0.09 92500000 1712.13 77.3951 -36.1132 1.32271 1736.36 103.586 5.80536e+06 780571 -0.0032515 0.00212261 0.0036795 0.00296005 0.00244966 0.00015795 1.1527e-05 1.53081e-06 
500 0.09 95000000 1712.94 85.1189 -35.9135 1.32271 1715.76 104.636 5.64431e+06 780571 -0.00302 0.00210172 0.00366853 0.00296005 0.00239263 0.000156044 1.1049e-05 1.48922e-06 
500 0.09 97500000 1766.09 83.3362 -35.9985 1.23451 1742.66 102.319 5.83484e+06 695630 -0.00282964 0.00206588 0.00250054 0.00285631 0.00239129 0.00014856 1.11536e-05 1.45054e-06 
500 0.09 100000000 1766.09 83.036 -35.9985 1.21988 1742.66 100.598 5.83484e+06 694397 -0.00282964 0.00201058 0.00250054 0.00285631 0.00239129 0.000147381 1.11536e-05 1.40383e-06 
500 0.09 102500000 1783.01 80.8599 -35.6044 1.20727 1713.58 98.9786 5.66145e+06 694397 -0.00285755 0.00195776 0.00151793 0.00285631 0.00241123 0.000142002 1.11428e-05 1.37141e-06 
500 0.09 105000000 1773.29 81.6266 -34.8908 1.62459 1665.41 112.793 5.44871e+06 724404 -0.00262582 0.00190451 0.00138113 0.00310964 0.00237636 0.000138163 1.09101e-05 1.33367e-06 
500 0.09 107500000 1773.29 80.1939 -34.8908 1.62459 1665.41 112.793 5.44871e+06 724404 -0.00262582 0.00189867 0.00138113 0.00310964 0.00237636 0.000138163 1.09101e-05 1.29674e-06 
500 0.09 110000000 1773.29 78.78 -34.8908 1.62459 1665.41 112.793 5.44871e+06 724404 -0.00262582 0.00185051 0.00138113 0.00310964 0.00237636 0.000132197 1.09101e-05 1.26165e-06 
500 0.09 112500000 1773.29 78.0383 -34.8908 1.62459 1665.41 112.793 5.44871e+06 724404 -0.00262582 0.00183527 0.00138113 0.00310964 0.00237636 0.000132197 1.09101e-05 1.25004e-06 
500 0.09 115000000 1770.35 78.0383 -34.9419 1.62459 1662.51 112.793 5.39549e+06 686721 -0.00247707 0.00182809 0.000940715 0.00310964 0.00241993 0.00013255 1.15466e-05 1.39992e-06 
