L J MC_steps R2 R2_std E E_std E2 E2_std E4 E4_std Sin1 Sin1_std Cos1 Cos1_std Mag2 Mag2_std Mag4 Mag4_std Mag1 Mag1_std eig1 eig1_std eig2 eig2_std eig3 eig3_std R_g_2_trace R_g_2_trace_std R_g_2_direct R_g_2_direct_std asphericity asphericity_std
200 0.3 8000000 473 0 -72.2585 0 5221.28 0 2.72618e+07 0 -0.0349323 0 -0.0397216 0 0.00279807 0 7.82919e-06 0 0.0528968 0 3.62757 0 55.0202 0 2776.37 0 2835.02 0 2835.02 0 0.939149 0 
200 0.3 8400000 554 57.2756 -68.7849 2.45616 4743.43 337.894 2.27285e+07 3.20555e+06 0.0195816 0.0385471 0.0334048 0.0517082 0.00981856 0.00496424 0.000145691 9.74833e-05 0.0913311 0.0271771 4.25482 0.443532 34.0477 14.8298 1430.06 951.988 1468.36 966.374 1468.36 966.374 0.742226 0.139246 
200 0.3 8800000 432.333 106.426 -65.9297 2.84884 4371.08 378.383 1.95359e+07 3.37078e+06 -0.011631 0.0361922 0.0597924 0.0406513 0.0125976 0.00401268 0.000207005 8.20354e-05 0.105802 0.0216303 3.90472 0.411272 28.4411 10.8949 969.896 737.534 1002.24 748.265 1002.24 748.265 0.610207 0.142256 
200 0.3 9200000 334.5 116.403 -70.5347 4.52428 5057.01 658.343 2.73071e+07 7.18923e+06 0.0276544 0.0435237 0.00659991 0.0552416 0.0205921 0.00754923 0.000651998 0.000390256 0.132134 0.0279857 3.6634 0.372588 25.3772 8.59122 732.661 590.073 761.702 598.614 761.702 598.614 0.498336 0.144116 
200 0.3 9600000 340.2 93.262 -76.802 6.67263 6121.17 1087.81 4.33853e+07 1.54883e+07 -0.00257938 0.0440866 0.0257162 0.0473855 0.0216131 0.00610803 0.000653665 0.000312208 0.137767 0.0229486 3.85245 0.342694 26.2886 6.92115 595.792 487.673 625.933 494.048 625.933 494.048 0.440758 0.126272 
200 0.3 10000000 356.333 79.1014 -75.3443 5.71754 5872.9 934.407 3.97297e+07 1.33313e+07 0.00404559 0.0372333 0.017936 0.0401216 0.0183144 0.00591405 0.000545273 0.000278354 0.121919 0.02398 5.69919 1.70985 28.3074 6.0549 1370.99 816.047 1405 821.758 1405 821.758 0.528974 0.132506 
200 0.3 10400000 318.714 76.2235 -72.397 5.60916 5461.57 886.847 3.53342e+07 1.21298e+07 0.0117298 0.0326976 0.0311852 0.0365121 0.0179259 0.00508192 0.000502121 0.000241911 0.122342 0.020558 5.59747 1.46861 27.2655 5.27879 1179.28 721.636 1212.15 726.641 1212.15 726.641 0.474617 0.124227 
200 0.3 10800000 332 67.8436 -71.0151 5.07539 5249.22 801.01 3.26873e+07 1.08986e+07 0.00992992 0.0286599 0.0262104 0.0322852 0.0156954 0.00491188 0.000439357 0.000219663 0.108176 0.0223418 5.18509 1.34168 26.1394 4.73755 1038.3 645.056 1069.62 649.637 1069.62 649.637 0.460743 0.10947 
200 0.3 11200000 302.333 66.476 -73.6867 5.16697 5670.01 815.072 3.81281e+07 1.09619e+07 0.0180196 0.0265927 0.0221853 0.0289478 0.0147232 0.00446128 0.0003959 0.000199509 0.105417 0.0200291 4.82187 1.2408 27.5993 4.4304 929.002 582.569 961.423 586.397 961.423 586.397 0.43623 0.100014 
200 0.3 11600000 298.6 71.7321 -69.311 6.23356 5192.59 862.124 3.43955e+07 1.0482e+07 0.0204688 0.0240459 0.0111172 0.0280893 0.0142147 0.00404403 0.0003656 0.000181844 0.104693 0.0180393 4.81569 1.12191 26.9196 4.03918 842.832 530.647 874.568 534.151 874.568 534.151 0.429319 0.0902507 
200 0.3 12000000 399.182 110.298 -66.938 6.10185 4890.25 835.079 3.15855e+07 9.89854e+06 0.00886735 0.0244992 0.0087732 0.0256334 0.0139857 0.00394677 0.000344799 0.000181599 0.105007 0.0164021 5.63411 1.28046 33.5942 7.34743 967.901 496.926 1007.13 501.771 1007.13 501.771 0.468436 0.0901255 
200 0.3 12400000 398 108.66 -68.1183 5.70638 5030.86 777.236 3.25587e+07 9.12137e+06 0.00339281 0.0230612 0.00022995 0.0248802 0.0138217 0.00337961 0.000328101 0.000155156 0.105392 0.0150397 5.35988 1.20276 33.3504 6.73919 892.525 461.197 931.235 465.661 931.235 465.661 0.454507 0.0836845 
200 0.3 12800000 440.385 108.66 -66.5707 5.47328 4821.1 745.218 3.04625e+07 8.65725e+06 -0.00133127 0.0217657 0.00538494 0.0234943 0.0133653 0.00330849 0.000307649 0.000155156 0.104116 0.0139368 5.75342 1.17286 32.1014 6.47884 829.193 430.047 867.048 434.242 867.048 434.242 0.445026 0.0780394 
200 0.3 13200000 446.857 103.54 -65.1376 5.26661 4631.22 715.768 2.86208e+07 8.23245e+06 0.0061019 0.0214428 0.0052215 0.0218167 0.0131652 0.00293164 0.000293645 0.000136763 0.104021 0.0129416 6.16796 1.1761 32.0013 5.88373 1109.71 482.217 1147.88 485.617 1147.88 485.617 0.482793 0.0808774 
200 0.3 13600000 467.533 103.54 -66.5123 5.09176 4812.78 690.691 3.03186e+07 7.85675e+06 -0.00153503 0.0213299 -0.00215641 0.0215738 0.0138129 0.00290026 0.000308971 0.000136763 0.107171 0.0124562 6.6224 1.1761 32.1867 5.69201 1344.12 503.832 1382.93 506.945 1382.93 506.945 0.515246 0.0817378 
200 0.3 14000000 453.125 90.7867 -65.2043 4.93867 4641.85 668.338 2.86936e+07 7.53189e+06 -0.00394406 0.0201324 0.000509133 0.0203894 0.0131525 0.00270799 0.000290319 0.000119708 0.104033 0.0120663 7.21502 1.42067 31.5827 5.18409 1262.1 478.972 1300.9 481.852 1300.9 481.852 0.485397 0.0818982 
200 0.3 14400000 431.471 90.7867 -68.6055 5.70024 5259.09 868.473 4.04802e+07 1.34538e+07 0.00749266 0.0219576 0.00840921 0.0206639 0.0155821 0.00347157 0.000447683 0.00018934 0.111641 0.013544 7.00273 1.42067 30.2982 5.03577 1189.79 456.223 1227.09 459.126 1227.09 459.126 0.47646 0.0775668 
200 0.3 14800000 426.889 84.4052 -67.6735 5.45923 5116.16 831.903 3.86322e+07 1.28326e+07 -0.000902593 0.0222849 0.00777469 0.0195257 0.0158629 0.00340863 0.00044647 0.00018165 0.113419 0.0129078 6.92653 1.29178 30.0125 4.7641 1127.93 435.05 1164.87 437.814 1164.87 437.814 0.469379 0.07358 
200 0.3 15200000 413.105 84.4052 -67.583 5.17265 5075.83 789.096 3.75948e+07 1.21991e+07 -0.00475047 0.0214416 0.00637618 0.018548 0.0153349 0.00340863 0.000424762 0.00018165 0.111469 0.0126204 6.84637 1.29178 28.9661 4.68104 1070.28 415.956 1106.09 418.699 1106.09 418.699 0.458995 0.0704364 
200 0.3 15600000 437.7 76.6539 -66.553 5.0155 4932.41 762.562 3.59587e+07 1.16983e+07 0.00490836 0.0224399 0.00346927 0.017847 0.0164773 0.00343798 0.000476423 0.000187032 0.115666 0.0125265 6.86188 1.39437 28.2582 4.78206 1022.78 397.861 1057.9 400.528 1057.9 400.528 0.465673 0.0672303 
200 0.3 16000000 437.7 76.6539 -66.553 4.77667 4932.41 726.659 3.59587e+07 1.11677e+07 0.00490836 0.0220879 0.00346927 0.0171829 0.0164773 0.00343798 0.000476423 0.000187032 0.115666 0.0125265 6.86188 1.39437 28.2582 4.78206 1022.78 381.4 1057.9 384.01 1057.9 384.01 0.465673 0.0641432 
200 0.3 16400000 440.273 72.2412 -65.0522 4.78718 4735.97 713.567 3.36313e+07 1.07658e+07 0.0150084 0.0215141 0.00433477 0.0164873 0.0164072 0.00343798 0.000456495 0.000187032 0.116482 0.0125265 6.50054 1.39437 27.3973 4.78206 936.511 366.339 970.409 368.864 970.409 368.864 0.464736 0.0614114 
200 0.3 16800000 440.273 69.7285 -65.0522 4.58331 4735.97 682.562 3.36313e+07 1.03065e+07 0.0150084 0.0205872 0.00433477 0.0158235 0.0164072 0.00343798 0.000456495 0.000187032 0.116482 0.0125265 6.50054 1.39437 27.3973 4.78206 936.511 352.071 970.409 353.571 970.409 353.571 0.464736 0.0611311 
200 0.3 17200000 455.083 67.8572 -64.7095 4.42461 4657.17 659.285 3.2121e+07 9.93291e+06 0.0134031 0.0197537 -0.00226626 0.0160201 0.0157093 0.00294953 0.000428331 0.000161925 0.113031 0.0110551 6.56408 1.19336 27.212 4.09789 889.786 337.637 923.562 339.944 923.562 339.944 0.48154 0.0585861 
200 0.3 17600000 455.083 65.4718 -64.7095 4.31666 4657.17 641.214 3.2121e+07 9.59847e+06 0.0134031 0.0190548 -0.00226626 0.0156163 0.0157093 0.00294953 0.000428331 0.000161925 0.113031 0.0107121 6.56408 1.19336 27.212 4.09789 889.786 364.718 923.562 367.083 923.562 367.083 0.48154 0.0593878 
200 0.3 18000000 464.231 62.9478 -65.2638 4.35339 4752.12 646.965 3.34653e+07 9.54027e+06 0.0127784 0.0184885 -0.0108246 0.016054 0.0158689 0.00294953 0.000425904 0.000161925 0.114238 0.0107121 6.78675 1.19336 26.9335 4.09789 1021.13 352.803 1054.85 355.164 1054.85 355.164 0.499782 0.0571162 
200 0.3 18400000 464.231 61.0712 -65.2638 4.19425 4752.12 623.97 3.34653e+07 9.21298e+06 0.0127784 0.0178562 -0.0108246 0.0157228 0.0158689 0.00294953 0.000425904 0.000161925 0.114238 0.0107121 6.78675 1.19336 26.9335 4.09789 1021.13 341.483 1054.85 343.774 1054.85 343.774 0.499782 0.0551709 
200 0.3 18800000 451.857 59.3984 -64.6202 4.07517 4640.76 606.292 3.18292e+07 8.93081e+06 0.0129487 0.017287 -0.0124456 0.0152149 0.0151719 0.00257666 0.000398615 0.000141494 0.111533 0.00987815 6.64063 1.02533 26.2332 3.62748 952.454 330.928 985.328 333.181 985.328 333.181 0.490726 0.0533956 
200 0.3 19200000 451.857 59.232 -64.6202 3.93929 4640.76 585.472 3.18292e+07 8.62655e+06 0.0129487 0.0166915 -0.0124456 0.0147003 0.0151719 0.00257666 0.000398615 0.000141494 0.111533 0.0101466 6.64063 1.02533 26.2332 3.62748 952.454 320.835 985.328 322.952 985.328 322.952 0.490726 0.0521311 
200 0.3 19600000 451.667 59.1918 -76.1746 11.8003 9980.02 5269.96 9.32776e+08 8.86096e+08 0.0300594 0.0234162 -0.0061417 0.0152938 0.0244078 0.0098738 0.0035205 0.00308518 0.122889 0.0176127 6.66245 1.02533 25.905 3.62748 892.312 311.594 924.879 313.714 924.879 313.714 0.468332 0.0523776 
200 0.3 20000000 451.667 57.3004 -76.1746 11.5121 9980.02 5177.3 9.32776e+08 8.70428e+08 0.0300594 0.0226755 -0.0061417 0.0153943 0.0244078 0.00955655 0.0035205 0.00301826 0.122889 0.0170528 6.66245 1.02533 25.905 3.62748 892.312 302.583 924.879 304.665 924.879 304.665 0.468332 0.0508549 
200 0.3 20400000 448.75 55.6769 -75.7221 11.1127 9685.59 4946.64 8.76828e+08 8.31599e+08 0.0330235 0.0222821 -0.0143347 0.0154483 0.0247695 0.00927204 0.00336459 0.00289446 0.125891 0.0166967 6.85598 0.919499 25.8291 3.19647 949.458 304.201 982.144 306.295 982.144 306.295 0.487688 0.051479 
200 0.3 20800000 448.75 54.0591 -75.7221 10.8015 9685.59 4862.08 8.76828e+08 8.17822e+08 0.0330235 0.02167 -0.0143347 0.0154483 0.0247695 0.00925646 0.00336459 0.00283364 0.125891 0.0162652 6.85598 0.919499 25.8291 3.19647 949.458 296.205 982.144 298.26 982.144 298.26 0.487688 0.0501618 
200 0.3 21200000 442.412 52.586 -76.0937 10.6018 9515.1 4729.17 8.28049e+08 7.90441e+08 0.0308655 0.021038 -0.0155465 0.0151604 0.0240571 0.00925646 0.00317916 0.00277718 0.124802 0.0157942 6.76012 0.919499 24.9522 3.19647 897.006 288.559 928.718 290.598 928.718 290.598 0.486083 0.0488016 
200 0.3 21600000 442.412 51.5489 -76.0937 10.6018 9515.1 4729.17 8.28049e+08 7.90441e+08 0.0308655 0.0208564 -0.0155465 0.0147272 0.0240571 0.00925646 0.00317916 0.00277718 0.124802 0.0156969 6.76012 0.919499 24.9522 3.19647 897.006 281.273 928.718 283.299 928.718 283.299 0.486083 0.0477422 
200 0.3 22000000 426.333 50.9081 -76.0959 9.91239 9327.78 4401.97 7.8459e+08 7.40479e+08 0.0280574 0.0200007 -0.0157684 0.0143195 0.0228186 0.00843104 0.00300282 0.00257852 0.11998 0.0152965 6.7057 0.829522 23.9664 3.34024 849.971 274.44 880.643 276.436 880.643 276.436 0.483545 0.047126 
200 0.3 22400000 426.333 50.5328 -76.0959 9.64456 9327.78 4328.5 7.8459e+08 7.29549e+08 0.0280574 0.0198606 -0.0157684 0.0139996 0.0228186 0.00843104 0.00300282 0.00253033 0.11998 0.0150246 6.7057 0.829522 23.9664 3.34024 849.971 267.879 880.643 269.845 880.643 269.845 0.483545 0.0459198 
200 0.3 22800000 426.105 50.1665 -75.8877 9.43042 9112.28 4217.22 7.44769e+08 7.07975e+08 0.0239342 0.0193382 -0.0138259 0.0136422 0.0220468 0.00843104 0.0028514 0.00249205 0.117539 0.0150246 6.58499 0.829522 23.2234 3.34024 810.013 261.451 839.821 263.394 839.821 263.394 0.488561 0.0453258 
200 0.3 23200000 426.105 49.2472 -75.8877 9.43042 9112.28 4217.22 7.44769e+08 7.07975e+08 0.0239342 0.0191211 -0.0138259 0.0133118 0.0220468 0.00843104 0.0028514 0.00249205 0.117539 0.0150246 6.58499 0.829522 23.2234 3.34024 810.013 255.532 839.821 257.452 839.821 257.452 0.488561 0.0449094 
200 0.3 23600000 416.75 48.1248 -74.619 8.98742 8798.95 3970.72 7.08086e+08 6.67418e+08 0.0174884 0.0215748 -0.0131505 0.0130529 0.0216985 0.00766197 0.00272525 0.00232443 0.117399 0.0140677 6.48009 0.776644 22.8185 3.88902 772.065 253.297 801.363 257.377 801.363 257.377 0.479096 0.0438029 
200 0.3 24000000 416.75 47.0234 -74.619 8.79115 8798.95 3912.68 7.08086e+08 6.58597e+08 0.0174884 0.0215748 -0.0131505 0.0127692 0.0216985 0.00766197 0.00272525 0.00228491 0.117399 0.013742 6.48009 0.819627 22.8185 7.60907 772.065 253.297 801.363 257.377 801.363 257.377 0.479096 0.0427348 
200 0.3 24400000 416.75 46.5493 -74.619 8.63363 8798.95 3828.52 7.08086e+08 6.41298e+08 0.0174884 0.0215748 -0.0131505 0.0125341 0.0216985 0.00766197 0.00272525 0.00225825 0.117399 0.013742 6.48009 0.804812 22.8185 7.44608 772.065 259.824 801.363 261.666 801.363 261.666 0.479096 0.0434361 
200 0.3 24800000 416.75 45.9026 -74.619 8.60224 8798.95 3828.52 7.08086e+08 6.41298e+08 0.0174884 0.0215748 -0.0131505 0.0122597 0.0216985 0.00766197 0.00272525 0.00225825 0.117399 0.013742 6.48009 0.786104 22.8185 7.28569 772.065 254.551 801.363 257.377 801.363 257.377 0.479096 0.0429988 
