L J MC_steps R2 R2_std E E_std E2 E2_std E4 E4_std Sin1 Sin1_std Cos1 Cos1_std Mag2 Mag2_std Mag4 Mag4_std Mag1 Mag1_std eig1 eig1_std eig2 eig2_std eig3 eig3_std R_g_2_trace R_g_2_trace_std R_g_2_direct R_g_2_direct_std asphericity asphericity_std
200 0.22 8000000 113 0 -57.9485 0 3358.03 0 1.12764e+07 0 -0.0541608 0 0.026015 0 0.00361017 0 1.30333e-05 0 0.0600847 0 4.81476 0 25.7769 0 2792.04 0 2822.63 0 2822.63 0 0.967792 0 
200 0.22 8400000 422 218.496 -53.9225 2.84683 2923.84 307.016 8.73737e+06 1.79534e+06 -0.0431788 0.00776541 -0.0102931 0.0256737 0.00340924 0.000142082 1.16633e-05 9.68783e-07 0.0583633 0.00121722 5.28183 0.330264 19.9443 4.12433 1437.57 957.755 1462.79 961.549 1462.79 961.549 0.738883 0.161863 
200 0.22 8800000 671 250.104 -53.1302 2.00511 2834.88 217.185 8.17804e+06 1.28106e+06 -0.0338846 0.00918639 -0.00799233 0.0172186 0.00235465 0.000866263 7.79559e-06 3.22331e-06 0.0441313 0.0116487 4.48343 0.688067 15.9545 4.26286 1006.28 729.174 1026.72 733.28 1026.72 733.28 0.759621 0.109229 
200 0.22 9200000 614 193.965 -49.818 3.23874 2523.79 314.824 6.76597e+06 1.55518e+06 -0.0139489 0.0185888 -0.0257838 0.020104 0.00385824 0.00145523 2.33568e-05 1.36915e-05 0.0559691 0.0134694 4.13574 0.597472 16.3131 3.21219 769.253 584.135 789.701 587.016 789.701 587.016 0.668761 0.113591 
200 0.22 9600000 517 177.779 -48.0831 3.02014 2357.59 292.459 5.98587e+06 1.42644e+06 -0.0157154 0.0149547 -0.0240077 0.0161615 0.00324753 0.00128596 1.8815e-05 1.16823e-05 0.0504487 0.0118529 4.43938 0.549745 15.866 2.60067 620.911 485.779 641.216 488.031 641.216 488.031 0.567738 0.128149 
200 0.22 10000000 652.333 192.901 -48.5922 2.55935 2400.51 246.845 6.12803e+06 1.19576e+06 -0.0170553 0.0125222 -0.0328712 0.0157116 0.00379335 0.00118181 2.27695e-05 1.0383e-05 0.0555008 0.0109011 5.42809 1.01217 269.948 231.954 1268.4 716.413 1543.78 918.831 1543.78 918.831 0.544322 0.108909 
200 0.22 10400000 619.286 168.151 -49.9268 2.51775 2537.06 246.474 6.86192e+06 1.2297e+06 0.0105881 0.0277525 -0.0271222 0.0144807 0.00770695 0.00376223 0.000158478 0.000125956 0.0728011 0.0185432 6.00457 1.0186 243.735 200.294 1887.45 839.974 2137.19 960.26 2137.19 960.26 0.602315 0.10769 
200 0.22 10800000 587.5 150.106 -50.2811 2.22782 2567.89 217.585 6.97283e+06 1.08097e+06 0.0150589 0.0246409 -0.0199937 0.0143181 0.00712397 0.00333681 0.000139826 0.000111584 0.0705965 0.0163558 5.86285 0.901077 215.36 177.255 2299.47 829.897 2520.69 913.602 2520.69 913.602 0.650474 0.104443 
200 0.22 11200000 584.111 133.466 -46.4808 4.0938 2311.3 309.732 6.20549e+06 1.20276e+06 0.0152977 0.0219042 -0.0100388 0.0158136 0.00690355 0.00297333 0.000127225 9.98949e-05 0.0707186 0.014539 5.85082 0.801038 192.655 159.008 2050.62 774.097 2249.13 851.496 2249.13 851.496 0.628711 0.0950789 
200 0.22 11600000 566.2 121.315 -47.7807 3.88534 2433.96 302.072 6.83663e+06 1.23704e+06 0.00922145 0.0243509 -0.0136158 0.0146312 0.00662974 0.00268857 0.000116238 9.05076e-05 0.0701008 0.0130982 5.60317 0.806596 175.299 144.051 1850.26 875.926 2031.16 906.93 2031.16 906.93 0.59619 0.108977 
200 0.22 12000000 537 113.746 -46.4334 3.75849 2311.45 298.422 6.3224e+06 1.22682e+06 0.00189264 0.0243509 -0.0108365 0.0135625 0.00651657 0.00244654 0.000108307 8.38639e-05 0.070399 0.0119108 5.46749 0.806596 162.455 134.739 1688.62 875.926 1856.54 906.93 1856.54 906.93 0.568098 0.108977 
200 0.22 12400000 514.667 106.437 -45.3661 3.59364 2213.05 289.321 5.90207e+06 1.19442e+06 0.000462686 0.0218108 -0.0102238 0.0124461 0.00599395 0.0022978 9.92861e-05 7.62317e-05 0.0658374 0.0117594 5.32838 0.717448 150.875 121.075 1551.75 779.144 1707.95 811.324 1707.95 811.324 0.541591 0.103592 
200 0.22 12800000 487 101.782 -45.0697 3.3294 2175.38 269.507 5.67653e+06 1.12364e+06 -0.00070446 0.0218108 -0.00732585 0.0118213 0.00560749 0.0021533 9.17211e-05 7.15793e-05 0.0631685 0.0111536 5.50264 0.717448 140.325 114.475 1434.79 779.144 1580.62 811.324 1580.62 811.324 0.512564 0.103592 
200 0.22 13200000 467.143 96.4296 -47.7541 4.03099 2507.93 406.594 8.60419e+06 3.00792e+06 -0.00105987 0.018748 0.00202046 0.0144467 0.0062991 0.00210764 0.000101869 6.64129e-05 0.0674888 0.0111623 5.43208 0.622405 132.152 104.502 1336.59 696.912 1474.18 728.323 1474.18 728.323 0.496468 0.0981297 
200 0.22 13600000 446.467 92.191 -47.9963 3.76953 2516.79 379.584 8.49547e+06 2.80936e+06 -0.00216294 0.018748 0.00834694 0.0145937 0.00652603 0.00197931 0.000101354 6.19874e-05 0.0695565 0.0106079 5.48443 0.622405 124.301 99.6408 1248.79 696.912 1378.58 728.323 1378.58 728.323 0.468993 0.0981297 
200 0.22 14000000 421.125 89.8446 -46.9978 3.66379 2423.57 367.128 8.03021e+06 2.67202e+06 -0.00844954 0.0178014 0.00991837 0.0146414 0.00684808 0.00188162 0.000103544 5.81518e-05 0.0719635 0.0102144 5.88249 0.688556 117.78 91.9322 1196.84 623.654 1320.5 653.295 1320.5 653.295 0.489626 0.0861017 
200 0.22 14400000 413 84.9262 -46.3044 3.51328 2353.93 352.075 7.64825e+06 2.542e+06 -0.00696467 0.0178014 0.00829901 0.0146414 0.00648008 0.00180656 9.74738e-05 5.5047e-05 0.0691618 0.00999037 5.77604 0.688556 112.114 88.2161 1128.09 623.654 1245.98 653.295 1245.98 653.295 0.470285 0.0861017 
200 0.22 14800000 420.556 80.5435 -45.5864 3.39067 2285.06 339.184 7.29232e+06 2.42557e+06 -0.0115767 0.0160958 0.00745645 0.01322 0.00657252 0.00170856 9.57432e-05 5.20161e-05 0.070333 0.00950375 5.6171 0.661222 106.307 82.0765 1067.81 567.549 1179.73 595.679 1179.73 595.679 0.472123 0.0782936 
200 0.22 15200000 404.158 77.9556 -45.1027 3.24654 2234.51 325.077 7.00087e+06 2.31535e+06 -0.0087788 0.0160958 0.0089415 0.01322 0.00638458 0.00162894 9.11784e-05 4.94783e-05 0.0695149 0.0090387 5.78721 0.661222 101.211 79.1568 1012.27 567.549 1119.27 595.679 1119.27 595.679 0.44794 0.0782936 
200 0.22 15600000 389.8 79.4628 -43.5948 4.04447 2133.95 344.602 6.65332e+06 2.22551e+06 -0.0108153 0.0145042 0.0130294 0.0151021 0.00659923 0.00156157 9.23199e-05 4.70175e-05 0.0712057 0.00874349 5.6887 0.696147 96.916 74.1373 963.235 652.398 1065.84 722.617 1065.84 722.617 0.436887 0.0799587 
200 0.22 16000000 389.8 79.4628 -43.5948 4.04447 2133.95 344.602 6.65332e+06 2.14161e+06 -0.0108153 0.0145042 0.0130294 0.0151021 0.00659923 0.00149384 9.23199e-05 4.47786e-05 0.0712057 0.0084204 5.6887 0.696147 96.916 71.7961 963.235 652.398 1065.84 722.617 1065.84 722.617 0.436887 0.0799587 
200 0.22 16400000 406.818 79.4628 -43.8551 4.04447 2224.91 354.034 7.70769e+06 2.44276e+06 -0.00552366 0.014118 0.0136142 0.0151021 0.00698479 0.00144533 9.47449e-05 4.28081e-05 0.0741827 0.00820674 5.57004 0.696147 88.7272 71.0041 881.926 652.398 976.223 722.617 976.223 722.617 0.451158 0.0799587 
200 0.22 16800000 406.818 79.4628 -43.8551 4.04447 2224.91 347.919 7.70769e+06 2.35871e+06 -0.00552366 0.014118 0.0136142 0.0151021 0.00698479 0.00138866 9.47449e-05 4.1086e-05 0.0741827 0.00786555 5.57004 0.696147 88.7272 71.0041 881.926 652.398 976.223 722.617 976.223 722.617 0.451158 0.0799587 
200 0.22 17200000 395.333 66.4114 -41.9785 3.67919 2078.03 339.49 7.08429e+06 2.27863e+06 -0.00326925 0.0131202 0.00981186 0.0129233 0.00733633 0.00141304 0.000101742 4.06817e-05 0.0762729 0.00795499 5.51799 0.60069 83.1288 62.1039 811.372 561.062 900.019 620.915 900.019 620.915 0.428696 0.0695856 
200 0.22 17600000 395.333 66.4114 -41.9785 3.67919 2078.03 327.618 7.08429e+06 2.18828e+06 -0.00326925 0.0131202 0.00981186 0.0129233 0.00733633 0.00136707 0.000101742 3.9223e-05 0.0762729 0.00768274 5.51799 0.60069 83.1288 60.4945 811.372 561.062 900.019 620.915 900.019 620.915 0.428696 0.0695856 
200 0.22 18000000 396.846 66.4114 -41.9496 3.67919 2063.4 318.621 6.89713e+06 2.11804e+06 -0.00355274 0.0126211 0.00279188 0.0130503 0.00792125 0.00151007 0.000122034 4.44544e-05 0.0788207 0.00810638 5.40192 0.60069 78.1629 60.4938 841.802 561.062 925.367 620.915 925.367 620.915 0.442913 0.0670505 
200 0.22 18400000 396.846 66.4114 -41.9496 3.67919 2063.4 311.329 6.89713e+06 2.05333e+06 -0.00355274 0.0126211 0.00279188 0.0129233 0.00792125 0.00145738 0.000122034 4.29455e-05 0.0788207 0.00780959 5.40192 0.60069 78.1629 60.4938 841.802 561.062 925.367 620.915 925.367 620.915 0.442913 0.0670505 
200 0.22 18800000 424.429 62.9757 -41.8693 3.27634 2053.6 303.303 6.79307e+06 1.9846e+06 -0.00284269 0.0112696 0.00366134 0.012455 0.00761541 0.00141993 0.000114448 4.16057e-05 0.0773876 0.00762179 5.45663 0.518001 73.866 53.4047 787.95 481.399 867.272 533.076 867.272 533.076 0.444801 0.0610058 
200 0.22 19200000 424.429 62.9757 -41.8693 3.29645 2053.6 299.43 6.79307e+06 1.92976e+06 -0.00284269 0.0118148 0.00366134 0.012455 0.00761541 0.00146409 0.000114448 4.24447e-05 0.0773876 0.00776943 5.45663 0.518001 73.866 52.5562 787.95 481.399 867.272 533.076 867.272 533.076 0.444801 0.0610058 
200 0.22 19600000 440.8 62.9757 -41.1425 3.19369 1998.69 289.574 6.51036e+06 1.86608e+06 -0.00128661 0.0119853 0.00507067 0.012455 0.00828696 0.00142281 0.000129406 4.10419e-05 0.0810007 0.00758474 5.40096 0.518001 69.3549 52.5562 742.781 481.399 817.537 533.076 817.537 533.076 0.465157 0.0602393 
200 0.22 20000000 440.8 62.9757 -41.1425 3.15521 1998.69 281.151 6.51036e+06 1.80609e+06 -0.00128661 0.0120169 0.00507067 0.012455 0.00828696 0.00138426 0.000129406 3.97324e-05 0.0810007 0.00741005 5.40096 0.518001 69.3549 52.5562 742.781 481.399 817.537 533.076 817.537 533.076 0.465157 0.0602393 
200 0.22 20400000 425.312 56.8088 -42.0326 3.05893 2066.17 275.847 6.70397e+06 1.75726e+06 0.00162067 0.0116448 0.00537708 0.0111562 0.00835355 0.0013432 0.000127516 3.86022e-05 0.0818768 0.00718014 5.60304 0.473491 66.7291 46.8547 964.703 452.511 1037.04 492.732 1037.04 492.732 0.496941 0.0712589 
200 0.22 20800000 425.312 56.6745 -42.0326 3.00782 2066.17 270.845 6.70397e+06 1.71433e+06 0.00162067 0.0114385 0.00537708 0.0110156 0.00835355 0.00130562 0.000127516 3.75491e-05 0.0818768 0.0069676 5.60304 0.473491 66.7291 46.4687 964.703 452.511 1037.04 492.732 1037.04 492.732 0.496941 0.0712589 
200 0.22 21200000 413.824 55.11 -41.3932 2.92231 2003.75 263.562 6.37682e+06 1.66933e+06 0.000798777 0.0114105 0.0089021 0.0110156 0.00850022 0.00128879 0.000128727 3.66805e-05 0.08297 0.00689456 5.80453 0.473491 64.5469 46.4687 1003.86 452.511 1074.21 492.732 1074.21 492.732 0.502836 0.0712589 
200 0.22 21600000 413.824 55.11 -41.3932 2.84823 2003.75 256.356 6.37682e+06 1.62166e+06 0.000798777 0.0111438 0.0089021 0.0110259 0.00850022 0.00125875 0.000128727 3.56538e-05 0.08297 0.00681989 5.80453 0.473491 64.5469 46.4687 1003.86 452.511 1074.21 492.732 1074.21 492.732 0.502836 0.0712589 
200 0.22 22000000 408.889 51.6883 -41.3785 2.78001 1990.41 250.592 6.22239e+06 1.58311e+06 0.00194277 0.0110707 0.00612625 0.0107332 0.00860074 0.00122419 0.000127924 3.47226e-05 0.0839472 0.00656928 5.75952 0.445987 62.8395 41.6958 1064.39 413.067 1132.99 447.23 1132.99 447.23 0.506233 0.0639443 
200 0.22 22400000 408.889 55.8724 -41.3785 2.82808 1990.41 258.701 6.22239e+06 1.64051e+06 0.00194277 0.0109363 0.00612625 0.010483 0.00860074 0.00119255 0.000127924 3.38637e-05 0.0839472 0.00639262 5.75952 0.445987 62.8395 41.713 1064.39 413.067 1132.99 447.23 1132.99 447.23 0.506233 0.0639443 
200 0.22 22800000 437.316 56.2442 -41.4263 2.86166 2027.33 256.824 6.61647e+06 1.60699e+06 0.000817155 0.0106771 0.00884373 0.010359 0.00848861 0.00116233 0.000123395 3.30425e-05 0.0837625 0.00636867 5.71181 0.445987 71.3248 41.468 1101.57 413.067 1178.61 447.23 1178.61 447.23 0.510826 0.0639443 
200 0.22 23200000 437.316 57.3919 -41.4263 2.80417 2027.33 251.063 6.61647e+06 1.56618e+06 0.000817155 0.0107514 0.00884373 0.0100934 0.00848861 0.00113491 0.000123395 3.21957e-05 0.0837625 0.00636867 5.71181 0.445987 71.3248 41.468 1101.57 413.067 1178.61 447.23 1178.61 447.23 0.510826 0.0639443 
200 0.22 23600000 460.15 67.1036 -41.4342 2.74945 2019.17 246.428 6.50613e+06 1.53383e+06 -0.00175419 0.0104841 0.00566814 0.0103291 0.00869942 0.00111468 0.000125381 3.14421e-05 0.0852027 0.00599984 5.69418 0.406146 69.811 38.6326 1096.07 397.511 1171.58 425.632 1171.58 425.632 0.520125 0.0750088 
200 0.22 24000000 460.15 67.1036 -41.4342 2.68267 2019.17 240.504 6.50613e+06 1.49872e+06 -0.00175419 0.0111624 0.00566814 0.010163 0.00869942 0.00128981 0.000125381 4.34931e-05 0.0852027 0.00640973 5.69418 0.445948 69.811 39.4288 1096.07 397.511 1171.58 425.632 1171.58 425.632 0.520125 0.0750088 
200 0.22 24400000 460.15 67.1036 -41.4342 2.68267 2019.17 235.61 6.50613e+06 1.46359e+06 -0.00175419 0.0108968 0.00566814 0.0100899 0.00869942 0.00126249 0.000125381 4.2562e-05 0.0852027 0.00626567 5.69418 0.436591 69.811 38.5214 1096.07 397.511 1171.58 425.632 1171.58 425.632 0.520125 0.0750088 
200 0.22 24800000 460.15 67.1036 -41.4342 2.68267 2019.17 232.646 6.50613e+06 1.43599e+06 -0.00175419 0.0106477 0.00566814 0.00993694 0.00869942 0.00124025 0.000125381 4.16984e-05 0.0852027 0.00615379 5.69418 0.435251 69.811 37.9027 1096.07 397.511 1171.58 425.632 1171.58 425.632 0.520125 0.0750088 
200 0.22 25200000 474.773 62.5762 -42.1677 2.68267 2063.09 227.395 6.53149e+06 1.40501e+06 -0.00561247 0.0104459 0.00342957 0.00971088 0.00899369 0.00122505 0.000146919 4.08875e-05 0.0856944 0.006124 5.83783 0.427125 77.344 36.8155 1167.62 397.511 1250.8 425.632 1250.8 425.632 0.524323 0.0750088 
