L J MC_steps R2 R2_std E E_std E2 E2_std E4 E4_std Sin1 Sin1_std Cos1 Cos1_std Mag2 Mag2_std Mag4 Mag4_std Mag1 Mag1_std eig1 eig1_std eig2 eig2_std eig3 eig3_std R_g_2_trace R_g_2_trace_std R_g_2_direct R_g_2_direct_std asphericity asphericity_std
200 0.31 8000000 929 0 -52.9678 0 2805.59 0 7.87133e+06 0 0.00851864 0 0.00224698 0 7.76161e-05 0 6.02426e-09 0 0.00881 0 6.59205 0 23.6961 0 4876.98 0 4907.27 0 4907.27 0 0.981579 0 
200 0.31 8400000 879 35.3553 -64.6009 8.22586 4308.61 1062.8 2.08232e+07 9.15836e+06 0.0414845 0.0233104 0.0459486 0.0309017 0.00682881 0.00477382 9.22114e-05 6.5199e-05 0.0626717 0.0380859 5.48354 0.783831 17.7563 4.20009 2479.09 1695.57 2502.33 1700.55 2502.33 1700.55 0.774695 0.146289 
200 0.31 8800000 633 202.236 -224.545 130.709 101675 79502.2 2.92995e+10 2.39059e+10 -0.168928 0.172502 0.117231 0.0617405 0.142987 0.111218 0.0575534 0.0469169 0.256594 0.16036 5.16157 0.584955 13.501 4.46231 2932.76 1189.52 2951.42 1191.52 2951.42 1191.52 0.847331 0.114143 
200 0.31 9200000 486 198.022 -313.865 124.875 160886 78643.8 5.06238e+10 2.57393e+10 -0.273968 0.158157 0.153859 0.0561284 0.211387 0.102307 0.0865514 0.04323 0.353805 0.146807 4.72569 0.578763 11.3047 3.84946 3487.78 1013.39 3503.81 1013.63 3503.81 1013.63 0.884318 0.0914036 
200 0.31 9600000 392.2 179.262 -363.336 109.261 191702 68687.7 6.03397e+10 2.235e+10 -0.335301 0.137906 0.185086 0.0528804 0.255755 0.0909591 0.106778 0.0390303 0.414684 0.129455 4.37617 0.558667 9.80965 3.35736 3914.1 895.908 3928.29 895.384 3928.29 895.384 0.906729 0.0758206 
200 0.31 10000000 330 159.812 -416.059 102.989 236746 70478 8.58513e+10 2.98205e+10 -0.386868 0.124189 0.213598 0.0511794 0.303545 0.0874569 0.138032 0.043265 0.468327 0.118473 4.07571 0.540346 8.77553 2.95277 4138.99 774.301 4151.84 773.557 4151.84 773.557 0.921688 0.0646428 
200 0.31 10400000 286.714 142.724 -452.811 94.6065 267690 66858.9 1.02949e+11 3.0065e+10 -0.426209 0.112507 0.231011 0.0467367 0.338915 0.0818034 0.161706 0.0430772 0.507478 0.107823 3.99776 0.468743 8.08844 2.60966 4364.32 695.7 4376.4 694.88 4376.4 694.88 0.932315 0.0562748 
200 0.31 10800000 253.25 128.747 -477.662 85.9826 287305 61311.3 1.12617e+11 2.78178e+10 -0.446125 0.100191 0.245304 0.0430247 0.354316 0.0730134 0.168187 0.0381771 0.529018 0.0964729 3.88427 0.423666 7.62746 2.32381 4521.44 626.229 4532.95 625.406 4532.95 625.406 0.940277 0.0498005 
200 0.31 11200000 228.333 116.828 -510.984 82.6341 322560 63835.4 1.4072e+11 3.62416e+10 -0.472573 0.0924831 0.261364 0.0411326 0.383841 0.0706187 0.192217 0.0408028 0.55773 0.0899249 3.77044 0.391587 7.27998 2.09143 4652.5 570.198 4663.55 569.39 4663.55 569.39 0.946484 0.0446522 
200 0.31 11600000 209.6 150.161 -540.547 111.634 355367 90969 1.68979e+11 5.82058e+10 -0.495592 0.121091 0.272882 0.0536567 0.409024 0.0949609 0.213403 0.0574991 0.581686 0.117964 3.65058 0.456752 6.96899 2.41756 4756.47 545.505 4767.09 542.77 4767.09 542.77 0.951481 0.0404656 
200 0.31 12000000 197.545 150.161 -562.223 111.634 378226 90969 1.87093e+11 5.82058e+10 -0.514367 0.121091 0.278881 0.0536567 0.427095 0.0949609 0.227586 0.0574991 0.59968 0.117964 3.53392 0.456752 6.68873 2.41756 4835.38 545.505 4845.6 542.77 4845.6 542.77 0.955589 0.0395326 
200 0.31 12400000 182.167 127.615 -581.31 100.195 398882 85585 2.04169e+11 5.81777e+10 -0.530801 0.105904 0.285774 0.0462367 0.444594 0.0855368 0.242444 0.0547609 0.616221 0.103235 3.43313 0.429278 6.43167 2.07348 4903.95 474.104 4913.82 471.723 4913.82 471.723 0.959028 0.0340715 
200 0.31 12800000 171.923 127.615 -597.558 100.195 416515 85585 2.18811e+11 5.81777e+10 -0.544839 0.105904 0.292584 0.0462367 0.460308 0.0855368 0.256183 0.0547609 0.630783 0.103235 3.39271 0.429278 6.21802 2.07348 4953.72 474.104 4963.33 471.723 4963.33 471.723 0.961908 0.0336566 
200 0.31 13200000 161.571 111.034 -612.461 90.5946 433190 79939.5 2.33357e+11 5.67178e+10 -0.556436 0.0938263 0.295723 0.0406878 0.471243 0.0773571 0.264759 0.0512832 0.64167 0.0915701 3.34056 0.377801 6.02046 1.81759 5006.3 417.276 5015.66 415.182 5015.66 415.182 0.964399 0.029415 
200 0.31 13600000 151.4 111.034 -619.417 90.5946 438565 79939.5 2.354e+11 5.67178e+10 -0.566478 0.0938263 0.298045 0.0406878 0.48044 0.0773571 0.27185 0.0512832 0.650926 0.0915701 3.27914 0.377801 5.95188 1.81759 5047.05 417.276 5056.28 415.182 5056.28 415.182 0.966509 0.0292739 
200 0.31 14000000 142.625 98.7581 -630.715 81.0884 451172 71941.3 2.4631e+11 5.10859e+10 -0.574709 0.0838586 0.303551 0.036347 0.490198 0.0699713 0.280186 0.0471361 0.660109 0.0819593 3.24204 0.343183 5.83049 1.60029 5083.44 372.178 5092.51 370.328 5092.51 370.328 0.96838 0.0258839 
200 0.31 14400000 136.412 98.7581 -638.719 81.0884 459218 71941.3 2.52156e+11 5.10859e+10 -0.58285 0.0838586 0.303505 0.036347 0.496668 0.0699713 0.284894 0.0471361 0.66685 0.0819593 3.20905 0.343183 5.73324 1.60029 5118.43 372.178 5127.37 370.328 5127.37 370.328 0.970027 0.0258839 
200 0.31 14800000 131.111 88.4536 -637.244 72.341 454526 64025.9 2.4595e+11 4.5411e+10 -0.587263 0.0754748 0.303978 0.032311 0.498851 0.0627295 0.285025 0.0421464 0.670475 0.0735054 3.17343 0.311834 5.68493 1.42908 5069.72 331.077 5078.58 329.443 5078.58 329.443 0.971401 0.0231836 
200 0.31 15200000 127.316 88.4536 -637.495 72.341 452298 64025.9 2.41947e+11 4.5411e+10 -0.590857 0.0754748 0.304472 0.032311 0.500382 0.0627295 0.284693 0.0421464 0.673429 0.0735054 3.13419 0.311834 5.62218 1.42908 4953.52 331.077 4962.28 329.443 4962.28 329.443 0.972526 0.0231836 
200 0.31 15600000 121.6 81.5514 -643.229 77.5987 457970 74938.8 2.45853e+11 5.63177e+10 -0.596561 0.0734796 0.300088 0.0349761 0.502561 0.0686357 0.285253 0.0506043 0.676634 0.0736481 3.13106 0.364508 5.50557 1.29738 4749.56 474.585 4758.2 473.583 4758.2 473.583 0.972822 0.0209087 
200 0.31 16000000 121.6 81.5514 -643.229 77.5987 457970 74938.8 2.45853e+11 5.63177e+10 -0.596561 0.0734796 0.300088 0.0349761 0.502561 0.0686357 0.285253 0.0506043 0.676634 0.0736481 3.13106 0.364508 5.50557 1.29738 4749.56 474.585 4758.2 473.583 4758.2 473.583 0.972822 0.0209087 
200 0.31 16400000 113.273 81.5514 -650.436 77.5987 463833 74938.8 2.48401e+11 5.63177e+10 -0.605704 0.0734796 0.293221 0.0349761 0.505701 0.0686357 0.285553 0.0506043 0.681744 0.0736481 3.07834 0.364508 5.31103 1.29726 4473.31 474.585 4481.7 473.583 4481.7 473.583 0.974313 0.0198158 
200 0.31 16800000 113.273 81.5514 -650.436 77.5987 463833 74938.8 2.48401e+11 5.63177e+10 -0.605704 0.0734796 0.293221 0.0349761 0.505701 0.0686357 0.285553 0.0506043 0.681744 0.0736481 3.07834 0.364508 5.31103 1.29726 4473.31 474.585 4481.7 473.583 4481.7 473.583 0.974313 0.0198158 
200 0.31 17200000 107.833 69.1117 -653.02 65.2803 463913 62684.2 2.45771e+11 4.69315e+10 -0.612698 0.06298 0.29049 0.0304353 0.50891 0.0574894 0.286438 0.0421841 0.686408 0.0620186 3.03135 0.317102 5.28396 1.09981 4202.07 637.342 4210.38 637.054 4210.38 637.054 0.974641 0.0174754 
200 0.31 17600000 107.833 69.1117 -653.02 65.2803 463913 62684.2 2.45771e+11 4.69315e+10 -0.612698 0.06298 0.29049 0.0304353 0.50891 0.0574894 0.286438 0.0421841 0.686408 0.0620186 3.03135 0.317102 5.28396 1.09981 4202.07 637.342 4210.38 637.054 4210.38 637.054 0.974641 0.0174754 
200 0.31 18000000 102.923 69.1117 -662.432 65.2803 474475 62684.2 2.54671e+11 4.69315e+10 -0.622323 0.06298 0.286189 0.0304353 0.515889 0.0574894 0.292063 0.0421841 0.693173 0.0620186 3.01947 0.317102 5.17059 1.09981 4050 637.342 4058.19 637.054 4058.19 637.054 0.975902 0.0165964 
200 0.31 18400000 102.923 69.1117 -662.432 65.2803 474475 62684.2 2.54671e+11 4.69315e+10 -0.622323 0.06298 0.286189 0.0304353 0.515889 0.0574894 0.292063 0.0421841 0.693173 0.0620186 3.01947 0.317102 5.17059 1.09981 4050 637.342 4058.19 637.054 4058.19 637.054 0.975902 0.0165964 
200 0.31 18800000 96.2143 60.2074 -669.075 57.8952 481347 56101.3 2.59743e+11 4.22557e+10 -0.630399 0.0564154 0.284669 0.0266383 0.522704 0.0509045 0.297893 0.037681 0.699508 0.0545248 3.01638 0.272155 5.10522 0.957111 3972.89 586.051 3981.01 585.886 3981.01 585.886 0.977021 0.0150598 
200 0.31 19200000 96.2143 60.2074 -669.075 57.8952 481347 56101.3 2.59743e+11 4.22557e+10 -0.630399 0.0564154 0.284669 0.0266383 0.522704 0.0509045 0.297893 0.037681 0.699508 0.0545248 3.01638 0.272155 5.10522 0.957111 3972.89 586.051 3981.01 585.886 3981.01 585.886 0.977021 0.0150598 
200 0.31 19600000 91.5333 60.2074 -672.2 57.8952 483504 56101.3 2.60171e+11 4.22557e+10 -0.635293 0.0564154 0.281216 0.0266383 0.524511 0.0509045 0.298219 0.037681 0.702297 0.0545248 3.00213 0.272155 5.02408 0.957111 4014.7 586.051 4022.73 585.886 4022.73 585.886 0.978262 0.0143952 
200 0.31 20000000 91.5333 60.2074 -672.2 57.8952 483504 56101.3 2.60171e+11 4.22557e+10 -0.635293 0.0564154 0.281216 0.0266383 0.524511 0.0509045 0.298219 0.037681 0.702297 0.0545248 3.00213 0.272155 5.02408 0.957111 4014.7 586.051 4022.73 585.886 4022.73 585.886 0.978262 0.0143952 
200 0.31 20400000 87 53.3819 -674.846 50.9451 485397 49234.7 2.60825e+11 3.69876e+10 -0.640966 0.0503435 0.273829 0.0254185 0.526401 0.0446755 0.298833 0.0329826 0.704948 0.0479798 2.94621 0.247015 4.97528 0.846247 4091.98 524.756 4099.9 524.575 4099.9 524.575 0.979396 0.0132706 
200 0.31 20800000 87 53.3819 -674.846 50.9451 485397 49234.7 2.60825e+11 3.69876e+10 -0.640966 0.0503435 0.273829 0.0254185 0.526401 0.0446755 0.298833 0.0329826 0.704948 0.0479798 2.94621 0.247015 4.97528 0.846247 4091.98 524.756 4099.9 524.575 4099.9 524.575 0.979396 0.0132706 
200 0.31 21200000 85.0588 53.3819 -674.426 50.9451 483103 49234.7 2.57262e+11 3.69876e+10 -0.645085 0.0503435 0.264682 0.0254185 0.526083 0.0446755 0.297283 0.0329826 0.705919 0.0479798 2.9357 0.247015 4.92433 0.846247 4102.25 524.756 4110.11 524.575 4110.11 524.575 0.980318 0.01279 
200 0.31 21600000 85.0588 53.3819 -674.426 50.9451 483103 49234.7 2.57262e+11 3.69876e+10 -0.645085 0.0503435 0.264682 0.0254185 0.526083 0.0446755 0.297283 0.0329826 0.705919 0.0479798 2.9357 0.247015 4.92433 0.846247 4102.25 524.756 4110.11 524.575 4110.11 524.575 0.980318 0.01279 
200 0.31 22000000 81.8333 47.6999 -675.749 45.2926 483513 43800.2 2.56653e+11 3.31123e+10 -0.648103 0.0452528 0.242073 0.0375086 0.52526 0.0397261 0.295487 0.0294872 0.706358 0.0426694 2.88894 0.22611 4.88206 0.757336 3963.18 481.999 3970.95 481.879 3970.95 481.879 0.955921 0.0270543 
200 0.31 22400000 81.8333 47.6999 -675.749 45.2926 483513 43800.2 2.56653e+11 3.31123e+10 -0.648103 0.0452528 0.242073 0.0375086 0.52526 0.0397261 0.295487 0.0294872 0.706358 0.0426694 2.88894 0.22611 4.88206 0.757336 3963.18 481.999 3970.95 481.879 3970.95 481.879 0.955921 0.0358018 
200 0.31 22800000 78.0526 47.6999 -680.193 45.2926 488552 43800.2 2.60974e+11 3.31123e+10 -0.653273 0.0452528 0.221354 0.0375086 0.528144 0.0397261 0.297649 0.0294872 0.709265 0.0426694 2.86268 0.22611 4.82075 0.757336 3763.55 481.999 3771.23 481.879 3771.23 481.879 0.931482 0.03486 
200 0.31 23200000 78.0526 47.6999 -680.193 45.2926 488552 43800.2 2.60974e+11 3.31123e+10 -0.653273 0.0452528 0.221354 0.0375086 0.528144 0.0397261 0.297649 0.0294872 0.709265 0.0426694 2.86268 0.22611 4.82075 0.757336 3763.55 481.999 3771.23 481.879 3771.23 481.879 0.931482 0.0345816 
200 0.31 23600000 77.2 43.1544 -680.382 47.3984 487536 49116 2.58927e+11 3.92638e+10 -0.655187 0.0470576 0.210127 0.0607612 0.525697 0.0413326 0.294299 0.0332123 0.708394 0.0414159 2.86644 0.228519 4.81907 0.684218 3594.9 644.352 3602.59 644.609 3602.59 644.609 0.931612 0.0437044 
200 0.31 24000000 77.2 43.1544 -680.382 47.3984 487536 49116 2.58927e+11 3.92638e+10 -0.655187 0.0470576 0.210127 0.0607612 0.525697 0.0413326 0.294299 0.0332123 0.708394 0.0414159 2.86644 0.228519 4.81907 0.684218 3594.9 644.352 3602.59 644.609 3602.59 644.609 0.931612 0.0437044 
200 0.31 24400000 77.2 43.1544 -680.382 47.3984 487536 49116 2.58927e+11 3.92638e+10 -0.655187 0.0470576 0.210127 0.0607612 0.525697 0.0413326 0.294299 0.0332123 0.708394 0.0414159 2.86644 0.228519 4.81907 0.684218 3594.9 644.352 3602.59 644.609 3602.59 644.609 0.931612 0.0437044 
200 0.31 24800000 77.2 43.1544 -680.382 47.3984 487536 49116 2.58927e+11 3.92638e+10 -0.655187 0.0470576 0.210127 0.0607612 0.525697 0.0413326 0.294299 0.0332123 0.708394 0.0414159 2.86644 0.228519 4.81907 0.684218 3594.9 644.352 3602.59 644.609 3602.59 644.609 0.931612 0.0437044 
200 0.31 25200000 74.4091 39.4298 -678.499 47.3984 482879 49116 2.52868e+11 3.92638e+10 -0.660972 0.0470576 0.197772 0.0607612 0.52553 0.0413326 0.292672 0.0332123 0.709732 0.0414159 2.85894 0.228519 4.84778 0.628706 3346.12 644.352 3353.83 644.609 3353.83 644.609 0.933852 0.0437044 
200 0.31 25600000 74.4091 39.4298 -678.499 47.3984 482879 49116 2.52868e+11 3.92638e+10 -0.660972 0.0470576 0.197772 0.0607612 0.52553 0.0413326 0.292672 0.0332123 0.709732 0.0414159 2.85894 0.228519 4.84778 0.628706 3346.12 644.352 3353.83 644.609 3353.83 644.609 0.933852 0.0437044 
200 0.31 26000000 74.4091 39.4298 -678.499 47.3984 482879 49116 2.52868e+11 3.92638e+10 -0.660972 0.0470576 0.197772 0.0607612 0.52553 0.0413326 0.292672 0.0332123 0.709732 0.0414159 2.85894 0.228519 4.84778 0.628706 3346.12 644.352 3353.83 644.609 3353.83 644.609 0.933852 0.0437044 
200 0.31 26400000 74.4091 39.4298 -678.499 47.3984 482879 49116 2.52868e+11 3.92638e+10 -0.660972 0.0470576 0.197772 0.0607612 0.52553 0.0413326 0.292672 0.0332123 0.709732 0.0414159 2.85894 0.228519 4.84778 0.628706 3346.12 644.352 3353.83 644.609 3353.83 644.609 0.933852 0.0437044 
200 0.31 26800000 70.375 36.251 -684.669 39.6921 489907 40987.2 2.58774e+11 3.27201e+10 -0.668476 0.0410483 0.188244 0.0544324 0.52948 0.0346166 0.295681 0.0277057 0.713652 0.0348454 2.88394 0.191101 4.83769 0.570815 3186.08 653.915 3193.8 654.072 3193.8 654.072 0.937317 0.0367908 
200 0.31 27200000 70.375 36.251 -684.669 39.6921 489907 40987.2 2.58774e+11 3.27201e+10 -0.668476 0.0410483 0.188244 0.0544324 0.52948 0.0346166 0.295681 0.0277057 0.713652 0.0348454 2.88394 0.191101 4.83769 0.570815 3186.08 653.915 3193.8 654.072 3193.8 654.072 0.937317 0.0367908 
200 0.31 27600000 70.375 36.251 -684.669 39.6921 489907 40987.2 2.58774e+11 3.27201e+10 -0.668476 0.0410483 0.188244 0.0544324 0.52948 0.0346166 0.295681 0.0277057 0.713652 0.0348454 2.88394 0.191101 4.83769 0.570815 3186.08 653.915 3193.8 654.072 3193.8 654.072 0.937317 0.0367908 
200 0.31 28000000 70.375 36.251 -684.669 39.6921 489907 40987.2 2.58774e+11 3.27201e+10 -0.668476 0.0410483 0.188244 0.0544324 0.52948 0.0346166 0.295681 0.0277057 0.713652 0.0348454 2.88394 0.191101 4.83769 0.570815 3186.08 653.915 3193.8 654.072 3193.8 654.072 0.937317 0.0367908 
200 0.31 28400000 69.5 33.473 -693.414 39.6921 501344 40987.2 2.70476e+11 3.27201e+10 -0.675305 0.0410483 0.186781 0.0544324 0.535194 0.0346166 0.301032 0.0277057 0.718512 0.0348454 2.87382 0.191101 4.76918 0.531002 3012.65 653.915 3020.29 654.072 3020.29 654.072 0.938829 0.0367908 
200 0.31 28800000 69.5 33.473 -693.414 39.6921 501344 40987.2 2.70476e+11 3.27201e+10 -0.675305 0.0410483 0.186781 0.0544324 0.535194 0.0346166 0.301032 0.0277057 0.718512 0.0348454 2.87382 0.191101 4.76918 0.531002 3012.65 653.915 3020.29 654.072 3020.29 654.072 0.938829 0.0367908 
200 0.31 29200000 69.5 33.473 -693.414 39.6921 501344 40987.2 2.70476e+11 3.27201e+10 -0.675305 0.0410483 0.186781 0.0544324 0.535194 0.0346166 0.301032 0.0277057 0.718512 0.0348454 2.87382 0.191101 4.76918 0.531002 3012.65 653.915 3020.29 654.072 3020.29 654.072 0.938829 0.0367908 
200 0.31 29600000 69.5 33.473 -693.414 39.6921 501344 40987.2 2.70476e+11 3.27201e+10 -0.675305 0.0410483 0.186781 0.0544324 0.535194 0.0346166 0.301032 0.0277057 0.718512 0.0348454 2.87382 0.191101 4.76918 0.531002 3012.65 653.915 3020.29 654.072 3020.29 654.072 0.938829 0.0367908 
200 0.31 30000000 68.75 31.0905 -701.08 37.2604 511498 40420.4 2.81179e+11 3.48835e+10 -0.682454 0.0374885 0.186533 0.0466832 0.542467 0.0320151 0.308623 0.0265993 0.724173 0.0314157 2.88585 0.16381 4.72438 0.494959 3006.54 584.628 3014.15 584.786 3014.15 584.786 0.942621 0.0319151 
200 0.31 30400000 68.75 31.0905 -701.08 37.2604 511498 40420.4 2.81179e+11 3.48835e+10 -0.682454 0.0374885 0.186533 0.0466832 0.542467 0.0320151 0.308623 0.0265993 0.724173 0.0314157 2.88585 0.16381 4.72438 0.494959 3006.54 584.628 3014.15 584.786 3014.15 584.786 0.942621 0.0319151 
200 0.31 30800000 68.75 31.0905 -701.08 37.2604 511498 40420.4 2.81179e+11 3.48835e+10 -0.682454 0.0374885 0.186533 0.0466832 0.542467 0.0320151 0.308623 0.0265993 0.724173 0.0314157 2.88585 0.16381 4.72438 0.494959 3006.54 584.628 3014.15 584.786 3014.15 584.786 0.942621 0.0319151 
200 0.31 31200000 68.75 31.0905 -701.08 37.2604 511498 40420.4 2.81179e+11 3.48835e+10 -0.682454 0.0374885 0.186533 0.0466832 0.542467 0.0320151 0.308623 0.0265993 0.724173 0.0314157 2.88585 0.16381 4.72438 0.494959 3006.54 584.628 3014.15 584.786 3014.15 584.786 0.942621 0.0319151 
200 0.31 31600000 68.7 29.0178 -703.318 37.2604 513657 40420.4 2.82709e+11 3.48835e+10 -0.686298 0.0374885 0.18223 0.0466832 0.543978 0.0320151 0.309613 0.0265993 0.725927 0.0314157 2.87223 0.16381 4.74349 0.462331 3144.79 584.628 3152.4 584.786 3152.4 584.786 0.946144 0.0319151 
200 0.31 32000000 68.7 29.0178 -703.318 37.2604 513657 40420.4 2.82709e+11 3.48835e+10 -0.686298 0.0374885 0.18223 0.0466832 0.543978 0.0320151 0.309613 0.0265993 0.725927 0.0314157 2.87223 0.16381 4.74349 0.462331 3144.79 584.628 3152.4 584.786 3152.4 584.786 0.946144 0.0319151 
200 0.31 32400000 68.7 29.0178 -703.318 37.2604 513657 40420.4 2.82709e+11 3.48835e+10 -0.686298 0.0374885 0.18223 0.0466832 0.543978 0.0320151 0.309613 0.0265993 0.725927 0.0314157 2.87223 0.16381 4.74349 0.462331 3144.79 584.628 3152.4 584.786 3152.4 584.786 0.946144 0.0319151 
200 0.31 32800000 68.7 29.0178 -703.318 37.2604 513657 40420.4 2.82709e+11 3.48835e+10 -0.686298 0.0374885 0.18223 0.0466832 0.543978 0.0320151 0.309613 0.0265993 0.725927 0.0314157 2.87223 0.16381 4.74349 0.462331 3144.79 584.628 3152.4 584.786 3152.4 584.786 0.946144 0.0319151 
200 0.31 33200000 66.7188 27.2717 -704.777 32.7857 515127 35530.4 2.84171e+11 3.06511e+10 -0.687676 0.0331642 0.183139 0.040971 0.544043 0.0280519 0.309097 0.0232786 0.726609 0.0275831 2.89175 0.143441 4.70324 0.435183 3144.47 527.57 3152.07 527.701 3152.07 527.701 0.948927 0.0285418 
200 0.31 33600000 66.7188 27.2717 -704.777 32.7857 515127 35530.4 2.84171e+11 3.06511e+10 -0.687676 0.0331642 0.183139 0.040971 0.544043 0.0280519 0.309097 0.0232786 0.726609 0.0275831 2.89175 0.143441 4.70324 0.435183 3144.47 527.57 3152.07 527.701 3152.07 527.701 0.948927 0.0285418 
200 0.31 34000000 66.7188 27.2717 -704.777 32.7857 515127 35530.4 2.84171e+11 3.06511e+10 -0.687676 0.0331642 0.183139 0.040971 0.544043 0.0280519 0.309097 0.0232786 0.726609 0.0275831 2.89175 0.143441 4.70324 0.435183 3144.47 527.57 3152.07 527.701 3152.07 527.701 0.948927 0.0285418 
200 0.31 34400000 66.7188 27.2717 -704.777 32.7857 515127 35530.4 2.84171e+11 3.06511e+10 -0.687676 0.0331642 0.183139 0.040971 0.544043 0.0280519 0.309097 0.0232786 0.726609 0.0275831 2.89175 0.143441 4.70324 0.435183 3144.47 527.57 3152.07 527.701 3152.07 527.701 0.948927 0.0285418 
200 0.31 34800000 64.3235 25.7725 -707.208 32.7857 517577 35530.4 2.85704e+11 3.06511e+10 -0.691066 0.0331642 0.183534 0.040971 0.54692 0.0280519 0.311602 0.0232786 0.729162 0.0275831 2.87182 0.143441 4.65962 0.411765 3066.49 527.57 3074.02 527.701 3074.02 527.701 0.951303 0.0285418 
200 0.31 35200000 64.3235 25.7725 -707.208 32.7857 517577 35530.4 2.85704e+11 3.06511e+10 -0.691066 0.0331642 0.183534 0.040971 0.54692 0.0280519 0.311602 0.0232786 0.729162 0.0275831 2.87182 0.143441 4.65962 0.411765 3066.49 527.57 3074.02 527.701 3074.02 527.701 0.951303 0.0285418 
200 0.31 35600000 64.3235 25.7725 -707.208 32.7857 517577 35530.4 2.85704e+11 3.06511e+10 -0.691066 0.0331642 0.183534 0.040971 0.54692 0.0280519 0.311602 0.0232786 0.729162 0.0275831 2.87182 0.143441 4.65962 0.411765 3066.49 527.57 3074.02 527.701 3074.02 527.701 0.951303 0.0285418 
200 0.31 36000000 64.3235 25.7725 -707.208 32.7857 517577 35530.4 2.85704e+11 3.06511e+10 -0.691066 0.0331642 0.183534 0.040971 0.54692 0.0280519 0.311602 0.0232786 0.729162 0.0275831 2.87182 0.143441 4.65962 0.411765 3066.49 527.57 3074.02 527.701 3074.02 527.701 0.951303 0.0285418 
200 0.31 36400000 62.4444 24.4091 -709.22 29.4424 519581 31860.5 2.86978e+11 2.73736e+10 -0.693097 0.0299189 0.18534 0.0364777 0.548638 0.0253086 0.312886 0.0209982 0.730871 0.0248454 2.84222 0.135787 4.59841 0.393412 2982.07 493.315 2989.51 493.47 2989.51 493.47 0.952949 0.0256523 
200 0.31 36800000 62.4444 24.4091 -709.22 29.4424 519581 31860.5 2.86978e+11 2.73736e+10 -0.693097 0.0299189 0.18534 0.0364777 0.548638 0.0253086 0.312886 0.0209982 0.730871 0.0248454 2.84222 0.135787 4.59841 0.393412 2982.07 493.315 2989.51 493.47 2989.51 493.47 0.952949 0.0256523 
200 0.31 37200000 62.4444 24.4091 -709.22 29.4424 519581 31860.5 2.86978e+11 2.73736e+10 -0.693097 0.0299189 0.18534 0.0364777 0.548638 0.0253086 0.312886 0.0209982 0.730871 0.0248454 2.84222 0.135787 4.59841 0.393412 2982.07 493.315 2989.51 493.47 2989.51 493.47 0.952949 0.0256523 
200 0.31 37600000 62.4444 24.4091 -709.22 29.4424 519581 31860.5 2.86978e+11 2.73736e+10 -0.693097 0.0299189 0.18534 0.0364777 0.548638 0.0253086 0.312886 0.0209982 0.730871 0.0248454 2.84222 0.135787 4.59841 0.393412 2982.07 493.315 2989.51 493.47 2989.51 493.47 0.952949 0.0256523 
200 0.31 38000000 62.1053 23.1268 -707.668 29.4424 516633 31860.5 2.8333e+11 2.73736e+10 -0.693136 0.0299189 0.186116 0.0364777 0.547316 0.0253086 0.310918 0.0209982 0.73046 0.0248454 2.82545 0.135787 4.54761 0.375971 2842.11 493.315 2849.48 493.47 2849.48 493.47 0.92841 0.0298288 
200 0.31 38400000 62.1053 23.1268 -707.668 29.4424 516633 31860.5 2.8333e+11 2.73736e+10 -0.693136 0.0299189 0.186116 0.0364777 0.547316 0.0253086 0.310918 0.0209982 0.73046 0.0248454 2.82545 0.135787 4.54761 0.375971 2842.11 493.315 2849.48 493.47 2849.48 493.47 0.92841 0.0298288 
200 0.31 38800000 62.1053 23.1268 -707.668 29.4424 516633 31860.5 2.8333e+11 2.73736e+10 -0.693136 0.0299189 0.186116 0.0364777 0.547316 0.0253086 0.310918 0.0209982 0.73046 0.0248454 2.82545 0.135787 4.54761 0.375971 2842.11 493.315 2849.48 493.47 2849.48 493.47 0.92841 0.0298288 
200 0.31 39200000 62.1053 23.1268 -707.668 29.4424 516633 31860.5 2.8333e+11 2.73736e+10 -0.693136 0.0299189 0.186116 0.0364777 0.547316 0.0253086 0.310918 0.0209982 0.73046 0.0248454 2.82545 0.135787 4.54761 0.375971 2842.11 493.315 2849.48 493.47 2849.48 493.47 0.92841 0.0298288 
200 0.31 39600000 61.6 21.9759 -709.08 26.4984 518038 28711.7 2.84362e+11 2.4761e+10 -0.694368 0.0273057 0.18903 0.0432305 0.548749 0.022778 0.312028 0.0189159 0.731864 0.0223807 2.80613 0.126914 4.52952 0.357607 2724.29 646.271 2731.63 646.618 2731.63 646.618 0.917872 0.0405015 
200 0.31 40000000 61.6 21.9759 -709.08 26.4984 518038 28711.7 2.84362e+11 2.4761e+10 -0.694368 0.0273057 0.18903 0.0432305 0.548749 0.022778 0.312028 0.0189159 0.731864 0.0223807 2.80613 0.126914 4.52952 0.357607 2724.29 646.271 2731.63 646.618 2731.63 646.618 0.917872 0.0405015 
200 0.31 40400000 61.6 21.9759 -709.08 26.4984 518038 28711.7 2.84362e+11 2.4761e+10 -0.694368 0.0273057 0.18903 0.0432305 0.548749 0.022778 0.312028 0.0189159 0.731864 0.0223807 2.80613 0.126914 4.52952 0.357607 2724.29 646.271 2731.63 646.618 2731.63 646.618 0.917872 0.0405015 
200 0.31 40800000 61.6 21.9759 -709.08 26.4984 518038 28711.7 2.84362e+11 2.4761e+10 -0.694368 0.0273057 0.18903 0.0432305 0.548749 0.022778 0.312028 0.0189159 0.731864 0.0223807 2.80613 0.126914 4.52952 0.357607 2724.29 646.271 2731.63 646.618 2731.63 646.618 0.917872 0.0405015 
200 0.31 41200000 61.6 20.9333 -709.08 26.4984 518038 28711.7 2.84362e+11 2.4761e+10 -0.694368 0.0273057 0.18903 0.0432305 0.548749 0.022778 0.312028 0.0189159 0.731864 0.0223807 2.80613 0.126914 4.52952 0.344911 2724.29 646.271 2731.63 646.618 2731.63 646.618 0.917872 0.0405015 
200 0.31 41600000 61.6 20.9333 -709.08 26.4984 518038 28711.7 2.84362e+11 2.4761e+10 -0.694368 0.0273057 0.18903 0.0432305 0.548749 0.022778 0.312028 0.0189159 0.731864 0.0223807 2.80613 0.126914 4.52952 0.344911 2724.29 646.271 2731.63 646.618 2731.63 646.618 0.917872 0.0405015 
200 0.31 42000000 61.6 20.9333 -709.08 26.4984 518038 28711.7 2.84362e+11 2.4761e+10 -0.694368 0.0273057 0.18903 0.0432305 0.548749 0.022778 0.312028 0.0189159 0.731864 0.0223807 2.80613 0.126914 4.52952 0.344911 2724.29 646.271 2731.63 646.618 2731.63 646.618 0.917872 0.0405015 
200 0.31 42400000 61.6 20.9333 -709.08 26.4984 518038 28711.7 2.84362e+11 2.4761e+10 -0.694368 0.0273057 0.18903 0.0432305 0.548749 0.022778 0.312028 0.0189159 0.731864 0.0223807 2.80613 0.126914 4.52952 0.344911 2724.29 646.271 2731.63 646.618 2731.63 646.618 0.917872 0.0405015 
200 0.31 42800000 60.1364 20.0083 -713.379 24.4357 523097 26543.5 2.88757e+11 2.28968e+10 -0.694465 0.0273057 0.200337 0.0432305 0.551962 0.0209326 0.314731 0.0173882 0.734794 0.0205369 2.77759 0.118541 4.43731 0.331144 2521.13 646.271 2528.34 646.618 2528.34 646.618 0.888892 0.0460341 
200 0.31 43200000 60.1364 20.0083 -713.379 24.4357 523097 26543.5 2.88757e+11 2.28968e+10 -0.694465 0.0273057 0.200337 0.0432305 0.551962 0.0209326 0.314731 0.0173882 0.734794 0.0205369 2.77759 0.118541 4.43731 0.331144 2521.13 646.271 2528.34 646.618 2528.34 646.618 0.888892 0.0460341 
200 0.31 43600000 60.1364 20.0083 -713.379 24.4357 523097 26543.5 2.88757e+11 2.28968e+10 -0.694465 0.0273057 0.200337 0.0432305 0.551962 0.0209326 0.314731 0.0173882 0.734794 0.0205369 2.77759 0.118541 4.43731 0.331144 2521.13 646.271 2528.34 646.618 2528.34 646.618 0.888892 0.0460341 
200 0.31 44000000 60.1364 20.0083 -713.379 24.4357 523097 26543.5 2.88757e+11 2.28968e+10 -0.694465 0.0273057 0.200337 0.0432305 0.551962 0.0209326 0.314731 0.0173882 0.734794 0.0205369 2.77759 0.118541 4.43731 0.331144 2521.13 646.271 2528.34 646.618 2528.34 646.618 0.888892 0.0460341 
200 0.31 44400000 60.1364 19.1659 -713.379 24.4357 523097 26543.5 2.88757e+11 2.28968e+10 -0.694465 0.0273057 0.200337 0.0432305 0.551962 0.0209326 0.314731 0.0173882 0.734794 0.0205369 2.77759 0.118541 4.43731 0.322824 2521.13 646.271 2528.34 646.618 2528.34 646.618 0.888892 0.0540611 
200 0.31 44800000 60.1364 19.1659 -713.379 24.4357 523097 26543.5 2.88757e+11 2.28968e+10 -0.694465 0.0273057 0.200337 0.0432305 0.551962 0.0209326 0.314731 0.0173882 0.734794 0.0205369 2.77759 0.118541 4.43731 0.322824 2521.13 646.271 2528.34 646.618 2528.34 646.618 0.888892 0.0540611 
200 0.31 45200000 60.1364 19.1659 -713.379 24.4357 523097 26543.5 2.88757e+11 2.28968e+10 -0.694465 0.0273057 0.200337 0.0432305 0.551962 0.0209326 0.314731 0.0173882 0.734794 0.0205369 2.77759 0.118541 4.43731 0.322824 2521.13 646.271 2528.34 646.618 2528.34 646.618 0.888892 0.0540611 
200 0.31 45600000 60.1364 19.1659 -713.379 24.4357 523097 26543.5 2.88757e+11 2.28968e+10 -0.694465 0.0273057 0.200337 0.0432305 0.551962 0.0209326 0.314731 0.0173882 0.734794 0.0205369 2.77759 0.118541 4.43731 0.322824 2521.13 646.271 2528.34 646.618 2528.34 646.618 0.888892 0.0540611 
200 0.31 46000000 57.8125 18.4096 -717.35 22.7197 527830 24749.9 2.92857e+11 2.13526e+10 -0.696152 0.0228129 0.208462 0.0401562 0.556001 0.019574 0.31859 0.0163618 0.738122 0.0190933 2.74929 0.111989 4.35498 0.308825 2322.65 651.52 2329.75 651.878 2329.75 651.878 0.836651 0.0798744 
200 0.31 46400000 57.8125 18.4096 -717.35 22.7197 527830 24749.9 2.92857e+11 2.13526e+10 -0.696152 0.0228129 0.208462 0.0401562 0.556001 0.019574 0.31859 0.0163618 0.738122 0.0190933 2.74929 0.111989 4.35498 0.308825 2322.65 651.52 2329.75 651.878 2329.75 651.878 0.836651 0.0798744 
200 0.31 46800000 57.8125 18.4096 -717.35 22.7197 527830 24749.9 2.92857e+11 2.13526e+10 -0.696152 0.0228129 0.208462 0.0401562 0.556001 0.019574 0.31859 0.0163618 0.738122 0.0190933 2.74929 0.111989 4.35498 0.308825 2322.65 651.52 2329.75 651.878 2329.75 651.878 0.836651 0.0798744 
200 0.31 47200000 57.8125 18.4096 -717.35 22.7197 527830 24749.9 2.92857e+11 2.13526e+10 -0.696152 0.0228129 0.208462 0.0401562 0.556001 0.019574 0.31859 0.0163618 0.738122 0.0190933 2.74929 0.111989 4.35498 0.308825 2322.65 651.52 2329.75 651.878 2329.75 651.878 0.836651 0.0798744 
200 0.31 47600000 57.8125 17.6958 -717.35 22.7197 527830 24749.9 2.92857e+11 2.13526e+10 -0.696152 0.0228129 0.208462 0.0401562 0.556001 0.019574 0.31859 0.0163618 0.738122 0.0190933 2.74929 0.111989 4.35498 0.30624 2322.65 651.52 2329.75 651.878 2329.75 651.878 0.836651 0.0798744 
200 0.31 48000000 57.8125 17.6958 -717.35 22.7197 527830 24749.9 2.92857e+11 2.13526e+10 -0.696152 0.0228129 0.208462 0.0401562 0.556001 0.019574 0.31859 0.0163618 0.738122 0.0190933 2.74929 0.111989 4.35498 0.30624 2322.65 651.52 2329.75 651.878 2329.75 651.878 0.836651 0.0798744 
200 0.31 48400000 57.8125 17.6958 -717.35 22.7197 527830 24749.9 2.92857e+11 2.13526e+10 -0.696152 0.0228129 0.208462 0.0401562 0.556001 0.019574 0.31859 0.0163618 0.738122 0.0190933 2.74929 0.111989 4.35498 0.30624 2322.65 651.52 2329.75 651.878 2329.75 651.878 0.836651 0.0798744 
200 0.31 48800000 57.8125 17.6958 -717.35 22.7197 527830 24749.9 2.92857e+11 2.13526e+10 -0.696152 0.0228129 0.208462 0.0401562 0.556001 0.019574 0.31859 0.0163618 0.738122 0.0190933 2.74929 0.111989 4.35498 0.30624 2322.65 651.52 2329.75 651.878 2329.75 651.878 0.836651 0.0798744 
200 0.31 49200000 56.8846 17.0152 -713.238 21.3409 521288 23694.9 2.85669e+11 2.0885e+10 -0.69184 0.0228129 0.217068 0.0401562 0.553257 0.0182595 0.314978 0.0154967 0.736808 0.0176697 2.78718 0.110876 4.3492 0.303256 2302.38 651.52 2309.52 651.878 2309.52 651.878 0.84803 0.0798744 
200 0.31 49600000 56.8846 17.0152 -713.238 21.3409 521288 23694.9 2.85669e+11 2.0885e+10 -0.69184 0.0228129 0.217068 0.0401562 0.553257 0.0182595 0.314978 0.0154967 0.736808 0.0176697 2.78718 0.110876 4.3492 0.303256 2302.38 651.52 2309.52 651.878 2309.52 651.878 0.84803 0.0798744 
200 0.31 50000000 56.8846 17.0152 -713.238 21.3409 521288 23694.9 2.85669e+11 2.0885e+10 -0.69184 0.0228129 0.217068 0.0401562 0.553257 0.0182595 0.314978 0.0154967 0.736808 0.0176697 2.78718 0.110876 4.3492 0.303256 2302.38 651.52 2309.52 651.878 2309.52 651.878 0.84803 0.0798744 
200 0.31 50400000 56.8846 17.0152 -713.238 21.3409 521288 23694.9 2.85669e+11 2.0885e+10 -0.69184 0.0228129 0.217068 0.0401562 0.553257 0.0182595 0.314978 0.0154967 0.736808 0.0176697 2.78718 0.110876 4.3492 0.303256 2302.38 651.52 2309.52 651.878 2309.52 651.878 0.84803 0.0798744 
200 0.31 50800000 56.8846 16.4234 -713.238 21.3409 521288 23694.9 2.85669e+11 2.0885e+10 -0.69184 0.0228129 0.217068 0.0401562 0.553257 0.0182595 0.314978 0.0154967 0.736808 0.0176697 2.78718 0.110876 4.3492 0.303256 2302.38 651.52 2309.52 651.878 2309.52 651.878 0.84803 0.0798744 
200 0.31 51200000 56.8846 16.4234 -713.238 21.3409 521288 23694.9 2.85669e+11 2.0885e+10 -0.69184 0.0228129 0.217068 0.0401562 0.553257 0.0182595 0.314978 0.0154967 0.736808 0.0176697 2.78718 0.110876 4.3492 0.303256 2302.38 651.52 2309.52 651.878 2309.52 651.878 0.84803 0.0798744 
200 0.31 51600000 56.8846 16.4234 -713.238 21.3409 521288 23694.9 2.85669e+11 2.0885e+10 -0.69184 0.0228129 0.217068 0.0401562 0.553257 0.0182595 0.314978 0.0154967 0.736808 0.0176697 2.78718 0.110876 4.3492 0.303256 2302.38 651.52 2309.52 651.878 2309.52 651.878 0.84803 0.0798744 
200 0.31 52000000 56.8846 16.4234 -713.238 21.3409 521288 23694.9 2.85669e+11 2.0885e+10 -0.69184 0.0228129 0.217068 0.0401562 0.553257 0.0182595 0.314978 0.0154967 0.736808 0.0176697 2.78718 0.110876 4.3492 0.303256 2302.38 651.52 2309.52 651.878 2309.52 651.878 0.84803 0.0798744 
200 0.31 52400000 55.125 15.8484 -703.454 21.9448 507841 25534.2 2.73278e+11 2.3235e+10 -0.684468 0.0223468 0.224597 0.0375215 0.546224 0.0182598 0.307318 0.0161725 0.732323 0.0169674 2.79922 0.105682 4.37368 0.265803 2447.44 570.272 2454.62 570.586 2454.62 570.586 0.858475 0.0713831 
200 0.31 52800000 55.125 15.8484 -703.454 21.9448 507841 25534.2 2.73278e+11 2.3235e+10 -0.684468 0.0223468 0.224597 0.0375215 0.546224 0.0182598 0.307318 0.0161725 0.732323 0.0169674 2.79922 0.105682 4.37368 0.265803 2447.44 570.272 2454.62 570.586 2454.62 570.586 0.858475 0.0713831 
200 0.31 53200000 55.125 15.8484 -703.454 21.9448 507841 25534.2 2.73278e+11 2.3235e+10 -0.684468 0.0223468 0.224597 0.0375215 0.546224 0.0182598 0.307318 0.0161725 0.732323 0.0169674 2.79922 0.105682 4.37368 0.265803 2447.44 570.272 2454.62 570.586 2454.62 570.586 0.858475 0.0713831 
200 0.31 53600000 55.125 15.8484 -703.454 21.9448 507841 25534.2 2.73278e+11 2.3235e+10 -0.684468 0.0223468 0.224597 0.0375215 0.546224 0.0182598 0.307318 0.0161725 0.732323 0.0169674 2.79922 0.105682 4.37368 0.265803 2447.44 570.272 2454.62 570.586 2454.62 570.586 0.858475 0.0713831 
200 0.31 54000000 55.125 15.3024 -703.454 21.9448 507841 25534.2 2.73278e+11 2.3235e+10 -0.684468 0.0223468 0.224597 0.0375215 0.546224 0.0182598 0.307318 0.0161725 0.732323 0.0169674 2.79922 0.105682 4.37368 0.2636 2447.44 570.272 2454.62 570.586 2454.62 570.586 0.858475 0.0713831 
200 0.31 54400000 55.125 15.3024 -703.454 21.9448 507841 25534.2 2.73278e+11 2.3235e+10 -0.684468 0.0223468 0.224597 0.0375215 0.546224 0.0182598 0.307318 0.0161725 0.732323 0.0169674 2.79922 0.105682 4.37368 0.2636 2447.44 570.272 2454.62 570.586 2454.62 570.586 0.858475 0.0713831 
200 0.31 54800000 55.125 15.3024 -703.454 21.9448 507841 25534.2 2.73278e+11 2.3235e+10 -0.684468 0.0223468 0.224597 0.0375215 0.546224 0.0182598 0.307318 0.0161725 0.732323 0.0169674 2.79922 0.105682 4.37368 0.2636 2447.44 570.272 2454.62 570.586 2454.62 570.586 0.858475 0.0713831 
200 0.31 55200000 55.125 15.3024 -703.454 21.9448 507841 25534.2 2.73278e+11 2.3235e+10 -0.684468 0.0223468 0.224597 0.0375215 0.546224 0.0182598 0.307318 0.0161725 0.732323 0.0169674 2.79922 0.105682 4.37368 0.2636 2447.44 570.272 2454.62 570.586 2454.62 570.586 0.858475 0.0713831 
200 0.31 55600000 54.5 14.8102 -703.714 20.4834 507536 24712.2 2.72327e+11 2.3235e+10 -0.686439 0.0223468 0.222097 0.0375215 0.546583 0.017046 0.307315 0.0150943 0.732954 0.015848 2.77385 0.105682 4.34696 0.26051 2610.11 570.272 2617.23 570.586 2617.23 570.586 0.867639 0.0713831 
200 0.31 56000000 54.5 14.8102 -703.714 20.4834 507536 24712.2 2.72327e+11 2.3235e+10 -0.686439 0.0223468 0.222097 0.0375215 0.546583 0.017046 0.307315 0.0150943 0.732954 0.015848 2.77385 0.105682 4.34696 0.26051 2610.11 570.272 2617.23 570.586 2617.23 570.586 0.867639 0.0713831 
200 0.31 56400000 54.5 14.8102 -703.714 20.4834 507536 24712.2 2.72327e+11 2.3235e+10 -0.686439 0.0223468 0.222097 0.0375215 0.546583 0.017046 0.307315 0.0150943 0.732954 0.015848 2.77385 0.105682 4.34696 0.26051 2610.11 570.272 2617.23 570.586 2617.23 570.586 0.867639 0.0713831 
200 0.31 56800000 54.5 14.8102 -703.714 20.4834 507536 24712.2 2.72327e+11 2.3235e+10 -0.686439 0.0223468 0.222097 0.0375215 0.546583 0.017046 0.307315 0.0150943 0.732954 0.015848 2.77385 0.105682 4.34696 0.26051 2610.11 570.272 2617.23 570.586 2617.23 570.586 0.867639 0.0713831 
200 0.31 57200000 54.5 14.3384 -703.714 20.4834 507536 24712.2 2.72327e+11 2.3235e+10 -0.686439 0.0223468 0.222097 0.0375215 0.546583 0.017046 0.307315 0.0150943 0.732954 0.015848 2.77385 0.105682 4.34696 0.26051 2610.11 570.272 2617.23 570.586 2617.23 570.586 0.867639 0.0713831 
200 0.31 57600000 54.5 14.3384 -703.714 20.4834 507536 24712.2 2.72327e+11 2.3235e+10 -0.686439 0.0223468 0.222097 0.0375215 0.546583 0.017046 0.307315 0.0150943 0.732954 0.015848 2.77385 0.105682 4.34696 0.26051 2610.11 570.272 2617.23 570.586 2617.23 570.586 0.867639 0.0713831 
200 0.31 58000000 54.5 14.3384 -703.714 20.4834 507536 24712.2 2.72327e+11 2.3235e+10 -0.686439 0.0223468 0.222097 0.0375215 0.546583 0.017046 0.307315 0.0150943 0.732954 0.015848 2.77385 0.105682 4.34696 0.26051 2610.11 570.272 2617.23 570.586 2617.23 570.586 0.867639 0.0713831 
200 0.31 58400000 54.5 14.3384 -703.714 20.4834 507536 24712.2 2.72327e+11 2.3235e+10 -0.686439 0.0223468 0.222097 0.0375215 0.546583 0.017046 0.307315 0.0150943 0.732954 0.015848 2.77385 0.105682 4.34696 0.26051 2610.11 570.272 2617.23 570.586 2617.23 570.586 0.867639 0.0713831 
200 0.31 58800000 54.0469 13.8904 -706.336 19.3702 511011 22596 2.76042e+11 2.04943e+10 -0.689882 0.0201987 0.216593 0.0336744 0.54828 0.0160649 0.309021 0.014247 0.73438 0.0149216 2.75579 0.101003 4.31362 0.235223 2514.31 502.893 2521.38 503.153 2521.38 503.153 0.859681 0.0624704 
200 0.31 59200000 54.0469 13.8904 -706.336 19.3702 511011 22596 2.76042e+11 2.04943e+10 -0.689882 0.0201987 0.216593 0.0336744 0.54828 0.0160649 0.309021 0.014247 0.73438 0.0149216 2.75579 0.101003 4.31362 0.235223 2514.31 502.893 2521.38 503.153 2521.38 503.153 0.859681 0.0624704 
200 0.31 59600000 54.0469 13.8904 -706.336 19.3702 511011 22596 2.76042e+11 2.04943e+10 -0.689882 0.0201987 0.216593 0.0336744 0.54828 0.0160649 0.309021 0.014247 0.73438 0.0149216 2.75579 0.101003 4.31362 0.235223 2514.31 502.893 2521.38 503.153 2521.38 503.153 0.859681 0.0624704 
200 0.31 60000000 54.0469 13.8904 -706.336 19.3702 511011 22596 2.76042e+11 2.04943e+10 -0.689882 0.0201987 0.216593 0.0336744 0.54828 0.0160649 0.309021 0.014247 0.73438 0.0149216 2.75579 0.101003 4.31362 0.235223 2514.31 502.893 2521.38 503.153 2521.38 503.153 0.859681 0.0624704 
200 0.31 60400000 54.0469 13.5023 -706.336 19.3702 511011 22596 2.76042e+11 2.04943e+10 -0.689882 0.0201987 0.216593 0.0336744 0.54828 0.0160649 0.309021 0.014247 0.73438 0.0149216 2.75579 0.101003 4.31362 0.234768 2514.31 502.893 2521.38 503.153 2521.38 503.153 0.859681 0.0624704 
200 0.31 60800000 54.0469 13.5023 -706.336 19.3702 511011 22596 2.76042e+11 2.04943e+10 -0.689882 0.0201987 0.216593 0.0336744 0.54828 0.0160649 0.309021 0.014247 0.73438 0.0149216 2.75579 0.101003 4.31362 0.234768 2514.31 502.893 2521.38 503.153 2521.38 503.153 0.859681 0.0624704 
200 0.31 61200000 54.0469 13.5023 -706.336 19.3702 511011 22596 2.76042e+11 2.04943e+10 -0.689882 0.0201987 0.216593 0.0336744 0.54828 0.0160649 0.309021 0.014247 0.73438 0.0149216 2.75579 0.101003 4.31362 0.234768 2514.31 502.893 2521.38 503.153 2521.38 503.153 0.859681 0.0624704 
200 0.31 61600000 54.0469 13.5023 -706.336 19.3702 511011 22596 2.76042e+11 2.04943e+10 -0.689882 0.0201987 0.216593 0.0336744 0.54828 0.0160649 0.309021 0.014247 0.73438 0.0149216 2.75579 0.101003 4.31362 0.234768 2514.31 502.893 2521.38 503.153 2521.38 503.153 0.859681 0.0624704 
200 0.31 62000000 53.3088 13.1069 -708.784 18.3848 514317 21825.5 2.79821e+11 2.04943e+10 -0.69366 0.0201987 0.205699 0.0336744 0.549844 0.0151958 0.310642 0.0135008 0.735678 0.0141001 2.74788 0.101003 4.2569 0.234768 2375.5 502.893 2382.5 503.153 2382.5 503.153 0.825214 0.0624704 
200 0.31 62400000 53.3088 13.1069 -708.784 18.3848 514317 21825.5 2.79821e+11 2.04943e+10 -0.69366 0.0201987 0.205699 0.0336744 0.549844 0.0151958 0.310642 0.0135008 0.735678 0.0141001 2.74788 0.101003 4.2569 0.234768 2375.5 502.893 2382.5 503.153 2382.5 503.153 0.825214 0.0624704 
200 0.31 62800000 53.3088 13.1069 -708.784 18.3848 514317 21825.5 2.79821e+11 2.04943e+10 -0.69366 0.0201987 0.205699 0.0336744 0.549844 0.0151958 0.310642 0.0135008 0.735678 0.0141001 2.74788 0.101003 4.2569 0.234768 2375.5 502.893 2382.5 503.153 2382.5 503.153 0.825214 0.0624704 
200 0.31 63200000 53.3088 13.1069 -708.784 18.3848 514317 21825.5 2.79821e+11 2.04943e+10 -0.69366 0.0201987 0.205699 0.0336744 0.549844 0.0151958 0.310642 0.0135008 0.735678 0.0141001 2.74788 0.101003 4.2569 0.234768 2375.5 502.893 2382.5 503.153 2382.5 503.153 0.825214 0.0624704 
200 0.31 63600000 53.3088 12.7344 -708.784 18.3848 514317 21825.5 2.79821e+11 2.04943e+10 -0.69366 0.0201987 0.205699 0.0336744 0.549844 0.0151958 0.310642 0.0135008 0.735678 0.0141001 2.74788 0.101003 4.2569 0.234768 2375.5 502.893 2382.5 503.153 2382.5 503.153 0.825214 0.0624704 
200 0.31 64000000 53.3088 12.7344 -708.784 18.3848 514317 21825.5 2.79821e+11 2.04943e+10 -0.69366 0.0201987 0.205699 0.0336744 0.549844 0.0151958 0.310642 0.0135008 0.735678 0.0141001 2.74788 0.101003 4.2569 0.234768 2375.5 502.893 2382.5 503.153 2382.5 503.153 0.825214 0.0624704 
200 0.31 64400000 53.3088 12.7344 -708.784 18.3848 514317 21825.5 2.79821e+11 2.04943e+10 -0.69366 0.0201987 0.205699 0.0336744 0.549844 0.0151958 0.310642 0.0135008 0.735678 0.0141001 2.74788 0.101003 4.2569 0.234768 2375.5 502.893 2382.5 503.153 2382.5 503.153 0.825214 0.0624704 
200 0.31 64800000 53.3088 12.7344 -708.784 18.3848 514317 21825.5 2.79821e+11 2.04943e+10 -0.69366 0.0201987 0.205699 0.0336744 0.549844 0.0151958 0.310642 0.0135008 0.735678 0.0141001 2.74788 0.101003 4.2569 0.234768 2375.5 502.893 2382.5 503.153 2382.5 503.153 0.825214 0.0624704 
200 0.31 65200000 52.6528 12.388 -708.669 17.3638 513504 20327.8 2.78174e+11 1.84153e+10 -0.695571 0.0187384 0.20106 0.0333229 0.549593 0.0143537 0.309913 0.0127704 0.735831 0.0133176 2.71634 0.0971802 4.20549 0.232253 2243.8 514.654 2250.72 514.924 2250.72 514.924 0.782803 0.0913071 
200 0.31 65600000 52.6528 12.388 -708.669 17.3638 513504 20327.8 2.78174e+11 1.84153e+10 -0.695571 0.0187384 0.20106 0.0333229 0.549593 0.0143537 0.309913 0.0127704 0.735831 0.0133176 2.71634 0.0971802 4.20549 0.232253 2243.8 514.654 2250.72 514.924 2250.72 514.924 0.782803 0.0913071 
200 0.31 66000000 52.6528 12.388 -708.669 17.3638 513504 20327.8 2.78174e+11 1.84153e+10 -0.695571 0.0187384 0.20106 0.0333229 0.549593 0.0143537 0.309913 0.0127704 0.735831 0.0133176 2.71634 0.0971802 4.20549 0.232253 2243.8 514.654 2250.72 514.924 2250.72 514.924 0.782803 0.0913071 
200 0.31 66400000 52.6528 12.388 -708.669 17.3638 513504 20327.8 2.78174e+11 1.84153e+10 -0.695571 0.0187384 0.20106 0.0333229 0.549593 0.0143537 0.309913 0.0127704 0.735831 0.0133176 2.71634 0.0971802 4.20549 0.232253 2243.8 514.654 2250.72 514.924 2250.72 514.924 0.782803 0.0913071 
200 0.31 66800000 52.6528 12.0885 -708.669 17.3638 513504 20327.8 2.78174e+11 1.84153e+10 -0.695571 0.0187384 0.20106 0.0333229 0.549593 0.0143537 0.309913 0.0127704 0.735831 0.0133176 2.71634 0.0971802 4.20549 0.232253 2243.8 514.654 2250.72 514.924 2250.72 514.924 0.782803 0.0913071 
200 0.31 67200000 52.6528 12.0885 -708.669 17.3638 513504 20327.8 2.78174e+11 1.84153e+10 -0.695571 0.0187384 0.20106 0.0333229 0.549593 0.0143537 0.309913 0.0127704 0.735831 0.0133176 2.71634 0.0971802 4.20549 0.232253 2243.8 514.654 2250.72 514.924 2250.72 514.924 0.782803 0.0913071 
200 0.31 67600000 52.6528 12.0885 -708.669 17.3638 513504 20327.8 2.78174e+11 1.84153e+10 -0.695571 0.0187384 0.20106 0.0333229 0.549593 0.0143537 0.309913 0.0127704 0.735831 0.0133176 2.71634 0.0971802 4.20549 0.232253 2243.8 514.654 2250.72 514.924 2250.72 514.924 0.782803 0.0913071 
200 0.31 68000000 52.6528 12.0885 -708.669 17.3638 513504 20327.8 2.78174e+11 1.84153e+10 -0.695571 0.0187384 0.20106 0.0333229 0.549593 0.0143537 0.309913 0.0127704 0.735831 0.0133176 2.71634 0.0971802 4.20549 0.232253 2243.8 514.654 2250.72 514.924 2250.72 514.924 0.782803 0.0913071 
200 0.31 68400000 50.8816 11.7992 -708.062 16.4605 512106 19542.3 2.7611e+11 1.83278e+10 -0.69705 0.0187384 0.195054 0.0333229 0.548739 0.0136236 0.308629 0.0121627 0.735523 0.0126203 2.70301 0.0971802 4.1541 0.232253 2125.96 514.654 2132.82 514.924 2132.82 514.924 0.743853 0.0913071 
200 0.31 68800000 50.8816 11.7992 -708.062 16.4605 512106 19542.3 2.7611e+11 1.83278e+10 -0.69705 0.0187384 0.195054 0.0333229 0.548739 0.0136236 0.308629 0.0121627 0.735523 0.0126203 2.70301 0.0971802 4.1541 0.232253 2125.96 514.654 2132.82 514.924 2132.82 514.924 0.743853 0.0913071 
200 0.31 69200000 50.8816 11.7992 -708.062 16.4605 512106 19542.3 2.7611e+11 1.83278e+10 -0.69705 0.0187384 0.195054 0.0333229 0.548739 0.0136236 0.308629 0.0121627 0.735523 0.0126203 2.70301 0.0971802 4.1541 0.232253 2125.96 514.654 2132.82 514.924 2132.82 514.924 0.743853 0.0913071 
200 0.31 69600000 50.8816 11.7992 -708.062 16.4605 512106 19542.3 2.7611e+11 1.83278e+10 -0.69705 0.0187384 0.195054 0.0333229 0.548739 0.0136236 0.308629 0.0121627 0.735523 0.0126203 2.70301 0.0971802 4.1541 0.232253 2125.96 514.654 2132.82 514.924 2132.82 514.924 0.743853 0.0913071 
200 0.31 70000000 50.8816 11.4992 -708.062 16.4605 512106 19542.3 2.7611e+11 1.83278e+10 -0.69705 0.0187384 0.195054 0.0333229 0.548739 0.0136236 0.308629 0.0121627 0.735523 0.0126203 2.70301 0.0971802 4.1541 0.232253 2125.96 514.654 2132.82 514.924 2132.82 514.924 0.743853 0.0913071 
200 0.31 70400000 50.8816 11.4992 -708.062 16.4605 512106 19542.3 2.7611e+11 1.83278e+10 -0.69705 0.0187384 0.195054 0.0333229 0.548739 0.0136236 0.308629 0.0121627 0.735523 0.0126203 2.70301 0.0971802 4.1541 0.232253 2125.96 514.654 2132.82 514.924 2132.82 514.924 0.743853 0.0913071 
200 0.31 70800000 50.8816 11.4992 -708.062 16.4605 512106 19542.3 2.7611e+11 1.83278e+10 -0.69705 0.0187384 0.195054 0.0333229 0.548739 0.0136236 0.308629 0.0121627 0.735523 0.0126203 2.70301 0.0971802 4.1541 0.232253 2125.96 514.654 2132.82 514.924 2132.82 514.924 0.743853 0.0913071 
200 0.31 71200000 50.8816 11.4992 -708.062 16.4605 512106 19542.3 2.7611e+11 1.83278e+10 -0.69705 0.0187384 0.195054 0.0333229 0.548739 0.0136236 0.308629 0.0121627 0.735523 0.0126203 2.70301 0.0971802 4.1541 0.232253 2125.96 514.654 2132.82 514.924 2132.82 514.924 0.743853 0.0913071 
200 0.31 71600000 51.6 11.2214 -705.667 15.8108 508390 18694.9 2.72071e+11 1.74817e+10 -0.697106 0.0169273 0.189244 0.037973 0.546151 0.0131859 0.305639 0.0119163 0.733963 0.0120853 2.68315 0.0966968 4.11871 0.257373 2019.99 668.607 2026.79 668.942 2026.79 668.942 0.711459 0.144672 
200 0.31 72000000 51.6 11.2214 -705.667 15.8108 508390 18694.9 2.72071e+11 1.74817e+10 -0.697106 0.0169273 0.189244 0.037973 0.546151 0.0131859 0.305639 0.0119163 0.733963 0.0120853 2.68315 0.0966968 4.11871 0.257373 2019.99 668.607 2026.79 668.942 2026.79 668.942 0.711459 0.144672 
200 0.31 72400000 51.6 11.2214 -705.667 15.8108 508390 18694.9 2.72071e+11 1.74817e+10 -0.697106 0.0169273 0.189244 0.037973 0.546151 0.0131859 0.305639 0.0119163 0.733963 0.0120853 2.68315 0.0966968 4.11871 0.257373 2019.99 668.607 2026.79 668.942 2026.79 668.942 0.711459 0.144672 
200 0.31 72800000 51.6 11.2214 -705.667 15.8108 508390 18694.9 2.72071e+11 1.74817e+10 -0.697106 0.0169273 0.189244 0.037973 0.546151 0.0131859 0.305639 0.0119163 0.733963 0.0120853 2.68315 0.0966968 4.11871 0.257373 2019.99 668.607 2026.79 668.942 2026.79 668.942 0.711459 0.144672 
200 0.31 73200000 51.6 10.9523 -705.667 15.8108 508390 18694.9 2.72071e+11 1.74817e+10 -0.697106 0.0169273 0.189244 0.037973 0.546151 0.0131859 0.305639 0.0119163 0.733963 0.0120853 2.68315 0.0966968 4.11871 0.257373 2019.99 668.607 2026.79 668.942 2026.79 668.942 0.711459 0.144672 
200 0.31 73600000 51.6 10.9523 -705.667 15.8108 508390 18694.9 2.72071e+11 1.74817e+10 -0.697106 0.0169273 0.189244 0.037973 0.546151 0.0131859 0.305639 0.0119163 0.733963 0.0120853 2.68315 0.0966968 4.11871 0.257373 2019.99 668.607 2026.79 668.942 2026.79 668.942 0.711459 0.144672 
200 0.31 74000000 51.6 10.9523 -705.667 15.8108 508390 18694.9 2.72071e+11 1.74817e+10 -0.697106 0.0169273 0.189244 0.037973 0.546151 0.0131859 0.305639 0.0119163 0.733963 0.0120853 2.68315 0.0966968 4.11871 0.257373 2019.99 668.607 2026.79 668.942 2026.79 668.942 0.711459 0.144672 
200 0.31 74400000 51.6 10.9523 -705.667 15.8108 508390 18694.9 2.72071e+11 1.74817e+10 -0.697106 0.0169273 0.189244 0.037973 0.546151 0.0131859 0.305639 0.0119163 0.733963 0.0120853 2.68315 0.0966968 4.11871 0.257373 2019.99 668.607 2026.79 668.942 2026.79 668.942 0.711459 0.144672 
200 0.31 74800000 51.6 10.7144 -705.667 15.1333 508390 18245.2 2.72071e+11 1.74817e+10 -0.697106 0.0169273 0.189244 0.037973 0.546151 0.0125788 0.305639 0.0113909 0.733963 0.0115139 2.68315 0.0966968 4.11871 0.257373 2019.99 668.607 2026.79 668.942 2026.79 668.942 0.711459 0.144672 
200 0.31 75200000 51.6 10.7144 -705.667 15.1333 508390 18245.2 2.72071e+11 1.74817e+10 -0.697106 0.0169273 0.189244 0.037973 0.546151 0.0125788 0.305639 0.0113909 0.733963 0.0115139 2.68315 0.0966968 4.11871 0.257373 2019.99 668.607 2026.79 668.942 2026.79 668.942 0.711459 0.144672 
200 0.31 75600000 51.6 10.7144 -705.667 15.1333 508390 18245.2 2.72071e+11 1.74817e+10 -0.697106 0.0169273 0.189244 0.037973 0.546151 0.0125788 0.305639 0.0113909 0.733963 0.0115139 2.68315 0.0966968 4.11871 0.257373 2019.99 668.607 2026.79 668.942 2026.79 668.942 0.711459 0.144672 
200 0.31 76000000 51.6 10.7144 -705.667 15.1333 508390 18245.2 2.72071e+11 1.74817e+10 -0.697106 0.0169273 0.189244 0.037973 0.546151 0.0125788 0.305639 0.0113909 0.733963 0.0115139 2.68315 0.0966968 4.11871 0.257373 2019.99 668.607 2026.79 668.942 2026.79 668.942 0.711459 0.144672 
200 0.31 76400000 51.6 10.4744 -705.667 15.1333 508390 18245.2 2.72071e+11 1.74817e+10 -0.697106 0.0169273 0.189244 0.037973 0.546151 0.0125788 0.305639 0.0113909 0.733963 0.0115139 2.68315 0.0966968 4.11871 0.257373 2019.99 668.607 2026.79 668.942 2026.79 668.942 0.711459 0.144672 
200 0.31 76800000 51.6 10.4744 -705.667 15.1333 508390 18245.2 2.72071e+11 1.74817e+10 -0.697106 0.0169273 0.189244 0.037973 0.546151 0.0125788 0.305639 0.0113909 0.733963 0.0115139 2.68315 0.0966968 4.11871 0.257373 2019.99 668.607 2026.79 668.942 2026.79 668.942 0.711459 0.144672 
200 0.31 77200000 51.6 10.4744 -705.667 15.1333 508390 18245.2 2.72071e+11 1.74817e+10 -0.697106 0.0169273 0.189244 0.037973 0.546151 0.0125788 0.305639 0.0113909 0.733963 0.0115139 2.68315 0.0966968 4.11871 0.257373 2019.99 668.607 2026.79 668.942 2026.79 668.942 0.711459 0.144672 
200 0.31 77600000 51.6 10.4744 -705.667 15.1333 508390 18245.2 2.72071e+11 1.74817e+10 -0.697106 0.0169273 0.189244 0.037973 0.546151 0.0125788 0.305639 0.0113909 0.733963 0.0115139 2.68315 0.0966968 4.11871 0.257373 2019.99 668.607 2026.79 668.942 2026.79 668.942 0.711459 0.144672 
200 0.31 78000000 49.3523 10.2651 -703.364 14.4643 504462 17211 2.67388e+11 1.65077e+10 -0.699945 0.0158873 0.164095 0.037973 0.546076 0.0120247 0.305092 0.0108822 0.734306 0.0110092 2.66622 0.0966968 4.11614 0.257373 1888.47 668.607 1895.26 668.942 1895.26 668.942 0.692928 0.144672 
200 0.31 78400000 49.3523 10.2651 -703.364 14.4643 504462 17211 2.67388e+11 1.65077e+10 -0.699945 0.0158873 0.164095 0.037973 0.546076 0.0120247 0.305092 0.0108822 0.734306 0.0110092 2.66622 0.0966968 4.11614 0.257373 1888.47 668.607 1895.26 668.942 1895.26 668.942 0.692928 0.144672 
200 0.31 78800000 49.3523 10.2651 -703.364 14.4643 504462 17211 2.67388e+11 1.65077e+10 -0.699945 0.0158873 0.164095 0.037973 0.546076 0.0120247 0.305092 0.0108822 0.734306 0.0110092 2.66622 0.0966968 4.11614 0.257373 1888.47 668.607 1895.26 668.942 1895.26 668.942 0.692928 0.144672 
200 0.31 79200000 49.3523 10.2651 -703.364 14.4643 504462 17211 2.67388e+11 1.65077e+10 -0.699945 0.0158873 0.164095 0.037973 0.546076 0.0120247 0.305092 0.0108822 0.734306 0.0110092 2.66622 0.0966968 4.11614 0.257373 1888.47 668.607 1895.26 668.942 1895.26 668.942 0.692928 0.144672 
200 0.31 79600000 49.3523 10.0419 -703.364 14.4643 504462 17211 2.67388e+11 1.65077e+10 -0.699945 0.0158873 0.164095 0.037973 0.546076 0.0120247 0.305092 0.0108822 0.734306 0.0110092 2.66622 0.0966968 4.11614 0.257373 1888.47 668.607 1895.26 668.942 1895.26 668.942 0.692928 0.144672 
200 0.31 80000000 49.3523 10.0419 -703.364 14.4643 504462 17211 2.67388e+11 1.65077e+10 -0.699945 0.0158873 0.164095 0.037973 0.546076 0.0120247 0.305092 0.0108822 0.734306 0.0110092 2.66622 0.0966968 4.11614 0.257373 1888.47 668.607 1895.26 668.942 1895.26 668.942 0.692928 0.144672 
200 0.31 80400000 49.3523 10.0419 -703.364 14.4643 504462 17211 2.67388e+11 1.65077e+10 -0.699945 0.0158873 0.164095 0.037973 0.546076 0.0120247 0.305092 0.0108822 0.734306 0.0110092 2.66622 0.0966968 4.11614 0.257373 1888.47 668.607 1895.26 668.942 1895.26 668.942 0.692928 0.144672 
200 0.31 80800000 49.3523 10.0419 -703.364 14.4643 504462 17211 2.67388e+11 1.65077e+10 -0.699945 0.0158873 0.164095 0.037973 0.546076 0.0120247 0.305092 0.0108822 0.734306 0.0110092 2.66622 0.0966968 4.11614 0.257373 1888.47 668.607 1895.26 668.942 1895.26 668.942 0.692928 0.144672 
200 0.31 81200000 49.3523 9.82551 -703.364 13.9513 504462 17004 2.67388e+11 1.65077e+10 -0.699945 0.0158873 0.164095 0.037973 0.546076 0.0115269 0.305092 0.0104659 0.734306 0.0105356 2.66622 0.0966968 4.11614 0.257373 1888.47 668.607 1895.26 668.942 1895.26 668.942 0.692928 0.144672 
200 0.31 81600000 49.3523 9.82551 -703.364 13.9513 504462 17004 2.67388e+11 1.65077e+10 -0.699945 0.0158873 0.164095 0.037973 0.546076 0.0115269 0.305092 0.0104659 0.734306 0.0105356 2.66622 0.0966968 4.11614 0.257373 1888.47 668.607 1895.26 668.942 1895.26 668.942 0.692928 0.144672 
200 0.31 82000000 49.3523 9.82551 -703.364 13.9513 504462 17004 2.67388e+11 1.65077e+10 -0.699945 0.0158873 0.164095 0.037973 0.546076 0.0115269 0.305092 0.0104659 0.734306 0.0105356 2.66622 0.0966968 4.11614 0.257373 1888.47 668.607 1895.26 668.942 1895.26 668.942 0.692928 0.144672 
200 0.31 82400000 49.3523 9.82551 -703.364 13.9513 504462 17004 2.67388e+11 1.65077e+10 -0.699945 0.0158873 0.164095 0.037973 0.546076 0.0115269 0.305092 0.0104659 0.734306 0.0105356 2.66622 0.0966968 4.11614 0.257373 1888.47 668.607 1895.26 668.942 1895.26 668.942 0.692928 0.144672 
200 0.31 82800000 49.3523 9.62025 -703.364 13.9513 504462 17004 2.67388e+11 1.65077e+10 -0.699945 0.0158873 0.164095 0.037973 0.546076 0.0115269 0.305092 0.0104659 0.734306 0.0105356 2.66622 0.0966968 4.11614 0.257373 1888.47 668.607 1895.26 668.942 1895.26 668.942 0.692928 0.144672 
200 0.31 83200000 49.3523 9.62025 -703.364 13.9513 504462 17004 2.67388e+11 1.65077e+10 -0.699945 0.0158873 0.164095 0.037973 0.546076 0.0115269 0.305092 0.0104659 0.734306 0.0105356 2.66622 0.0966968 4.11614 0.257373 1888.47 668.607 1895.26 668.942 1895.26 668.942 0.692928 0.144672 
200 0.31 83600000 49.3523 9.62025 -703.364 13.9513 504462 17004 2.67388e+11 1.65077e+10 -0.699945 0.0158873 0.164095 0.037973 0.546076 0.0115269 0.305092 0.0104659 0.734306 0.0105356 2.66622 0.0966968 4.11614 0.257373 1888.47 668.607 1895.26 668.942 1895.26 668.942 0.692928 0.144672 
200 0.31 84000000 49.3523 9.62025 -703.364 13.9513 504462 17004 2.67388e+11 1.65077e+10 -0.699945 0.0158873 0.164095 0.037973 0.546076 0.0115269 0.305092 0.0104659 0.734306 0.0105356 2.66622 0.0966968 4.11614 0.257373 1888.47 668.607 1895.26 668.942 1895.26 668.942 0.692928 0.144672 
200 0.31 84400000 47.8229 9.44832 -699.776 13.4798 498876 16479 2.61251e+11 1.62328e+10 -0.700371 0.0143285 0.139232 0.0555493 0.543705 0.0111564 0.30205 0.0102059 0.73305 0.0101369 2.63543 0.0916003 4.06612 0.219785 1731.52 616.268 1738.22 616.56 1738.22 616.56 0.639671 0.13722 
200 0.31 84800000 47.8229 9.44832 -699.776 13.4798 498876 16479 2.61251e+11 1.62328e+10 -0.700371 0.0143285 0.139232 0.0555493 0.543705 0.0111564 0.30205 0.0102059 0.73305 0.0101369 2.63543 0.0916003 4.06612 0.219785 1731.52 616.268 1738.22 616.56 1738.22 616.56 0.639671 0.13722 
200 0.31 85200000 47.8229 9.44832 -699.776 13.4798 498876 16479 2.61251e+11 1.62328e+10 -0.700371 0.0143285 0.139232 0.0555493 0.543705 0.0111564 0.30205 0.0102059 0.73305 0.0101369 2.63543 0.0916003 4.06612 0.219785 1731.52 616.268 1738.22 616.56 1738.22 616.56 0.639671 0.13722 
200 0.31 85600000 47.8229 9.44832 -699.776 13.4798 498876 16479 2.61251e+11 1.62328e+10 -0.700371 0.0143285 0.139232 0.0555493 0.543705 0.0111564 0.30205 0.0102059 0.73305 0.0101369 2.63543 0.0916003 4.06612 0.219785 1731.52 616.268 1738.22 616.56 1738.22 616.56 0.639671 0.13722 
200 0.31 86000000 47.8229 9.26733 -699.776 13.4798 498876 16479 2.61251e+11 1.62328e+10 -0.700371 0.0143285 0.139232 0.0555493 0.543705 0.0111564 0.30205 0.0102059 0.73305 0.0101369 2.63543 0.0916003 4.06612 0.219785 1731.52 616.268 1738.22 616.56 1738.22 616.56 0.639671 0.13722 
200 0.31 86400000 47.8229 9.26733 -699.776 13.4798 498876 16479 2.61251e+11 1.62328e+10 -0.700371 0.0143285 0.139232 0.0555493 0.543705 0.0111564 0.30205 0.0102059 0.73305 0.0101369 2.63543 0.0916003 4.06612 0.219785 1731.52 616.268 1738.22 616.56 1738.22 616.56 0.639671 0.13722 
200 0.31 86800000 47.8229 9.26733 -699.776 13.4798 498876 16479 2.61251e+11 1.62328e+10 -0.700371 0.0143285 0.139232 0.0555493 0.543705 0.0111564 0.30205 0.0102059 0.73305 0.0101369 2.63543 0.0916003 4.06612 0.219785 1731.52 616.268 1738.22 616.56 1738.22 616.56 0.639671 0.13722 
200 0.31 87200000 47.8229 9.26733 -699.776 13.4798 498876 16479 2.61251e+11 1.62328e+10 -0.700371 0.0143285 0.139232 0.0555493 0.543705 0.0111564 0.30205 0.0102059 0.73305 0.0101369 2.63543 0.0916003 4.06612 0.219785 1731.52 616.268 1738.22 616.56 1738.22 616.56 0.639671 0.13722 
200 0.31 87600000 47.8229 9.09805 -699.776 14.2578 498876 17279.3 2.61251e+11 1.62328e+10 -0.700371 0.0143285 0.139232 0.0555493 0.543705 0.0119746 0.30205 0.0110396 0.73305 0.0104633 2.63543 0.0916003 4.06612 0.219785 1731.52 616.268 1738.22 616.56 1738.22 616.56 0.639671 0.13722 
200 0.31 88000000 47.8229 9.09805 -699.776 14.2578 498876 17279.3 2.61251e+11 1.62328e+10 -0.700371 0.0143285 0.139232 0.0555493 0.543705 0.0119746 0.30205 0.0110396 0.73305 0.0104633 2.63543 0.0916003 4.06612 0.219785 1731.52 616.268 1738.22 616.56 1738.22 616.56 0.639671 0.13722 
200 0.31 88400000 47.8229 9.09805 -699.776 14.2578 498876 17279.3 2.61251e+11 1.62328e+10 -0.700371 0.0143285 0.139232 0.0555493 0.543705 0.0119746 0.30205 0.0110396 0.73305 0.0104633 2.63543 0.0916003 4.06612 0.219785 1731.52 616.268 1738.22 616.56 1738.22 616.56 0.639671 0.13722 
200 0.31 88800000 47.8229 9.09805 -699.776 14.2578 498876 17279.3 2.61251e+11 1.62328e+10 -0.700371 0.0143285 0.139232 0.0555493 0.543705 0.0119746 0.30205 0.0110396 0.73305 0.0104633 2.63543 0.0916003 4.06612 0.219785 1731.52 616.268 1738.22 616.56 1738.22 616.56 0.639671 0.13722 
200 0.31 89200000 47.8229 8.92035 -699.776 14.2578 498876 17279.3 2.61251e+11 1.62328e+10 -0.700371 0.0143285 0.139232 0.0555493 0.543705 0.0119746 0.30205 0.0110396 0.73305 0.0104633 2.63543 0.0916003 4.06612 0.219785 1731.52 616.268 1738.22 616.56 1738.22 616.56 0.639671 0.13722 
200 0.31 89600000 47.8229 8.92035 -699.776 14.2578 498876 17279.3 2.61251e+11 1.62328e+10 -0.700371 0.0143285 0.139232 0.0555493 0.543705 0.0119746 0.30205 0.0110396 0.73305 0.0104633 2.63543 0.0916003 4.06612 0.219785 1731.52 616.268 1738.22 616.56 1738.22 616.56 0.639671 0.13722 
200 0.31 90000000 47.8229 8.92035 -699.776 14.2578 498876 17279.3 2.61251e+11 1.62328e+10 -0.700371 0.0143285 0.139232 0.0555493 0.543705 0.0119746 0.30205 0.0110396 0.73305 0.0104633 2.63543 0.0916003 4.06612 0.219785 1731.52 616.268 1738.22 616.56 1738.22 616.56 0.639671 0.13722 
200 0.31 90400000 47.8229 8.92035 -699.776 14.2578 498876 17279.3 2.61251e+11 1.62328e+10 -0.700371 0.0143285 0.139232 0.0555493 0.543705 0.0119746 0.30205 0.0110396 0.73305 0.0104633 2.63543 0.0916003 4.06612 0.219785 1731.52 616.268 1738.22 616.56 1738.22 616.56 0.639671 0.13722 
200 0.31 90800000 47.7596 8.7494 -693.077 13.7216 490325 17288.3 2.54129e+11 1.64724e+10 -0.697538 0.0135708 0.127242 0.0555493 0.536999 0.011578 0.295519 0.0107378 0.728351 0.0100895 2.62759 0.0916003 4.09404 0.219785 1613.15 616.268 1619.88 616.56 1619.88 616.56 0.62031 0.13722 
200 0.31 91200000 47.7596 8.7494 -693.077 13.7216 490325 17288.3 2.54129e+11 1.64724e+10 -0.697538 0.0135708 0.127242 0.0555493 0.536999 0.011578 0.295519 0.0107378 0.728351 0.0100895 2.62759 0.0916003 4.09404 0.219785 1613.15 616.268 1619.88 616.56 1619.88 616.56 0.62031 0.13722 
200 0.31 91600000 47.7596 8.7494 -693.077 13.7216 490325 17288.3 2.54129e+11 1.64724e+10 -0.697538 0.0135708 0.127242 0.0555493 0.536999 0.011578 0.295519 0.0107378 0.728351 0.0100895 2.62759 0.0916003 4.09404 0.219785 1613.15 616.268 1619.88 616.56 1619.88 616.56 0.62031 0.13722 
200 0.31 92000000 47.7596 8.7494 -693.077 13.7216 490325 17288.3 2.54129e+11 1.64724e+10 -0.697538 0.0135708 0.127242 0.0555493 0.536999 0.011578 0.295519 0.0107378 0.728351 0.0100895 2.62759 0.0916003 4.09404 0.219785 1613.15 616.268 1619.88 616.56 1619.88 616.56 0.62031 0.13722 
200 0.31 92400000 47.7596 8.59267 -693.077 13.7216 490325 17288.3 2.54129e+11 1.64724e+10 -0.697538 0.0135708 0.127242 0.0555493 0.536999 0.011578 0.295519 0.0107378 0.728351 0.0100895 2.62759 0.0916003 4.09404 0.219785 1613.15 616.268 1619.88 616.56 1619.88 616.56 0.62031 0.13722 
200 0.31 92800000 47.7596 8.59267 -693.077 13.7216 490325 17288.3 2.54129e+11 1.64724e+10 -0.697538 0.0135708 0.127242 0.0555493 0.536999 0.011578 0.295519 0.0107378 0.728351 0.0100895 2.62759 0.0916003 4.09404 0.219785 1613.15 616.268 1619.88 616.56 1619.88 616.56 0.62031 0.13722 
200 0.31 93200000 47.7596 8.59267 -693.077 13.7216 490325 17288.3 2.54129e+11 1.64724e+10 -0.697538 0.0135708 0.127242 0.0555493 0.536999 0.011578 0.295519 0.0107378 0.728351 0.0100895 2.62759 0.0916003 4.09404 0.219785 1613.15 616.268 1619.88 616.56 1619.88 616.56 0.62031 0.13722 
200 0.31 93600000 47.7596 8.59267 -693.077 13.7216 490325 17288.3 2.54129e+11 1.64724e+10 -0.697538 0.0135708 0.127242 0.0555493 0.536999 0.011578 0.295519 0.0107378 0.728351 0.0100895 2.62759 0.0916003 4.09404 0.219785 1613.15 616.268 1619.88 616.56 1619.88 616.56 0.62031 0.13722 
200 0.31 94000000 47.7596 8.4366 -693.077 13.5019 490325 17288.3 2.54129e+11 1.64724e+10 -0.697538 0.0135708 0.127242 0.0555493 0.536999 0.0111546 0.295519 0.0107378 0.728351 0.00972293 2.62759 0.0916003 4.09404 0.219785 1613.15 616.268 1619.88 616.56 1619.88 616.56 0.62031 0.13722 
200 0.31 94400000 47.7596 8.4366 -693.077 13.5019 490325 17288.3 2.54129e+11 1.64724e+10 -0.697538 0.0135708 0.127242 0.0555493 0.536999 0.0111546 0.295519 0.0107378 0.728351 0.00972293 2.62759 0.0916003 4.09404 0.219785 1613.15 616.268 1619.88 616.56 1619.88 616.56 0.62031 0.13722 
200 0.31 94800000 47.7596 8.4366 -693.077 13.5019 490325 17288.3 2.54129e+11 1.64724e+10 -0.697538 0.0135708 0.127242 0.0555493 0.536999 0.0111546 0.295519 0.0107378 0.728351 0.00972293 2.62759 0.0916003 4.09404 0.219785 1613.15 616.268 1619.88 616.56 1619.88 616.56 0.62031 0.13722 
200 0.31 95200000 47.7596 8.4366 -693.077 13.5019 490325 17288.3 2.54129e+11 1.64724e+10 -0.697538 0.0135708 0.127242 0.0555493 0.536999 0.0111546 0.295519 0.0107378 0.728351 0.00972293 2.62759 0.0916003 4.09404 0.219785 1613.15 616.268 1619.88 616.56 1619.88 616.56 0.62031 0.13722 
200 0.31 95600000 47.7596 8.29659 -693.077 13.5019 490325 17288.3 2.54129e+11 1.64724e+10 -0.697538 0.0135708 0.127242 0.0555493 0.536999 0.0111546 0.295519 0.0107378 0.728351 0.00972293 2.62759 0.0916003 4.09404 0.219785 1613.15 616.268 1619.88 616.56 1619.88 616.56 0.62031 0.13722 
200 0.31 96000000 47.7596 8.29659 -693.077 13.5019 490325 17288.3 2.54129e+11 1.64724e+10 -0.697538 0.0135708 0.127242 0.0555493 0.536999 0.0111546 0.295519 0.0107378 0.728351 0.00972293 2.62759 0.0916003 4.09404 0.219785 1613.15 616.268 1619.88 616.56 1619.88 616.56 0.62031 0.13722 
200 0.31 96400000 47.7596 8.29659 -693.077 13.5019 490325 17288.3 2.54129e+11 1.64724e+10 -0.697538 0.0135708 0.127242 0.0555493 0.536999 0.0111546 0.295519 0.0107378 0.728351 0.00972293 2.62759 0.0916003 4.09404 0.219785 1613.15 616.268 1619.88 616.56 1619.88 616.56 0.62031 0.13722 
200 0.31 96800000 47.7596 8.29659 -693.077 13.5019 490325 17288.3 2.54129e+11 1.64724e+10 -0.697538 0.0135708 0.127242 0.0555493 0.536999 0.0111546 0.295519 0.0107378 0.728351 0.00972293 2.62759 0.0916003 4.09404 0.219785 1613.15 616.268 1619.88 616.56 1619.88 616.56 0.62031 0.13722 
200 0.31 97200000 46.2321 8.16013 -693.728 12.8103 490810 16060.2 2.54192e+11 1.52959e+10 -0.699344 0.0126594 0.130255 0.0483335 0.538287 0.0107951 0.296581 0.0100232 0.72949 0.00940528 2.63026 0.0786602 4.08019 0.188837 1524.56 561.905 1531.28 562.137 1531.28 562.137 0.602656 0.122508 
200 0.31 97600000 46.2321 8.16013 -693.728 12.8103 490810 16060.2 2.54192e+11 1.52959e+10 -0.699344 0.0126594 0.130255 0.0483335 0.538287 0.0107951 0.296581 0.0100232 0.72949 0.00940528 2.63026 0.0786602 4.08019 0.188837 1524.56 561.905 1531.28 562.137 1531.28 562.137 0.602656 0.122508 
200 0.31 98000000 46.2321 8.16013 -693.728 12.8103 490810 16060.2 2.54192e+11 1.52959e+10 -0.699344 0.0126594 0.130255 0.0483335 0.538287 0.0107951 0.296581 0.0100232 0.72949 0.00940528 2.63026 0.0786602 4.08019 0.188837 1524.56 561.905 1531.28 562.137 1531.28 562.137 0.602656 0.122508 
200 0.31 98400000 46.2321 8.16013 -693.728 12.8103 490810 16060.2 2.54192e+11 1.52959e+10 -0.699344 0.0126594 0.130255 0.0483335 0.538287 0.0107951 0.296581 0.0100232 0.72949 0.00940528 2.63026 0.0786602 4.08019 0.188837 1524.56 561.905 1531.28 562.137 1531.28 562.137 0.602656 0.122508 
200 0.31 98800000 46.2321 8.02358 -693.728 12.8103 490810 16060.2 2.54192e+11 1.52959e+10 -0.699344 0.0126594 0.130255 0.0483335 0.538287 0.0107951 0.296581 0.0100232 0.72949 0.00940528 2.63026 0.0786602 4.08019 0.188837 1524.56 561.905 1531.28 562.137 1531.28 562.137 0.602656 0.122508 
200 0.31 99200000 46.2321 8.02358 -693.728 12.8103 490810 16060.2 2.54192e+11 1.52959e+10 -0.699344 0.0126594 0.130255 0.0483335 0.538287 0.0107951 0.296581 0.0100232 0.72949 0.00940528 2.63026 0.0786602 4.08019 0.188837 1524.56 561.905 1531.28 562.137 1531.28 562.137 0.602656 0.122508 
200 0.31 99600000 46.2321 8.02358 -693.728 12.8103 490810 16060.2 2.54192e+11 1.52959e+10 -0.699344 0.0126594 0.130255 0.0483335 0.538287 0.0107951 0.296581 0.0100232 0.72949 0.00940528 2.63026 0.0786602 4.08019 0.188837 1524.56 561.905 1531.28 562.137 1531.28 562.137 0.602656 0.122508 
200 0.31 100000000 46.2321 8.02358 -693.728 12.8103 490810 16060.2 2.54192e+11 1.52959e+10 -0.699344 0.0126594 0.130255 0.0483335 0.538287 0.0107951 0.296581 0.0100232 0.72949 0.00940528 2.63026 0.0786602 4.08019 0.188837 1524.56 561.905 1531.28 562.137 1531.28 562.137 0.602656 0.122508 
200 0.31 100400000 46.2321 7.88589 -693.728 12.5532 490810 16060.2 2.54192e+11 1.52959e+10 -0.699344 0.0126594 0.130255 0.0483335 0.538287 0.0104736 0.296581 0.0100232 0.72949 0.00911715 2.63026 0.0786602 4.08019 0.188837 1524.56 561.905 1531.28 562.137 1531.28 562.137 0.602656 0.122508 
200 0.31 100800000 46.2321 7.88589 -693.728 12.5532 490810 16060.2 2.54192e+11 1.52959e+10 -0.699344 0.0126594 0.130255 0.0483335 0.538287 0.0104736 0.296581 0.0100232 0.72949 0.00911715 2.63026 0.0786602 4.08019 0.188837 1524.56 561.905 1531.28 562.137 1531.28 562.137 0.602656 0.122508 
200 0.31 101200000 46.2321 7.88589 -693.728 12.5532 490810 16060.2 2.54192e+11 1.52959e+10 -0.699344 0.0126594 0.130255 0.0483335 0.538287 0.0104736 0.296581 0.0100232 0.72949 0.00911715 2.63026 0.0786602 4.08019 0.188837 1524.56 561.905 1531.28 562.137 1531.28 562.137 0.602656 0.122508 
200 0.31 101600000 46.2321 7.88589 -693.728 12.5532 490810 16060.2 2.54192e+11 1.52959e+10 -0.699344 0.0126594 0.130255 0.0483335 0.538287 0.0104736 0.296581 0.0100232 0.72949 0.00911715 2.63026 0.0786602 4.08019 0.188837 1524.56 561.905 1531.28 562.137 1531.28 562.137 0.602656 0.122508 
200 0.31 102000000 46.2321 7.75678 -693.728 12.5532 490810 16060.2 2.54192e+11 1.52959e+10 -0.699344 0.0126594 0.130255 0.0483335 0.538287 0.0104736 0.296581 0.0100232 0.72949 0.00911715 2.63026 0.0786602 4.08019 0.188837 1524.56 561.905 1531.28 562.137 1531.28 562.137 0.602656 0.122508 
200 0.31 102400000 46.2321 7.75678 -693.728 12.5532 490810 16060.2 2.54192e+11 1.52959e+10 -0.699344 0.0126594 0.130255 0.0483335 0.538287 0.0104736 0.296581 0.0100232 0.72949 0.00911715 2.63026 0.0786602 4.08019 0.188837 1524.56 561.905 1531.28 562.137 1531.28 562.137 0.602656 0.122508 
200 0.31 102800000 46.2321 7.75678 -693.728 12.5532 490810 16060.2 2.54192e+11 1.52959e+10 -0.699344 0.0126594 0.130255 0.0483335 0.538287 0.0104736 0.296581 0.0100232 0.72949 0.00911715 2.63026 0.0786602 4.08019 0.188837 1524.56 561.905 1531.28 562.137 1531.28 562.137 0.602656 0.122508 
200 0.31 103200000 46.2321 7.75678 -693.728 12.5532 490810 16060.2 2.54192e+11 1.52959e+10 -0.699344 0.0126594 0.130255 0.0483335 0.538287 0.0104736 0.296581 0.0100232 0.72949 0.00911715 2.63026 0.0786602 4.08019 0.188837 1524.56 561.905 1531.28 562.137 1531.28 562.137 0.602656 0.122508 
200 0.31 103600000 45.3417 7.62988 -693.493 12.1765 490172 15462.7 2.53309e+11 1.48844e+10 -0.701048 0.0119295 0.124 0.0483335 0.537824 0.0102329 0.295842 0.0095081 0.729384 0.0088607 2.61804 0.0786602 4.0334 0.188837 1425.05 561.905 1431.7 562.137 1431.7 562.137 0.569166 0.122508 
200 0.31 104000000 45.3417 7.62988 -693.493 12.1765 490172 15462.7 2.53309e+11 1.48844e+10 -0.701048 0.0119295 0.124 0.0483335 0.537824 0.0102329 0.295842 0.0095081 0.729384 0.0088607 2.61804 0.0786602 4.0334 0.188837 1425.05 561.905 1431.7 562.137 1431.7 562.137 0.569166 0.122508 
200 0.31 104400000 45.3417 7.62988 -693.493 12.1765 490172 15462.7 2.53309e+11 1.48844e+10 -0.701048 0.0119295 0.124 0.0483335 0.537824 0.0102329 0.295842 0.0095081 0.729384 0.0088607 2.61804 0.0786602 4.0334 0.188837 1425.05 561.905 1431.7 562.137 1431.7 562.137 0.569166 0.122508 
200 0.31 104800000 45.3417 7.62988 -693.493 12.1765 490172 15462.7 2.53309e+11 1.48844e+10 -0.701048 0.0119295 0.124 0.0483335 0.537824 0.0102329 0.295842 0.0095081 0.729384 0.0088607 2.61804 0.0786602 4.0334 0.188837 1425.05 561.905 1431.7 562.137 1431.7 562.137 0.569166 0.122508 
200 0.31 105200000 45.3417 7.51359 -693.493 12.1765 490172 15462.7 2.53309e+11 1.48844e+10 -0.701048 0.0119295 0.124 0.0483335 0.537824 0.0102329 0.295842 0.0095081 0.729384 0.0088607 2.61804 0.0786602 4.0334 0.188837 1425.05 561.905 1431.7 562.137 1431.7 562.137 0.569166 0.122508 
200 0.31 105600000 45.3417 7.51359 -693.493 12.1765 490172 15462.7 2.53309e+11 1.48844e+10 -0.701048 0.0119295 0.124 0.0483335 0.537824 0.0102329 0.295842 0.0095081 0.729384 0.0088607 2.61804 0.0786602 4.0334 0.188837 1425.05 561.905 1431.7 562.137 1431.7 562.137 0.569166 0.122508 
200 0.31 106000000 45.3417 7.51359 -693.493 12.1765 490172 15462.7 2.53309e+11 1.48844e+10 -0.701048 0.0119295 0.124 0.0483335 0.537824 0.0102329 0.295842 0.0095081 0.729384 0.0088607 2.61804 0.0786602 4.0334 0.188837 1425.05 561.905 1431.7 562.137 1431.7 562.137 0.569166 0.122508 
200 0.31 106400000 45.3417 7.51359 -693.493 12.1765 490172 15462.7 2.53309e+11 1.48844e+10 -0.701048 0.0119295 0.124 0.0483335 0.537824 0.0102329 0.295842 0.0095081 0.729384 0.0088607 2.61804 0.0786602 4.0334 0.188837 1425.05 561.905 1431.7 562.137 1431.7 562.137 0.569166 0.122508 
200 0.31 106800000 45.3417 7.40038 -693.493 11.8522 490172 15462.7 2.53309e+11 1.48844e+10 -0.701048 0.0119295 0.124 0.0483335 0.537824 0.0100272 0.295842 0.00938221 0.729384 0.00863205 2.61804 0.0786602 4.0334 0.188837 1425.05 561.905 1431.7 562.137 1431.7 562.137 0.569166 0.122508 
200 0.31 107200000 45.3417 7.40038 -693.493 11.8522 490172 15462.7 2.53309e+11 1.48844e+10 -0.701048 0.0119295 0.124 0.0483335 0.537824 0.0100272 0.295842 0.00938221 0.729384 0.00863205 2.61804 0.0786602 4.0334 0.188837 1425.05 561.905 1431.7 562.137 1431.7 562.137 0.569166 0.122508 
200 0.31 107600000 45.3417 7.40038 -693.493 11.8522 490172 15462.7 2.53309e+11 1.48844e+10 -0.701048 0.0119295 0.124 0.0483335 0.537824 0.0100272 0.295842 0.00938221 0.729384 0.00863205 2.61804 0.0786602 4.0334 0.188837 1425.05 561.905 1431.7 562.137 1431.7 562.137 0.569166 0.122508 
200 0.31 108000000 45.3417 7.40038 -693.493 11.8522 490172 15462.7 2.53309e+11 1.48844e+10 -0.701048 0.0119295 0.124 0.0483335 0.537824 0.0100272 0.295842 0.00938221 0.729384 0.00863205 2.61804 0.0786602 4.0334 0.188837 1425.05 561.905 1431.7 562.137 1431.7 562.137 0.569166 0.122508 
200 0.31 108400000 45.3417 7.28292 -693.493 11.8522 490172 15462.7 2.53309e+11 1.48844e+10 -0.701048 0.0119295 0.124 0.0483335 0.537824 0.0100272 0.295842 0.00938221 0.729384 0.00863205 2.61804 0.0786602 4.0334 0.188837 1425.05 561.905 1431.7 562.137 1431.7 562.137 0.569166 0.122508 
200 0.31 108800000 45.3417 7.28292 -693.493 11.8522 490172 15462.7 2.53309e+11 1.48844e+10 -0.701048 0.0119295 0.124 0.0483335 0.537824 0.0100272 0.295842 0.00938221 0.729384 0.00863205 2.61804 0.0786602 4.0334 0.188837 1425.05 561.905 1431.7 562.137 1431.7 562.137 0.569166 0.122508 
200 0.31 109200000 45.3417 7.28292 -693.493 11.8522 490172 15462.7 2.53309e+11 1.48844e+10 -0.701048 0.0119295 0.124 0.0483335 0.537824 0.0100272 0.295842 0.00938221 0.729384 0.00863205 2.61804 0.0786602 4.0334 0.188837 1425.05 561.905 1431.7 562.137 1431.7 562.137 0.569166 0.122508 
200 0.31 109600000 45.3417 7.28292 -693.493 11.8522 490172 15462.7 2.53309e+11 1.48844e+10 -0.701048 0.0119295 0.124 0.0483335 0.537824 0.0100272 0.295842 0.00938221 0.729384 0.00863205 2.61804 0.0786602 4.0334 0.188837 1425.05 561.905 1431.7 562.137 1431.7 562.137 0.569166 0.122508 
200 0.31 110000000 44.2891 7.17772 -691.552 11.4995 487175 14360.8 2.50076e+11 1.37684e+10 -0.700676 0.0111897 0.123057 0.0428245 0.535696 0.00972772 0.293313 0.00913027 0.728122 0.00836603 2.60376 0.0731567 4.00179 0.180776 1339.58 521.226 1346.19 521.45 1346.19 521.45 0.540686 0.121864 
200 0.31 110400000 44.2891 7.17772 -691.552 11.4995 487175 14360.8 2.50076e+11 1.37684e+10 -0.700676 0.0111897 0.123057 0.0428245 0.535696 0.00972772 0.293313 0.00913027 0.728122 0.00836603 2.60376 0.0731567 4.00179 0.180776 1339.58 521.226 1346.19 521.45 1346.19 521.45 0.540686 0.121864 
200 0.31 110800000 44.2891 7.17772 -691.552 11.4995 487175 14360.8 2.50076e+11 1.37684e+10 -0.700676 0.0111897 0.123057 0.0428245 0.535696 0.00972772 0.293313 0.00913027 0.728122 0.00836603 2.60376 0.0731567 4.00179 0.180776 1339.58 521.226 1346.19 521.45 1346.19 521.45 0.540686 0.121864 
