L J MC_steps R2 R2_std E E_std E2 E2_std E4 E4_std Sin1 Sin1_std Cos1 Cos1_std Mag2 Mag2_std Mag4 Mag4_std Mag1 Mag1_std eig1 eig1_std eig2 eig2_std eig3 eig3_std R_g_2_trace R_g_2_trace_std R_g_2_direct R_g_2_direct_std asphericity asphericity_std
200 0.28 8000000 619 0 -58.1631 0 3382.95 0 1.14444e+07 0 -0.0232645 0 -0.0492254 0 0.00296438 0 8.78752e-06 0 0.0544461 0 5.23502 0 17.7587 0 2812.06 0 2835.06 0 2835.06 0 0.975831 0 
200 0.28 8400000 503 82.0244 -59.826 1.17582 3581.92 140.689 1.28697e+07 1.00787e+06 -0.0684741 0.031968 -0.0381765 0.00781277 0.00831214 0.00378144 9.76902e-05 6.28637e-05 0.0856608 0.0220722 11.3472 4.32194 935.406 648.875 3281.3 331.799 4228.05 984.996 4228.05 984.996 0.653329 0.228044 
200 0.28 8800000 605.667 100.086 -60.8801 1.16416 3710.46 140.757 1.38269e+07 1.03069e+06 -0.0154309 0.0482693 -0.0492539 0.0104372 0.00998063 0.00286551 0.000124247 4.71862e-05 0.0955746 0.0167942 8.20958 3.85549 630.631 499.052 2213.52 899.457 2852.37 1301.11 2852.37 1301.11 0.588926 0.160866 
200 0.28 9200000 528.5 100.502 -65.5724 4.15633 4368.84 579.862 2.04317e+07 5.77188e+06 -0.0283187 0.0378834 -0.0221404 0.0247514 0.0094833 0.00219187 0.00010915 3.77274e-05 0.0940294 0.0126665 7.7591 2.91782 475.205 397.757 1671.7 821.738 2154.67 1147.75 2154.67 1147.75 0.54013 0.127836 
200 0.28 9600000 540.6 81.1269 -72.9204 7.36554 5588.64 1185.56 3.82607e+07 1.66018e+07 -0.0177325 0.0317514 0.0321384 0.0524313 0.0201333 0.00968567 0.00087441 0.000685134 0.125317 0.0297624 7.25209 2.3779 382.079 328.926 1354.45 716.019 1743.78 989.018 1743.78 989.018 0.553584 0.102975 
200 0.28 10000000 560.333 69.9645 -70.7795 6.44159 5258.7 1032.85 3.40547e+07 1.43577e+07 0.00104524 0.0315269 -0.000161194 0.0527109 0.0226354 0.00838837 0.000934551 0.000573579 0.135676 0.0265437 6.80312 2.02352 320.095 279.885 1150.65 625.012 1477.55 859.267 1477.55 859.267 0.581668 0.0895601 
200 0.28 10400000 533.571 64.8864 -68.4015 5.94412 4926.09 937.331 3.04165e+07 1.27592e+07 -0.000478657 0.0270598 0.0124194 0.0466579 0.0205189 0.00745227 0.000809778 0.000505028 0.128926 0.0235943 7.04203 1.74849 282.269 242.444 1301.56 553.641 1590.87 743.948 1590.87 743.948 0.62969 0.0887108 
200 0.28 10800000 532.5 56.7844 -65.9423 5.68711 4607.13 872.747 2.73192e+07 1.15342e+07 -0.000656736 0.0236779 0.0103476 0.0408717 0.0179566 0.00694727 0.000708556 0.000451929 0.113382 0.0252517 6.64355 1.57469 469.561 275.129 1909.89 747.325 2386.1 988.477 2386.1 988.477 0.610674 0.0796338 
200 0.28 11200000 485.444 67.2007 -66.0206 5.05574 4588.77 775.969 2.64759e+07 1.02834e+07 -0.000957885 0.021049 0.0235704 0.0384098 0.0178218 0.00617666 0.000660977 0.000404212 0.115161 0.0225085 6.54172 1.40301 418.841 249.191 2221.52 726.361 2646.9 912.404 2646.9 912.404 0.652612 0.08108 
200 0.28 11600000 459.6 70.1328 -64.285 4.83892 4366.72 729.452 2.43892e+07 9.46438e+06 0.0115948 0.0223761 0.0258196 0.0346346 0.0178036 0.00722157 0.000625993 0.000439872 0.116926 0.025894 6.24286 1.29415 377.552 227.667 2004.9 745.88 2388.7 922.049 2388.7 922.049 0.648332 0.0730849 
200 0.28 12000000 460.273 70.1328 -67.1514 5.17887 4804.34 783.491 2.98341e+07 1.00489e+07 0.00535207 0.021387 0.0192283 0.0321071 0.0166793 0.00722157 0.000571772 0.000439872 0.113 0.025894 6.01997 1.19554 344.171 209.402 1827.28 745.88 2177.47 922.049 2177.47 922.049 0.631457 0.0683611 
200 0.28 12400000 534 89.6019 -66.0541 4.86216 4646.83 733.862 2.80557e+07 9.36755e+06 0.00828161 0.01963 0.00968917 0.030816 0.016182 0.00619735 0.000533686 0.000376121 0.112208 0.022004 6.07709 1.09727 316.118 193.822 1685.04 686.735 2007.24 843.599 2007.24 843.599 0.637823 0.0629601 
200 0.28 12800000 517.154 89.6019 -63.9022 4.94144 4400.93 717.428 2.60593e+07 8.85715e+06 0.00374341 0.0186372 0.00498488 0.0288024 0.0153389 0.00619735 0.00049473 0.000376121 0.109135 0.022004 5.92022 1.02402 293.462 180.232 1558.27 686.735 1857.65 843.599 1857.65 843.599 0.60476 0.0662318 
200 0.28 13200000 546.714 82.8933 -62.4701 4.94424 4223.93 687.67 2.44621e+07 8.36727e+06 -0.00132406 0.0179817 0.0115879 0.0274915 0.0152438 0.00538257 0.000473408 0.000327184 0.109793 0.0189926 5.73462 0.967548 273.855 168.421 1453.02 626.602 1732.61 766.485 1732.61 766.485 0.596479 0.0620165 
200 0.28 13600000 540.333 77.6985 -59.6588 5.2322 3969.81 687.176 2.28426e+07 7.96464e+06 -0.00425918 0.0178655 0.0081548 0.0258722 0.0144708 0.00538257 0.000442736 0.000327184 0.106501 0.0189926 5.59704 0.912774 256.339 158.102 1361.42 626.602 1623.36 766.485 1623.36 766.485 0.595924 0.0578846 
200 0.28 14000000 534.625 72.9711 -59.6631 5.06066 3944.66 644.688 2.22103e+07 7.4919e+06 0.00163814 0.0169479 0.0129123 0.0246887 0.0145177 0.00475848 0.000429543 0.000289212 0.107555 0.0167498 5.80592 0.879301 243.103 148.773 1351.37 556.461 1600.27 682.002 1600.27 682.002 0.613473 0.0568649 
200 0.28 14400000 503.941 74.8524 -58.4689 5.06066 3803.75 643.152 2.1045e+07 7.14125e+06 -0.000192413 0.0160495 0.0100825 0.0233981 0.0137877 0.00475848 0.000404537 0.000289212 0.103929 0.0167498 6.06007 0.863527 231.12 140.504 1508.15 556.461 1745.33 682.002 1745.33 682.002 0.634083 0.0571328 
200 0.28 14800000 498 70.9293 -57.3083 5.01641 3670.89 627.258 1.99866e+07 6.8225e+06 -0.00570134 0.0160756 0.0131309 0.0222959 0.0138045 0.00428287 0.000393092 0.000259364 0.10475 0.0151219 6.36804 0.885646 219.818 133.152 1481.26 509.568 1707.45 614.588 1707.45 614.588 0.648436 0.0559679 
200 0.28 15200000 491 70.3238 -56.3885 5.01641 3561.19 627.258 1.90672e+07 6.60119e+06 -0.00641911 0.0157173 0.0132044 0.0211225 0.0131087 0.00428287 0.000372421 0.000259364 0.10051 0.0151219 6.44449 0.885646 208.774 126.601 1407.03 509.568 1622.25 614.588 1622.25 614.588 0.639998 0.0559679 
200 0.28 15600000 503.8 65.3653 -56.5797 5.2178 3564.4 597.711 1.8771e+07 6.20554e+06 -0.01012 0.0149257 0.0147354 0.0201218 0.0128728 0.00395462 0.00035732 0.000235881 0.100064 0.0143172 6.35627 0.79716 199.157 120.636 1341.15 477.487 1546.66 573.777 1546.66 573.777 0.633877 0.0522302 
200 0.28 16000000 503.8 63.7423 -56.5797 5.2178 3564.4 597.711 1.8771e+07 6.05196e+06 -0.01012 0.017237 0.0147354 0.0192502 0.0128728 0.00395462 0.00035732 0.000235881 0.100064 0.0143172 6.35627 0.79716 199.157 115.191 1341.15 477.487 1546.66 573.777 1546.66 573.777 0.633877 0.0522302 
200 0.28 16400000 540.273 78.3421 -57.504 5.2178 3650.42 597.711 1.90039e+07 5.67292e+06 0.00581377 0.0202657 0.0155503 0.0185613 0.0145528 0.0039358 0.000421753 0.000223064 0.10689 0.0145519 6.03066 0.788391 182.426 110.248 1229.22 447.006 1417.67 535.917 1417.67 535.917 0.630338 0.0480856 
200 0.28 16800000 540.273 75.4135 -57.504 5.2178 3650.42 597.711 1.90039e+07 5.50626e+06 0.00581377 0.0202657 0.0155503 0.0187473 0.0145528 0.0039358 0.000421753 0.000223064 0.10689 0.0145519 6.03066 0.788391 182.426 105.813 1229.22 447.006 1417.67 535.917 1417.67 535.917 0.630338 0.0476018 
200 0.28 17200000 532.917 72.2826 -57.2852 4.39561 3607.51 499.645 1.83639e+07 5.23768e+06 0.00840059 0.0208132 0.0103175 0.0179888 0.0143118 0.00361518 0.000399453 0.000205587 0.106824 0.0133394 6.12581 0.728411 168.164 101.521 1293.13 414.299 1467.42 493.561 1467.42 493.561 0.637855 0.0469757 
