L J MC_steps R2 R2_std E E_std E2 E2_std E4 E4_std Sin1 Sin1_std Cos1 Cos1_std Mag2 Mag2_std Mag4 Mag4_std Mag1 Mag1_std eig1 eig1_std eig2 eig2_std eig3 eig3_std R_g_2_trace R_g_2_trace_std R_g_2_direct R_g_2_direct_std asphericity asphericity_std
300 0.22 18000000 1165 0 -45.9513 0 2111.52 0 4.45852e+06 0 -0.0197414 0 0.0183802 0 0.000727555 0 5.29336e-07 0 0.0269732 0 2.70752 0 13.3174 0 139.74 0 155.765 0 155.765 0 0.718658 0 
300 0.22 18900000 1361 138.593 -50.0997 2.93339 2527.19 293.924 6.55948e+06 1.4856e+06 -0.0282477 0.0060149 -0.0129083 0.0221244 0.00201589 0.000910992 5.72364e-06 3.67292e-06 0.0422278 0.0107866 3.8255 0.79053 19.5725 4.42303 172.955 23.4869 196.353 28.7005 196.353 28.7005 0.686415 0.0227993 
300 0.22 19800000 1487 138.278 -47.4088 2.94139 2273.55 285.108 5.41288e+06 1.36285e+06 0.0028516 0.0257072 -0.00741448 0.0154166 0.0027587 0.000858304 9.82046e-06 4.14548e-06 0.049868 0.00951979 4.14908 0.589537 20.5419 3.05309 172.504 15.6623 197.195 19.146 197.195 19.146 0.669874 0.0203326 
300 0.22 20700000 1450.5 108.419 -50.6542 3.57295 2616.91 366.259 7.38479e+06 1.99025e+06 0.0033381 0.019285 -0.0219377 0.0170846 0.00314759 0.000726507 1.20185e-05 3.64558e-06 0.0538217 0.00791843 5.34626 1.12713 20.3773 2.29425 155.681 18.715 181.405 19.8294 181.405 19.8294 0.618392 0.0471212 
300 0.22 21600000 1198.2 241.759 -49.9953 2.91848 2542.11 300.547 6.91399e+06 1.64694e+06 0.00235306 0.0154531 -0.018724 0.0139667 0.00252546 0.000804631 9.61511e-06 3.62312e-06 0.0442733 0.0106333 5.36343 0.901836 20.0427 1.85965 134.912 23.8588 160.318 24.6447 160.318 24.6447 0.554092 0.0687649 
300 0.22 22500000 1210 201.753 -55.6251 5.68573 3288.12 725.599 1.39707e+07 6.58643e+06 0.00383372 0.0129483 -0.0157691 0.0119474 0.00212576 0.000763373 8.01529e-06 3.35392e-06 0.0387746 0.0101841 5.3016 0.753647 20.1801 1.55478 137.753 20.0507 163.235 20.7091 163.235 20.7091 0.564623 0.0581049 
300 0.22 23400000 1379 233.208 -53.8359 5.14729 3083.77 650.08 1.24679e+07 5.81443e+06 -0.00564999 0.0141517 -0.0164219 0.0102584 0.00244014 0.000716136 9.54425e-06 3.2044e-06 0.0426319 0.00943145 5.05137 0.686269 20.0233 1.34056 140.923 17.435 165.997 17.9339 165.997 17.9339 0.579408 0.051651 
300 0.22 24300000 1285.25 222.103 -56.6917 5.2365 3433.32 656.099 1.52314e+07 5.7067e+06 0.00518257 0.0160003 -0.0163591 0.00897633 0.00298714 0.000808985 1.41587e-05 5.14711e-06 0.0476229 0.00948157 5.50616 0.735912 19.1988 1.40382 129.774 18.4792 154.479 19.0348 154.479 19.0348 0.54529 0.0553269 
300 0.22 25200000 1236.33 202.74 -57.3219 4.69243 3483.97 585.151 1.52197e+07 5.07263e+06 -0.0115677 0.0212526 -0.0120914 0.00893605 0.00506376 0.00208574 6.47943e-05 4.79585e-05 0.0586903 0.0134131 6.12256 0.875004 20.8725 2.01177 122.378 17.8447 149.373 17.5913 149.373 17.5913 0.504027 0.0627062 
300 0.22 26100000 1222.8 182.917 -59.2637 4.60747 3724.47 573.935 1.71657e+07 4.92452e+06 -0.0156015 0.0206477 -0.00744654 0.00917052 0.00494485 0.00194301 5.98162e-05 4.34203e-05 0.059046 0.0143897 6.10688 0.787644 22.1334 2.72266 121.96 16.0652 150.2 15.8516 150.2 15.8516 0.494928 0.057206 
300 0.22 27000000 1189.91 169.22 -56.8856 4.76293 3485.51 569.335 1.57144e+07 4.68582e+06 -0.0120717 0.0206477 -0.00190451 0.00987039 0.00480472 0.00194301 5.54314e-05 4.11439e-05 0.0589817 0.0143897 6.17317 0.718824 21.3871 2.72266 120.712 14.6531 148.272 14.5273 148.272 14.5273 0.502453 0.057206 
300 0.22 27900000 1117.5 169.905 -56.696 4.36979 3443.58 523.433 1.5146e+07 4.32967e+06 -0.0138466 0.0172809 0.000967195 0.0106822 0.00458545 0.00165208 5.12058e-05 3.66102e-05 0.0579516 0.012033 6.04382 0.670459 20.6698 2.63301 117.229 13.8398 143.942 13.9469 143.942 13.9469 0.505318 0.0486061 
300 0.22 28800000 1077.46 161.484 -57.8338 4.17916 3571.8 498.626 1.59899e+07 4.07803e+06 -0.00976968 0.0172809 -0.00282447 0.0106822 0.00453028 0.00165208 4.84179e-05 3.51761e-05 0.058278 0.012033 6.35145 0.685839 20.7729 2.63301 116.079 12.8229 143.203 12.8937 143.203 12.8937 0.498619 0.0486061 
300 0.22 29700000 1077.71 149.95 -57.4416 3.89901 3512.37 466.538 1.53839e+07 3.8315e+06 -0.00345456 0.0176626 -0.00415452 0.0103112 0.00468129 0.00141885 4.8113e-05 3.14799e-05 0.0599377 0.0104766 13.2838 6.72189 88.4435 65.2325 243.897 123.743 345.624 195.425 345.624 195.425 0.482644 0.0466521 
300 0.22 30600000 1194.2 179.586 -58.25 3.72195 3600.86 443.749 1.59199e+07 3.61336e+06 -0.00947334 0.0176626 -0.00631707 0.0103112 0.00504424 0.00141885 5.17405e-05 3.02866e-05 0.0626502 0.0104766 13.2962 6.72189 84.0324 62.7868 706.823 461.901 804.151 479.061 804.151 479.061 0.516148 0.0525968 
300 0.22 31500000 1222.12 180.104 -56.9362 3.71398 3462.43 437.073 1.5045e+07 3.49184e+06 -0.0058382 0.0156148 -0.0034517 0.00904619 0.0049748 0.00127149 4.94736e-05 2.78269e-05 0.0626543 0.00951272 12.7434 5.90334 79.8356 57.3622 1282.04 976.543 1374.62 976.345 1374.62 976.345 0.545987 0.0719522 
300 0.22 32400000 1202.65 180.104 -56.9206 3.49554 3447.68 411.612 1.47667e+07 3.29751e+06 -0.00537003 0.0156148 -0.00442584 0.00904619 0.00470598 0.00127149 4.6573e-05 2.65313e-05 0.0601525 0.00951272 12.4554 5.90334 77.1265 55.5253 1213.07 976.543 1302.65 976.345 1302.65 976.345 0.535424 0.0719522 
300 0.22 33300000 1186.78 163.524 -57.2785 3.31961 3479.19 389.949 1.48418e+07 3.11517e+06 -0.00766806 0.0139866 -0.00843684 0.00931391 0.00489206 0.00114645 4.75905e-05 2.4897e-05 0.0617969 0.0084943 12.1983 5.27252 74.8293 51.0978 1153.91 876.405 1240.94 876.967 1240.94 876.967 0.530687 0.065564 
300 0.22 34200000 1204.05 163.524 -57.3389 3.14545 3475.73 369.441 1.46739e+07 2.95574e+06 -0.00414944 0.0139866 -0.00840859 0.00931391 0.00482223 0.0011329 4.57548e-05 2.36542e-05 0.0616871 0.0084943 11.7077 5.27252 72.114 49.581 1104.91 876.405 1188.74 876.967 1188.74 876.967 0.540402 0.065564 
300 0.22 35100000 1307.9 186.716 -59.808 3.83679 3871.41 521.458 2.04262e+07 6.2705e+06 -0.00825559 0.0134892 -0.000355336 0.0113599 0.00611847 0.00163249 9.07358e-05 4.92655e-05 0.0673701 0.00929511 11.5333 4.78702 70.8925 46.0719 1601.43 895.765 1683.85 896.425 1683.85 896.425 0.562629 0.0663336 
300 0.22 36000000 1307.9 186.716 -59.808 3.65608 3871.41 497.405 2.04262e+07 5.98894e+06 -0.00825559 0.0131009 -0.000355336 0.0113599 0.00611847 0.00156516 9.07358e-05 4.70884e-05 0.0673701 0.00929511 11.5333 4.78702 70.8925 44.7789 1601.43 895.765 1683.85 896.425 1683.85 896.425 0.562629 0.0663336 
300 0.22 36900000 1317 169.964 -58.9605 3.56082 3755.29 482.453 1.9223e+07 5.76234e+06 -0.00058672 0.0135896 -0.00135629 0.0103711 0.00620392 0.00151714 8.91263e-05 4.50128e-05 0.0683507 0.00850167 11.3703 4.77361 67.9292 41.9586 1779.71 856.128 1859.01 896.425 1859.01 896.425 0.577372 0.0619199 
300 0.22 37800000 1317 170.045 -58.9605 3.4818 3755.29 469.353 1.9223e+07 5.54412e+06 -0.00058672 0.0135896 -0.00135629 0.0103711 0.00620392 0.00146909 8.91263e-05 4.32197e-05 0.0683507 0.00850167 11.3703 4.77361 67.9292 41.772 1779.71 856.128 1859.01 896.425 1859.01 896.425 0.577372 0.0619199 
300 0.22 38700000 1396 173.189 -58.8189 3.44624 3744.7 459.941 1.90999e+07 5.36151e+06 -0.00314859 0.0126963 -0.00152186 0.0095082 0.00577088 0.00142132 8.17864e-05 4.15599e-05 0.065289 0.0083263 11.066 4.00234 64.0479 38.5521 1649.3 772.716 1724.41 771.529 1724.41 771.529 0.583232 0.0570365 
300 0.22 39600000 1396 173.189 -58.8189 3.44609 3744.7 452.924 1.90999e+07 5.19375e+06 -0.00314859 0.0126963 -0.00152186 0.0095082 0.00577088 0.00136908 8.17864e-05 4.00009e-05 0.065289 0.0083263 11.066 4.00234 64.0479 37.5897 1649.3 772.716 1724.41 771.529 1724.41 771.529 0.583232 0.0570365 
300 0.22 40500000 1415.62 166.634 -56.8586 3.449 3542.18 446.309 1.77261e+07 5.03634e+06 -0.000795238 0.0119358 0.000462317 0.00898145 0.0056112 0.00131716 7.65933e-05 3.85262e-05 0.0649156 0.00769418 11.4527 4.00082 63.2633 35.639 1706.96 715.425 1781.68 747.937 1781.68 747.937 0.581871 0.0526653 
300 0.22 41400000 1415.62 166.309 -56.8586 3.32266 3542.18 429.779 1.77261e+07 4.85346e+06 -0.000795238 0.0119358 0.000462317 0.00898145 0.0056112 0.00126846 7.65933e-05 3.71426e-05 0.0649156 0.00769418 11.4527 4.00082 63.2633 35.3663 1706.96 715.425 1781.68 747.937 1781.68 747.937 0.581871 0.0526653 
300 0.22 42300000 1346.86 163.503 -56.7391 3.21112 3508.04 415.783 1.71468e+07 4.69555e+06 -0.00542116 0.0119461 0.00102209 0.00856657 0.00566151 0.00122481 7.40571e-05 3.58228e-05 0.0659337 0.00721164 11.0617 3.46841 60.1256 33.1638 1591.7 673.543 1662.89 673.085 1662.89 673.085 0.567666 0.0507831 
300 0.22 43200000 1346.86 163.503 -56.7391 3.47073 3508.04 467.234 1.71468e+07 5.54917e+06 -0.00542116 0.0119461 0.00102209 0.00835734 0.00566151 0.00119122 7.40571e-05 3.46735e-05 0.0659337 0.00721164 11.0617 3.46841 60.1256 32.3689 1591.7 673.543 1662.89 673.085 1662.89 673.085 0.567666 0.0507831 
300 0.22 44100000 1329.53 153.517 -58.6453 3.37402 3779.91 452.533 2.04313e+07 5.36427e+06 -0.00299874 0.0113926 0.00620925 0.00927123 0.00590816 0.00121443 7.91512e-05 3.43356e-05 0.0671833 0.00683828 10.605 3.42928 57.7221 30.997 1492.59 635.892 1560.91 643.614 1560.91 643.614 0.562011 0.0477115 
300 0.22 45000000 1329.53 153.517 -58.6453 3.37402 3779.91 446.565 2.04313e+07 5.21986e+06 -0.00299874 0.0113926 0.00620925 0.00927123 0.00590816 0.00118582 7.91512e-05 3.33207e-05 0.0671833 0.00683828 10.605 3.42928 57.7221 30.5307 1492.59 635.892 1560.91 643.614 1560.91 643.614 0.562011 0.0477115 
300 0.22 45900000 1267.12 156.093 -58.2929 3.20287 3726.33 428.735 1.97675e+07 5.05787e+06 -0.00476542 0.0108167 0.00743348 0.00877223 0.00573033 0.00114888 7.50747e-05 3.23155e-05 0.0661902 0.00649323 10.4048 3.06904 55.2018 29.1109 1406.37 601.965 1471.98 602.335 1471.98 602.335 0.558699 0.0448443 
300 0.22 46800000 1267.12 156.093 -58.2929 3.18151 3726.33 421.857 1.97675e+07 4.91502e+06 -0.00476542 0.0108167 0.00743348 0.00877223 0.00573033 0.0011151 7.50747e-05 3.13841e-05 0.0661902 0.00648259 10.4048 3.06904 55.2018 28.5109 1406.37 601.965 1471.98 602.335 1471.98 602.335 0.558699 0.0448443 
300 0.22 47700000 1219.41 154.031 -58.8098 3.03794 3772.38 405.113 1.98108e+07 4.76296e+06 -0.00995389 0.0113568 0.00397755 0.00891101 0.00622569 0.00120771 8.83504e-05 3.38714e-05 0.0687592 0.00663738 10.2778 3.06288 52.8073 27.448 1331.21 571.228 1394.3 590.8 1394.3 590.8 0.557702 0.0422175 
300 0.22 48600000 1219.41 154.031 -58.8098 3.03606 3772.38 400.958 1.98108e+07 4.66976e+06 -0.00995389 0.0113568 0.00397755 0.00911352 0.00622569 0.00124266 8.83504e-05 3.42932e-05 0.0687592 0.00678806 10.2778 3.06288 52.8073 27.1085 1331.21 571.228 1394.3 590.8 1394.3 590.8 0.557702 0.0422175 
300 0.22 49500000 1221.72 145.491 -60.0245 3.14403 3924.39 405.237 2.10636e+07 4.57999e+06 -0.0122959 0.0109647 0.00797244 0.00926827 0.00672011 0.00121064 9.79235e-05 3.33414e-05 0.0716471 0.00682796 10.0592 2.74199 52.0429 25.9342 1266.5 543.146 1328.6 543.879 1328.6 543.879 0.553403 0.0400903 
300 0.22 50400000 1221.72 145.491 -60.0245 3.14403 3924.39 405.237 2.10636e+07 4.53555e+06 -0.0122959 0.0109647 0.00797244 0.00926827 0.00672011 0.00120844 9.79235e-05 3.25412e-05 0.0716471 0.00682796 10.0592 2.74199 52.0429 25.4487 1266.5 543.146 1328.6 543.879 1328.6 543.879 0.553403 0.0400903 
300 0.22 51300000 1212.68 138.114 -60.4338 3.14403 3979.97 400.775 2.16317e+07 4.46635e+06 -0.0119432 0.0103933 0.00561775 0.00907465 0.00644017 0.00120844 9.2873e-05 3.23733e-05 0.0698461 0.00677881 10.0277 2.74199 53.6769 24.7356 1446 543.411 1509.7 544.572 1509.7 544.572 0.555836 0.0386369 
300 0.22 52200000 1212.68 138.114 -60.4338 3.14403 3979.97 400.775 2.16317e+07 4.36239e+06 -0.0119432 0.0103933 0.00561775 0.00907465 0.00644017 0.00120844 9.2873e-05 3.23733e-05 0.0698461 0.00677881 10.0277 2.74199 53.6769 24.2798 1446 543.411 1509.7 544.572 1509.7 544.572 0.555836 0.0382214 
300 0.22 53100000 1173.6 150.148 -60.225 2.83601 3939.23 371.942 2.10512e+07 4.26187e+06 -0.0114706 0.00988438 0.00317084 0.00894473 0.00633769 0.00114651 9.01323e-05 3.02773e-05 0.0688774 0.00664269 9.93311 2.47069 52.0928 23.5253 1377.51 520.539 1439.53 521.845 1439.53 521.845 0.545635 0.037494 
300 0.22 54000000 1173.6 150.148 -60.225 2.83601 3939.23 370.451 2.10512e+07 4.18333e+06 -0.0114706 0.00988438 0.00317084 0.00894473 0.00633769 0.00114651 9.01323e-05 3.00589e-05 0.0688774 0.00664269 9.93311 2.47069 52.0928 23.0054 1377.51 520.539 1439.53 521.845 1439.53 521.845 0.545635 0.0378837 
300 0.22 54900000 1173.6 150.148 -60.225 2.83601 3939.23 360.973 2.10512e+07 4.08373e+06 -0.0114706 0.00941788 0.00317084 0.00859108 0.00633769 0.00114651 9.01323e-05 3.00589e-05 0.0688774 0.00664269 9.93311 2.47069 52.0928 22.4292 1377.51 513.49 1439.53 514.707 1439.53 514.707 0.545635 0.0375249 
300 0.22 55800000 1173.6 150.148 -60.225 2.83601 3939.23 360.973 2.10512e+07 3.99115e+06 -0.0114706 0.00941788 0.00317084 0.00859108 0.00633769 0.00114651 9.01323e-05 3.00589e-05 0.0688774 0.00664269 9.93311 2.47069 52.0928 21.9278 1377.51 523.339 1439.53 527.101 1439.53 527.101 0.545635 0.0379299 
300 0.22 56700000 1165.23 150.148 -59.5969 2.64683 3852.11 345.25 2.00835e+07 3.91598e+06 -0.00984382 0.00908452 0.00165151 0.00820896 0.00598143 0.00109623 8.2806e-05 2.82049e-05 0.0666618 0.00639764 10.0528 2.29202 52.0903 21.4468 1707.8 537.62 1769.94 552.493 1769.94 552.493 0.556035 0.0372075 
300 0.22 57600000 1165.23 150.148 -59.5969 2.64683 3852.11 341.866 2.00835e+07 3.84109e+06 -0.00984382 0.00908452 0.00165151 0.00820896 0.00598143 0.00109623 8.2806e-05 2.82049e-05 0.0666618 0.00639764 10.0528 2.29202 52.0903 20.9824 1707.8 537.62 1769.94 552.493 1769.94 552.493 0.556035 0.0364421 
300 0.22 58500000 1165.23 150.148 -59.5969 2.64683 3852.11 338.506 2.00835e+07 3.76851e+06 -0.00984382 0.00877374 0.00165151 0.00820079 0.00598143 0.00109623 8.2806e-05 2.82049e-05 0.0666618 0.00639764 10.0528 2.29202 52.0903 20.5351 1707.8 537.62 1769.94 552.493 1769.94 552.493 0.556035 0.0356743 
300 0.22 59400000 1165.23 150.148 -59.5969 2.64683 3852.11 338.506 2.00835e+07 3.71141e+06 -0.00984382 0.00877374 0.00165151 0.00820079 0.00598143 0.00109623 8.2806e-05 2.82049e-05 0.0666618 0.00639764 10.0528 2.29202 52.0903 20.1122 1707.8 537.62 1769.94 552.493 1769.94 552.493 0.556035 0.0352515 
300 0.22 60300000 1181.29 125.32 -59.2234 2.53557 3816.01 327.589 1.9713e+07 3.63468e+06 -0.00600771 0.0087839 0.00339751 0.00765617 0.00579379 0.00102081 7.7627e-05 2.63257e-05 0.0658063 0.00592142 10.2153 2.06743 50.0011 19.6932 1638.37 497.282 1698.58 511.04 1698.58 511.04 0.569438 0.0353455 
300 0.22 61200000 1181.29 125.32 -59.2234 2.50943 3816.01 323.673 1.9713e+07 3.57652e+06 -0.00600771 0.0087839 0.00339751 0.00765617 0.00579379 0.00102081 7.7627e-05 2.63257e-05 0.0658063 0.00592142 10.2153 2.06743 50.0011 19.2939 1638.37 497.282 1698.58 511.04 1698.58 511.04 0.569438 0.0348687 
300 0.22 62100000 1181.29 125.32 -59.2234 2.46508 3816.01 317.569 1.9713e+07 3.50509e+06 -0.00600771 0.00862482 0.00339751 0.00764882 0.00579379 0.00102081 7.7627e-05 2.63257e-05 0.0658063 0.00592142 10.2153 2.06743 50.0011 121.209 1638.37 497.282 1698.58 526.366 1698.58 526.366 0.569438 0.0346667 
300 0.22 63000000 1181.29 125.32 -59.2234 2.48998 3816.01 322.316 1.9713e+07 3.55027e+06 -0.00600771 0.00862482 0.00339751 0.00764882 0.00579379 0.00102081 7.7627e-05 2.63257e-05 0.0658063 0.00592142 10.2153 2.06743 50.0011 119.612 1638.37 497.282 1698.58 523.329 1698.58 523.329 0.569438 0.0350035 
300 0.22 63900000 1134.04 125.32 -58.9854 2.52641 3811.18 321.992 1.99164e+07 3.50249e+06 -0.00862517 0.00832732 0.00893846 0.00858161 0.00601352 0.000965651 7.84577e-05 2.43138e-05 0.0676756 0.0057534 10.2375 1.92731 165.013 116.612 1805.32 486.248 1980.57 543.994 1980.57 543.994 0.564918 0.0344513 
300 0.22 64800000 1134.04 125.32 -58.9854 2.49355 3811.18 317.771 1.99164e+07 3.4494e+06 -0.00862517 0.00832732 0.00893846 0.00858161 0.00601352 0.000965651 7.84577e-05 2.43138e-05 0.0676756 0.0057534 10.2375 1.92731 165.013 115.143 1805.32 486.248 1980.57 543.994 1980.57 543.994 0.564918 0.0346654 
300 0.22 65700000 1134.04 125.32 -58.9854 2.5048 3811.18 316.385 1.99164e+07 3.40313e+06 -0.00862517 0.00864214 0.00893846 0.00858161 0.00601352 0.000965651 7.84577e-05 2.43138e-05 0.0676756 0.0057534 10.2375 1.92731 165.013 112.327 1805.32 486.248 1980.57 543.994 1980.57 543.994 0.564918 0.0347711 
300 0.22 66600000 1134.04 125.32 -58.9854 2.50019 3811.18 315.925 1.99164e+07 3.38078e+06 -0.00862517 0.00864214 0.00893846 0.00858161 0.00601352 0.000965651 7.84577e-05 2.43138e-05 0.0676756 0.0057534 10.2375 1.92731 165.013 111.786 1805.32 486.248 1980.57 543.994 1980.57 543.994 0.564918 0.0346246 
300 0.22 67500000 1079.82 142.702 -58.4786 2.46 3758.64 311.076 1.95464e+07 3.32887e+06 -0.0108055 0.00840364 0.00576993 0.00853356 0.00612801 0.000903437 7.81743e-05 2.25787e-05 0.0686314 0.00542125 10.2033 1.77649 157.252 108.35 2102.14 558.138 2269.59 642.137 2269.59 642.137 0.578757 0.0348051 
300 0.22 68400000 1079.82 142.702 -58.4786 2.48307 3758.64 315.762 1.95464e+07 3.38293e+06 -0.0108055 0.00840364 0.00576993 0.00853356 0.00612801 0.000903437 7.81743e-05 2.25787e-05 0.0686314 0.00542125 10.2033 1.77649 157.252 107.049 2102.14 558.138 2269.59 642.137 2269.59 642.137 0.578757 0.0349311 
300 0.22 69300000 1079.82 142.702 -58.4786 2.44426 3758.64 311.053 1.95464e+07 3.33287e+06 -0.0108055 0.00819543 0.00576993 0.00853356 0.00612801 0.000903437 7.81743e-05 2.25787e-05 0.0686314 0.00542125 10.2033 1.7725 157.252 104.648 2102.14 558.138 2269.59 642.137 2269.59 642.137 0.578757 0.0351239 
300 0.22 70200000 1079.82 142.702 -58.4786 2.4099 3758.64 306.306 1.95464e+07 3.27696e+06 -0.0108055 0.00819543 0.00576993 0.00853356 0.00612801 0.000903437 7.81743e-05 2.25787e-05 0.0686314 0.00542125 10.2033 1.7725 157.252 104.071 2102.14 558.138 2269.59 642.137 2269.59 642.137 0.578757 0.0346372 
300 0.22 71100000 1067.3 142.702 -58.8362 2.38393 3802.69 302.927 1.99664e+07 3.23415e+06 -0.0129559 0.00798022 0.00470779 0.00803048 0.00621578 0.000847461 7.8349e-05 2.10742e-05 0.069333 0.00510504 10.3217 1.67045 189.062 107.887 2465.42 609.943 2664.81 660.018 2664.81 660.018 0.577885 0.0341289 
300 0.22 72000000 1067.3 142.702 -58.8362 2.4692 3802.69 303.897 1.99664e+07 3.19762e+06 -0.0129559 0.00798022 0.00470779 0.00803048 0.00621578 0.000847461 7.8349e-05 2.10742e-05 0.069333 0.00510504 10.3217 1.66004 189.062 140.787 2465.42 609.943 2664.81 660.018 2664.81 660.018 0.577885 0.0339061 
300 0.22 72900000 1067.3 142.702 -58.8362 2.48423 3802.69 303.046 1.99664e+07 3.16102e+06 -0.0129559 0.00792692 0.00470779 0.00803048 0.00621578 0.000847461 7.8349e-05 2.10742e-05 0.069333 0.00510504 10.3217 15.266 189.062 156.144 2465.42 609.943 2664.81 660.018 2664.81 660.018 0.577885 0.0341039 
300 0.22 73800000 1067.3 142.702 -58.8362 2.51867 3802.69 302.807 1.99664e+07 3.1255e+06 -0.0129559 0.00792692 0.00470779 0.00803048 0.00621578 0.000847461 7.8349e-05 2.10742e-05 0.069333 0.00510504 10.3217 15.1048 189.062 156.144 2465.42 609.943 2664.81 660.018 2664.81 660.018 0.577885 0.0337498 
300 0.22 74700000 1046.38 128.724 -56.723 2.80929 3613.41 303.3 1.87869e+07 3.0857e+06 -0.0118885 0.00764644 0.0050847 0.00753742 0.00601943 0.000816924 7.40704e-05 2.01867e-05 0.0684424 0.00486304 25.4343 14.794 339.963 192.138 2598 673.535 2963.4 858.423 2963.4 858.423 0.557579 0.0335586 
300 0.22 75600000 1046.38 128.724 -56.723 2.80929 3613.41 303.3 1.87869e+07 3.05075e+06 -0.0118885 0.00764644 0.0050847 0.00753742 0.00601943 0.000816924 7.40704e-05 2.01867e-05 0.0684424 0.00486304 25.4343 14.715 339.963 192.138 2598 673.535 2963.4 858.423 2963.4 858.423 0.557579 0.033663 
300 0.22 76500000 1046.38 128.724 -56.723 2.80929 3613.41 303.3 1.87869e+07 3.01085e+06 -0.0118885 0.00791049 0.0050847 0.00753742 0.00601943 0.000816924 7.40704e-05 2.01867e-05 0.0684424 0.00486304 25.4343 14.715 339.963 192.138 2598 673.535 2963.4 858.423 2963.4 858.423 0.557579 0.033153 
300 0.22 77400000 1046.38 128.724 -56.723 2.80929 3613.41 303.3 1.87869e+07 2.96646e+06 -0.0118885 0.00791049 0.0050847 0.00753742 0.00601943 0.000816924 7.40704e-05 2.01867e-05 0.0684424 0.00486304 25.4343 14.715 339.963 192.138 2598 673.535 2963.4 858.423 2963.4 858.423 0.557579 0.0326849 
300 0.22 78300000 1044.5 128.724 -56.258 2.68224 3550.08 291.995 1.81325e+07 2.92535e+06 -0.00817752 0.00775748 0.00394475 0.00717972 0.00591669 0.000775303 7.15361e-05 1.91576e-05 0.0679034 0.00460675 24.6715 14.3204 321.726 192.138 2774.67 673.535 3121.07 858.423 3121.07 858.423 0.571606 0.0328012 
300 0.22 79200000 1044.5 128.724 -56.258 2.68224 3550.08 291.995 1.81325e+07 2.88594e+06 -0.00817752 0.00775748 0.00394475 0.00717972 0.00591669 0.000775303 7.15361e-05 1.91576e-05 0.0679034 0.00460675 24.6715 14.3204 321.726 192.138 2774.67 673.535 3121.07 858.423 3121.07 858.423 0.571606 0.0328719 
300 0.22 80100000 1044.5 128.724 -56.258 2.68224 3550.08 291.995 1.81325e+07 2.85265e+06 -0.00817752 0.00775748 0.00394475 0.00717972 0.00591669 0.000775303 7.15361e-05 1.91576e-05 0.0679034 0.00460675 24.6715 14.3204 321.726 192.138 2774.67 673.535 3121.07 858.423 3121.07 858.423 0.571606 0.0331639 
300 0.22 81000000 1044.5 128.724 -56.258 2.68224 3550.08 291.995 1.81325e+07 2.81351e+06 -0.00817752 0.00775748 0.00394475 0.00717972 0.00591669 0.000775303 7.15361e-05 1.91576e-05 0.0679034 0.00460675 24.6715 14.3204 321.726 192.138 2774.67 673.535 3121.07 858.423 3121.07 858.423 0.571606 0.0331639 
300 0.22 81900000 1023.72 116.397 -56.0886 2.53857 3512.77 278.147 1.76117e+07 2.77613e+06 -0.00739227 0.00753612 0.00317896 0.00686905 0.00579411 0.000741858 6.87987e-05 1.82879e-05 0.0672991 0.00439027 23.6936 13.1665 306.132 173.743 2887.05 657.805 3216.88 799.592 3216.88 799.592 0.586912 0.0395455 
300 0.22 82800000 1023.72 116.397 -56.0886 2.53857 3512.77 278.147 1.76117e+07 2.74156e+06 -0.00739227 0.00753612 0.00317896 0.00686905 0.00579411 0.000741858 6.87987e-05 1.82879e-05 0.0672991 0.00439027 23.6936 13.1331 306.132 173.743 2887.05 657.805 3216.88 799.592 3216.88 799.592 0.586912 0.0395455 
300 0.22 83700000 1023.72 116.397 -56.0886 2.53857 3512.77 278.147 1.76117e+07 2.71303e+06 -0.00739227 0.00762515 0.00317896 0.00682157 0.00579411 0.000741858 6.87987e-05 1.82879e-05 0.0672991 0.00439027 23.6936 13.1331 306.132 173.743 2887.05 657.805 3216.88 799.592 3216.88 799.592 0.586912 0.0395455 
300 0.22 84600000 1023.72 116.397 -56.0886 2.53857 3512.77 278.147 1.76117e+07 2.6936e+06 -0.00739227 0.00762515 0.00317896 0.00682157 0.00579411 0.000741858 6.87987e-05 1.82879e-05 0.0672991 0.00439027 23.6936 13.1331 306.132 173.743 2887.05 657.805 3216.88 799.592 3216.88 799.592 0.586912 0.0395455 
300 0.22 85500000 1042 116.397 -56.3717 2.42069 3541.22 264.959 1.77434e+07 2.65974e+06 -0.00488582 0.00753612 0.0038713 0.00653 0.00580102 0.000702845 7.06604e-05 1.74198e-05 0.0669093 0.00417648 22.8512 12.8346 291.134 173.743 2743.74 657.805 3057.72 799.592 3057.72 799.592 0.583493 0.0395455 
300 0.22 86400000 1042 116.397 -56.3717 2.42069 3541.22 268.266 1.77434e+07 2.76107e+06 -0.00488582 0.00753612 0.0038713 0.00653 0.00580102 0.000702845 7.06604e-05 1.74198e-05 0.0669093 0.00419289 22.8512 12.8346 291.134 173.743 2743.74 657.805 3057.72 799.592 3057.72 799.592 0.583493 0.0395455 
300 0.22 87300000 1042 116.397 -56.3717 2.42069 3541.22 266.134 1.77434e+07 2.73349e+06 -0.00488582 0.00753612 0.0038713 0.00649758 0.00580102 0.000702845 7.06604e-05 1.74198e-05 0.0669093 0.00417648 22.8512 12.8346 291.134 173.743 2743.74 657.805 3057.72 799.592 3057.72 799.592 0.583493 0.0395455 
300 0.22 88200000 1042 116.397 -56.3717 2.42069 3541.22 264.959 1.77434e+07 2.70123e+06 -0.00488582 0.00753612 0.0038713 0.00649758 0.00580102 0.000702845 7.06604e-05 1.74198e-05 0.0669093 0.00417648 22.8512 12.8346 291.134 173.743 2743.74 657.805 3057.72 799.592 3057.72 799.592 0.583493 0.0395455 
300 0.22 89100000 1072.15 114.389 -56.7248 2.32528 3586.48 259.61 1.82546e+07 2.66762e+06 -0.00482785 0.00754624 0.0040974 0.00621083 0.0056728 0.000679297 6.82615e-05 1.67132e-05 0.0658901 0.00409012 22.4004 11.8594 278.126 208.499 2736.02 686.602 3036.55 886.139 3036.55 886.139 0.584886 0.0356428 
300 0.22 90000000 1072.15 114.389 -56.7248 2.32528 3586.48 258.315 1.82546e+07 2.64312e+06 -0.00482785 0.00754624 0.0040974 0.00621083 0.0056728 0.000679297 6.82615e-05 1.67132e-05 0.0658901 0.00409012 22.4004 11.8536 278.126 208.499 2736.02 686.602 3036.55 886.139 3036.55 886.139 0.584886 0.0356428 
300 0.22 90900000 1072.15 114.389 -56.7248 2.32528 3586.48 255.547 1.82546e+07 2.61088e+06 -0.00482785 0.00754624 0.0040974 0.00617663 0.0056728 0.000679297 6.82615e-05 1.67132e-05 0.0658901 0.00409012 22.4004 11.8536 278.126 208.499 2736.02 686.602 3036.55 886.139 3036.55 886.139 0.584886 0.0356428 
300 0.22 91800000 1072.15 114.389 -56.7248 2.32528 3586.48 255.547 1.82546e+07 2.59531e+06 -0.00482785 0.00754624 0.0040974 0.00617663 0.0056728 0.000679297 6.82615e-05 1.67132e-05 0.0658901 0.00409012 22.4004 11.8536 278.126 208.499 2736.02 686.602 3036.55 886.139 3036.55 886.139 0.584886 0.0356428 
300 0.22 92700000 1072.15 114.389 -56.7248 2.21487 3586.48 252.197 1.82546e+07 2.56963e+06 -0.00482785 0.00754624 0.0040974 0.00625259 0.0056728 0.000650474 6.82615e-05 1.59177e-05 0.0658901 0.00396295 22.4004 11.6161 278.126 208.499 2736.02 686.602 3036.55 886.139 3036.55 886.139 0.584886 0.0356428 
300 0.22 93600000 1072.15 114.389 -56.7248 2.21487 3586.48 249.297 1.82546e+07 2.54141e+06 -0.00482785 0.00754624 0.0040974 0.00625259 0.0056728 0.000649305 6.82615e-05 1.59177e-05 0.0658901 0.00393956 22.4004 11.6161 278.126 208.499 2736.02 686.602 3036.55 886.139 3036.55 886.139 0.584886 0.0356428 
300 0.22 94500000 1072.15 114.389 -56.7248 2.21487 3586.48 246.471 1.82546e+07 2.5119e+06 -0.00482785 0.00754624 0.0040974 0.00625259 0.0056728 0.000649305 6.82615e-05 1.59177e-05 0.0658901 0.00393922 22.4004 11.6161 278.126 208.499 2736.02 686.602 3036.55 886.139 3036.55 886.139 0.584886 0.0356428 
300 0.22 95400000 1072.15 114.389 -56.7248 2.21487 3586.48 244.08 1.82546e+07 2.48732e+06 -0.00482785 0.00754624 0.0040974 0.00625259 0.0056728 0.000649305 6.82615e-05 1.59177e-05 0.0658901 0.00394702 22.4004 11.6161 278.126 208.499 2736.02 686.602 3036.55 886.139 3036.55 886.139 0.584886 0.0356428 
300 0.22 96300000 1053.61 105.825 -56.2514 2.15644 3530.57 243.873 1.76986e+07 2.46717e+06 -0.0029248 0.00754624 0.00597084 0.00597548 0.00572561 0.000633751 6.8127e-05 1.5196e-05 0.0661826 0.00391017 21.4376 10.9081 255.802 208.499 2645.62 686.602 2922.86 886.139 2922.86 886.139 0.585357 0.0324056 
300 0.22 97200000 1053.61 105.825 -56.2514 2.15644 3530.57 242.347 1.76986e+07 2.44504e+06 -0.0029248 0.00754624 0.00597084 0.00597548 0.00572561 0.000626754 6.8127e-05 1.5196e-05 0.0661826 0.00387063 21.4376 10.9081 255.802 208.499 2645.62 686.602 2922.86 886.139 2922.86 886.139 0.585357 0.0324056 
300 0.22 98100000 1053.61 105.825 -56.2514 2.15644 3530.57 239.72 1.76986e+07 2.41792e+06 -0.0029248 0.00754624 0.00597084 0.00597548 0.00572561 0.000620163 6.8127e-05 1.5196e-05 0.0661826 0.00382799 21.4376 10.9081 255.802 208.499 2645.62 686.602 2922.86 886.139 2922.86 886.139 0.585357 0.0324056 
300 0.22 99000000 1053.61 105.825 -56.2514 2.15644 3530.57 239.19 1.76986e+07 2.3989e+06 -0.0029248 0.00754624 0.00597084 0.00597548 0.00572561 0.000619802 6.8127e-05 1.5196e-05 0.0661826 0.0037949 21.4376 10.9081 255.802 208.499 2645.62 686.602 2922.86 886.139 2922.86 886.139 0.585357 0.0324056 
300 0.22 99900000 1053.61 105.825 -56.2514 2.06377 3530.57 236.693 1.76986e+07 2.37497e+06 -0.0029248 0.00754624 0.00597084 0.005839 0.00572561 0.000610939 6.8127e-05 1.47026e-05 0.0661826 0.0037911 21.4376 10.9081 255.802 208.499 2645.62 686.602 2922.86 886.139 2922.86 886.139 0.585357 0.0324056 
300 0.22 100800000 1053.61 105.825 -56.2514 2.06377 3530.57 234.428 1.76986e+07 2.35268e+06 -0.0029248 0.00754624 0.00597084 0.005839 0.00572561 0.000605186 6.8127e-05 1.47026e-05 0.0661826 0.00375323 21.4376 10.9081 255.802 208.499 2645.62 686.602 2922.86 886.139 2922.86 886.139 0.585357 0.0324056 
300 0.22 101700000 1053.61 105.825 -56.2514 2.06377 3530.57 231.968 1.76986e+07 2.32779e+06 -0.0029248 0.00754624 0.00597084 0.005839 0.00572561 0.000602666 6.8127e-05 1.47026e-05 0.0661826 0.00371641 21.4376 10.9081 255.802 208.499 2645.62 686.602 2922.86 886.139 2922.86 886.139 0.585357 0.0324056 
300 0.22 102600000 1053.61 105.825 -56.2514 2.06377 3530.57 229.527 1.76986e+07 2.304e+06 -0.0029248 0.00754624 0.00597084 0.005839 0.00572561 0.000602666 6.8127e-05 1.47026e-05 0.0661826 0.0036778 21.4376 10.9081 255.802 208.499 2645.62 686.602 2922.86 886.139 2922.86 886.139 0.585357 0.0324056 
300 0.22 103500000 1025.83 100.283 -56.2575 1.97912 3516.11 227.15 1.73164e+07 2.28024e+06 -0.00268667 0.0065853 0.00613677 0.00575796 0.00549817 0.000588746 6.34582e-05 1.42857e-05 0.0649926 0.00364309 20.5037 9.91622 235.931 177.967 2434.04 635.116 2690.47 803.19 2690.47 803.19 0.571404 0.0325709 
300 0.22 104400000 1025.83 100.283 -56.2575 1.97912 3516.11 224.822 1.73164e+07 2.25698e+06 -0.00268667 0.0065853 0.00613677 0.00575796 0.00549817 0.000588746 6.34582e-05 1.42857e-05 0.0649926 0.00360562 20.5037 9.91622 235.931 177.967 2434.04 635.116 2690.47 803.19 2690.47 803.19 0.571404 0.0325709 
300 0.22 105300000 1025.83 100.283 -56.2575 1.97912 3516.11 222.959 1.73164e+07 2.23764e+06 -0.00268667 0.0065853 0.00613677 0.00575796 0.00549817 0.000588746 6.34582e-05 1.42857e-05 0.0649926 0.00358095 20.5037 9.91622 235.931 177.967 2434.04 635.116 2690.47 803.19 2690.47 803.19 0.571404 0.0325709 
300 0.22 106200000 1025.83 100.283 -56.2575 1.97912 3516.11 222.502 1.73164e+07 2.22673e+06 -0.00268667 0.0065853 0.00613677 0.00575796 0.00549817 0.000588746 6.34582e-05 1.42857e-05 0.0649926 0.00354657 20.5037 9.91622 235.931 177.967 2434.04 635.116 2690.47 803.19 2690.47 803.19 0.571404 0.0325709 
300 0.22 107100000 1025.83 100.283 -56.2575 1.99692 3516.11 229.861 1.73164e+07 2.36228e+06 -0.00268667 0.0065853 0.00613677 0.0055328 0.00549817 0.000571257 6.34582e-05 1.37158e-05 0.0649926 0.00354413 20.5037 9.75763 235.931 177.967 2434.04 635.116 2690.47 803.19 2690.47 803.19 0.571404 0.0325709 
300 0.22 108000000 1025.83 100.283 -56.2575 1.99692 3516.11 227.76 1.73164e+07 2.34138e+06 -0.00268667 0.0065853 0.00613677 0.0055328 0.00549817 0.000569631 6.34582e-05 1.37158e-05 0.0649926 0.00352564 20.5037 9.75763 235.931 177.967 2434.04 635.116 2690.47 803.19 2690.47 803.19 0.571404 0.0325709 
300 0.22 108900000 1025.83 100.283 -56.2575 1.99692 3516.11 227.63 1.73164e+07 2.3339e+06 -0.00268667 0.0065853 0.00613677 0.0055328 0.00549817 0.000569631 6.34582e-05 1.37158e-05 0.0649926 0.00349323 20.5037 9.75763 235.931 177.967 2434.04 635.116 2690.47 803.19 2690.47 803.19 0.571404 0.0325709 
300 0.22 109800000 1025.83 100.283 -56.2575 1.99692 3516.11 227.01 1.73164e+07 2.31754e+06 -0.00268667 0.0065853 0.00613677 0.0055328 0.00549817 0.000569631 6.34582e-05 1.37158e-05 0.0649926 0.00347967 20.5037 9.75763 235.931 177.967 2434.04 635.116 2690.47 803.19 2690.47 803.19 0.571404 0.0325709 
300 0.22 110700000 1056.65 97.7992 -56.8377 1.92067 3593.55 224.828 1.81705e+07 2.29591e+06 -0.000972176 0.0065853 0.00557602 0.00537817 0.00563189 0.000560906 6.44383e-05 1.321e-05 0.0660749 0.003489 19.6036 9.25349 220.819 177.967 2452.07 635.116 2692.5 803.19 2692.5 803.19 0.576907 0.0305269 
300 0.22 111600000 1056.65 97.7992 -56.8377 1.92067 3593.55 222.711 1.81705e+07 2.27519e+06 -0.000972176 0.0065853 0.00557602 0.00537817 0.00563189 0.000556282 6.44383e-05 1.321e-05 0.0660749 0.00346505 19.6036 9.25349 220.819 177.967 2452.07 635.116 2692.5 803.19 2692.5 803.19 0.576907 0.0305269 
300 0.22 112500000 1056.65 97.7992 -56.8377 1.92067 3593.55 220.988 1.81705e+07 2.25713e+06 -0.000972176 0.0065853 0.00557602 0.00537817 0.00563189 0.000553029 6.44383e-05 1.321e-05 0.0660749 0.00345345 19.6036 9.25349 220.819 177.967 2452.07 635.116 2692.5 803.19 2692.5 803.19 0.576907 0.0305269 
300 0.22 113400000 1056.65 97.7992 -56.8377 1.92067 3593.55 219.618 1.81705e+07 2.23872e+06 -0.000972176 0.0065853 0.00557602 0.00537817 0.00563189 0.000551013 6.44383e-05 1.321e-05 0.0660749 0.00344278 19.6036 9.25349 220.819 177.967 2452.07 635.116 2692.5 803.19 2692.5 803.19 0.576907 0.0305269 
300 0.22 114300000 1056.65 97.7992 -56.8377 1.85302 3593.55 217.597 1.81705e+07 2.2182e+06 -0.000972176 0.0065853 0.00557602 0.00518497 0.00563189 0.000546957 6.44383e-05 1.28286e-05 0.0660749 0.00344204 19.6036 9.25349 220.819 177.967 2452.07 635.116 2692.5 803.19 2692.5 803.19 0.576907 0.0305269 
300 0.22 115200000 1056.65 97.7992 -56.8377 1.85302 3593.55 215.759 1.81705e+07 2.20007e+06 -0.000972176 0.0065853 0.00557602 0.00518497 0.00563189 0.000542455 6.44383e-05 1.28286e-05 0.0660749 0.00341542 19.6036 9.25349 220.819 177.967 2452.07 635.116 2692.5 803.19 2692.5 803.19 0.576907 0.0305269 
300 0.22 116100000 1056.65 97.7992 -56.8377 1.85302 3593.55 213.836 1.81705e+07 2.1813e+06 -0.000972176 0.0065853 0.00557602 0.00518497 0.00563189 0.000542455 6.44383e-05 1.28286e-05 0.0660749 0.00340748 19.6036 9.25349 220.819 177.967 2452.07 635.116 2692.5 803.19 2692.5 803.19 0.576907 0.0305269 
300 0.22 117000000 1056.65 97.7992 -56.8377 1.85302 3593.55 212.737 1.81705e+07 2.16546e+06 -0.000972176 0.0065853 0.00557602 0.00518497 0.00563189 0.000542455 6.44383e-05 1.28286e-05 0.0660749 0.00341107 19.6036 9.25349 220.819 177.967 2452.07 635.116 2692.5 803.19 2692.5 803.19 0.576907 0.0305269 
300 0.22 117900000 1080.84 98.0843 -57.2244 1.80654 3621.44 211.592 1.81292e+07 2.14947e+06 -0.00397824 0.0062683 0.00553339 0.00500827 0.00558066 0.000535303 6.32373e-05 1.23799e-05 0.0655508 0.00338557 18.7892 8.53678 207.191 154.846 2385.09 546.268 2611.07 692.363 2611.07 692.363 0.573756 0.0285086 
300 0.22 118800000 1080.84 98.0843 -57.2244 1.80654 3621.44 210.462 1.81292e+07 2.13293e+06 -0.00397824 0.0062683 0.00553339 0.00500827 0.00558066 0.000531165 6.32373e-05 1.23799e-05 0.0655508 0.00335769 18.7892 8.53678 207.191 154.846 2385.09 546.268 2611.07 692.363 2611.07 692.363 0.573756 0.0285086 
300 0.22 119700000 1080.84 98.0843 -57.2244 1.80654 3621.44 209.536 1.81292e+07 2.11922e+06 -0.00397824 0.0062683 0.00553339 0.00500827 0.00558066 0.000527687 6.32373e-05 1.23799e-05 0.0655508 0.00333629 18.7892 8.53678 207.191 154.846 2385.09 546.268 2611.07 692.363 2611.07 692.363 0.573756 0.0285086 
300 0.22 120600000 1080.84 98.0843 -57.2244 1.80654 3621.44 207.828 1.81292e+07 2.10083e+06 -0.00397824 0.0062683 0.00553339 0.00500827 0.00558066 0.000526807 6.32373e-05 1.23799e-05 0.0655508 0.00332258 18.7892 8.53678 207.191 154.846 2385.09 546.268 2611.07 692.363 2611.07 692.363 0.573756 0.0285086 
300 0.22 121500000 1080.84 98.0843 -57.2244 1.74798 3621.44 206.784 1.81292e+07 2.08702e+06 -0.00397824 0.0062683 0.00553339 0.0048484 0.00558066 0.000521042 6.32373e-05 1.20035e-05 0.0655508 0.00329747 18.7892 8.43872 207.191 154.846 2385.09 546.268 2611.07 692.363 2611.07 692.363 0.573756 0.0285086 
300 0.22 122400000 1080.84 98.0843 -57.2244 1.74798 3621.44 205.838 1.81292e+07 2.07326e+06 -0.00397824 0.0062683 0.00553339 0.0048484 0.00558066 0.000517416 6.32373e-05 1.20035e-05 0.0655508 0.00327353 18.7892 8.43872 207.191 154.846 2385.09 546.268 2611.07 692.363 2611.07 692.363 0.573756 0.0285086 
300 0.22 123300000 1080.84 98.0843 -57.2244 1.74798 3621.44 204.211 1.81292e+07 2.0575e+06 -0.00397824 0.0062683 0.00553339 0.0048484 0.00558066 0.000513886 6.32373e-05 1.20035e-05 0.0655508 0.00325548 18.7892 8.43872 207.191 154.846 2385.09 546.268 2611.07 692.363 2611.07 692.363 0.573756 0.0285086 
300 0.22 124200000 1080.84 98.0843 -57.2244 1.74798 3621.44 203.018 1.81292e+07 2.04217e+06 -0.00397824 0.0062683 0.00553339 0.0048484 0.00558066 0.000511539 6.32373e-05 1.20035e-05 0.0655508 0.00325767 18.7892 8.43872 207.191 154.846 2385.09 546.268 2611.07 692.363 2611.07 692.363 0.573756 0.0285086 
300 0.22 125100000 1068.3 98.0843 -57.3558 1.70715 3628.12 201.368 1.80291e+07 2.02631e+06 -0.00353129 0.00586633 0.00439254 0.00491323 0.00546905 0.00050768 6.08391e-05 1.16713e-05 0.06493 0.00323154 18.3073 8.08884 196.151 154.846 2407.72 546.268 2622.18 692.363 2622.18 692.363 0.578501 0.027 
300 0.22 126000000 1068.3 98.0843 -57.3558 1.70715 3628.12 201.006 1.80291e+07 2.01844e+06 -0.00353129 0.00586633 0.00439254 0.00491323 0.00546905 0.000504715 6.08391e-05 1.16713e-05 0.06493 0.00321462 18.3073 8.08884 196.151 154.846 2407.72 546.268 2622.18 692.363 2622.18 692.363 0.578501 0.027 
300 0.22 126900000 1068.3 98.0843 -57.3558 1.70715 3628.12 199.36 1.80291e+07 2.00216e+06 -0.00353129 0.00586633 0.00439254 0.00491323 0.00546905 0.000501285 6.08391e-05 1.16713e-05 0.06493 0.00319168 18.3073 8.08884 196.151 154.846 2407.72 546.268 2622.18 692.363 2622.18 692.363 0.578501 0.027 
300 0.22 127800000 1068.3 98.0843 -57.3558 1.70715 3628.12 197.896 1.80291e+07 1.98788e+06 -0.00353129 0.00586633 0.00439254 0.00491323 0.00546905 0.000500415 6.08391e-05 1.16713e-05 0.06493 0.00318831 18.3073 8.08884 196.151 154.846 2407.72 546.268 2622.18 692.363 2622.18 692.363 0.578501 0.027 
300 0.22 128700000 1068.3 98.0843 -57.3558 1.65396 3628.12 196.676 1.80291e+07 1.97485e+06 -0.00353129 0.00586633 0.00439254 0.00481776 0.00546905 0.0004976 6.08391e-05 1.13137e-05 0.06493 0.00317259 18.3073 8.08884 196.151 154.846 2407.72 546.268 2622.18 692.363 2622.18 692.363 0.578501 0.027 
300 0.22 129600000 1068.3 98.0843 -57.3558 1.65396 3628.12 195.978 1.80291e+07 1.96334e+06 -0.00353129 0.00586633 0.00439254 0.00481776 0.00546905 0.000495446 6.08391e-05 1.13137e-05 0.06493 0.00317754 18.3073 8.08884 196.151 154.846 2407.72 546.268 2622.18 692.363 2622.18 692.363 0.578501 0.027 
300 0.22 130500000 1068.3 98.0843 -57.3558 1.65396 3628.12 194.43 1.80291e+07 1.94791e+06 -0.00353129 0.00586633 0.00439254 0.00481776 0.00546905 0.000493377 6.08391e-05 1.13137e-05 0.06493 0.00316793 18.3073 8.08884 196.151 154.846 2407.72 546.268 2622.18 692.363 2622.18 692.363 0.578501 0.027 
300 0.22 131400000 1068.3 98.0843 -57.3558 1.65396 3628.12 194.035 1.80291e+07 1.93714e+06 -0.00353129 0.00586633 0.00439254 0.00481776 0.00546905 0.000490281 6.08391e-05 1.13137e-05 0.06493 0.00314735 18.3073 8.08884 196.151 154.846 2407.72 546.268 2622.18 692.363 2622.18 692.363 0.578501 0.027 
300 0.22 132300000 1058.78 88.2692 -57.103 1.63546 3592.55 192.526 1.76508e+07 1.92261e+06 -0.00180533 0.00574798 0.00595367 0.00472858 0.00541338 0.000486602 5.96128e-05 1.09741e-05 0.0645164 0.00312628 17.9218 7.48104 186.708 136.839 2494.91 488.899 2699.54 611.443 2699.54 611.443 0.585471 0.0261968 
300 0.22 133200000 1058.78 88.2692 -57.103 1.63546 3592.55 192.522 1.76508e+07 1.91243e+06 -0.00180533 0.00574798 0.00595367 0.00472858 0.00541338 0.000486733 5.96128e-05 1.09741e-05 0.0645164 0.00312709 17.9218 7.48104 186.708 136.839 2494.91 488.899 2699.54 611.443 2699.54 611.443 0.585471 0.0261968 
300 0.22 134100000 1058.78 88.2692 -57.103 1.63546 3592.55 191.042 1.76508e+07 1.89801e+06 -0.00180533 0.00574798 0.00595367 0.00472858 0.00541338 0.000483475 5.96128e-05 1.09741e-05 0.0645164 0.00310476 17.9218 7.48104 186.708 136.839 2494.91 488.899 2699.54 611.443 2699.54 611.443 0.585471 0.0261968 
300 0.22 135000000 1058.78 88.2692 -57.103 1.63546 3592.55 189.972 1.76508e+07 1.88635e+06 -0.00180533 0.00574798 0.00595367 0.00472858 0.00541338 0.000480115 5.96128e-05 1.09741e-05 0.0645164 0.00308182 17.9218 7.48104 186.708 136.839 2494.91 488.899 2699.54 611.443 2699.54 611.443 0.585471 0.0261968 
